kdd ddm+hedge@e0.5g0.5 acc=0.9889 resets=53 new_calls=0 time=0s
kdd ddm+hedge@e1g0.5 acc=0.9889 resets=53 new_calls=0 time=0s
kdd ddm+hedge@e4g0.5 acc=0.9889 resets=53 new_calls=0 time=0s
kdd ddm+hedge@e8g0.5 acc=0.9889 resets=53 new_calls=0 time=0s
kdd ddm+hedge@e2g0.25 acc=0.9889 resets=53 new_calls=0 time=0s
kdd ddm+hedge@e2g0.75 acc=0.9889 resets=53 new_calls=0 time=0s
kdd ddm+hedge@e2g0.9 acc=0.9889 resets=53 new_calls=0 time=0s
kdd eddm+hedge@e0.5g0.5 acc=0.9895 resets=20 new_calls=0 time=0s
kdd eddm+hedge@e1g0.5 acc=0.9895 resets=20 new_calls=0 time=0s
kdd eddm+hedge@e4g0.5 acc=0.9896 resets=19 new_calls=0 time=0s
kdd eddm+hedge@e8g0.5 acc=0.9896 resets=19 new_calls=0 time=0s
kdd eddm+hedge@e2g0.25 acc=0.9896 resets=19 new_calls=0 time=0s
kdd eddm+hedge@e2g0.75 acc=0.9896 resets=19 new_calls=0 time=0s
kdd eddm+hedge@e2g0.9 acc=0.9896 resets=19 new_calls=0 time=0s
kdd fhddm+hedge@e0.5g0.5 acc=0.9872 resets=17 new_calls=0 time=0s
kdd fhddm+hedge@e1g0.5 acc=0.9872 resets=17 new_calls=0 time=0s
kdd fhddm+hedge@e4g0.5 acc=0.9872 resets=17 new_calls=0 time=0s
kdd fhddm+hedge@e8g0.5 acc=0.9872 resets=17 new_calls=0 time=0s
kdd fhddm+hedge@e2g0.25 acc=0.9872 resets=17 new_calls=0 time=0s
kdd fhddm+hedge@e2g0.75 acc=0.9872 resets=17 new_calls=0 time=0s
kdd fhddm+hedge@e2g0.9 acc=0.9872 resets=17 new_calls=0 time=0s
kdd hddma+hedge@e0.5g0.5 acc=0.9896 resets=32 new_calls=0 time=2s
kdd hddma+hedge@e1g0.5 acc=0.9896 resets=32 new_calls=0 time=2s
kdd hddma+hedge@e4g0.5 acc=0.9897 resets=31 new_calls=0 time=2s
kdd hddma+hedge@e8g0.5 acc=0.9897 resets=31 new_calls=0 time=2s
kdd hddma+hedge@e2g0.25 acc=0.9897 resets=31 new_calls=0 time=2s
kdd hddma+hedge@e2g0.75 acc=0.9897 resets=31 new_calls=0 time=2s
kdd hddma+hedge@e2g0.9 acc=0.9897 resets=31 new_calls=0 time=2s
kdd hddmw+hedge@e0.5g0.5 acc=0.9896 resets=24 new_calls=0 time=1s
kdd hddmw+hedge@e1g0.5 acc=0.9896 resets=24 new_calls=0 time=1s
kdd hddmw+hedge@e4g0.5 acc=0.9896 resets=24 new_calls=0 time=1s
kdd hddmw+hedge@e8g0.5 acc=0.9896 resets=24 new_calls=0 time=1s
kdd hddmw+hedge@e2g0.25 acc=0.9896 resets=24 new_calls=0 time=1s
kdd hddmw+hedge@e2g0.75 acc=0.9896 resets=24 new_calls=0 time=1s
kdd hddmw+hedge@e2g0.9 acc=0.9896 resets=24 new_calls=0 time=1s
kdd adwin+hedge@e0.5g0.5 acc=0.9896 resets=29 new_calls=5 time=2s
kdd adwin+hedge@e1g0.5 acc=0.9896 resets=28 new_calls=5 time=0s
kdd adwin+hedge@e4g0.5 acc=0.9896 resets=28 new_calls=5 time=0s
kdd adwin+hedge@e8g0.5 acc=0.9896 resets=28 new_calls=5 time=0s
kdd adwin+hedge@e2g0.25 acc=0.9896 resets=28 new_calls=5 time=0s
kdd adwin+hedge@e2g0.75 acc=0.9896 resets=28 new_calls=5 time=0s
kdd adwin+hedge@e2g0.9 acc=0.9896 resets=28 new_calls=5 time=0s
kdd ph+hedge@e0.5g0.5 acc=0.9899 resets=11 new_calls=5 time=0s
kdd ph+hedge@e1g0.5 acc=0.9899 resets=11 new_calls=5 time=0s
kdd ph+hedge@e4g0.5 acc=0.9899 resets=11 new_calls=5 time=0s
kdd ph+hedge@e8g0.5 acc=0.9899 resets=11 new_calls=5 time=0s
kdd ph+hedge@e2g0.25 acc=0.9899 resets=11 new_calls=5 time=0s
kdd ph+hedge@e2g0.75 acc=0.9899 resets=11 new_calls=5 time=0s
kdd ph+hedge@e2g0.9 acc=0.9899 resets=11 new_calls=5 time=0s
kdd kswin+hedge@e0.5g0.5 acc=0.9895 resets=22 new_calls=5 time=52s
kdd kswin+hedge@e1g0.5 acc=0.9896 resets=22 new_calls=5 time=53s
