covertype ddm+hedge@e0.5g0.5 acc=0.9475 resets=113 new_calls=36 time=27s
covertype ddm+hedge@e1g0.5 acc=0.9475 resets=112 new_calls=36 time=0s
covertype ddm+hedge@e4g0.5 acc=0.9474 resets=113 new_calls=43 time=4s
covertype ddm+hedge@e8g0.5 acc=0.9473 resets=102 new_calls=43 time=0s
covertype ddm+hedge@e2g0.25 acc=0.9472 resets=101 new_calls=43 time=0s
covertype ddm+hedge@e2g0.75 acc=0.9472 resets=105 new_calls=43 time=0s
covertype ddm+hedge@e2g0.9 acc=0.9473 resets=94 new_calls=43 time=0s
covertype eddm+hedge@e0.5g0.5 acc=0.9484 resets=157 new_calls=214 time=90s
covertype eddm+hedge@e1g0.5 acc=0.9482 resets=168 new_calls=296 time=45s
covertype eddm+hedge@e4g0.5 acc=0.9483 resets=156 new_calls=375 time=45s
covertype eddm+hedge@e8g0.5 acc=0.9483 resets=182 new_calls=596 time=124s
covertype eddm+hedge@e2g0.25 acc=0.9481 resets=171 new_calls=596 time=0s
covertype eddm+hedge@e2g0.75 acc=0.9482 resets=178 new_calls=596 time=0s
covertype eddm+hedge@e2g0.9 acc=0.9481 resets=173 new_calls=613 time=8s
covertype fhddm+hedge@e0.5g0.5 acc=0.9482 resets=21 new_calls=613 time=0s
covertype fhddm+hedge@e1g0.5 acc=0.9482 resets=21 new_calls=613 time=1s
covertype fhddm+hedge@e4g0.5 acc=0.9480 resets=20 new_calls=613 time=0s
covertype fhddm+hedge@e8g0.5 acc=0.9482 resets=21 new_calls=613 time=0s
covertype fhddm+hedge@e2g0.25 acc=0.9482 resets=21 new_calls=613 time=0s
covertype fhddm+hedge@e2g0.75 acc=0.9482 resets=21 new_calls=613 time=0s
covertype fhddm+hedge@e2g0.9 acc=0.9482 resets=21 new_calls=613 time=0s
covertype hddma+hedge@e0.5g0.5 acc=0.9476 resets=102 new_calls=626 time=8s
covertype hddma+hedge@e1g0.5 acc=0.9481 resets=104 new_calls=641 time=11s
covertype hddma+hedge@e4g0.5 acc=0.9481 resets=96 new_calls=645 time=5s
covertype hddma+hedge@e8g0.5 acc=0.9482 resets=96 new_calls=647 time=3s
covertype hddma+hedge@e2g0.25 acc=0.9482 resets=98 new_calls=647 time=2s
covertype hddma+hedge@e2g0.75 acc=0.9483 resets=97 new_calls=649 time=3s
covertype hddma+hedge@e2g0.9 acc=0.9483 resets=97 new_calls=649 time=2s
covertype hddmw+hedge@e0.5g0.5 acc=0.9484 resets=44 new_calls=649 time=1s
covertype hddmw+hedge@e1g0.5 acc=0.9484 resets=44 new_calls=649 time=1s
covertype hddmw+hedge@e4g0.5 acc=0.9484 resets=45 new_calls=649 time=1s
covertype hddmw+hedge@e8g0.5 acc=0.9485 resets=46 new_calls=649 time=1s
covertype hddmw+hedge@e2g0.25 acc=0.9484 resets=43 new_calls=649 time=1s
covertype hddmw+hedge@e2g0.75 acc=0.9485 resets=43 new_calls=649 time=1s
covertype hddmw+hedge@e2g0.9 acc=0.9485 resets=44 new_calls=649 time=1s
covertype adwin+hedge@e0.5g0.5 acc=0.9477 resets=33 new_calls=679 time=15s
covertype adwin+hedge@e1g0.5 acc=0.9480 resets=33 new_calls=692 time=9s
covertype adwin+hedge@e4g0.5 acc=0.9479 resets=35 new_calls=730 time=23s
covertype adwin+hedge@e8g0.5 acc=0.9478 resets=36 new_calls=752 time=15s
covertype adwin+hedge@e2g0.25 acc=0.9477 resets=33 new_calls=752 time=0s
covertype adwin+hedge@e2g0.75 acc=0.9481 resets=35 new_calls=761 time=5s
covertype adwin+hedge@e2g0.9 acc=0.9480 resets=36 new_calls=786 time=15s
covertype ph+hedge@e0.5g0.5 acc=0.9478 resets=22 new_calls=786 time=0s
covertype ph+hedge@e1g0.5 acc=0.9479 resets=22 new_calls=790 time=3s
covertype ph+hedge@e4g0.5 acc=0.9482 resets=23 new_calls=795 time=3s
covertype ph+hedge@e8g0.5 acc=0.9481 resets=22 new_calls=795 time=0s
covertype ph+hedge@e2g0.25 acc=0.9478 resets=22 new_calls=795 time=0s
covertype ph+hedge@e2g0.75 acc=0.9485 resets=23 new_calls=804 time=5s
covertype ph+hedge@e2g0.9 acc=0.9485 resets=23 new_calls=804 time=0s
covertype kswin+hedge@e0.5g0.5 acc=0.9483 resets=33 new_calls=810 time=90s
covertype kswin+hedge@e1g0.5 acc=0.9481 resets=32 new_calls=810 time=86s
covertype kswin+hedge@e4g0.5 acc=0.9482 resets=31 new_calls=810 time=89s
covertype kswin+hedge@e8g0.5 acc=0.9483 resets=31 new_calls=810 time=88s
covertype kswin+hedge@e2g0.25 acc=0.9483 resets=32 new_calls=810 time=87s
covertype kswin+hedge@e2g0.75 acc=0.9484 resets=32 new_calls=810 time=90s
covertype kswin+hedge@e2g0.9 acc=0.9484 resets=32 new_calls=810 time=84s
STREAM_DONE 07:05:54 covertype_hsens
h4_covertype_d ddm+hedge@e0.5g0.5 acc=0.9602 resets=100 new_calls=1 time=4s
h4_covertype_d ddm+hedge@e1g0.5 acc=0.9600 resets=109 new_calls=5 time=3s
h4_covertype_d ddm+hedge@e4g0.5 acc=0.9601 resets=106 new_calls=5 time=0s
h4_covertype_d ddm+hedge@e8g0.5 acc=0.9611 resets=101 new_calls=15 time=6s
h4_covertype_d ddm+hedge@e2g0.25 acc=0.9601 resets=109 new_calls=15 time=0s
h4_covertype_d ddm+hedge@e2g0.75 acc=0.9611 resets=108 new_calls=15 time=0s
h4_covertype_d ddm+hedge@e2g0.9 acc=0.9611 resets=108 new_calls=15 time=0s
h4_covertype_d eddm+hedge@e0.5g0.5 acc=0.9608 resets=108 new_calls=161 time=89s
h4_covertype_d eddm+hedge@e1g0.5 acc=0.9607 resets=107 new_calls=237 time=50s
h4_covertype_d eddm+hedge@e4g0.5 acc=0.9612 resets=110 new_calls=305 time=37s
h4_covertype_d eddm+hedge@e8g0.5 acc=0.9601 resets=112 new_calls=340 time=18s
h4_covertype_d eddm+hedge@e2g0.25 acc=0.9611 resets=105 new_calls=358 time=10s
h4_covertype_d eddm+hedge@e2g0.75 acc=0.9602 resets=111 new_calls=404 time=24s
h4_covertype_d eddm+hedge@e2g0.9 acc=0.9602 resets=111 new_calls=406 time=1s
h4_covertype_d fhddm+hedge@e0.5g0.5 acc=0.9617 resets=3 new_calls=406 time=0s
h4_covertype_d fhddm+hedge@e1g0.5 acc=0.9617 resets=3 new_calls=406 time=0s
h4_covertype_d fhddm+hedge@e4g0.5 acc=0.9617 resets=3 new_calls=406 time=0s
h4_covertype_d fhddm+hedge@e8g0.5 acc=0.9617 resets=3 new_calls=406 time=0s
h4_covertype_d fhddm+hedge@e2g0.25 acc=0.9617 resets=3 new_calls=406 time=0s
h4_covertype_d fhddm+hedge@e2g0.75 acc=0.9617 resets=3 new_calls=406 time=0s
h4_covertype_d fhddm+hedge@e2g0.9 acc=0.9617 resets=3 new_calls=406 time=0s
h4_covertype_d hddma+hedge@e0.5g0.5 acc=0.9599 resets=86 new_calls=437 time=18s
h4_covertype_d hddma+hedge@e1g0.5 acc=0.9600 resets=85 new_calls=440 time=3s
h4_covertype_d hddma+hedge@e4g0.5 acc=0.9600 resets=84 new_calls=444 time=3s
h4_covertype_d hddma+hedge@e8g0.5 acc=0.9600 resets=84 new_calls=444 time=1s
h4_covertype_d hddma+hedge@e2g0.25 acc=0.9601 resets=84 new_calls=444 time=1s
h4_covertype_d hddma+hedge@e2g0.75 acc=0.9601 resets=84 new_calls=444 time=1s
h4_covertype_d hddma+hedge@e2g0.9 acc=0.9601 resets=84 new_calls=444 time=1s
h4_covertype_d hddmw+hedge@e0.5g0.5 acc=0.9615 resets=21 new_calls=444 time=1s
h4_covertype_d hddmw+hedge@e1g0.5 acc=0.9616 resets=21 new_calls=444 time=0s
h4_covertype_d hddmw+hedge@e4g0.5 acc=0.9617 resets=21 new_calls=444 time=1s
h4_covertype_d hddmw+hedge@e8g0.5 acc=0.9617 resets=21 new_calls=444 time=1s
h4_covertype_d hddmw+hedge@e2g0.25 acc=0.9617 resets=21 new_calls=444 time=0s
h4_covertype_d hddmw+hedge@e2g0.75 acc=0.9617 resets=21 new_calls=444 time=1s
h4_covertype_d hddmw+hedge@e2g0.9 acc=0.9617 resets=21 new_calls=444 time=1s
h4_covertype_d adwin+hedge@e0.5g0.5 acc=0.9615 resets=23 new_calls=450 time=4s
h4_covertype_d adwin+hedge@e1g0.5 acc=0.9617 resets=23 new_calls=450 time=0s
h4_covertype_d adwin+hedge@e4g0.5 acc=0.9620 resets=22 new_calls=452 time=1s
h4_covertype_d adwin+hedge@e8g0.5 acc=0.9620 resets=22 new_calls=452 time=0s
h4_covertype_d adwin+hedge@e2g0.25 acc=0.9618 resets=23 new_calls=452 time=0s
h4_covertype_d adwin+hedge@e2g0.75 acc=0.9618 resets=23 new_calls=452 time=0s
h4_covertype_d adwin+hedge@e2g0.9 acc=0.9618 resets=23 new_calls=452 time=0s
h4_covertype_d ph+hedge@e0.5g0.5 acc=0.9611 resets=8 new_calls=452 time=0s
h4_covertype_d ph+hedge@e1g0.5 acc=0.9615 resets=8 new_calls=458 time=4s
h4_covertype_d ph+hedge@e4g0.5 acc=0.9611 resets=8 new_calls=458 time=0s
h4_covertype_d ph+hedge@e8g0.5 acc=0.9611 resets=8 new_calls=458 time=0s
h4_covertype_d ph+hedge@e2g0.25 acc=0.9615 resets=8 new_calls=458 time=0s
h4_covertype_d ph+hedge@e2g0.75 acc=0.9611 resets=8 new_calls=458 time=0s
h4_covertype_d ph+hedge@e2g0.9 acc=0.9611 resets=8 new_calls=458 time=0s
h4_covertype_d kswin+hedge@e0.5g0.5 acc=0.9615 resets=13 new_calls=458 time=58s
h4_covertype_d kswin+hedge@e1g0.5 acc=0.9617 resets=13 new_calls=458 time=56s
h4_covertype_d kswin+hedge@e4g0.5 acc=0.9618 resets=13 new_calls=458 time=56s
h4_covertype_d kswin+hedge@e8g0.5 acc=0.9617 resets=13 new_calls=458 time=55s
h4_covertype_d kswin+hedge@e2g0.25 acc=0.9617 resets=13 new_calls=458 time=55s
h4_covertype_d kswin+hedge@e2g0.75 acc=0.9617 resets=13 new_calls=458 time=55s
h4_covertype_d kswin+hedge@e2g0.9 acc=0.9617 resets=13 new_calls=458 time=55s
STREAM_DONE 07:17:13 h4_covertype_d_hsens
h3_insects_b ddm+hedge@e0.5g0.5 acc=0.8142 resets=3 new_calls=0 time=0s
h3_insects_b ddm+hedge@e1g0.5 acc=0.8142 resets=3 new_calls=0 time=0s
h3_insects_b ddm+hedge@e4g0.5 acc=0.8142 resets=3 new_calls=0 time=0s
h3_insects_b ddm+hedge@e8g0.5 acc=0.8141 resets=3 new_calls=0 time=0s
h3_insects_b ddm+hedge@e2g0.25 acc=0.8142 resets=3 new_calls=0 time=0s
h3_insects_b ddm+hedge@e2g0.75 acc=0.8141 resets=3 new_calls=7 time=11s
h3_insects_b ddm+hedge@e2g0.9 acc=0.8141 resets=3 new_calls=7 time=0s
h3_insects_b eddm+hedge@e0.5g0.5 acc=0.8135 resets=31 new_calls=48 time=34s
h3_insects_b eddm+hedge@e1g0.5 acc=0.8138 resets=34 new_calls=52 time=3s
h3_insects_b eddm+hedge@e4g0.5 acc=0.8138 resets=36 new_calls=79 time=21s
h3_insects_b eddm+hedge@e8g0.5 acc=0.8139 resets=29 new_calls=94 time=13s
h3_insects_b eddm+hedge@e2g0.25 acc=0.8141 resets=28 new_calls=94 time=0s
h3_insects_b eddm+hedge@e2g0.75 acc=0.8141 resets=29 new_calls=94 time=0s
h3_insects_b eddm+hedge@e2g0.9 acc=0.8140 resets=31 new_calls=94 time=0s
h3_insects_b fhddm+hedge@e0.5g0.5 acc=0.8147 resets=6 new_calls=94 time=0s
h3_insects_b fhddm+hedge@e1g0.5 acc=0.8147 resets=6 new_calls=94 time=0s
h3_insects_b fhddm+hedge@e4g0.5 acc=0.8147 resets=6 new_calls=94 time=0s
h3_insects_b fhddm+hedge@e8g0.5 acc=0.8147 resets=6 new_calls=94 time=0s
h3_insects_b fhddm+hedge@e2g0.25 acc=0.8147 resets=6 new_calls=94 time=0s
h3_insects_b fhddm+hedge@e2g0.75 acc=0.8147 resets=6 new_calls=94 time=0s
h3_insects_b fhddm+hedge@e2g0.9 acc=0.8148 resets=6 new_calls=94 time=0s
h3_insects_b hddma+hedge@e0.5g0.5 acc=0.8156 resets=4 new_calls=94 time=0s
h3_insects_b hddma+hedge@e1g0.5 acc=0.8156 resets=4 new_calls=94 time=0s
h3_insects_b hddma+hedge@e4g0.5 acc=0.8157 resets=4 new_calls=94 time=0s
h3_insects_b hddma+hedge@e8g0.5 acc=0.8158 resets=4 new_calls=94 time=1s
h3_insects_b hddma+hedge@e2g0.25 acc=0.8156 resets=4 new_calls=94 time=0s
h3_insects_b hddma+hedge@e2g0.75 acc=0.8156 resets=4 new_calls=94 time=0s
h3_insects_b hddma+hedge@e2g0.9 acc=0.8156 resets=4 new_calls=94 time=0s
h3_insects_b hddmw+hedge@e0.5g0.5 acc=0.8152 resets=13 new_calls=103 time=8s
h3_insects_b hddmw+hedge@e1g0.5 acc=0.8152 resets=13 new_calls=103 time=0s
h3_insects_b hddmw+hedge@e4g0.5 acc=0.8154 resets=12 new_calls=103 time=0s
h3_insects_b hddmw+hedge@e8g0.5 acc=0.8155 resets=12 new_calls=103 time=0s
h3_insects_b hddmw+hedge@e2g0.25 acc=0.8153 resets=13 new_calls=103 time=0s
h3_insects_b hddmw+hedge@e2g0.75 acc=0.8154 resets=12 new_calls=103 time=0s
h3_insects_b hddmw+hedge@e2g0.9 acc=0.8153 resets=12 new_calls=103 time=0s
h3_insects_b adwin+hedge@e0.5g0.5 acc=0.8152 resets=6 new_calls=103 time=0s
h3_insects_b adwin+hedge@e1g0.5 acc=0.8153 resets=6 new_calls=103 time=0s
h3_insects_b adwin+hedge@e4g0.5 acc=0.8154 resets=6 new_calls=103 time=0s
h3_insects_b adwin+hedge@e8g0.5 acc=0.8154 resets=6 new_calls=103 time=0s
h3_insects_b adwin+hedge@e2g0.25 acc=0.8153 resets=6 new_calls=103 time=0s
h3_insects_b adwin+hedge@e2g0.75 acc=0.8153 resets=6 new_calls=103 time=0s
h3_insects_b adwin+hedge@e2g0.9 acc=0.8153 resets=6 new_calls=103 time=0s
h3_insects_b ph+hedge@e0.5g0.5 acc=0.8152 resets=9 new_calls=103 time=0s
h3_insects_b ph+hedge@e1g0.5 acc=0.8152 resets=9 new_calls=103 time=0s
h3_insects_b ph+hedge@e4g0.5 acc=0.8152 resets=9 new_calls=103 time=0s
h3_insects_b ph+hedge@e8g0.5 acc=0.8152 resets=9 new_calls=103 time=0s
h3_insects_b ph+hedge@e2g0.25 acc=0.8152 resets=9 new_calls=103 time=0s
h3_insects_b ph+hedge@e2g0.75 acc=0.8152 resets=9 new_calls=103 time=0s
h3_insects_b ph+hedge@e2g0.9 acc=0.8152 resets=9 new_calls=103 time=0s
h3_insects_b kswin+hedge@e0.5g0.5 acc=0.8156 resets=4 new_calls=103 time=55s
h3_insects_b kswin+hedge@e1g0.5 acc=0.8156 resets=4 new_calls=103 time=55s
h3_insects_b kswin+hedge@e4g0.5 acc=0.8155 resets=4 new_calls=103 time=56s
h3_insects_b kswin+hedge@e8g0.5 acc=0.8156 resets=4 new_calls=103 time=56s
h3_insects_b kswin+hedge@e2g0.25 acc=0.8156 resets=4 new_calls=103 time=59s
h3_insects_b kswin+hedge@e2g0.75 acc=0.8155 resets=4 new_calls=103 time=56s
h3_insects_b kswin+hedge@e2g0.9 acc=0.8155 resets=4 new_calls=103 time=57s
STREAM_DONE 07:25:29 h3_insects_b_hsens
h3_airlines_c ddm+hedge@e0.5g0.5 acc=0.6507 resets=6 new_calls=1 time=5s
h3_airlines_c ddm+hedge@e1g0.5 acc=0.6507 resets=6 new_calls=1 time=0s
h3_airlines_c ddm+hedge@e4g0.5 acc=0.6509 resets=3 new_calls=1 time=0s
h3_airlines_c ddm+hedge@e8g0.5 acc=0.6506 resets=7 new_calls=1 time=0s
h3_airlines_c ddm+hedge@e2g0.25 acc=0.6507 resets=6 new_calls=1 time=0s
h3_airlines_c ddm+hedge@e2g0.75 acc=0.6506 resets=7 new_calls=1 time=0s
h3_airlines_c ddm+hedge@e2g0.9 acc=0.6506 resets=7 new_calls=1 time=0s
h3_airlines_c eddm+hedge@e0.5g0.5 acc=0.6502 resets=39 new_calls=2 time=1s
h3_airlines_c eddm+hedge@e1g0.5 acc=0.6502 resets=38 new_calls=2 time=0s
h3_airlines_c eddm+hedge@e4g0.5 acc=0.6502 resets=42 new_calls=6 time=2s
h3_airlines_c eddm+hedge@e8g0.5 acc=0.6508 resets=27 new_calls=17 time=6s
h3_airlines_c eddm+hedge@e2g0.25 acc=0.6502 resets=39 new_calls=17 time=0s
h3_airlines_c eddm+hedge@e2g0.75 acc=0.6504 resets=40 new_calls=17 time=0s
h3_airlines_c eddm+hedge@e2g0.9 acc=0.6508 resets=29 new_calls=17 time=0s
h3_airlines_c fhddm+hedge@e0.5g0.5 acc=0.6499 resets=30 new_calls=17 time=0s
h3_airlines_c fhddm+hedge@e1g0.5 acc=0.6499 resets=30 new_calls=17 time=0s
h3_airlines_c fhddm+hedge@e4g0.5 acc=0.6501 resets=29 new_calls=26 time=5s
h3_airlines_c fhddm+hedge@e8g0.5 acc=0.6500 resets=30 new_calls=26 time=0s
h3_airlines_c fhddm+hedge@e2g0.25 acc=0.6499 resets=30 new_calls=26 time=0s
h3_airlines_c fhddm+hedge@e2g0.75 acc=0.6500 resets=30 new_calls=26 time=0s
h3_airlines_c fhddm+hedge@e2g0.9 acc=0.6499 resets=31 new_calls=26 time=0s
h3_airlines_c hddma+hedge@e0.5g0.5 acc=0.6513 resets=10 new_calls=26 time=0s
h3_airlines_c hddma+hedge@e1g0.5 acc=0.6512 resets=10 new_calls=26 time=0s
h3_airlines_c hddma+hedge@e4g0.5 acc=0.6510 resets=14 new_calls=41 time=8s
h3_airlines_c hddma+hedge@e8g0.5 acc=0.6510 resets=14 new_calls=44 time=2s
h3_airlines_c hddma+hedge@e2g0.25 acc=0.6512 resets=10 new_calls=44 time=0s
h3_airlines_c hddma+hedge@e2g0.75 acc=0.6512 resets=10 new_calls=44 time=0s
h3_airlines_c hddma+hedge@e2g0.9 acc=0.6512 resets=10 new_calls=44 time=0s
h3_airlines_c hddmw+hedge@e0.5g0.5 acc=0.6483 resets=121 new_calls=79 time=19s
h3_airlines_c hddmw+hedge@e1g0.5 acc=0.6485 resets=120 new_calls=79 time=1s
h3_airlines_c hddmw+hedge@e4g0.5 acc=0.6491 resets=121 new_calls=90 time=6s
h3_airlines_c hddmw+hedge@e8g0.5 acc=0.6492 resets=126 new_calls=130 time=22s
h3_airlines_c hddmw+hedge@e2g0.25 acc=0.6488 resets=123 new_calls=136 time=4s
h3_airlines_c hddmw+hedge@e2g0.75 acc=0.6489 resets=119 new_calls=136 time=1s
h3_airlines_c hddmw+hedge@e2g0.9 acc=0.6489 resets=119 new_calls=136 time=1s
h3_airlines_c adwin+hedge@e0.5g0.5 acc=0.6511 resets=13 new_calls=136 time=0s
h3_airlines_c adwin+hedge@e1g0.5 acc=0.6510 resets=13 new_calls=136 time=0s
h3_airlines_c adwin+hedge@e4g0.5 acc=0.6511 resets=13 new_calls=136 time=0s
h3_airlines_c adwin+hedge@e8g0.5 acc=0.6511 resets=13 new_calls=136 time=0s
h3_airlines_c adwin+hedge@e2g0.25 acc=0.6510 resets=13 new_calls=136 time=0s
h3_airlines_c adwin+hedge@e2g0.75 acc=0.6511 resets=13 new_calls=136 time=0s
h3_airlines_c adwin+hedge@e2g0.9 acc=0.6511 resets=13 new_calls=136 time=0s
h3_airlines_c ph+hedge@e0.5g0.5 acc=0.6504 resets=21 new_calls=145 time=4s
h3_airlines_c ph+hedge@e1g0.5 acc=0.6503 resets=21 new_calls=145 time=0s
h3_airlines_c ph+hedge@e4g0.5 acc=0.6504 resets=21 new_calls=154 time=4s
h3_airlines_c ph+hedge@e8g0.5 acc=0.6504 resets=21 new_calls=168 time=7s
h3_airlines_c ph+hedge@e2g0.25 acc=0.6503 resets=21 new_calls=168 time=0s
h3_airlines_c ph+hedge@e2g0.75 acc=0.6504 resets=22 new_calls=181 time=6s
h3_airlines_c ph+hedge@e2g0.9 acc=0.6503 resets=22 new_calls=212 time=13s
h3_airlines_c kswin+hedge@e0.5g0.5 acc=0.6500 resets=69 new_calls=213 time=54s
h3_airlines_c kswin+hedge@e1g0.5 acc=0.6501 resets=67 new_calls=213 time=55s
h3_airlines_c kswin+hedge@e4g0.5 acc=0.6502 resets=66 new_calls=213 time=55s
h3_airlines_c kswin+hedge@e8g0.5 acc=0.6506 resets=61 new_calls=224 time=59s
h3_airlines_c kswin+hedge@e2g0.25 acc=0.6501 resets=67 new_calls=224 time=57s
h3_airlines_c kswin+hedge@e2g0.75 acc=0.6502 resets=67 new_calls=224 time=58s
h3_airlines_c kswin+hedge@e2g0.9 acc=0.6501 resets=68 new_calls=226 time=56s
STREAM_DONE 07:34:09 h3_airlines_c_hsens
h2_airlines ddm+hedge@e0.5g0.5 acc=0.6900 resets=3 new_calls=0 time=0s
h2_airlines ddm+hedge@e1g0.5 acc=0.6900 resets=3 new_calls=0 time=0s
h2_airlines ddm+hedge@e4g0.5 acc=0.6900 resets=3 new_calls=0 time=0s
h2_airlines ddm+hedge@e8g0.5 acc=0.6900 resets=3 new_calls=0 time=0s
h2_airlines ddm+hedge@e2g0.25 acc=0.6900 resets=3 new_calls=0 time=0s
h2_airlines ddm+hedge@e2g0.75 acc=0.6900 resets=3 new_calls=0 time=0s
h2_airlines ddm+hedge@e2g0.9 acc=0.6900 resets=3 new_calls=0 time=0s
h2_airlines eddm+hedge@e0.5g0.5 acc=0.6899 resets=20 new_calls=0 time=0s
h2_airlines eddm+hedge@e1g0.5 acc=0.6899 resets=20 new_calls=0 time=0s
h2_airlines eddm+hedge@e4g0.5 acc=0.6899 resets=20 new_calls=0 time=0s
h2_airlines eddm+hedge@e8g0.5 acc=0.6899 resets=20 new_calls=0 time=0s
h2_airlines eddm+hedge@e2g0.25 acc=0.6899 resets=20 new_calls=0 time=0s
h2_airlines eddm+hedge@e2g0.75 acc=0.6899 resets=20 new_calls=0 time=0s
h2_airlines eddm+hedge@e2g0.9 acc=0.6899 resets=20 new_calls=0 time=0s
h2_airlines fhddm+hedge@e0.5g0.5 acc=0.6899 resets=18 new_calls=0 time=0s
h2_airlines fhddm+hedge@e1g0.5 acc=0.6899 resets=18 new_calls=0 time=0s
h2_airlines fhddm+hedge@e4g0.5 acc=0.6899 resets=18 new_calls=0 time=0s
h2_airlines fhddm+hedge@e8g0.5 acc=0.6900 resets=18 new_calls=0 time=0s
h2_airlines fhddm+hedge@e2g0.25 acc=0.6899 resets=18 new_calls=0 time=0s
h2_airlines fhddm+hedge@e2g0.75 acc=0.6899 resets=18 new_calls=0 time=0s
h2_airlines fhddm+hedge@e2g0.9 acc=0.6900 resets=18 new_calls=0 time=0s
h2_airlines hddma+hedge@e0.5g0.5 acc=0.6893 resets=16 new_calls=18 time=11s
h2_airlines hddma+hedge@e1g0.5 acc=0.6893 resets=17 new_calls=25 time=3s
h2_airlines hddma+hedge@e4g0.5 acc=0.6897 resets=12 new_calls=25 time=1s
h2_airlines hddma+hedge@e8g0.5 acc=0.6897 resets=12 new_calls=25 time=1s
h2_airlines hddma+hedge@e2g0.25 acc=0.6897 resets=14 new_calls=25 time=1s
h2_airlines hddma+hedge@e2g0.75 acc=0.6897 resets=12 new_calls=25 time=0s
h2_airlines hddma+hedge@e2g0.9 acc=0.6897 resets=12 new_calls=25 time=1s
h2_airlines hddmw+hedge@e0.5g0.5 acc=0.6879 resets=79 new_calls=34 time=4s
h2_airlines hddmw+hedge@e1g0.5 acc=0.6879 resets=79 new_calls=34 time=1s
h2_airlines hddmw+hedge@e4g0.5 acc=0.6880 resets=79 new_calls=43 time=4s
h2_airlines hddmw+hedge@e8g0.5 acc=0.6880 resets=81 new_calls=66 time=10s
h2_airlines hddmw+hedge@e2g0.25 acc=0.6880 resets=79 new_calls=66 time=1s
h2_airlines hddmw+hedge@e2g0.75 acc=0.6881 resets=80 new_calls=66 time=1s
h2_airlines hddmw+hedge@e2g0.9 acc=0.6879 resets=81 new_calls=66 time=1s
h2_airlines adwin+hedge@e0.5g0.5 acc=0.6898 resets=13 new_calls=66 time=0s
h2_airlines adwin+hedge@e1g0.5 acc=0.6898 resets=13 new_calls=66 time=0s
h2_airlines adwin+hedge@e4g0.5 acc=0.6899 resets=13 new_calls=66 time=0s
h2_airlines adwin+hedge@e8g0.5 acc=0.6899 resets=13 new_calls=66 time=0s
h2_airlines adwin+hedge@e2g0.25 acc=0.6898 resets=13 new_calls=66 time=0s
h2_airlines adwin+hedge@e2g0.75 acc=0.6898 resets=13 new_calls=66 time=0s
h2_airlines adwin+hedge@e2g0.9 acc=0.6898 resets=13 new_calls=66 time=0s
h2_airlines ph+hedge@e0.5g0.5 acc=0.6901 resets=22 new_calls=66 time=0s
h2_airlines ph+hedge@e1g0.5 acc=0.6901 resets=22 new_calls=66 time=0s
h2_airlines ph+hedge@e4g0.5 acc=0.6902 resets=22 new_calls=66 time=0s
h2_airlines ph+hedge@e8g0.5 acc=0.6902 resets=22 new_calls=66 time=0s
h2_airlines ph+hedge@e2g0.25 acc=0.6902 resets=22 new_calls=66 time=0s
h2_airlines ph+hedge@e2g0.75 acc=0.6902 resets=22 new_calls=66 time=0s
h2_airlines ph+hedge@e2g0.9 acc=0.6902 resets=22 new_calls=66 time=0s
h2_airlines kswin+hedge@e0.5g0.5 acc=0.6893 resets=27 new_calls=72 time=60s
h2_airlines kswin+hedge@e1g0.5 acc=0.6895 resets=27 new_calls=72 time=58s
h2_airlines kswin+hedge@e4g0.5 acc=0.6894 resets=27 new_calls=72 time=60s
h2_airlines kswin+hedge@e8g0.5 acc=0.6894 resets=26 new_calls=72 time=62s
