insects_gradual_imbalanced ddm+hedge@e4g0.5 acc=0.8167 resets=6 new_calls=6 time=9s
insects_gradual_imbalanced ddm+hedge@e8g0.5 acc=0.8167 resets=6 new_calls=6 time=0s
insects_gradual_imbalanced ddm+hedge@e2g0.25 acc=0.8167 resets=6 new_calls=6 time=0s
insects_gradual_imbalanced ddm+hedge@e2g0.75 acc=0.8167 resets=6 new_calls=6 time=0s
insects_gradual_imbalanced ddm+hedge@e2g0.9 acc=0.8167 resets=6 new_calls=6 time=0s
insects_gradual_imbalanced eddm+hedge@e0.5g0.5 acc=0.8158 resets=98 new_calls=78 time=39s
insects_gradual_imbalanced eddm+hedge@e1g0.5 acc=0.8161 resets=73 new_calls=81 time=2s
insects_gradual_imbalanced eddm+hedge@e4g0.5 acc=0.8159 resets=97 new_calls=96 time=7s
insects_gradual_imbalanced eddm+hedge@e8g0.5 acc=0.8161 resets=136 new_calls=375 time=148s
insects_gradual_imbalanced eddm+hedge@e2g0.25 acc=0.8161 resets=70 new_calls=375 time=0s
insects_gradual_imbalanced eddm+hedge@e2g0.75 acc=0.8161 resets=79 new_calls=420 time=27s
insects_gradual_imbalanced eddm+hedge@e2g0.9 acc=0.8160 resets=82 new_calls=424 time=2s
insects_gradual_imbalanced fhddm+hedge@e0.5g0.5 acc=0.8168 resets=9 new_calls=424 time=0s
insects_gradual_imbalanced fhddm+hedge@e1g0.5 acc=0.8169 resets=9 new_calls=424 time=0s
insects_gradual_imbalanced fhddm+hedge@e4g0.5 acc=0.8168 resets=9 new_calls=424 time=0s
insects_gradual_imbalanced fhddm+hedge@e8g0.5 acc=0.8169 resets=9 new_calls=424 time=0s
insects_gradual_imbalanced fhddm+hedge@e2g0.25 acc=0.8169 resets=9 new_calls=424 time=0s
insects_gradual_imbalanced fhddm+hedge@e2g0.75 acc=0.8168 resets=9 new_calls=424 time=0s
insects_gradual_imbalanced fhddm+hedge@e2g0.9 acc=0.8169 resets=9 new_calls=424 time=0s
insects_gradual_imbalanced hddma+hedge@e0.5g0.5 acc=0.8176 resets=7 new_calls=424 time=1s
insects_gradual_imbalanced hddma+hedge@e1g0.5 acc=0.8176 resets=7 new_calls=424 time=1s
insects_gradual_imbalanced hddma+hedge@e4g0.5 acc=0.8177 resets=7 new_calls=424 time=1s
insects_gradual_imbalanced hddma+hedge@e8g0.5 acc=0.8177 resets=7 new_calls=424 time=1s
insects_gradual_imbalanced hddma+hedge@e2g0.25 acc=0.8177 resets=7 new_calls=424 time=1s
insects_gradual_imbalanced hddma+hedge@e2g0.75 acc=0.8178 resets=7 new_calls=424 time=1s
insects_gradual_imbalanced hddma+hedge@e2g0.9 acc=0.8178 resets=7 new_calls=424 time=1s
insects_gradual_imbalanced hddmw+hedge@e0.5g0.5 acc=0.8175 resets=13 new_calls=424 time=1s
insects_gradual_imbalanced hddmw+hedge@e1g0.5 acc=0.8176 resets=13 new_calls=424 time=1s
insects_gradual_imbalanced hddmw+hedge@e4g0.5 acc=0.8177 resets=13 new_calls=424 time=1s
insects_gradual_imbalanced hddmw+hedge@e8g0.5 acc=0.8178 resets=13 new_calls=424 time=1s
insects_gradual_imbalanced hddmw+hedge@e2g0.25 acc=0.8176 resets=13 new_calls=424 time=1s
insects_gradual_imbalanced hddmw+hedge@e2g0.75 acc=0.8177 resets=13 new_calls=424 time=1s
insects_gradual_imbalanced hddmw+hedge@e2g0.9 acc=0.8177 resets=13 new_calls=424 time=1s
insects_gradual_imbalanced adwin+hedge@e0.5g0.5 acc=0.8177 resets=8 new_calls=433 time=6s
insects_gradual_imbalanced adwin+hedge@e1g0.5 acc=0.8178 resets=8 new_calls=433 time=0s
insects_gradual_imbalanced adwin+hedge@e4g0.5 acc=0.8178 resets=8 new_calls=442 time=6s
insects_gradual_imbalanced adwin+hedge@e8g0.5 acc=0.8179 resets=8 new_calls=442 time=0s
insects_gradual_imbalanced adwin+hedge@e2g0.25 acc=0.8178 resets=8 new_calls=442 time=0s
insects_gradual_imbalanced adwin+hedge@e2g0.75 acc=0.8178 resets=8 new_calls=442 time=0s
insects_gradual_imbalanced adwin+hedge@e2g0.9 acc=0.8178 resets=8 new_calls=442 time=0s
insects_gradual_imbalanced ph+hedge@e0.5g0.5 acc=0.8173 resets=14 new_calls=476 time=22s
insects_gradual_imbalanced ph+hedge@e1g0.5 acc=0.8175 resets=14 new_calls=476 time=0s
insects_gradual_imbalanced ph+hedge@e4g0.5 acc=0.8174 resets=14 new_calls=476 time=0s
insects_gradual_imbalanced ph+hedge@e8g0.5 acc=0.8176 resets=14 new_calls=485 time=6s
insects_gradual_imbalanced ph+hedge@e2g0.25 acc=0.8174 resets=14 new_calls=485 time=0s
insects_gradual_imbalanced ph+hedge@e2g0.75 acc=0.8175 resets=14 new_calls=494 time=6s
insects_gradual_imbalanced ph+hedge@e2g0.9 acc=0.8175 resets=14 new_calls=494 time=0s
insects_gradual_imbalanced kswin+hedge@e0.5g0.5 acc=0.8177 resets=3 new_calls=494 time=86s
insects_gradual_imbalanced kswin+hedge@e1g0.5 acc=0.8177 resets=3 new_calls=494 time=83s
insects_gradual_imbalanced kswin+hedge@e4g0.5 acc=0.8178 resets=3 new_calls=494 time=87s
insects_gradual_imbalanced kswin+hedge@e8g0.5 acc=0.8177 resets=3 new_calls=494 time=90s
insects_gradual_imbalanced kswin+hedge@e2g0.25 acc=0.8177 resets=3 new_calls=494 time=89s
insects_gradual_imbalanced kswin+hedge@e2g0.75 acc=0.8178 resets=3 new_calls=494 time=91s
insects_gradual_imbalanced kswin+hedge@e2g0.9 acc=0.8177 resets=3 new_calls=494 time=91s
STREAM_DONE 07:02:54 insects_gradual_imbalanced_hsens
home kswin+hedge@e2g0.75 acc=0.9809 resets=27 new_calls=0 time=55s
home kswin+hedge@e2g0.9 acc=0.9809 resets=27 new_calls=0 time=56s
STREAM_DONE 07:04:46 home_hsens
h4_covertype_e ddm+hedge@e0.5g0.5 acc=0.9709 resets=122 new_calls=0 time=0s
h4_covertype_e ddm+hedge@e1g0.5 acc=0.9710 resets=114 new_calls=1 time=4s
h4_covertype_e ddm+hedge@e4g0.5 acc=0.9711 resets=84 new_calls=11 time=6s
h4_covertype_e ddm+hedge@e8g0.5 acc=0.9710 resets=84 new_calls=11 time=0s
h4_covertype_e ddm+hedge@e2g0.25 acc=0.9707 resets=135 new_calls=11 time=0s
h4_covertype_e ddm+hedge@e2g0.75 acc=0.9707 resets=133 new_calls=15 time=2s
h4_covertype_e ddm+hedge@e2g0.9 acc=0.9710 resets=88 new_calls=15 time=0s
h4_covertype_e eddm+hedge@e0.5g0.5 acc=0.9711 resets=69 new_calls=128 time=56s
h4_covertype_e eddm+hedge@e1g0.5 acc=0.9710 resets=69 new_calls=188 time=34s
h4_covertype_e eddm+hedge@e4g0.5 acc=0.9713 resets=67 new_calls=263 time=46s
h4_covertype_e eddm+hedge@e8g0.5 acc=0.9713 resets=68 new_calls=301 time=25s
h4_covertype_e eddm+hedge@e2g0.25 acc=0.9714 resets=75 new_calls=321 time=13s
h4_covertype_e eddm+hedge@e2g0.75 acc=0.9713 resets=62 new_calls=330 time=6s
h4_covertype_e eddm+hedge@e2g0.9 acc=0.9713 resets=62 new_calls=358 time=17s
h4_covertype_e fhddm+hedge@e0.5g0.5 acc=0.9719 resets=1 new_calls=358 time=0s
h4_covertype_e fhddm+hedge@e1g0.5 acc=0.9719 resets=1 new_calls=358 time=0s
h4_covertype_e fhddm+hedge@e4g0.5 acc=0.9720 resets=1 new_calls=358 time=0s
h4_covertype_e fhddm+hedge@e8g0.5 acc=0.9720 resets=1 new_calls=358 time=0s
h4_covertype_e fhddm+hedge@e2g0.25 acc=0.9719 resets=1 new_calls=358 time=0s
h4_covertype_e fhddm+hedge@e2g0.75 acc=0.9720 resets=1 new_calls=358 time=0s
h4_covertype_e fhddm+hedge@e2g0.9 acc=0.9720 resets=1 new_calls=358 time=0s
h4_covertype_e hddma+hedge@e0.5g0.5 acc=0.9712 resets=59 new_calls=359 time=2s
h4_covertype_e hddma+hedge@e1g0.5 acc=0.9712 resets=58 new_calls=359 time=1s
h4_covertype_e hddma+hedge@e4g0.5 acc=0.9714 resets=55 new_calls=360 time=2s
h4_covertype_e hddma+hedge@e8g0.5 acc=0.9714 resets=55 new_calls=360 time=1s
h4_covertype_e hddma+hedge@e2g0.25 acc=0.9713 resets=58 new_calls=360 time=1s
h4_covertype_e hddma+hedge@e2g0.75 acc=0.9713 resets=55 new_calls=360 time=2s
h4_covertype_e hddma+hedge@e2g0.9 acc=0.9713 resets=55 new_calls=360 time=1s
h4_covertype_e hddmw+hedge@e0.5g0.5 acc=0.9719 resets=17 new_calls=360 time=0s
h4_covertype_e hddmw+hedge@e1g0.5 acc=0.9719 resets=17 new_calls=360 time=1s
h4_covertype_e hddmw+hedge@e4g0.5 acc=0.9720 resets=17 new_calls=360 time=1s
h4_covertype_e hddmw+hedge@e8g0.5 acc=0.9720 resets=17 new_calls=360 time=0s
h4_covertype_e hddmw+hedge@e2g0.25 acc=0.9720 resets=17 new_calls=360 time=1s
h4_covertype_e hddmw+hedge@e2g0.75 acc=0.9720 resets=17 new_calls=360 time=1s
h4_covertype_e hddmw+hedge@e2g0.9 acc=0.9721 resets=17 new_calls=360 time=0s
h4_covertype_e adwin+hedge@e0.5g0.5 acc=0.9717 resets=19 new_calls=367 time=4s
h4_covertype_e adwin+hedge@e1g0.5 acc=0.9718 resets=20 new_calls=380 time=8s
h4_covertype_e adwin+hedge@e4g0.5 acc=0.9714 resets=20 new_calls=387 time=4s
h4_covertype_e adwin+hedge@e8g0.5 acc=0.9718 resets=19 new_calls=387 time=0s
h4_covertype_e adwin+hedge@e2g0.25 acc=0.9718 resets=20 new_calls=387 time=0s
h4_covertype_e adwin+hedge@e2g0.75 acc=0.9714 resets=20 new_calls=387 time=0s
h4_covertype_e adwin+hedge@e2g0.9 acc=0.9718 resets=19 new_calls=387 time=0s
h4_covertype_e ph+hedge@e0.5g0.5 acc=0.9717 resets=8 new_calls=390 time=2s
h4_covertype_e ph+hedge@e1g0.5 acc=0.9718 resets=8 new_calls=390 time=0s
h4_covertype_e ph+hedge@e4g0.5 acc=0.9718 resets=8 new_calls=390 time=0s
h4_covertype_e ph+hedge@e8g0.5 acc=0.9719 resets=8 new_calls=390 time=0s
h4_covertype_e ph+hedge@e2g0.25 acc=0.9718 resets=8 new_calls=390 time=0s
h4_covertype_e ph+hedge@e2g0.75 acc=0.9719 resets=8 new_calls=390 time=0s
h4_covertype_e ph+hedge@e2g0.9 acc=0.9719 resets=8 new_calls=390 time=0s
h4_covertype_e kswin+hedge@e0.5g0.5 acc=0.9719 resets=8 new_calls=390 time=58s
h4_covertype_e kswin+hedge@e1g0.5 acc=0.9719 resets=9 new_calls=390 time=59s
h4_covertype_e kswin+hedge@e4g0.5 acc=0.9720 resets=9 new_calls=390 time=59s
h4_covertype_e kswin+hedge@e8g0.5 acc=0.9719 resets=9 new_calls=390 time=57s
h4_covertype_e kswin+hedge@e2g0.25 acc=0.9719 resets=9 new_calls=390 time=57s
h4_covertype_e kswin+hedge@e2g0.75 acc=0.9720 resets=9 new_calls=390 time=56s
h4_covertype_e kswin+hedge@e2g0.9 acc=0.9720 resets=9 new_calls=390 time=56s
STREAM_DONE 07:15:37 h4_covertype_e_hsens
h3_poker_b ddm+hedge@e0.5g0.5 acc=0.9259 resets=200 new_calls=2 time=5s
h3_poker_b ddm+hedge@e1g0.5 acc=0.9262 resets=193 new_calls=2 time=0s
h3_poker_b ddm+hedge@e4g0.5 acc=0.9276 resets=190 new_calls=6 time=3s
h3_poker_b ddm+hedge@e8g0.5 acc=0.9268 resets=200 new_calls=9 time=3s
h3_poker_b ddm+hedge@e2g0.25 acc=0.9271 resets=190 new_calls=9 time=0s
h3_poker_b ddm+hedge@e2g0.75 acc=0.9261 resets=203 new_calls=9 time=0s
h3_poker_b ddm+hedge@e2g0.9 acc=0.9261 resets=203 new_calls=9 time=0s
h3_poker_b eddm+hedge@e0.5g0.5 acc=0.9293 resets=123 new_calls=16 time=5s
h3_poker_b eddm+hedge@e1g0.5 acc=0.9306 resets=119 new_calls=19 time=2s
h3_poker_b eddm+hedge@e4g0.5 acc=0.9310 resets=118 new_calls=45 time=18s
h3_poker_b eddm+hedge@e8g0.5 acc=0.9307 resets=119 new_calls=46 time=1s
h3_poker_b eddm+hedge@e2g0.25 acc=0.9303 resets=120 new_calls=56 time=7s
h3_poker_b eddm+hedge@e2g0.75 acc=0.9314 resets=116 new_calls=56 time=0s
h3_poker_b eddm+hedge@e2g0.9 acc=0.9315 resets=116 new_calls=56 time=0s
h3_poker_b fhddm+hedge@e0.5g0.5 acc=0.9296 resets=82 new_calls=65 time=6s
h3_poker_b fhddm+hedge@e1g0.5 acc=0.9303 resets=81 new_calls=65 time=0s
h3_poker_b fhddm+hedge@e4g0.5 acc=0.9312 resets=77 new_calls=81 time=11s
h3_poker_b fhddm+hedge@e8g0.5 acc=0.9312 resets=77 new_calls=83 time=1s
h3_poker_b fhddm+hedge@e2g0.25 acc=0.9313 resets=80 new_calls=83 time=0s
h3_poker_b fhddm+hedge@e2g0.75 acc=0.9316 resets=78 new_calls=83 time=0s
h3_poker_b fhddm+hedge@e2g0.9 acc=0.9316 resets=78 new_calls=83 time=0s
h3_poker_b hddma+hedge@e0.5g0.5 acc=0.9230 resets=209 new_calls=94 time=10s
h3_poker_b hddma+hedge@e1g0.5 acc=0.9240 resets=204 new_calls=94 time=2s
h3_poker_b hddma+hedge@e4g0.5 acc=0.9273 resets=186 new_calls=98 time=5s
h3_poker_b hddma+hedge@e8g0.5 acc=0.9282 resets=184 new_calls=101 time=4s
h3_poker_b hddma+hedge@e2g0.25 acc=0.9252 resets=198 new_calls=101 time=2s
h3_poker_b hddma+hedge@e2g0.75 acc=0.9256 resets=196 new_calls=101 time=2s
h3_poker_b hddma+hedge@e2g0.9 acc=0.9257 resets=195 new_calls=101 time=2s
h3_poker_b hddmw+hedge@e0.5g0.5 acc=0.9286 resets=122 new_calls=108 time=7s
h3_poker_b hddmw+hedge@e1g0.5 acc=0.9295 resets=120 new_calls=108 time=2s
h3_poker_b hddmw+hedge@e4g0.5 acc=0.9299 resets=117 new_calls=110 time=3s
h3_poker_b hddmw+hedge@e8g0.5 acc=0.9300 resets=113 new_calls=113 time=4s
h3_poker_b hddmw+hedge@e2g0.25 acc=0.9296 resets=121 new_calls=113 time=1s
h3_poker_b hddmw+hedge@e2g0.75 acc=0.9298 resets=119 new_calls=113 time=1s
h3_poker_b hddmw+hedge@e2g0.9 acc=0.9298 resets=119 new_calls=113 time=1s
h3_poker_b adwin+hedge@e0.5g0.5 acc=0.9303 resets=129 new_calls=136 time=19s
h3_poker_b adwin+hedge@e1g0.5 acc=0.9308 resets=129 new_calls=154 time=15s
h3_poker_b adwin+hedge@e4g0.5 acc=0.9305 resets=133 new_calls=184 time=26s
h3_poker_b adwin+hedge@e8g0.5 acc=0.9307 resets=129 new_calls=199 time=12s
h3_poker_b adwin+hedge@e2g0.25 acc=0.9310 resets=130 new_calls=204 time=4s
h3_poker_b adwin+hedge@e2g0.75 acc=0.9306 resets=132 new_calls=204 time=0s
h3_poker_b adwin+hedge@e2g0.9 acc=0.9306 resets=133 new_calls=227 time=18s
h3_poker_b ph+hedge@e0.5g0.5 acc=0.9326 resets=73 new_calls=236 time=6s
h3_poker_b ph+hedge@e1g0.5 acc=0.9331 resets=73 new_calls=240 time=3s
h3_poker_b ph+hedge@e4g0.5 acc=0.9324 resets=75 new_calls=256 time=11s
h3_poker_b ph+hedge@e8g0.5 acc=0.9328 resets=73 new_calls=267 time=7s
h3_poker_b ph+hedge@e2g0.25 acc=0.9331 resets=76 new_calls=275 time=6s
h3_poker_b ph+hedge@e2g0.75 acc=0.9335 resets=75 new_calls=280 time=4s
h3_poker_b ph+hedge@e2g0.9 acc=0.9337 resets=74 new_calls=293 time=8s
h3_poker_b kswin+hedge@e0.5g0.5 acc=0.9310 resets=108 new_calls=293 time=46s
h3_poker_b kswin+hedge@e1g0.5 acc=0.9313 resets=108 new_calls=293 time=44s
h3_poker_b kswin+hedge@e4g0.5 acc=0.9315 resets=109 new_calls=293 time=45s
h3_poker_b kswin+hedge@e8g0.5 acc=0.9314 resets=109 new_calls=293 time=48s
h3_poker_b kswin+hedge@e2g0.25 acc=0.9316 resets=109 new_calls=293 time=50s
h3_poker_b kswin+hedge@e2g0.75 acc=0.9316 resets=109 new_calls=293 time=47s
h3_poker_b kswin+hedge@e2g0.9 acc=0.9316 resets=109 new_calls=293 time=48s
STREAM_DONE 07:25:12 h3_poker_b_hsens
h3_covertype_b ddm+hedge@e0.5g0.5 acc=0.9648 resets=59 new_calls=24 time=19s
h3_covertype_b ddm+hedge@e1g0.5 acc=0.9641 resets=94 new_calls=57 time=19s
h3_covertype_b ddm+hedge@e4g0.5 acc=0.9647 resets=71 new_calls=67 time=6s
h3_covertype_b ddm+hedge@e8g0.5 acc=0.9647 resets=77 new_calls=68 time=1s
h3_covertype_b ddm+hedge@e2g0.25 acc=0.9648 resets=55 new_calls=68 time=0s
h3_covertype_b ddm+hedge@e2g0.75 acc=0.9646 resets=70 new_calls=68 time=0s
h3_covertype_b ddm+hedge@e2g0.9 acc=0.9647 resets=70 new_calls=68 time=0s
h3_covertype_b eddm+hedge@e0.5g0.5 acc=0.9652 resets=88 new_calls=266 time=107s
h3_covertype_b eddm+hedge@e1g0.5 acc=0.9657 resets=87 new_calls=307 time=19s
h3_covertype_b eddm+hedge@e4g0.5 acc=0.9657 resets=83 new_calls=428 time=51s
h3_covertype_b eddm+hedge@e8g0.5 acc=0.9658 resets=83 new_calls=511 time=40s
h3_covertype_b eddm+hedge@e2g0.25 acc=0.9656 resets=86 new_calls=574 time=33s
h3_covertype_b eddm+hedge@e2g0.75 acc=0.9657 resets=85 new_calls=602 time=14s
h3_covertype_b eddm+hedge@e2g0.9 acc=0.9657 resets=84 new_calls=651 time=26s
h3_covertype_b fhddm+hedge@e0.5g0.5 acc=0.9662 resets=2 new_calls=651 time=0s
h3_covertype_b fhddm+hedge@e1g0.5 acc=0.9662 resets=2 new_calls=651 time=0s
h3_covertype_b fhddm+hedge@e4g0.5 acc=0.9662 resets=2 new_calls=651 time=0s
h3_covertype_b fhddm+hedge@e8g0.5 acc=0.9662 resets=2 new_calls=651 time=0s
h3_covertype_b fhddm+hedge@e2g0.25 acc=0.9662 resets=2 new_calls=651 time=0s
h3_covertype_b fhddm+hedge@e2g0.75 acc=0.9662 resets=2 new_calls=651 time=0s
h3_covertype_b fhddm+hedge@e2g0.9 acc=0.9662 resets=2 new_calls=651 time=0s
h3_covertype_b hddma+hedge@e0.5g0.5 acc=0.9655 resets=57 new_calls=659 time=5s
h3_covertype_b hddma+hedge@e1g0.5 acc=0.9655 resets=57 new_calls=668 time=6s
h3_covertype_b hddma+hedge@e4g0.5 acc=0.9657 resets=53 new_calls=670 time=2s
h3_covertype_b hddma+hedge@e8g0.5 acc=0.9655 resets=57 new_calls=679 time=5s
h3_covertype_b hddma+hedge@e2g0.25 acc=0.9655 resets=56 new_calls=679 time=1s
h3_covertype_b hddma+hedge@e2g0.75 acc=0.9655 resets=56 new_calls=679 time=1s
h3_covertype_b hddma+hedge@e2g0.9 acc=0.9655 resets=56 new_calls=679 time=1s
h3_covertype_b hddmw+hedge@e0.5g0.5 acc=0.9660 resets=14 new_calls=679 time=1s
h3_covertype_b hddmw+hedge@e1g0.5 acc=0.9660 resets=14 new_calls=679 time=1s
h3_covertype_b hddmw+hedge@e4g0.5 acc=0.9660 resets=14 new_calls=679 time=1s
h3_covertype_b hddmw+hedge@e8g0.5 acc=0.9660 resets=14 new_calls=679 time=0s
h3_covertype_b hddmw+hedge@e2g0.25 acc=0.9660 resets=14 new_calls=679 time=0s
h3_covertype_b hddmw+hedge@e2g0.75 acc=0.9661 resets=14 new_calls=679 time=1s
h3_covertype_b hddmw+hedge@e2g0.9 acc=0.9661 resets=14 new_calls=679 time=0s
h3_covertype_b adwin+hedge@e0.5g0.5 acc=0.9659 resets=16 new_calls=679 time=0s
h3_covertype_b adwin+hedge@e1g0.5 acc=0.9659 resets=16 new_calls=685 time=3s
h3_covertype_b adwin+hedge@e4g0.5 acc=0.9659 resets=16 new_calls=685 time=0s
h3_covertype_b adwin+hedge@e8g0.5 acc=0.9660 resets=15 new_calls=690 time=2s
h3_covertype_b adwin+hedge@e2g0.25 acc=0.9659 resets=16 new_calls=690 time=0s
h3_covertype_b adwin+hedge@e2g0.75 acc=0.9659 resets=16 new_calls=690 time=0s
h3_covertype_b adwin+hedge@e2g0.9 acc=0.9660 resets=15 new_calls=690 time=0s
h3_covertype_b ph+hedge@e0.5g0.5 acc=0.9660 resets=9 new_calls=699 time=4s
h3_covertype_b ph+hedge@e1g0.5 acc=0.9660 resets=9 new_calls=699 time=0s
h3_covertype_b ph+hedge@e4g0.5 acc=0.9661 resets=9 new_calls=699 time=0s
h3_covertype_b ph+hedge@e8g0.5 acc=0.9661 resets=9 new_calls=707 time=4s
h3_covertype_b ph+hedge@e2g0.25 acc=0.9661 resets=9 new_calls=707 time=0s
h3_covertype_b ph+hedge@e2g0.75 acc=0.9661 resets=9 new_calls=707 time=0s
h3_covertype_b ph+hedge@e2g0.9 acc=0.9661 resets=9 new_calls=707 time=0s
h3_covertype_b kswin+hedge@e0.5g0.5 acc=0.9662 resets=7 new_calls=707 time=64s
h3_covertype_b kswin+hedge@e1g0.5 acc=0.9662 resets=7 new_calls=707 time=62s
h3_covertype_b kswin+hedge@e4g0.5 acc=0.9661 resets=7 new_calls=707 time=63s
h3_covertype_b kswin+hedge@e8g0.5 acc=0.9661 resets=7 new_calls=707 time=60s
h3_covertype_b kswin+hedge@e2g0.25 acc=0.9662 resets=7 new_calls=707 time=65s
h3_covertype_b kswin+hedge@e2g0.75 acc=0.9661 resets=7 new_calls=707 time=65s
h3_covertype_b kswin+hedge@e2g0.9 acc=0.9662 resets=7 new_calls=707 time=65s
STREAM_DONE 07:38:57 h3_covertype_b_hsens
h2_rialto ddm+hedge@e0.5g0.5 acc=0.7872 resets=151 new_calls=0 time=0s
h2_rialto ddm+hedge@e1g0.5 acc=0.7869 resets=149 new_calls=0 time=0s
h2_rialto ddm+hedge@e4g0.5 acc=0.7849 resets=148 new_calls=24 time=10s
h2_rialto ddm+hedge@e8g0.5 acc=0.7840 resets=138 new_calls=27 time=1s
h2_rialto ddm+hedge@e2g0.25 acc=0.7865 resets=135 new_calls=29 time=1s
h2_rialto ddm+hedge@e2g0.75 acc=0.7872 resets=162 new_calls=30 time=1s
h2_rialto ddm+hedge@e2g0.9 acc=0.7871 resets=163 new_calls=30 time=0s
