kdd kswin+hedge@e4g0.5 acc=0.9896 resets=22 new_calls=0 time=55s
kdd kswin+hedge@e8g0.5 acc=0.9896 resets=22 new_calls=0 time=55s
kdd kswin+hedge@e2g0.25 acc=0.9896 resets=22 new_calls=0 time=54s
kdd kswin+hedge@e2g0.75 acc=0.9896 resets=22 new_calls=0 time=53s
kdd kswin+hedge@e2g0.9 acc=0.9896 resets=22 new_calls=0 time=53s
STREAM_DONE 06:52:14 kdd_hsens
h4_poker_e ddm+hedge@e0.5g0.5 acc=0.9049 resets=309 new_calls=8 time=9s
h4_poker_e ddm+hedge@e1g0.5 acc=0.9053 resets=302 new_calls=8 time=0s
h4_poker_e ddm+hedge@e4g0.5 acc=0.9063 resets=291 new_calls=14 time=4s
h4_poker_e ddm+hedge@e8g0.5 acc=0.9070 resets=289 new_calls=15 time=1s
h4_poker_e ddm+hedge@e2g0.25 acc=0.9053 resets=298 new_calls=15 time=0s
h4_poker_e ddm+hedge@e2g0.75 acc=0.9063 resets=296 new_calls=15 time=0s
h4_poker_e ddm+hedge@e2g0.9 acc=0.9063 resets=296 new_calls=15 time=0s
h4_poker_e eddm+hedge@e0.5g0.5 acc=0.9106 resets=163 new_calls=33 time=10s
h4_poker_e eddm+hedge@e1g0.5 acc=0.9112 resets=164 new_calls=33 time=0s
h4_poker_e eddm+hedge@e4g0.5 acc=0.9122 resets=160 new_calls=47 time=8s
h4_poker_e eddm+hedge@e8g0.5 acc=0.9131 resets=162 new_calls=59 time=6s
h4_poker_e eddm+hedge@e2g0.25 acc=0.9117 resets=161 new_calls=60 time=1s
h4_poker_e eddm+hedge@e2g0.75 acc=0.9118 resets=160 new_calls=60 time=0s
h4_poker_e eddm+hedge@e2g0.9 acc=0.9127 resets=157 new_calls=61 time=1s
h4_poker_e fhddm+hedge@e0.5g0.5 acc=0.9094 resets=110 new_calls=66 time=3s
h4_poker_e fhddm+hedge@e1g0.5 acc=0.9107 resets=107 new_calls=66 time=0s
h4_poker_e fhddm+hedge@e4g0.5 acc=0.9120 resets=108 new_calls=66 time=0s
h4_poker_e fhddm+hedge@e8g0.5 acc=0.9121 resets=109 new_calls=66 time=0s
h4_poker_e fhddm+hedge@e2g0.25 acc=0.9107 resets=109 new_calls=66 time=0s
h4_poker_e fhddm+hedge@e2g0.75 acc=0.9122 resets=108 new_calls=66 time=0s
h4_poker_e fhddm+hedge@e2g0.9 acc=0.9127 resets=108 new_calls=66 time=0s
h4_poker_e hddma+hedge@e0.5g0.5 acc=0.9051 resets=266 new_calls=66 time=2s
h4_poker_e hddma+hedge@e1g0.5 acc=0.9057 resets=265 new_calls=66 time=2s
h4_poker_e hddma+hedge@e4g0.5 acc=0.9062 resets=266 new_calls=66 time=2s
h4_poker_e hddma+hedge@e8g0.5 acc=0.9084 resets=247 new_calls=88 time=13s
h4_poker_e hddma+hedge@e2g0.25 acc=0.9053 resets=264 new_calls=88 time=2s
h4_poker_e hddma+hedge@e2g0.75 acc=0.9062 resets=263 new_calls=88 time=2s
h4_poker_e hddma+hedge@e2g0.9 acc=0.9068 resets=258 new_calls=88 time=2s
h4_poker_e hddmw+hedge@e0.5g0.5 acc=0.9104 resets=169 new_calls=90 time=3s
h4_poker_e hddmw+hedge@e1g0.5 acc=0.9110 resets=164 new_calls=90 time=2s
h4_poker_e hddmw+hedge@e4g0.5 acc=0.9123 resets=159 new_calls=96 time=5s
h4_poker_e hddmw+hedge@e8g0.5 acc=0.9122 resets=158 new_calls=96 time=2s
h4_poker_e hddmw+hedge@e2g0.25 acc=0.9113 resets=163 new_calls=96 time=2s
h4_poker_e hddmw+hedge@e2g0.75 acc=0.9126 resets=156 new_calls=96 time=2s
h4_poker_e hddmw+hedge@e2g0.9 acc=0.9125 resets=157 new_calls=96 time=2s
h4_poker_e adwin+hedge@e0.5g0.5 acc=0.9127 resets=160 new_calls=116 time=9s
h4_poker_e adwin+hedge@e1g0.5 acc=0.9127 resets=162 new_calls=118 time=1s
h4_poker_e adwin+hedge@e4g0.5 acc=0.9120 resets=167 new_calls=129 time=5s
h4_poker_e adwin+hedge@e8g0.5 acc=0.9117 resets=169 new_calls=135 time=3s
h4_poker_e adwin+hedge@e2g0.25 acc=0.9125 resets=164 new_calls=136 time=0s
h4_poker_e adwin+hedge@e2g0.75 acc=0.9125 resets=163 new_calls=136 time=0s
h4_poker_e adwin+hedge@e2g0.9 acc=0.9123 resets=164 new_calls=136 time=0s
h4_poker_e ph+hedge@e0.5g0.5 acc=0.9130 resets=96 new_calls=197 time=29s
h4_poker_e ph+hedge@e1g0.5 acc=0.9135 resets=97 new_calls=206 time=5s
h4_poker_e ph+hedge@e4g0.5 acc=0.9144 resets=96 new_calls=252 time=26s
h4_poker_e ph+hedge@e8g0.5 acc=0.9147 resets=97 new_calls=284 time=18s
h4_poker_e ph+hedge@e2g0.25 acc=0.9122 resets=97 new_calls=289 time=2s
h4_poker_e ph+hedge@e2g0.75 acc=0.9147 resets=95 new_calls=299 time=5s
h4_poker_e ph+hedge@e2g0.9 acc=0.9152 resets=94 new_calls=308 time=5s
h4_poker_e kswin+hedge@e0.5g0.5 acc=0.9133 resets=143 new_calls=308 time=46s
h4_poker_e kswin+hedge@e1g0.5 acc=0.9136 resets=144 new_calls=308 time=47s
h4_poker_e kswin+hedge@e4g0.5 acc=0.9136 resets=144 new_calls=308 time=47s
h4_poker_e kswin+hedge@e8g0.5 acc=0.9130 resets=145 new_calls=308 time=47s
h4_poker_e kswin+hedge@e2g0.25 acc=0.9138 resets=144 new_calls=308 time=48s
h4_poker_e kswin+hedge@e2g0.75 acc=0.9135 resets=143 new_calls=308 time=48s
h4_poker_e kswin+hedge@e2g0.9 acc=0.9135 resets=144 new_calls=308 time=49s
STREAM_DONE 07:01:00 h4_poker_e_hsens
h4_poker_d ddm+hedge@e0.5g0.5 acc=0.9266 resets=260 new_calls=5 time=6s
h4_poker_d ddm+hedge@e1g0.5 acc=0.9274 resets=256 new_calls=5 time=0s
h4_poker_d ddm+hedge@e4g0.5 acc=0.9292 resets=243 new_calls=5 time=0s
h4_poker_d ddm+hedge@e8g0.5 acc=0.9318 resets=234 new_calls=21 time=7s
h4_poker_d ddm+hedge@e2g0.25 acc=0.9274 resets=256 new_calls=21 time=0s
h4_poker_d ddm+hedge@e2g0.75 acc=0.9289 resets=249 new_calls=21 time=0s
h4_poker_d ddm+hedge@e2g0.9 acc=0.9291 resets=249 new_calls=21 time=0s
h4_poker_d eddm+hedge@e0.5g0.5 acc=0.9332 resets=121 new_calls=24 time=1s
h4_poker_d eddm+hedge@e1g0.5 acc=0.9344 resets=121 new_calls=24 time=0s
h4_poker_d eddm+hedge@e4g0.5 acc=0.9373 resets=115 new_calls=37 time=5s
h4_poker_d eddm+hedge@e8g0.5 acc=0.9370 resets=117 new_calls=46 time=3s
h4_poker_d eddm+hedge@e2g0.25 acc=0.9365 resets=118 new_calls=46 time=0s
h4_poker_d eddm+hedge@e2g0.75 acc=0.9367 resets=118 new_calls=46 time=0s
h4_poker_d eddm+hedge@e2g0.9 acc=0.9367 resets=118 new_calls=49 time=1s
h4_poker_d fhddm+hedge@e0.5g0.5 acc=0.9330 resets=88 new_calls=65 time=6s
h4_poker_d fhddm+hedge@e1g0.5 acc=0.9338 resets=88 new_calls=65 time=0s
h4_poker_d fhddm+hedge@e4g0.5 acc=0.9351 resets=88 new_calls=66 time=0s
h4_poker_d fhddm+hedge@e8g0.5 acc=0.9352 resets=86 new_calls=72 time=3s
h4_poker_d fhddm+hedge@e2g0.25 acc=0.9345 resets=88 new_calls=72 time=0s
h4_poker_d fhddm+hedge@e2g0.75 acc=0.9351 resets=87 new_calls=72 time=0s
h4_poker_d fhddm+hedge@e2g0.9 acc=0.9358 resets=86 new_calls=73 time=0s
h4_poker_d hddma+hedge@e0.5g0.5 acc=0.9277 resets=210 new_calls=92 time=9s
h4_poker_d hddma+hedge@e1g0.5 acc=0.9291 resets=204 new_calls=92 time=2s
h4_poker_d hddma+hedge@e4g0.5 acc=0.9315 resets=189 new_calls=92 time=2s
h4_poker_d hddma+hedge@e8g0.5 acc=0.9328 resets=185 new_calls=92 time=2s
h4_poker_d hddma+hedge@e2g0.25 acc=0.9302 resets=194 new_calls=92 time=2s
h4_poker_d hddma+hedge@e2g0.75 acc=0.9308 resets=194 new_calls=92 time=2s
h4_poker_d hddma+hedge@e2g0.9 acc=0.9310 resets=194 new_calls=92 time=2s
h4_poker_d hddmw+hedge@e0.5g0.5 acc=0.9334 resets=133 new_calls=97 time=3s
h4_poker_d hddmw+hedge@e1g0.5 acc=0.9345 resets=128 new_calls=97 time=1s
h4_poker_d hddmw+hedge@e4g0.5 acc=0.9360 resets=125 new_calls=97 time=1s
h4_poker_d hddmw+hedge@e8g0.5 acc=0.9371 resets=121 new_calls=97 time=1s
h4_poker_d hddmw+hedge@e2g0.25 acc=0.9356 resets=126 new_calls=97 time=1s
h4_poker_d hddmw+hedge@e2g0.75 acc=0.9356 resets=127 new_calls=97 time=1s
h4_poker_d hddmw+hedge@e2g0.9 acc=0.9357 resets=127 new_calls=97 time=2s
h4_poker_d adwin+hedge@e0.5g0.5 acc=0.9345 resets=124 new_calls=140 time=16s
h4_poker_d adwin+hedge@e1g0.5 acc=0.9346 resets=125 new_calls=154 time=6s
h4_poker_d adwin+hedge@e4g0.5 acc=0.9357 resets=123 new_calls=186 time=14s
h4_poker_d adwin+hedge@e8g0.5 acc=0.9370 resets=120 new_calls=202 time=7s
h4_poker_d adwin+hedge@e2g0.25 acc=0.9343 resets=127 new_calls=211 time=4s
h4_poker_d adwin+hedge@e2g0.75 acc=0.9352 resets=123 new_calls=214 time=1s
h4_poker_d adwin+hedge@e2g0.9 acc=0.9356 resets=122 new_calls=223 time=4s
h4_poker_d ph+hedge@e0.5g0.5 acc=0.9371 resets=68 new_calls=230 time=3s
h4_poker_d ph+hedge@e1g0.5 acc=0.9378 resets=68 new_calls=245 time=6s
h4_poker_d ph+hedge@e4g0.5 acc=0.9393 resets=62 new_calls=258 time=5s
h4_poker_d ph+hedge@e8g0.5 acc=0.9385 resets=64 new_calls=267 time=3s
h4_poker_d ph+hedge@e2g0.25 acc=0.9377 resets=66 new_calls=272 time=2s
h4_poker_d ph+hedge@e2g0.75 acc=0.9390 resets=63 new_calls=272 time=0s
h4_poker_d ph+hedge@e2g0.9 acc=0.9396 resets=62 new_calls=272 time=0s
h4_poker_d kswin+hedge@e0.5g0.5 acc=0.9359 resets=99 new_calls=272 time=52s
h4_poker_d kswin+hedge@e1g0.5 acc=0.9364 resets=98 new_calls=272 time=52s
h4_poker_d kswin+hedge@e4g0.5 acc=0.9376 resets=96 new_calls=272 time=50s
h4_poker_d kswin+hedge@e8g0.5 acc=0.9382 resets=95 new_calls=278 time=53s
h4_poker_d kswin+hedge@e2g0.25 acc=0.9365 resets=99 new_calls=278 time=46s
h4_poker_d kswin+hedge@e2g0.75 acc=0.9378 resets=96 new_calls=278 time=47s
h4_poker_d kswin+hedge@e2g0.9 acc=0.9380 resets=95 new_calls=278 time=49s
STREAM_DONE 07:09:10 h4_poker_d_hsens
h4_airlines_d ddm+hedge@e0.5g0.5 acc=0.6579 resets=4 new_calls=0 time=0s
h4_airlines_d ddm+hedge@e1g0.5 acc=0.6579 resets=4 new_calls=0 time=0s
h4_airlines_d ddm+hedge@e4g0.5 acc=0.6579 resets=3 new_calls=0 time=0s
h4_airlines_d ddm+hedge@e8g0.5 acc=0.6579 resets=3 new_calls=9 time=8s
h4_airlines_d ddm+hedge@e2g0.25 acc=0.6579 resets=4 new_calls=9 time=0s
h4_airlines_d ddm+hedge@e2g0.75 acc=0.6579 resets=4 new_calls=9 time=0s
h4_airlines_d ddm+hedge@e2g0.9 acc=0.6578 resets=3 new_calls=11 time=1s
h4_airlines_d eddm+hedge@e0.5g0.5 acc=0.6559 resets=105 new_calls=12 time=1s
h4_airlines_d eddm+hedge@e1g0.5 acc=0.6560 resets=105 new_calls=12 time=0s
h4_airlines_d eddm+hedge@e4g0.5 acc=0.6561 resets=105 new_calls=12 time=0s
h4_airlines_d eddm+hedge@e8g0.5 acc=0.6563 resets=105 new_calls=12 time=0s
h4_airlines_d eddm+hedge@e2g0.25 acc=0.6560 resets=103 new_calls=12 time=0s
h4_airlines_d eddm+hedge@e2g0.75 acc=0.6560 resets=104 new_calls=12 time=0s
h4_airlines_d eddm+hedge@e2g0.9 acc=0.6560 resets=104 new_calls=12 time=0s
h4_airlines_d fhddm+hedge@e0.5g0.5 acc=0.6564 resets=34 new_calls=23 time=6s
h4_airlines_d fhddm+hedge@e1g0.5 acc=0.6564 resets=34 new_calls=23 time=0s
h4_airlines_d fhddm+hedge@e4g0.5 acc=0.6567 resets=34 new_calls=23 time=0s
h4_airlines_d fhddm+hedge@e8g0.5 acc=0.6567 resets=33 new_calls=25 time=1s
h4_airlines_d fhddm+hedge@e2g0.25 acc=0.6565 resets=34 new_calls=25 time=0s
h4_airlines_d fhddm+hedge@e2g0.75 acc=0.6566 resets=33 new_calls=25 time=0s
h4_airlines_d fhddm+hedge@e2g0.9 acc=0.6567 resets=33 new_calls=25 time=0s
h4_airlines_d hddma+hedge@e0.5g0.5 acc=0.6571 resets=21 new_calls=25 time=0s
h4_airlines_d hddma+hedge@e1g0.5 acc=0.6571 resets=21 new_calls=25 time=0s
h4_airlines_d hddma+hedge@e4g0.5 acc=0.6572 resets=20 new_calls=26 time=1s
h4_airlines_d hddma+hedge@e8g0.5 acc=0.6573 resets=19 new_calls=26 time=1s
h4_airlines_d hddma+hedge@e2g0.25 acc=0.6572 resets=19 new_calls=26 time=0s
h4_airlines_d hddma+hedge@e2g0.75 acc=0.6572 resets=20 new_calls=26 time=0s
h4_airlines_d hddma+hedge@e2g0.9 acc=0.6572 resets=21 new_calls=26 time=0s
h4_airlines_d hddmw+hedge@e0.5g0.5 acc=0.6513 resets=170 new_calls=70 time=22s
h4_airlines_d hddmw+hedge@e1g0.5 acc=0.6518 resets=166 new_calls=73 time=2s
h4_airlines_d hddmw+hedge@e4g0.5 acc=0.6527 resets=159 new_calls=97 time=12s
h4_airlines_d hddmw+hedge@e8g0.5 acc=0.6526 resets=159 new_calls=148 time=24s
h4_airlines_d hddmw+hedge@e2g0.25 acc=0.6519 resets=166 new_calls=148 time=1s
h4_airlines_d hddmw+hedge@e2g0.75 acc=0.6522 resets=166 new_calls=148 time=1s
h4_airlines_d hddmw+hedge@e2g0.9 acc=0.6521 resets=166 new_calls=148 time=1s
h4_airlines_d adwin+hedge@e0.5g0.5 acc=0.6579 resets=9 new_calls=148 time=0s
h4_airlines_d adwin+hedge@e1g0.5 acc=0.6579 resets=9 new_calls=148 time=0s
h4_airlines_d adwin+hedge@e4g0.5 acc=0.6578 resets=9 new_calls=148 time=0s
h4_airlines_d adwin+hedge@e8g0.5 acc=0.6578 resets=9 new_calls=148 time=0s
h4_airlines_d adwin+hedge@e2g0.25 acc=0.6579 resets=9 new_calls=148 time=0s
h4_airlines_d adwin+hedge@e2g0.75 acc=0.6578 resets=8 new_calls=157 time=5s
h4_airlines_d adwin+hedge@e2g0.9 acc=0.6580 resets=8 new_calls=166 time=5s
h4_airlines_d ph+hedge@e0.5g0.5 acc=0.6577 resets=26 new_calls=166 time=0s
h4_airlines_d ph+hedge@e1g0.5 acc=0.6577 resets=26 new_calls=166 time=0s
h4_airlines_d ph+hedge@e4g0.5 acc=0.6581 resets=24 new_calls=170 time=2s
h4_airlines_d ph+hedge@e8g0.5 acc=0.6582 resets=26 new_calls=170 time=0s
h4_airlines_d ph+hedge@e2g0.25 acc=0.6578 resets=25 new_calls=170 time=0s
h4_airlines_d ph+hedge@e2g0.75 acc=0.6578 resets=26 new_calls=170 time=0s
h4_airlines_d ph+hedge@e2g0.9 acc=0.6578 resets=26 new_calls=170 time=0s
h4_airlines_d kswin+hedge@e0.5g0.5 acc=0.6538 resets=80 new_calls=183 time=57s
h4_airlines_d kswin+hedge@e1g0.5 acc=0.6538 resets=80 new_calls=183 time=50s
h4_airlines_d kswin+hedge@e4g0.5 acc=0.6541 resets=84 new_calls=202 time=61s
h4_airlines_d kswin+hedge@e8g0.5 acc=0.6544 resets=81 new_calls=204 time=51s
h4_airlines_d kswin+hedge@e2g0.25 acc=0.6539 resets=79 new_calls=204 time=49s
h4_airlines_d kswin+hedge@e2g0.75 acc=0.6539 resets=82 new_calls=205 time=48s
h4_airlines_d kswin+hedge@e2g0.9 acc=0.6541 resets=84 new_calls=211 time=54s
STREAM_DONE 07:16:59 h4_airlines_d_hsens
h3_insects_c ddm+hedge@e0.5g0.5 acc=0.8548 resets=2 new_calls=0 time=0s
h3_insects_c ddm+hedge@e1g0.5 acc=0.8547 resets=2 new_calls=0 time=0s
h3_insects_c ddm+hedge@e4g0.5 acc=0.8548 resets=2 new_calls=0 time=0s
h3_insects_c ddm+hedge@e8g0.5 acc=0.8547 resets=2 new_calls=0 time=0s
h3_insects_c ddm+hedge@e2g0.25 acc=0.8547 resets=2 new_calls=0 time=0s
h3_insects_c ddm+hedge@e2g0.75 acc=0.8548 resets=2 new_calls=0 time=0s
h3_insects_c ddm+hedge@e2g0.9 acc=0.8548 resets=2 new_calls=0 time=0s
h3_insects_c eddm+hedge@e0.5g0.5 acc=0.8541 resets=23 new_calls=0 time=0s
h3_insects_c eddm+hedge@e1g0.5 acc=0.8541 resets=58 new_calls=101 time=82s
h3_insects_c eddm+hedge@e4g0.5 acc=0.8543 resets=58 new_calls=118 time=13s
h3_insects_c eddm+hedge@e8g0.5 acc=0.8541 resets=23 new_calls=118 time=0s
h3_insects_c eddm+hedge@e2g0.25 acc=0.8542 resets=58 new_calls=118 time=0s
h3_insects_c eddm+hedge@e2g0.75 acc=0.8541 resets=23 new_calls=118 time=0s
h3_insects_c eddm+hedge@e2g0.9 acc=0.8543 resets=55 new_calls=118 time=0s
h3_insects_c fhddm+hedge@e0.5g0.5 acc=0.8545 resets=2 new_calls=118 time=0s
h3_insects_c fhddm+hedge@e1g0.5 acc=0.8545 resets=2 new_calls=118 time=0s
h3_insects_c fhddm+hedge@e4g0.5 acc=0.8545 resets=2 new_calls=118 time=0s
h3_insects_c fhddm+hedge@e8g0.5 acc=0.8545 resets=2 new_calls=118 time=0s
h3_insects_c fhddm+hedge@e2g0.25 acc=0.8545 resets=2 new_calls=118 time=0s
h3_insects_c fhddm+hedge@e2g0.75 acc=0.8545 resets=2 new_calls=118 time=0s
h3_insects_c fhddm+hedge@e2g0.9 acc=0.8545 resets=2 new_calls=118 time=0s
h3_insects_c hddma+hedge@e0.5g0.5 acc=0.8549 resets=3 new_calls=118 time=0s
h3_insects_c hddma+hedge@e1g0.5 acc=0.8549 resets=3 new_calls=118 time=0s
h3_insects_c hddma+hedge@e4g0.5 acc=0.8550 resets=3 new_calls=118 time=0s
h3_insects_c hddma+hedge@e8g0.5 acc=0.8550 resets=3 new_calls=118 time=0s
h3_insects_c hddma+hedge@e2g0.25 acc=0.8550 resets=3 new_calls=118 time=0s
h3_insects_c hddma+hedge@e2g0.75 acc=0.8550 resets=3 new_calls=118 time=0s
h3_insects_c hddma+hedge@e2g0.9 acc=0.8550 resets=3 new_calls=118 time=0s
h3_insects_c hddmw+hedge@e0.5g0.5 acc=0.8555 resets=4 new_calls=118 time=0s
h3_insects_c hddmw+hedge@e1g0.5 acc=0.8555 resets=4 new_calls=118 time=0s
h3_insects_c hddmw+hedge@e4g0.5 acc=0.8556 resets=4 new_calls=118 time=0s
h3_insects_c hddmw+hedge@e8g0.5 acc=0.8556 resets=4 new_calls=118 time=0s
h3_insects_c hddmw+hedge@e2g0.25 acc=0.8555 resets=4 new_calls=118 time=0s
h3_insects_c hddmw+hedge@e2g0.75 acc=0.8556 resets=4 new_calls=118 time=0s
h3_insects_c hddmw+hedge@e2g0.9 acc=0.8556 resets=4 new_calls=118 time=0s
h3_insects_c adwin+hedge@e0.5g0.5 acc=0.8549 resets=5 new_calls=118 time=0s
h3_insects_c adwin+hedge@e1g0.5 acc=0.8550 resets=5 new_calls=118 time=0s
h3_insects_c adwin+hedge@e4g0.5 acc=0.8551 resets=5 new_calls=118 time=0s
h3_insects_c adwin+hedge@e8g0.5 acc=0.8550 resets=5 new_calls=118 time=0s
h3_insects_c adwin+hedge@e2g0.25 acc=0.8550 resets=5 new_calls=118 time=0s
h3_insects_c adwin+hedge@e2g0.75 acc=0.8551 resets=5 new_calls=118 time=0s
h3_insects_c adwin+hedge@e2g0.9 acc=0.8551 resets=5 new_calls=118 time=0s
h3_insects_c ph+hedge@e0.5g0.5 acc=0.8553 resets=6 new_calls=127 time=8s
h3_insects_c ph+hedge@e1g0.5 acc=0.8553 resets=6 new_calls=127 time=0s
h3_insects_c ph+hedge@e4g0.5 acc=0.8554 resets=6 new_calls=127 time=0s
h3_insects_c ph+hedge@e8g0.5 acc=0.8555 resets=6 new_calls=127 time=0s
h3_insects_c ph+hedge@e2g0.25 acc=0.8554 resets=6 new_calls=133 time=5s
h3_insects_c ph+hedge@e2g0.75 acc=0.8555 resets=6 new_calls=133 time=0s
h3_insects_c ph+hedge@e2g0.9 acc=0.8554 resets=6 new_calls=133 time=0s
h3_insects_c kswin+hedge@e0.5g0.5 acc=0.8555 resets=3 new_calls=142 time=63s
h3_insects_c kswin+hedge@e1g0.5 acc=0.8555 resets=2 new_calls=142 time=56s
h3_insects_c kswin+hedge@e4g0.5 acc=0.8556 resets=2 new_calls=142 time=56s
h3_insects_c kswin+hedge@e8g0.5 acc=0.8556 resets=2 new_calls=142 time=59s
h3_insects_c kswin+hedge@e2g0.25 acc=0.8555 resets=2 new_calls=142 time=59s
h3_insects_c kswin+hedge@e2g0.75 acc=0.8556 resets=2 new_calls=142 time=56s
h3_insects_c kswin+hedge@e2g0.9 acc=0.8556 resets=2 new_calls=142 time=59s
STREAM_DONE 07:25:49 h3_insects_c_hsens
h3_airlines_b ddm+hedge@e0.5g0.5 acc=0.7056 resets=4 new_calls=0 time=0s
h3_airlines_b ddm+hedge@e1g0.5 acc=0.7056 resets=4 new_calls=0 time=0s
h3_airlines_b ddm+hedge@e4g0.5 acc=0.7055 resets=4 new_calls=0 time=0s
h3_airlines_b ddm+hedge@e8g0.5 acc=0.7055 resets=4 new_calls=0 time=0s
h3_airlines_b ddm+hedge@e2g0.25 acc=0.7056 resets=4 new_calls=0 time=0s
h3_airlines_b ddm+hedge@e2g0.75 acc=0.7055 resets=4 new_calls=0 time=0s
h3_airlines_b ddm+hedge@e2g0.9 acc=0.7055 resets=4 new_calls=0 time=0s
h3_airlines_b eddm+hedge@e0.5g0.5 acc=0.7047 resets=77 new_calls=20 time=15s
h3_airlines_b eddm+hedge@e1g0.5 acc=0.7047 resets=77 new_calls=20 time=0s
h3_airlines_b eddm+hedge@e4g0.5 acc=0.7049 resets=55 new_calls=20 time=0s
h3_airlines_b eddm+hedge@e8g0.5 acc=0.7050 resets=55 new_calls=20 time=0s
h3_airlines_b eddm+hedge@e2g0.25 acc=0.7047 resets=77 new_calls=20 time=0s
h3_airlines_b eddm+hedge@e2g0.75 acc=0.7050 resets=55 new_calls=20 time=0s
h3_airlines_b eddm+hedge@e2g0.9 acc=0.7050 resets=55 new_calls=20 time=0s
h3_airlines_b fhddm+hedge@e0.5g0.5 acc=0.7054 resets=17 new_calls=20 time=0s
h3_airlines_b fhddm+hedge@e1g0.5 acc=0.7054 resets=17 new_calls=20 time=0s
h3_airlines_b fhddm+hedge@e4g0.5 acc=0.7053 resets=17 new_calls=20 time=0s
h3_airlines_b fhddm+hedge@e8g0.5 acc=0.7055 resets=17 new_calls=20 time=0s
h3_airlines_b fhddm+hedge@e2g0.25 acc=0.7054 resets=17 new_calls=20 time=0s
h3_airlines_b fhddm+hedge@e2g0.75 acc=0.7053 resets=18 new_calls=20 time=0s
h3_airlines_b fhddm+hedge@e2g0.9 acc=0.7053 resets=17 new_calls=20 time=0s
h3_airlines_b hddma+hedge@e0.5g0.5 acc=0.7054 resets=18 new_calls=38 time=11s
h3_airlines_b hddma+hedge@e1g0.5 acc=0.7054 resets=18 new_calls=38 time=0s
h3_airlines_b hddma+hedge@e4g0.5 acc=0.7054 resets=15 new_calls=53 time=8s
h3_airlines_b hddma+hedge@e8g0.5 acc=0.7053 resets=16 new_calls=62 time=5s
h3_airlines_b hddma+hedge@e2g0.25 acc=0.7054 resets=16 new_calls=62 time=0s
h3_airlines_b hddma+hedge@e2g0.75 acc=0.7055 resets=16 new_calls=62 time=1s
h3_airlines_b hddma+hedge@e2g0.9 acc=0.7055 resets=16 new_calls=62 time=0s
h3_airlines_b hddmw+hedge@e0.5g0.5 acc=0.7047 resets=75 new_calls=69 time=4s
h3_airlines_b hddmw+hedge@e1g0.5 acc=0.7047 resets=75 new_calls=69 time=0s
h3_airlines_b hddmw+hedge@e4g0.5 acc=0.7049 resets=71 new_calls=85 time=9s
h3_airlines_b hddmw+hedge@e8g0.5 acc=0.7051 resets=74 new_calls=107 time=12s
h3_airlines_b hddmw+hedge@e2g0.25 acc=0.7047 resets=75 new_calls=107 time=1s
h3_airlines_b hddmw+hedge@e2g0.75 acc=0.7047 resets=75 new_calls=107 time=1s
h3_airlines_b hddmw+hedge@e2g0.9 acc=0.7048 resets=75 new_calls=107 time=1s
h3_airlines_b adwin+hedge@e0.5g0.5 acc=0.7056 resets=14 new_calls=107 time=0s
h3_airlines_b adwin+hedge@e1g0.5 acc=0.7056 resets=14 new_calls=107 time=0s
h3_airlines_b adwin+hedge@e4g0.5 acc=0.7056 resets=14 new_calls=107 time=0s
h3_airlines_b adwin+hedge@e8g0.5 acc=0.7055 resets=14 new_calls=107 time=0s
h3_airlines_b adwin+hedge@e2g0.25 acc=0.7056 resets=14 new_calls=107 time=0s
h3_airlines_b adwin+hedge@e2g0.75 acc=0.7056 resets=14 new_calls=107 time=0s
h3_airlines_b adwin+hedge@e2g0.9 acc=0.7056 resets=14 new_calls=107 time=0s
h3_airlines_b ph+hedge@e0.5g0.5 acc=0.7050 resets=30 new_calls=123 time=8s
h3_airlines_b ph+hedge@e1g0.5 acc=0.7050 resets=30 new_calls=123 time=0s
h3_airlines_b ph+hedge@e4g0.5 acc=0.7050 resets=29 new_calls=128 time=2s
h3_airlines_b ph+hedge@e8g0.5 acc=0.7050 resets=28 new_calls=140 time=6s
h3_airlines_b ph+hedge@e2g0.25 acc=0.7051 resets=30 new_calls=149 time=4s
h3_airlines_b ph+hedge@e2g0.75 acc=0.7051 resets=29 new_calls=149 time=0s
h3_airlines_b ph+hedge@e2g0.9 acc=0.7051 resets=29 new_calls=149 time=0s
h3_airlines_b kswin+hedge@e0.5g0.5 acc=0.7050 resets=34 new_calls=170 time=67s
h3_airlines_b kswin+hedge@e1g0.5 acc=0.7053 resets=30 new_calls=170 time=59s
h3_airlines_b kswin+hedge@e4g0.5 acc=0.7054 resets=29 new_calls=170 time=58s
h3_airlines_b kswin+hedge@e8g0.5 acc=0.7053 resets=30 new_calls=170 time=58s
h3_airlines_b kswin+hedge@e2g0.25 acc=0.7053 resets=30 new_calls=170 time=60s
h3_airlines_b kswin+hedge@e2g0.75 acc=0.7053 resets=30 new_calls=170 time=59s
h3_airlines_b kswin+hedge@e2g0.9 acc=0.7053 resets=29 new_calls=170 time=59s
STREAM_DONE 07:34:22 h3_airlines_b_hsens
chest ddm+hedge@e0.5g0.5 acc=0.9874 resets=10 new_calls=0 time=0s
chest ddm+hedge@e1g0.5 acc=0.9877 resets=9 new_calls=0 time=0s
chest ddm+hedge@e4g0.5 acc=0.9880 resets=9 new_calls=0 time=0s
chest ddm+hedge@e8g0.5 acc=0.9881 resets=9 new_calls=0 time=0s
chest ddm+hedge@e2g0.25 acc=0.9878 resets=9 new_calls=0 time=0s
chest ddm+hedge@e2g0.75 acc=0.9879 resets=9 new_calls=0 time=0s
chest ddm+hedge@e2g0.9 acc=0.9879 resets=9 new_calls=0 time=0s
chest eddm+hedge@e0.5g0.5 acc=0.9902 resets=10 new_calls=0 time=0s
chest eddm+hedge@e1g0.5 acc=0.9902 resets=10 new_calls=0 time=0s
chest eddm+hedge@e4g0.5 acc=0.9902 resets=10 new_calls=0 time=0s
chest eddm+hedge@e8g0.5 acc=0.9902 resets=10 new_calls=0 time=0s
chest eddm+hedge@e2g0.25 acc=0.9902 resets=10 new_calls=0 time=0s
chest eddm+hedge@e2g0.75 acc=0.9902 resets=10 new_calls=0 time=0s
chest eddm+hedge@e2g0.9 acc=0.9902 resets=10 new_calls=0 time=0s
chest fhddm+hedge@e0.5g0.5 acc=0.9774 resets=8 new_calls=0 time=0s
chest fhddm+hedge@e1g0.5 acc=0.9774 resets=8 new_calls=0 time=0s
chest fhddm+hedge@e4g0.5 acc=0.9774 resets=8 new_calls=0 time=0s
chest fhddm+hedge@e8g0.5 acc=0.9774 resets=8 new_calls=0 time=0s
chest fhddm+hedge@e2g0.25 acc=0.9774 resets=8 new_calls=0 time=0s
chest fhddm+hedge@e2g0.75 acc=0.9774 resets=8 new_calls=0 time=0s
chest fhddm+hedge@e2g0.9 acc=0.9774 resets=8 new_calls=0 time=0s
chest hddma+hedge@e0.5g0.5 acc=0.9871 resets=10 new_calls=0 time=2s
chest hddma+hedge@e1g0.5 acc=0.9874 resets=10 new_calls=0 time=2s
chest hddma+hedge@e4g0.5 acc=0.9877 resets=10 new_calls=0 time=2s
chest hddma+hedge@e8g0.5 acc=0.9878 resets=10 new_calls=0 time=2s
chest hddma+hedge@e2g0.25 acc=0.9875 resets=10 new_calls=0 time=2s
chest hddma+hedge@e2g0.75 acc=0.9876 resets=10 new_calls=0 time=2s
chest hddma+hedge@e2g0.9 acc=0.9877 resets=10 new_calls=0 time=2s
chest hddmw+hedge@e0.5g0.5 acc=0.9874 resets=10 new_calls=0 time=0s
chest hddmw+hedge@e1g0.5 acc=0.9877 resets=10 new_calls=0 time=0s
chest hddmw+hedge@e4g0.5 acc=0.9880 resets=10 new_calls=0 time=0s
chest hddmw+hedge@e8g0.5 acc=0.9881 resets=10 new_calls=0 time=0s
chest hddmw+hedge@e2g0.25 acc=0.9878 resets=10 new_calls=0 time=1s
chest hddmw+hedge@e2g0.75 acc=0.9879 resets=10 new_calls=0 time=0s
chest hddmw+hedge@e2g0.9 acc=0.9879 resets=10 new_calls=0 time=0s
chest adwin+hedge@e0.5g0.5 acc=0.9896 resets=12 new_calls=0 time=0s
chest adwin+hedge@e1g0.5 acc=0.9896 resets=12 new_calls=0 time=0s
chest adwin+hedge@e4g0.5 acc=0.9897 resets=12 new_calls=0 time=0s
chest adwin+hedge@e8g0.5 acc=0.9897 resets=12 new_calls=0 time=0s
chest adwin+hedge@e2g0.25 acc=0.9896 resets=12 new_calls=0 time=0s
chest adwin+hedge@e2g0.75 acc=0.9896 resets=12 new_calls=0 time=0s
chest adwin+hedge@e2g0.9 acc=0.9896 resets=12 new_calls=0 time=0s
chest ph+hedge@e0.5g0.5 acc=0.9900 resets=10 new_calls=0 time=0s
chest ph+hedge@e1g0.5 acc=0.9900 resets=10 new_calls=0 time=0s
chest ph+hedge@e4g0.5 acc=0.9900 resets=10 new_calls=0 time=0s
chest ph+hedge@e8g0.5 acc=0.9900 resets=10 new_calls=0 time=0s
chest ph+hedge@e2g0.25 acc=0.9900 resets=10 new_calls=0 time=0s
chest ph+hedge@e2g0.75 acc=0.9900 resets=10 new_calls=0 time=0s
chest ph+hedge@e2g0.9 acc=0.9900 resets=10 new_calls=0 time=0s
chest kswin+hedge@e0.5g0.5 acc=0.9893 resets=13 new_calls=0 time=56s
chest kswin+hedge@e1g0.5 acc=0.9894 resets=13 new_calls=0 time=60s
chest kswin+hedge@e4g0.5 acc=0.9895 resets=13 new_calls=0 time=58s
chest kswin+hedge@e8g0.5 acc=0.9895 resets=13 new_calls=0 time=59s
