insects_abrupt_imbalanced none acc=0.7858 resets=0 new_calls=1327 time=298s
insects_abrupt_imbalanced ddmM acc=0.7857 resets=5 new_calls=1335 time=2s
insects_abrupt_imbalanced ddm acc=0.7857 resets=5 new_calls=1335 time=0s
insects_abrupt_imbalanced ddm+half acc=0.7859 resets=6 new_calls=1351 time=3s
insects_abrupt_imbalanced ddm+hedge acc=0.7859 resets=5 new_calls=1351 time=0s
insects_abrupt_imbalanced eddm acc=0.7849 resets=16 new_calls=1378 time=5s
insects_abrupt_imbalanced eddm+half acc=0.7855 resets=23 new_calls=1429 time=10s
insects_abrupt_imbalanced eddm+hedge acc=0.7858 resets=54 new_calls=1473 time=8s
insects_abrupt_imbalanced fhddm acc=0.7857 resets=10 new_calls=1487 time=3s
insects_abrupt_imbalanced fhddm+half acc=0.7861 resets=8 new_calls=1507 time=4s
insects_abrupt_imbalanced fhddm+hedge acc=0.7861 resets=8 new_calls=1507 time=0s
insects_abrupt_imbalanced hddma acc=0.7869 resets=6 new_calls=1511 time=1s
insects_abrupt_imbalanced hddma+half acc=0.7863 resets=5 new_calls=1526 time=3s
insects_abrupt_imbalanced hddma+hedge acc=0.7868 resets=6 new_calls=1526 time=0s
insects_abrupt_imbalanced hddmw acc=0.7865 resets=19 new_calls=1544 time=4s
insects_abrupt_imbalanced hddmw+half acc=0.7858 resets=20 new_calls=1594 time=11s
insects_abrupt_imbalanced hddmw+hedge acc=0.7870 resets=19 new_calls=1594 time=0s
insects_abrupt_imbalanced adwin acc=0.7870 resets=7 new_calls=1602 time=2s
insects_abrupt_imbalanced adwin+half acc=0.7863 resets=8 new_calls=1614 time=2s
insects_abrupt_imbalanced adwin+hedge acc=0.7869 resets=8 new_calls=1614 time=0s
insects_abrupt_imbalanced ph acc=0.7864 resets=17 new_calls=1658 time=9s
insects_abrupt_imbalanced ph+half acc=0.7860 resets=17 new_calls=1701 time=11s
insects_abrupt_imbalanced ph+hedge acc=0.7869 resets=15 new_calls=1717 time=4s
insects_abrupt_imbalanced kswin acc=0.7872 resets=8 new_calls=1721 time=81s
insects_abrupt_imbalanced kswin+half acc=0.7860 resets=9 new_calls=1730 time=79s
insects_abrupt_imbalanced kswin+hedge acc=0.7870 resets=9 new_calls=1730 time=77s
STREAM_DONE 09:26:49 insects_abrupt_imbalanced_M500
h4_poker_e none acc=0.8726 resets=0 new_calls=220 time=46s
h4_poker_e ddmM acc=0.8253 resets=405 new_calls=227 time=2s
h4_poker_e ddm acc=0.8255 resets=391 new_calls=227 time=0s
h4_poker_e ddm+half acc=0.8495 resets=416 new_calls=909 time=169s
h4_poker_e ddm+hedge acc=0.8713 resets=374 new_calls=939 time=7s
h4_poker_e eddm acc=0.8071 resets=362 new_calls=939 time=0s
h4_poker_e eddm+half acc=0.8523 resets=273 new_calls=1255 time=75s
h4_poker_e eddm+hedge acc=0.8697 resets=244 new_calls=1294 time=9s
h4_poker_e fhddm acc=0.8227 resets=203 new_calls=1303 time=2s
