hyperplane_s10 none acc=0.9055 resets=0 new_calls=89 time=48s
hyperplane_s10 ddmM acc=0.9080 resets=4 new_calls=89 time=0s
hyperplane_s10 ddm acc=0.9080 resets=4 new_calls=89 time=0s
hyperplane_s10 ddm+half acc=0.9072 resets=4 new_calls=101 time=5s
hyperplane_s10 ddm+hedge acc=0.9079 resets=4 new_calls=101 time=0s
hyperplane_s10 eddm acc=0.9014 resets=16 new_calls=114 time=7s
hyperplane_s10 eddm+half acc=0.9040 resets=25 new_calls=182 time=30s
hyperplane_s10 eddm+hedge acc=0.9067 resets=7 new_calls=197 time=6s
hyperplane_s10 fhddm acc=0.9039 resets=3 new_calls=205 time=3s
hyperplane_s10 fhddm+half acc=0.9048 resets=3 new_calls=214 time=3s
hyperplane_s10 fhddm+hedge acc=0.9053 resets=3 new_calls=214 time=0s
hyperplane_s10 hddma acc=0.9061 resets=3 new_calls=214 time=0s
hyperplane_s10 hddma+half acc=0.9071 resets=4 new_calls=220 time=2s
hyperplane_s10 hddma+hedge acc=0.9073 resets=4 new_calls=224 time=2s
hyperplane_s10 hddmw acc=0.9069 resets=1 new_calls=224 time=0s
hyperplane_s10 hddmw+half acc=0.9055 resets=1 new_calls=225 time=0s
hyperplane_s10 hddmw+hedge acc=0.9066 resets=1 new_calls=225 time=0s
hyperplane_s10 adwin acc=0.9073 resets=4 new_calls=225 time=0s
hyperplane_s10 adwin+half acc=0.9070 resets=6 new_calls=234 time=3s
hyperplane_s10 adwin+hedge acc=0.9078 resets=4 new_calls=234 time=0s
hyperplane_s10 ph acc=0.9051 resets=3 new_calls=234 time=0s
hyperplane_s10 ph+half acc=0.9062 resets=3 new_calls=237 time=1s
hyperplane_s10 ph+hedge acc=0.9059 resets=3 new_calls=237 time=0s
hyperplane_s10 kswin acc=0.9055 resets=0 new_calls=237 time=12s
hyperplane_s10 kswin+half acc=0.9055 resets=0 new_calls=237 time=12s
hyperplane_s10 kswin+hedge acc=0.9055 resets=0 new_calls=237 time=11s
STREAM_DONE 10:08:02 hyperplane_s10_M500
rbf_s10 none acc=0.9070 resets=0 new_calls=97 time=32s
rbf_s10 ddmM acc=0.9082 resets=16 new_calls=97 time=0s
rbf_s10 ddm acc=0.9081 resets=15 new_calls=97 time=0s
rbf_s10 ddm+half acc=0.9075 resets=23 new_calls=147 time=18s
rbf_s10 ddm+hedge acc=0.9102 resets=16 new_calls=157 time=5s
rbf_s10 eddm acc=0.9033 resets=26 new_calls=165 time=3s
rbf_s10 eddm+half acc=0.9054 resets=23 new_calls=210 time=14s
rbf_s10 eddm+hedge acc=0.9101 resets=25 new_calls=234 time=7s
rbf_s10 fhddm acc=0.9067 resets=8 new_calls=234 time=0s
rbf_s10 fhddm+half acc=0.9076 resets=8 new_calls=253 time=6s
rbf_s10 fhddm+hedge acc=0.9081 resets=8 new_calls=253 time=0s
rbf_s10 hddma acc=0.9107 resets=8 new_calls=253 time=0s
rbf_s10 hddma+half acc=0.9078 resets=8 new_calls=253 time=0s
rbf_s10 hddma+hedge acc=0.9102 resets=8 new_calls=253 time=0s
rbf_s10 hddmw acc=0.9107 resets=8 new_calls=253 time=0s
rbf_s10 hddmw+half acc=0.9078 resets=8 new_calls=253 time=0s
rbf_s10 hddmw+hedge acc=0.9102 resets=8 new_calls=253 time=0s
rbf_s10 adwin acc=0.9107 resets=8 new_calls=253 time=0s
rbf_s10 adwin+half acc=0.9078 resets=8 new_calls=253 time=0s
rbf_s10 adwin+hedge acc=0.9102 resets=8 new_calls=253 time=0s
rbf_s10 ph acc=0.9103 resets=7 new_calls=253 time=0s
rbf_s10 ph+half acc=0.9078 resets=7 new_calls=253 time=0s
rbf_s10 ph+hedge acc=0.9098 resets=7 new_calls=253 time=0s
rbf_s10 kswin acc=0.9107 resets=8 new_calls=253 time=11s
rbf_s10 kswin+half acc=0.9078 resets=8 new_calls=253 time=10s
rbf_s10 kswin+hedge acc=0.9102 resets=8 new_calls=253 time=10s
STREAM_DONE 10:10:00 rbf_s10_M500
sea_s14 none acc=0.9807 resets=0 new_calls=115 time=36s
sea_s14 ddmM acc=0.9864 resets=18 new_calls=115 time=0s
sea_s14 ddm acc=0.9864 resets=17 new_calls=115 time=0s
sea_s14 ddm+half acc=0.9830 resets=18 new_calls=152 time=13s
sea_s14 ddm+hedge acc=0.9864 resets=25 new_calls=174 time=7s
sea_s14 eddm acc=0.9836 resets=8 new_calls=181 time=2s
sea_s14 eddm+half acc=0.9831 resets=8 new_calls=195 time=5s
sea_s14 eddm+hedge acc=0.9837 resets=8 new_calls=195 time=0s
sea_s14 fhddm acc=0.9807 resets=0 new_calls=195 time=0s
sea_s14 fhddm+half acc=0.9807 resets=0 new_calls=195 time=0s
sea_s14 fhddm+hedge acc=0.9807 resets=0 new_calls=195 time=0s
sea_s14 hddma acc=0.9817 resets=2 new_calls=195 time=0s
sea_s14 hddma+half acc=0.9813 resets=2 new_calls=197 time=1s
sea_s14 hddma+hedge acc=0.9817 resets=2 new_calls=197 time=0s
sea_s14 hddmw acc=0.9816 resets=1 new_calls=197 time=0s
sea_s14 hddmw+half acc=0.9811 resets=1 new_calls=197 time=0s
sea_s14 hddmw+hedge acc=0.9815 resets=1 new_calls=197 time=0s
sea_s14 adwin acc=0.9838 resets=7 new_calls=197 time=0s
sea_s14 adwin+half acc=0.9822 resets=6 new_calls=203 time=2s
sea_s14 adwin+hedge acc=0.9849 resets=7 new_calls=203 time=0s
sea_s14 ph acc=0.9807 resets=0 new_calls=203 time=0s
sea_s14 ph+half acc=0.9807 resets=0 new_calls=203 time=0s
sea_s14 ph+hedge acc=0.9807 resets=0 new_calls=203 time=0s
sea_s14 kswin acc=0.9816 resets=1 new_calls=203 time=13s
sea_s14 kswin+half acc=0.9811 resets=1 new_calls=203 time=13s
sea_s14 kswin+hedge acc=0.9815 resets=1 new_calls=203 time=13s
STREAM_DONE 10:11:47 sea_s14_M500
grid_c5_b500_s10 none acc=0.6336 resets=0 new_calls=11 time=7s
grid_c5_b500_s10 ddmM acc=0.8739 resets=9 new_calls=11 time=0s
grid_c5_b500_s10 ddm acc=0.8739 resets=9 new_calls=11 time=0s
grid_c5_b500_s10 ddm+half acc=0.7516 resets=8 new_calls=35 time=7s
grid_c5_b500_s10 ddm+hedge acc=0.8736 resets=8 new_calls=35 time=0s
grid_c5_b500_s10 eddm acc=0.8739 resets=8 new_calls=35 time=0s
grid_c5_b500_s10 eddm+half acc=0.7602 resets=11 new_calls=44 time=2s
grid_c5_b500_s10 eddm+hedge acc=0.8736 resets=8 new_calls=44 time=0s
grid_c5_b500_s10 fhddm acc=0.6670 resets=8 new_calls=72 time=8s
grid_c5_b500_s10 fhddm+half acc=0.6352 resets=8 new_calls=94 time=6s
grid_c5_b500_s10 fhddm+hedge acc=0.6580 resets=8 new_calls=98 time=1s
grid_c5_b500_s10 hddma acc=0.8739 resets=8 new_calls=98 time=0s
grid_c5_b500_s10 hddma+half acc=0.7516 resets=8 new_calls=98 time=0s
grid_c5_b500_s10 hddma+hedge acc=0.8736 resets=8 new_calls=98 time=0s
grid_c5_b500_s10 hddmw acc=0.8739 resets=8 new_calls=98 time=0s
grid_c5_b500_s10 hddmw+half acc=0.7516 resets=8 new_calls=98 time=0s
grid_c5_b500_s10 hddmw+hedge acc=0.8736 resets=8 new_calls=98 time=0s
grid_c5_b500_s10 adwin acc=0.8739 resets=8 new_calls=98 time=0s
grid_c5_b500_s10 adwin+half acc=0.7536 resets=16 new_calls=107 time=2s
grid_c5_b500_s10 adwin+hedge acc=0.8736 resets=8 new_calls=107 time=0s
grid_c5_b500_s10 ph acc=0.8502 resets=8 new_calls=107 time=0s
grid_c5_b500_s10 ph+half acc=0.7555 resets=13 new_calls=112 time=1s
grid_c5_b500_s10 ph+hedge acc=0.8502 resets=8 new_calls=112 time=0s
grid_c5_b500_s10 kswin acc=0.8739 resets=8 new_calls=112 time=2s
grid_c5_b500_s10 kswin+half acc=0.7541 resets=16 new_calls=123 time=4s
grid_c5_b500_s10 kswin+hedge acc=0.8736 resets=8 new_calls=123 time=2s
STREAM_DONE 10:12:33 grid_c5_b500_s10_M500
grid_c5_b2000_s11 none acc=0.9018 resets=0 new_calls=113 time=33s
grid_c5_b2000_s11 ddmM acc=0.9617 resets=29 new_calls=117 time=1s
grid_c5_b2000_s11 ddm acc=0.9617 resets=29 new_calls=117 time=0s
grid_c5_b2000_s11 ddm+half acc=0.9300 resets=11 new_calls=150 time=12s
grid_c5_b2000_s11 ddm+hedge acc=0.9551 resets=28 new_calls=160 time=5s
grid_c5_b2000_s11 eddm acc=0.9655 resets=8 new_calls=160 time=0s
grid_c5_b2000_s11 eddm+half acc=0.9330 resets=12 new_calls=172 time=6s
grid_c5_b2000_s11 eddm+hedge acc=0.9656 resets=8 new_calls=172 time=0s
grid_c5_b2000_s11 fhddm acc=0.9017 resets=8 new_calls=200 time=16s
grid_c5_b2000_s11 fhddm+half acc=0.9019 resets=8 new_calls=224 time=15s
grid_c5_b2000_s11 fhddm+hedge acc=0.9019 resets=8 new_calls=224 time=0s
grid_c5_b2000_s11 hddma acc=0.9655 resets=8 new_calls=224 time=0s
grid_c5_b2000_s11 hddma+half acc=0.9300 resets=8 new_calls=224 time=0s
grid_c5_b2000_s11 hddma+hedge acc=0.9656 resets=8 new_calls=224 time=0s
grid_c5_b2000_s11 hddmw acc=0.9621 resets=8 new_calls=224 time=0s
grid_c5_b2000_s11 hddmw+half acc=0.9304 resets=8 new_calls=230 time=5s
grid_c5_b2000_s11 hddmw+hedge acc=0.9622 resets=8 new_calls=230 time=0s
grid_c5_b2000_s11 adwin acc=0.9655 resets=8 new_calls=230 time=0s
grid_c5_b2000_s11 adwin+half acc=0.9304 resets=16 new_calls=251 time=16s
grid_c5_b2000_s11 adwin+hedge acc=0.9656 resets=8 new_calls=251 time=0s
grid_c5_b2000_s11 ph acc=0.9601 resets=8 new_calls=251 time=0s
grid_c5_b2000_s11 ph+half acc=0.9305 resets=13 new_calls=251 time=0s
grid_c5_b2000_s11 ph+hedge acc=0.9601 resets=8 new_calls=251 time=0s
grid_c5_b2000_s11 kswin acc=0.9578 resets=6 new_calls=251 time=10s
grid_c5_b2000_s11 kswin+half acc=0.9271 resets=12 new_calls=251 time=8s
grid_c5_b2000_s11 kswin+hedge acc=0.9580 resets=6 new_calls=251 time=9s
STREAM_DONE 10:14:53 grid_c5_b2000_s11_M500
