stagger_s12 none acc=0.9202 resets=0 new_calls=132 time=47s
stagger_s12 ddmM acc=0.9734 resets=8 new_calls=132 time=0s
stagger_s12 ddm acc=0.9734 resets=8 new_calls=132 time=0s
stagger_s12 ddm+half acc=0.9459 resets=8 new_calls=156 time=8s
stagger_s12 ddm+hedge acc=0.9732 resets=9 new_calls=156 time=0s
stagger_s12 eddm acc=0.9734 resets=8 new_calls=156 time=0s
stagger_s12 eddm+half acc=0.9494 resets=13 new_calls=171 time=5s
stagger_s12 eddm+hedge acc=0.9732 resets=8 new_calls=171 time=0s
stagger_s12 fhddm acc=0.9202 resets=8 new_calls=203 time=9s
stagger_s12 fhddm+half acc=0.9202 resets=8 new_calls=227 time=8s
stagger_s12 fhddm+hedge acc=0.9202 resets=8 new_calls=227 time=0s
stagger_s12 hddma acc=0.9734 resets=8 new_calls=227 time=1s
stagger_s12 hddma+half acc=0.9459 resets=8 new_calls=227 time=0s
stagger_s12 hddma+hedge acc=0.9732 resets=8 new_calls=227 time=0s
stagger_s12 hddmw acc=0.9734 resets=8 new_calls=227 time=0s
stagger_s12 hddmw+half acc=0.9459 resets=8 new_calls=227 time=0s
stagger_s12 hddmw+hedge acc=0.9732 resets=8 new_calls=227 time=0s
stagger_s12 adwin acc=0.9734 resets=8 new_calls=227 time=0s
stagger_s12 adwin+half acc=0.9463 resets=16 new_calls=242 time=4s
stagger_s12 adwin+hedge acc=0.9732 resets=8 new_calls=242 time=0s
stagger_s12 ph acc=0.9643 resets=8 new_calls=242 time=0s
stagger_s12 ph+half acc=0.9459 resets=13 new_calls=248 time=2s
stagger_s12 ph+hedge acc=0.9642 resets=8 new_calls=248 time=0s
stagger_s12 kswin acc=0.9734 resets=8 new_calls=248 time=11s
stagger_s12 kswin+half acc=0.9463 resets=12 new_calls=248 time=10s
stagger_s12 kswin+hedge acc=0.9732 resets=8 new_calls=248 time=10s
STREAM_DONE 10:12:47 stagger_s12_M500
grid_c30_b500_s10 none acc=0.6423 resets=0 new_calls=8 time=6s
grid_c30_b500_s10 ddmM acc=0.8266 resets=11 new_calls=8 time=0s
grid_c30_b500_s10 ddm acc=0.8266 resets=11 new_calls=8 time=0s
grid_c30_b500_s10 ddm+half acc=0.7043 resets=9 new_calls=32 time=7s
grid_c30_b500_s10 ddm+hedge acc=0.8084 resets=10 new_calls=32 time=0s
grid_c30_b500_s10 eddm acc=0.8325 resets=8 new_calls=32 time=0s
grid_c30_b500_s10 eddm+half acc=0.7355 resets=13 new_calls=47 time=4s
grid_c30_b500_s10 eddm+hedge acc=0.8118 resets=8 new_calls=47 time=0s
grid_c30_b500_s10 fhddm acc=0.6739 resets=8 new_calls=55 time=2s
grid_c30_b500_s10 fhddm+half acc=0.6786 resets=8 new_calls=78 time=9s
grid_c30_b500_s10 fhddm+hedge acc=0.6755 resets=8 new_calls=79 time=0s
grid_c30_b500_s10 hddma acc=0.8325 resets=8 new_calls=79 time=0s
grid_c30_b500_s10 hddma+half acc=0.7043 resets=8 new_calls=79 time=0s
grid_c30_b500_s10 hddma+hedge acc=0.8086 resets=9 new_calls=79 time=0s
grid_c30_b500_s10 hddmw acc=0.8325 resets=8 new_calls=79 time=0s
grid_c30_b500_s10 hddmw+half acc=0.7043 resets=8 new_calls=79 time=0s
grid_c30_b500_s10 hddmw+hedge acc=0.8118 resets=8 new_calls=79 time=0s
grid_c30_b500_s10 adwin acc=0.8325 resets=8 new_calls=79 time=0s
grid_c30_b500_s10 adwin+half acc=0.6927 resets=10 new_calls=87 time=4s
grid_c30_b500_s10 adwin+hedge acc=0.8118 resets=8 new_calls=87 time=0s
grid_c30_b500_s10 ph acc=0.8025 resets=8 new_calls=87 time=0s
grid_c30_b500_s10 ph+half acc=0.7102 resets=9 new_calls=94 time=3s
grid_c30_b500_s10 ph+hedge acc=0.7745 resets=8 new_calls=94 time=0s
grid_c30_b500_s10 kswin acc=0.8325 resets=8 new_calls=94 time=2s
grid_c30_b500_s10 kswin+half acc=0.7043 resets=8 new_calls=94 time=2s
grid_c30_b500_s10 kswin+hedge acc=0.8118 resets=8 new_calls=94 time=2s
STREAM_DONE 10:13:31 grid_c30_b500_s10_M500
