Warning: You are sending unauthenticated requests to the HF Hub. Please set a HF_TOKEN to enable higher rate limits and faster downloads.
Traceback (most recent call last):
  File "/mnt/c/Users/zhwu9808/Desktop/pfn/ResetEval/code/reset_eval.py", line 186, in <module>
    run(s, p, cache, X, y)
  File "/mnt/c/Users/zhwu9808/Desktop/pfn/ResetEval/code/reset_eval.py", line 165, in run
    P = cache.get(lo, t)
        ^^^^^^^^^^^^^^^^
  File "/mnt/c/Users/zhwu9808/Desktop/pfn/ResetEval/code/reset_eval.py", line 95, in get
    self.d[key] = self.f.predict(self.X[lo:t * B], self.y[lo:t * B], self.X[t * B:(t + 1) * B]).astype(np.float16)
                  ^^^^^^^^^^^^^^^^^^^^^^^^^^^^^^^^^^^^^^^^^^^^^^^^^^^^^^^^^^^^^^^^^^^^^^^^^^^^^
  File "/mnt/c/Users/zhwu9808/Desktop/pfn/ResetEval/code/reset_eval.py", line 75, in predict
    P[:, labs] = self.m.ensemble_predict_proba(Xq, n_ensembles=4, seed=self.seed)
                 ^^^^^^^^^^^^^^^^^^^^^^^^^^^^^^^^^^^^^^^^^^^^^^^^^^^^^^^^^^^^^^^^
  File "/home/zhwu9808/pfn-venvs/venv-tabdpt/lib/python3.12/site-packages/tabdpt/classifier.py", line 228, in ensemble_predict_proba
    logits = self.predict_proba(
             ^^^^^^^^^^^^^^^^^^^
  File "/home/zhwu9808/pfn-venvs/venv-tabdpt/lib/python3.12/site-packages/torch/utils/_contextlib.py", line 124, in decorate_context
    return func(*args, **kwargs)
           ^^^^^^^^^^^^^^^^^^^^^
  File "/home/zhwu9808/pfn-venvs/venv-tabdpt/lib/python3.12/site-packages/tabdpt/classifier.py", line 129, in predict_proba
    pred = self.model(
           ^^^^^^^^^^^
  File "/home/zhwu9808/pfn-venvs/venv-tabdpt/lib/python3.12/site-packages/torch/nn/modules/module.py", line 1783, in _wrapped_call_impl
    return self._call_impl(*args, **kwargs)
           ^^^^^^^^^^^^^^^^^^^^^^^^^^^^^^^^
  File "/home/zhwu9808/pfn-venvs/venv-tabdpt/lib/python3.12/site-packages/torch/nn/modules/module.py", line 1794, in _call_impl
    return forward_call(*args, **kwargs)
           ^^^^^^^^^^^^^^^^^^^^^^^^^^^^^
  File "/home/zhwu9808/pfn-venvs/venv-tabdpt/lib/python3.12/site-packages/tabdpt/utils.py", line 29, in wrapper
    return func(self, *args, **kwargs)
           ^^^^^^^^^^^^^^^^^^^^^^^^^^^
  File "/home/zhwu9808/pfn-venvs/venv-tabdpt/lib/python3.12/site-packages/tabdpt/model.py", line 131, in forward
    residual = layer(src, y_emb, eval_pos + n_think)
               ^^^^^^^^^^^^^^^^^^^^^^^^^^^^^^^^^^^^^
  File "/home/zhwu9808/pfn-venvs/venv-tabdpt/lib/python3.12/site-packages/torch/nn/modules/module.py", line 1783, in _wrapped_call_impl
    return self._call_impl(*args, **kwargs)
           ^^^^^^^^^^^^^^^^^^^^^^^^^^^^^^^^
  File "/home/zhwu9808/pfn-venvs/venv-tabdpt/lib/python3.12/site-packages/torch/nn/modules/module.py", line 1794, in _call_impl
    return forward_call(*args, **kwargs)
           ^^^^^^^^^^^^^^^^^^^^^^^^^^^^^
  File "/home/zhwu9808/pfn-venvs/venv-tabdpt/lib/python3.12/site-packages/tabdpt/model.py", line 287, in forward
    beta = self.get_scale_param(eval_pos, device=q.device, dtype=q.dtype)
           ^^^^^^^^^^^^^^^^^^^^^^^^^^^^^^^^^^^^^^^^^^^^^^^^^^^^^^^^^^^^^^
  File "/home/zhwu9808/pfn-venvs/venv-tabdpt/lib/python3.12/site-packages/tabdpt/model.py", line 251, in get_scale_param
    n = torch.as_tensor(eval_pos, device=device, dtype=dtype)
        ^^^^^^^^^^^^^^^^^^^^^^^^^^^^^^^^^^^^^^^^^^^^^^^^^^^^^
torch.AcceleratorError: CUDA error: an illegal memory access was encountered
Search for `cudaErrorIllegalAddress' in https://docs.nvidia.com/cuda/cuda-runtime-api/group__CUDART__TYPES.html for more information.
CUDA kernel errors might be asynchronously reported at some other API call, so the stacktrace below might be incorrect.
For debugging consider passing CUDA_LAUNCH_BLOCKING=1

RETRY 14:49:16 insects_abrupt_imbalanced_tabdpt
Warning: You are sending unauthenticated requests to the HF Hub. Please set a HF_TOKEN to enable higher rate limits and faster downloads.
insects_abrupt_imbalanced none acc=0.7986 resets=0 new_calls=1099 time=335s
insects_abrupt_imbalanced ddmM acc=0.8003 resets=8 new_calls=1150 time=18s
insects_abrupt_imbalanced ddm acc=0.8003 resets=6 new_calls=1160 time=4s
insects_abrupt_imbalanced ddm+half acc=0.7990 resets=5 new_calls=1180 time=7s
insects_abrupt_imbalanced ddm+hedge acc=0.8005 resets=6 new_calls=1214 time=12s
insects_abrupt_imbalanced eddm acc=0.7981 resets=7 new_calls=1240 time=9s
insects_abrupt_imbalanced eddm+half acc=0.7985 resets=71 new_calls=1414 time=59s
insects_abrupt_imbalanced eddm+hedge acc=0.7986 resets=16 new_calls=1462 time=16s
insects_abrupt_imbalanced fhddm acc=0.7991 resets=11 new_calls=1551 time=39s
insects_abrupt_imbalanced fhddm+half acc=0.7992 resets=10 new_calls=1599 time=23s
insects_abrupt_imbalanced fhddm+hedge acc=0.7994 resets=10 new_calls=1609 time=5s
insects_abrupt_imbalanced hddma acc=0.8015 resets=6 new_calls=1643 time=15s
insects_abrupt_imbalanced hddma+half acc=0.7995 resets=6 new_calls=1668 time=14s
insects_abrupt_imbalanced hddma+hedge acc=0.8015 resets=8 new_calls=1686 time=7s
insects_abrupt_imbalanced hddmw acc=0.8010 resets=20 new_calls=1838 time=70s
insects_abrupt_imbalanced hddmw+half acc=0.7993 resets=20 new_calls=1918 time=36s
insects_abrupt_imbalanced hddmw+hedge acc=0.8020 resets=20 new_calls=1918 time=0s
insects_abrupt_imbalanced adwin acc=0.8021 resets=7 new_calls=1939 time=9s
insects_abrupt_imbalanced adwin+half acc=0.8001 resets=9 new_calls=1964 time=12s
insects_abrupt_imbalanced adwin+hedge acc=0.8021 resets=8 new_calls=1981 time=7s
insects_abrupt_imbalanced ph acc=0.8013 resets=16 new_calls=2069 time=39s
insects_abrupt_imbalanced ph+half acc=0.7997 resets=17 new_calls=2122 time=22s
insects_abrupt_imbalanced ph+hedge acc=0.8018 resets=17 new_calls=2194 time=29s
insects_abrupt_imbalanced kswin acc=0.8025 resets=8 new_calls=2221 time=87s
insects_abrupt_imbalanced kswin+half acc=0.7995 resets=8 new_calls=2231 time=76s
insects_abrupt_imbalanced kswin+hedge acc=0.8020 resets=11 new_calls=2244 time=76s
STREAM_DONE 15:07:12 insects_abrupt_imbalanced_tabdpt
Warning: You are sending unauthenticated requests to the HF Hub. Please set a HF_TOKEN to enable higher rate limits and faster downloads.
h4_poker_e none acc=0.9202 resets=0 new_calls=999 time=424s
h4_poker_e ddmM acc=0.8235 resets=449 new_calls=1879 time=454s
h4_poker_e ddm acc=0.8249 resets=438 new_calls=1906 time=13s
h4_poker_e ddm+half acc=0.9004 resets=305 new_calls=2568 time=336s
h4_poker_e ddm+hedge acc=0.9162 resets=282 new_calls=3052 time=209s
h4_poker_e eddm acc=0.8169 resets=339 new_calls=3476 time=190s
h4_poker_e eddm+half acc=0.9070 resets=169 new_calls=3790 time=157s
h4_poker_e eddm+hedge acc=0.9174 resets=146 new_calls=4033 time=123s
h4_poker_e fhddm acc=0.8555 resets=167 new_calls=4502 time=239s
h4_poker_e fhddm+half acc=0.9104 resets=105 new_calls=4827 time=156s
h4_poker_e fhddm+hedge acc=0.9177 resets=94 new_calls=4950 time=59s
h4_poker_e hddma acc=0.8235 resets=429 new_calls=5052 time=49s
h4_poker_e hddma+half acc=0.9046 resets=227 new_calls=5131 time=38s
h4_poker_e hddma+hedge acc=0.9168 resets=205 new_calls=5200 time=38s
h4_poker_e hddmw acc=0.8339 resets=276 new_calls=5298 time=48s
h4_poker_e hddmw+half acc=0.9108 resets=159 new_calls=5316 time=13s
h4_poker_e hddmw+hedge acc=0.9179 resets=144 new_calls=5365 time=29s
h4_poker_e adwin acc=0.8306 resets=255 new_calls=5668 time=148s
h4_poker_e adwin+half acc=0.9072 resets=174 new_calls=5785 time=53s
h4_poker_e adwin+hedge acc=0.9182 resets=154 new_calls=5884 time=43s
h4_poker_e ph acc=0.8678 resets=134 new_calls=6171 time=152s
h4_poker_e ph+half acc=0.9095 resets=100 new_calls=6301 time=71s
h4_poker_e ph+hedge acc=0.9181 resets=86 new_calls=6411 time=56s
h4_poker_e kswin acc=0.8294 resets=257 new_calls=6500 time=67s
h4_poker_e kswin+half acc=0.9115 resets=143 new_calls=6514 time=43s
h4_poker_e kswin+hedge acc=0.9176 resets=134 new_calls=6540 time=52s
STREAM_DONE 16:01:35 h4_poker_e_tabdpt
Warning: You are sending unauthenticated requests to the HF Hub. Please set a HF_TOKEN to enable higher rate limits and faster downloads.
h3_insects_c none acc=0.8568 resets=0 new_calls=999 time=523s
h3_insects_c ddmM acc=0.8573 resets=2 new_calls=1017 time=10s
h3_insects_c ddm acc=0.8573 resets=2 new_calls=1017 time=0s
h3_insects_c ddm+half acc=0.8572 resets=2 new_calls=1027 time=5s
h3_insects_c ddm+hedge acc=0.8573 resets=2 new_calls=1027 time=0s
h3_insects_c eddm acc=0.8564 resets=10 new_calls=1067 time=21s
h3_insects_c eddm+half acc=0.8566 resets=31 new_calls=1160 time=48s
h3_insects_c eddm+hedge acc=0.8567 resets=12 new_calls=1179 time=10s
h3_insects_c fhddm acc=0.8568 resets=3 new_calls=1204 time=15s
h3_insects_c fhddm+half acc=0.8569 resets=3 new_calls=1219 time=9s
h3_insects_c fhddm+hedge acc=0.8569 resets=3 new_calls=1219 time=0s
h3_insects_c hddma acc=0.8575 resets=3 new_calls=1237 time=9s
h3_insects_c hddma+half acc=0.8572 resets=3 new_calls=1247 time=5s
h3_insects_c hddma+hedge acc=0.8575 resets=3 new_calls=1247 time=0s
h3_insects_c hddmw acc=0.8580 resets=5 new_calls=1283 time=21s
h3_insects_c hddmw+half acc=0.8575 resets=4 new_calls=1298 time=8s
h3_insects_c hddmw+hedge acc=0.8582 resets=5 new_calls=1298 time=1s
h3_insects_c adwin acc=0.8578 resets=5 new_calls=1324 time=15s
h3_insects_c adwin+half acc=0.8574 resets=5 new_calls=1343 time=10s
h3_insects_c adwin+hedge acc=0.8579 resets=5 new_calls=1343 time=0s
h3_insects_c ph acc=0.8578 resets=7 new_calls=1387 time=23s
h3_insects_c ph+half acc=0.8573 resets=7 new_calls=1417 time=16s
h3_insects_c ph+hedge acc=0.8577 resets=7 new_calls=1453 time=19s
h3_insects_c kswin acc=0.8583 resets=2 new_calls=1453 time=48s
h3_insects_c kswin+half acc=0.8575 resets=2 new_calls=1453 time=51s
h3_insects_c kswin+hedge acc=0.8582 resets=2 new_calls=1453 time=47s
STREAM_DONE 16:16:53 h3_insects_c_tabdpt
Warning: You are sending unauthenticated requests to the HF Hub. Please set a HF_TOKEN to enable higher rate limits and faster downloads.
h3_covertype_c none acc=0.9537 resets=0 new_calls=999 time=517s
h3_covertype_c ddmM acc=0.9171 resets=67 new_calls=1102 time=40s
h3_covertype_c ddm acc=0.9171 resets=67 new_calls=1102 time=0s
h3_covertype_c ddm+half acc=0.9481 resets=83 new_calls=1292 time=74s
h3_covertype_c ddm+hedge acc=0.9509 resets=103 new_calls=1549 time=111s
h3_covertype_c eddm acc=0.6724 resets=435 new_calls=2086 time=256s
h3_covertype_c eddm+half acc=0.9498 resets=40 new_calls=2237 time=83s
h3_covertype_c eddm+hedge acc=0.9508 resets=119 new_calls=2907 time=360s
