Warning: You are sending unauthenticated requests to the HF Hub. Please set a HF_TOKEN to enable higher rate limits and faster downloads.
covertype none acc=0.9429 resets=0 new_calls=1499 time=366s
covertype ddmM acc=0.9337 resets=47 new_calls=1623 time=44s
covertype ddm acc=0.9336 resets=45 new_calls=1631 time=3s
covertype ddm+half acc=0.9429 resets=264 new_calls=2172 time=188s
covertype ddm+hedge acc=0.9404 resets=152 new_calls=2487 time=122s
covertype eddm acc=0.8788 resets=258 new_calls=2960 time=205s
covertype eddm+half acc=0.9429 resets=159 new_calls=3420 time=165s
covertype eddm+hedge acc=0.9426 resets=103 new_calls=3706 time=73s
covertype fhddm acc=0.9097 resets=107 new_calls=4025 time=85s
covertype fhddm+half acc=0.9426 resets=21 new_calls=4086 time=22s
covertype fhddm+hedge acc=0.9430 resets=19 new_calls=4120 time=11s
covertype hddma acc=0.8245 resets=515 new_calls=4698 time=244s
covertype hddma+half acc=0.9431 resets=106 new_calls=4918 time=106s
covertype hddma+hedge acc=0.9426 resets=111 new_calls=5123 time=109s
covertype hddmw acc=0.8915 resets=181 new_calls=5304 time=94s
covertype hddmw+half acc=0.9427 resets=57 new_calls=5375 time=36s
covertype hddmw+hedge acc=0.9433 resets=57 new_calls=5435 time=35s
covertype adwin acc=0.8284 resets=319 new_calls=5911 time=236s
covertype adwin+half acc=0.9426 resets=44 new_calls=5980 time=36s
covertype adwin+hedge acc=0.9428 resets=43 new_calls=6113 time=65s
covertype ph acc=0.8876 resets=132 new_calls=6459 time=179s
covertype ph+half acc=0.9429 resets=28 new_calls=6502 time=22s
covertype ph+hedge acc=0.9427 resets=29 new_calls=6589 time=45s
covertype kswin acc=0.8699 resets=237 new_calls=6701 time=113s
covertype kswin+half acc=0.9426 resets=38 new_calls=6719 time=85s
covertype kswin+hedge acc=0.9433 resets=39 new_calls=6720 time=77s
STREAM_DONE 15:32:44 covertype_tabdpt
h4_airlines_e none acc=0.6544 resets=0 new_calls=999 time=514s
h4_airlines_e ddmM acc=0.6543 resets=1 new_calls=1008 time=5s
h4_airlines_e ddm acc=0.6543 resets=1 new_calls=1008 time=0s
h4_airlines_e ddm+half acc=0.6543 resets=1 new_calls=1013 time=4s
h4_airlines_e ddm+hedge acc=0.6544 resets=3 new_calls=1031 time=9s
h4_airlines_e eddm acc=0.6522 resets=45 new_calls=1115 time=42s
h4_airlines_e eddm+half acc=0.6533 resets=46 new_calls=1179 time=31s
h4_airlines_e eddm+hedge acc=0.6543 resets=31 new_calls=1203 time=12s
h4_airlines_e fhddm acc=0.6468 resets=46 new_calls=1576 time=186s
h4_airlines_e fhddm+half acc=0.6536 resets=33 new_calls=1726 time=67s
h4_airlines_e fhddm+hedge acc=0.6535 resets=34 new_calls=1799 time=42s
h4_airlines_e hddma acc=0.6515 resets=16 new_calls=1915 time=64s
h4_airlines_e hddma+half acc=0.6537 resets=16 new_calls=1972 time=28s
h4_airlines_e hddma+hedge acc=0.6544 resets=15 new_calls=2032 time=29s
h4_airlines_e hddmw acc=0.6350 resets=121 new_calls=2656 time=293s
h4_airlines_e hddmw+half acc=0.6513 resets=113 new_calls=3062 time=215s
h4_airlines_e hddmw+hedge acc=0.6524 resets=117 new_calls=3353 time=103s
h4_airlines_e adwin acc=0.6517 resets=12 new_calls=3417 time=18s
h4_airlines_e adwin+half acc=0.6538 resets=11 new_calls=3462 time=13s
h4_airlines_e adwin+hedge acc=0.6545 resets=10 new_calls=3504 time=10s
h4_airlines_e ph acc=0.6493 resets=28 new_calls=3656 time=65s
h4_airlines_e ph+half acc=0.6536 resets=25 new_calls=3716 time=33s
h4_airlines_e ph+hedge acc=0.6536 resets=25 new_calls=3814 time=60s
h4_airlines_e kswin acc=0.6443 resets=58 new_calls=4011 time=156s
h4_airlines_e kswin+half acc=0.6529 resets=60 new_calls=4132 time=114s
h4_airlines_e kswin+hedge acc=0.6535 resets=51 new_calls=4222 time=97s
STREAM_DONE 16:09:35 h4_airlines_e_tabdpt
h3_insects_b none acc=0.8186 resets=0 new_calls=999 time=482s
h3_insects_b ddmM acc=0.8184 resets=3 new_calls=1026 time=17s
h3_insects_b ddm acc=0.8184 resets=3 new_calls=1026 time=0s
h3_insects_b ddm+half acc=0.8185 resets=3 new_calls=1041 time=8s
h3_insects_b ddm+hedge acc=0.8185 resets=3 new_calls=1041 time=0s
h3_insects_b eddm acc=0.8169 resets=18 new_calls=1115 time=38s
h3_insects_b eddm+half acc=0.8162 resets=112 new_calls=1402 time=158s
h3_insects_b eddm+hedge acc=0.8183 resets=23 new_calls=1471 time=34s
h3_insects_b fhddm acc=0.8181 resets=8 new_calls=1534 time=31s
h3_insects_b fhddm+half acc=0.8187 resets=8 new_calls=1567 time=17s
h3_insects_b fhddm+hedge acc=0.8189 resets=8 new_calls=1576 time=4s
h3_insects_b hddma acc=0.8195 resets=3 new_calls=1601 time=14s
h3_insects_b hddma+half acc=0.8190 resets=3 new_calls=1614 time=7s
h3_insects_b hddma+hedge acc=0.8196 resets=3 new_calls=1619 time=3s
h3_insects_b hddmw acc=0.8182 resets=10 new_calls=1701 time=41s
h3_insects_b hddmw+half acc=0.8189 resets=11 new_calls=1752 time=26s
h3_insects_b hddmw+hedge acc=0.8192 resets=10 new_calls=1752 time=0s
h3_insects_b adwin acc=0.8193 resets=6 new_calls=1779 time=15s
h3_insects_b adwin+half acc=0.8189 resets=7 new_calls=1794 time=7s
h3_insects_b adwin+hedge acc=0.8195 resets=6 new_calls=1794 time=0s
h3_insects_b ph acc=0.8188 resets=8 new_calls=1830 time=19s
h3_insects_b ph+half acc=0.8190 resets=9 new_calls=1850 time=14s
h3_insects_b ph+hedge acc=0.8195 resets=9 new_calls=1872 time=11s
h3_insects_b kswin acc=0.8190 resets=4 new_calls=1890 time=64s
h3_insects_b kswin+half acc=0.8189 resets=4 new_calls=1900 time=55s
h3_insects_b kswin+hedge acc=0.8192 resets=4 new_calls=1900 time=48s
STREAM_DONE 16:28:14 h3_insects_b_tabdpt
Warning: You are sending unauthenticated requests to the HF Hub. Please set a HF_TOKEN to enable higher rate limits and faster downloads.
h3_covertype_b none acc=0.9615 resets=0 new_calls=999 time=492s
h3_covertype_b ddmM acc=0.9526 resets=13 new_calls=1045 time=22s
h3_covertype_b ddm acc=0.9526 resets=13 new_calls=1045 time=0s
h3_covertype_b ddm+half acc=0.9618 resets=20 new_calls=1082 time=20s
h3_covertype_b ddm+hedge acc=0.9608 resets=66 new_calls=1260 time=88s
h3_covertype_b eddm acc=0.9285 resets=72 new_calls=1348 time=49s
