Warning: You are sending unauthenticated requests to the HF Hub. Please set a HF_TOKEN to enable higher rate limits and faster downloads.
insects_gradual_imbalanced none acc=0.8191 resets=0 new_calls=1432 time=546s
insects_gradual_imbalanced ddmM acc=0.8188 resets=7 new_calls=1487 time=23s
insects_gradual_imbalanced ddm acc=0.8188 resets=7 new_calls=1487 time=0s
insects_gradual_imbalanced ddm+half acc=0.8192 resets=9 new_calls=1519 time=14s
insects_gradual_imbalanced ddm+hedge acc=0.8197 resets=7 new_calls=1555 time=16s
insects_gradual_imbalanced eddm acc=0.8176 resets=37 new_calls=1679 time=53s
insects_gradual_imbalanced eddm+half acc=0.8194 resets=17 new_calls=1734 time=19s
insects_gradual_imbalanced eddm+hedge acc=0.8188 resets=50 new_calls=1850 time=38s
insects_gradual_imbalanced fhddm acc=0.8187 resets=8 new_calls=1911 time=20s
insects_gradual_imbalanced fhddm+half acc=0.8193 resets=8 new_calls=1946 time=10s
insects_gradual_imbalanced fhddm+hedge acc=0.8193 resets=8 new_calls=1946 time=0s
insects_gradual_imbalanced hddma acc=0.8198 resets=7 new_calls=2007 time=16s
insects_gradual_imbalanced hddma+half acc=0.8193 resets=6 new_calls=2035 time=8s
insects_gradual_imbalanced hddma+hedge acc=0.8202 resets=8 new_calls=2044 time=3s
insects_gradual_imbalanced hddmw acc=0.8192 resets=14 new_calls=2123 time=23s
insects_gradual_imbalanced hddmw+half acc=0.8192 resets=14 new_calls=2178 time=14s
insects_gradual_imbalanced hddmw+hedge acc=0.8203 resets=14 new_calls=2198 time=5s
insects_gradual_imbalanced adwin acc=0.8201 resets=8 new_calls=2225 time=7s
insects_gradual_imbalanced adwin+half acc=0.8193 resets=10 new_calls=2245 time=6s
insects_gradual_imbalanced adwin+hedge acc=0.8203 resets=8 new_calls=2272 time=7s
insects_gradual_imbalanced ph acc=0.8190 resets=17 new_calls=2368 time=24s
insects_gradual_imbalanced ph+half acc=0.8192 resets=15 new_calls=2418 time=15s
insects_gradual_imbalanced ph+hedge acc=0.8201 resets=13 new_calls=2481 time=20s
insects_gradual_imbalanced kswin acc=0.8204 resets=5 new_calls=2491 time=71s
insects_gradual_imbalanced kswin+half acc=0.8194 resets=5 new_calls=2501 time=84s
insects_gradual_imbalanced kswin+hedge acc=0.8203 resets=6 new_calls=2514 time=77s
STREAM_DONE 15:10:54 insects_gradual_imbalanced_tabdpt
h4_covertype_e none acc=0.9685 resets=0 new_calls=999 time=503s
h4_covertype_e ddmM acc=0.9126 resets=94 new_calls=1157 time=79s
h4_covertype_e ddm acc=0.9126 resets=93 new_calls=1158 time=1s
h4_covertype_e ddm+half acc=0.9681 resets=56 new_calls=1282 time=65s
h4_covertype_e ddm+hedge acc=0.9683 resets=14 new_calls=1301 time=9s
h4_covertype_e eddm acc=0.8786 resets=154 new_calls=1477 time=88s
h4_covertype_e eddm+half acc=0.9675 resets=30 new_calls=1602 time=65s
h4_covertype_e eddm+hedge acc=0.9667 resets=83 new_calls=2208 time=298s
h4_covertype_e fhddm acc=0.6621 resets=291 new_calls=2940 time=309s
h4_covertype_e fhddm+half acc=0.9685 resets=1 new_calls=2940 time=0s
h4_covertype_e fhddm+hedge acc=0.9685 resets=1 new_calls=2940 time=0s
h4_covertype_e hddma acc=0.6779 resets=598 new_calls=3338 time=203s
h4_covertype_e hddma+half acc=0.9638 resets=91 new_calls=3569 time=119s
h4_covertype_e hddma+hedge acc=0.9658 resets=96 new_calls=3839 time=137s
h4_covertype_e hddmw acc=0.7353 resets=350 new_calls=3958 time=60s
h4_covertype_e hddmw+half acc=0.9678 resets=22 new_calls=3980 time=13s
h4_covertype_e hddmw+hedge acc=0.9682 resets=21 new_calls=4005 time=12s
h4_covertype_e adwin acc=0.6237 resets=390 new_calls=4351 time=165s
h4_covertype_e adwin+half acc=0.9676 resets=23 new_calls=4415 time=34s
h4_covertype_e adwin+hedge acc=0.9679 resets=22 new_calls=4459 time=21s
h4_covertype_e ph acc=0.6841 resets=239 new_calls=4879 time=210s
h4_covertype_e ph+half acc=0.9684 resets=9 new_calls=4908 time=14s
h4_covertype_e ph+hedge acc=0.9683 resets=9 new_calls=4956 time=28s
h4_covertype_e kswin acc=0.6307 resets=449 new_calls=5050 time=63s
h4_covertype_e kswin+half acc=0.9674 resets=15 new_calls=5060 time=51s
h4_covertype_e kswin+hedge acc=0.9684 resets=13 new_calls=5065 time=57s
STREAM_DONE 15:54:22 h4_covertype_e_tabdpt
Warning: You are sending unauthenticated requests to the HF Hub. Please set a HF_TOKEN to enable higher rate limits and faster downloads.
h4_airlines_d none acc=0.6587 resets=0 new_calls=999 time=403s
h4_airlines_d ddmM acc=0.6583 resets=2 new_calls=1017 time=8s
h4_airlines_d ddm acc=0.6583 resets=2 new_calls=1017 time=0s
h4_airlines_d ddm+half acc=0.6587 resets=1 new_calls=1022 time=2s
h4_airlines_d ddm+hedge acc=0.6585 resets=4 new_calls=1033 time=6s
h4_airlines_d eddm acc=0.6585 resets=5 new_calls=1046 time=5s
h4_airlines_d eddm+half acc=0.6570 resets=85 new_calls=1180 time=69s
h4_airlines_d eddm+hedge acc=0.6575 resets=108 new_calls=1357 time=93s
h4_airlines_d fhddm acc=0.6523 resets=42 new_calls=1700 time=170s
h4_airlines_d fhddm+half acc=0.6577 resets=35 new_calls=1867 time=88s
h4_airlines_d fhddm+hedge acc=0.6569 resets=33 new_calls=1915 time=27s
h4_airlines_d hddma acc=0.6556 resets=17 new_calls=2047 time=67s
h4_airlines_d hddma+half acc=0.6582 resets=13 new_calls=2102 time=28s
h4_airlines_d hddma+hedge acc=0.6584 resets=15 new_calls=2151 time=24s
h4_airlines_d hddmw acc=0.6328 resets=138 new_calls=2790 time=314s
h4_airlines_d hddmw+half acc=0.6546 resets=155 new_calls=3271 time=253s
h4_airlines_d hddmw+hedge acc=0.6547 resets=151 new_calls=3663 time=201s
h4_airlines_d adwin acc=0.6574 resets=9 new_calls=3698 time=20s
h4_airlines_d adwin+half acc=0.6585 resets=11 new_calls=3721 time=11s
h4_airlines_d adwin+hedge acc=0.6583 resets=10 new_calls=3738 time=12s
h4_airlines_d ph acc=0.6542 resets=30 new_calls=3893 time=81s
h4_airlines_d ph+half acc=0.6589 resets=28 new_calls=3957 time=27s
h4_airlines_d ph+hedge acc=0.6581 resets=29 new_calls=4024 time=30s
h4_airlines_d kswin acc=0.6431 resets=100 new_calls=4311 time=173s
h4_airlines_d kswin+half acc=0.6552 resets=82 new_calls=4495 time=139s
h4_airlines_d kswin+hedge acc=0.6552 resets=90 new_calls=4597 time=94s
STREAM_DONE 16:33:28 h4_airlines_d_tabdpt
h3_airlines_c none acc=0.6525 resets=0 new_calls=999 time=522s
h3_airlines_c ddmM acc=0.6516 resets=3 new_calls=1026 time=13s
h3_airlines_c ddm acc=0.6515 resets=4 new_calls=1035 time=5s
h3_airlines_c ddm+half acc=0.6523 resets=3 new_calls=1050 time=8s
h3_airlines_c ddm+hedge acc=0.6522 resets=3 new_calls=1063 time=6s
h3_airlines_c eddm acc=0.6484 resets=42 new_calls=1144 time=39s
h3_airlines_c eddm+half acc=0.6511 resets=73 new_calls=1248 time=55s
h3_airlines_c eddm+hedge acc=0.6522 resets=41 new_calls=1305 time=29s
h3_airlines_c fhddm acc=0.6463 resets=45 new_calls=1665 time=181s
h3_airlines_c fhddm+half acc=0.6516 resets=33 new_calls=1817 time=78s
h3_airlines_c fhddm+hedge acc=0.6512 resets=31 new_calls=1856 time=21s
h3_airlines_c hddma acc=0.6505 resets=13 new_calls=1960 time=54s
h3_airlines_c hddma+half acc=0.6521 resets=13 new_calls=2012 time=30s
h3_airlines_c hddma+hedge acc=0.6522 resets=12 new_calls=2058 time=25s
h3_airlines_c hddmw acc=0.6364 resets=120 new_calls=2706 time=297s
h3_airlines_c hddmw+half acc=0.6500 resets=127 new_calls=3137 time=204s
h3_airlines_c hddmw+hedge acc=0.6497 resets=131 new_calls=3366 time=122s
h3_airlines_c adwin acc=0.6518 resets=12 new_calls=3454 time=48s
h3_airlines_c adwin+half acc=0.6520 resets=12 new_calls=3477 time=11s
h3_airlines_c adwin+hedge acc=0.6524 resets=12 new_calls=3498 time=13s
h3_airlines_c ph acc=0.6489 resets=27 new_calls=3650 time=73s
h3_airlines_c ph+half acc=0.6514 resets=25 new_calls=3713 time=27s
h3_airlines_c ph+hedge acc=0.6519 resets=22 new_calls=3800 time=39s
h3_airlines_c kswin acc=0.6428 resets=63 new_calls=3962 time=128s
h3_airlines_c kswin+half acc=0.6507 resets=81 new_calls=4115 time=112s
h3_airlines_c kswin+hedge acc=0.6512 resets=75 new_calls=4266 time=123s
STREAM_DONE 17:11:13 h3_airlines_c_tabdpt
h2_rialto none acc=0.7771 resets=0 new_calls=821 time=401s
h2_rialto ddmM acc=0.7841 resets=115 new_calls=1137 time=168s
h2_rialto ddm acc=0.7841 resets=115 new_calls=1137 time=0s
h2_rialto ddm+half acc=0.7778 resets=128 new_calls=1405 time=137s
h2_rialto ddm+hedge acc=0.7888 resets=122 new_calls=1562 time=80s
h2_rialto eddm acc=0.7868 resets=256 new_calls=2083 time=242s
h2_rialto eddm+half acc=0.7793 resets=264 new_calls=2508 time=214s
h2_rialto eddm+hedge acc=0.8006 resets=273 new_calls=2762 time=119s
h2_rialto fhddm acc=0.7846 resets=96 new_calls=3193 time=184s
h2_rialto fhddm+half acc=0.7795 resets=93 new_calls=3493 time=150s
h2_rialto fhddm+hedge acc=0.7941 resets=87 new_calls=3613 time=61s
h2_rialto hddma acc=0.7848 resets=122 new_calls=3782 time=85s
h2_rialto hddma+half acc=0.7790 resets=130 new_calls=3920 time=72s
h2_rialto hddma+hedge acc=0.7916 resets=123 new_calls=3996 time=40s
h2_rialto hddmw acc=0.7848 resets=149 new_calls=4105 time=64s
h2_rialto hddmw+half acc=0.7799 resets=135 new_calls=4195 time=50s
h2_rialto hddmw+hedge acc=0.7936 resets=143 new_calls=4233 time=18s
h2_rialto adwin acc=0.7789 resets=122 new_calls=4548 time=134s
h2_rialto adwin+half acc=0.7772 resets=122 new_calls=4760 time=76s
h2_rialto adwin+hedge acc=0.7930 resets=115 new_calls=4906 time=53s
h2_rialto ph acc=0.7835 resets=87 new_calls=5028 time=49s
h2_rialto ph+half acc=0.7776 resets=88 new_calls=5139 time=56s
h2_rialto ph+hedge acc=0.7902 resets=85 new_calls=5202 time=33s
h2_rialto kswin acc=0.7853 resets=131 new_calls=5277 time=69s
h2_rialto kswin+half acc=0.7806 resets=139 new_calls=5306 time=42s
h2_rialto kswin+hedge acc=0.7933 resets=127 new_calls=5332 time=51s
STREAM_DONE 17:55:24 h2_rialto_tabdpt
Warning: You are sending unauthenticated requests to the HF Hub. Please set a HF_TOKEN to enable higher rate limits and faster downloads.
occupancy none acc=0.9673 resets=0 new_calls=204 time=77s
occupancy ddmM acc=0.9399 resets=41 new_calls=343 time=60s
occupancy ddm acc=0.9400 resets=39 new_calls=346 time=1s
occupancy ddm+half acc=0.9663 resets=31 new_calls=430 time=36s
occupancy ddm+hedge acc=0.9555 resets=32 new_calls=487 time=22s
occupancy eddm acc=0.9471 resets=17 new_calls=534 time=24s
occupancy eddm+half acc=0.9654 resets=12 new_calls=559 time=14s
occupancy eddm+hedge acc=0.9604 resets=12 new_calls=583 time=13s
occupancy fhddm acc=0.9283 resets=18 new_calls=677 time=14s
occupancy fhddm+half acc=0.9637 resets=10 new_calls=721 time=22s
occupancy fhddm+hedge acc=0.9356 resets=17 new_calls=730 time=4s
occupancy hddma acc=0.9536 resets=29 new_calls=735 time=2s
occupancy hddma+half acc=0.9667 resets=18 new_calls=741 time=3s
occupancy hddma+hedge acc=0.9620 resets=21 new_calls=741 time=0s
occupancy hddmw acc=0.9470 resets=21 new_calls=742 time=0s
occupancy hddmw+half acc=0.9654 resets=14 new_calls=742 time=0s
occupancy hddmw+hedge acc=0.9605 resets=17 new_calls=743 time=1s
occupancy adwin acc=0.9469 resets=22 new_calls=752 time=1s
occupancy adwin+half acc=0.9664 resets=15 new_calls=756 time=0s
occupancy adwin+hedge acc=0.9624 resets=18 new_calls=756 time=0s
occupancy ph acc=0.9544 resets=9 new_calls=768 time=1s
occupancy ph+half acc=0.9629 resets=10 new_calls=775 time=2s
occupancy ph+hedge acc=0.9587 resets=9 new_calls=781 time=1s
occupancy kswin acc=0.9428 resets=23 new_calls=784 time=10s
occupancy kswin+half acc=0.9651 resets=12 new_calls=784 time=8s
occupancy kswin+hedge acc=0.9605 resets=15 new_calls=784 time=8s
STREAM_DONE 18:00:49 occupancy_tabdpt
Warning: You are sending unauthenticated requests to the HF Hub. Please set a HF_TOKEN to enable higher rate limits and faster downloads.
eeg none acc=0.8213 resets=0 new_calls=148 time=49s
eeg ddmM acc=0.8928 resets=33 new_calls=267 time=18s
eeg ddm acc=0.8928 resets=33 new_calls=267 time=0s
eeg ddm+half acc=0.8338 resets=65 new_calls=373 time=48s
eeg ddm+hedge acc=0.8877 resets=33 new_calls=391 time=1s
eeg eddm acc=0.8886 resets=25 new_calls=422 time=13s
eeg eddm+half acc=0.8293 resets=39 new_calls=455 time=17s
eeg eddm+hedge acc=0.8817 resets=26 new_calls=468 time=4s
eeg fhddm acc=0.8531 resets=18 new_calls=545 time=7s
eeg fhddm+half acc=0.8275 resets=20 new_calls=604 time=26s
eeg fhddm+hedge acc=0.8614 resets=18 new_calls=611 time=2s
eeg hddma acc=0.8899 resets=33 new_calls=614 time=1s
eeg hddma+half acc=0.8330 resets=52 new_calls=619 time=2s
eeg hddma+hedge acc=0.8851 resets=31 new_calls=619 time=0s
eeg hddmw acc=0.8855 resets=25 new_calls=644 time=10s
eeg hddmw+half acc=0.8286 resets=44 new_calls=645 time=1s
eeg hddmw+hedge acc=0.8805 resets=28 new_calls=645 time=0s
eeg adwin acc=0.8815 resets=30 new_calls=670 time=2s
eeg adwin+half acc=0.8239 resets=37 new_calls=693 time=9s
eeg adwin+hedge acc=0.8736 resets=30 new_calls=710 time=0s
eeg ph acc=0.8855 resets=18 new_calls=720 time=3s
eeg ph+half acc=0.8355 resets=22 new_calls=750 time=12s
eeg ph+hedge acc=0.8762 resets=18 new_calls=759 time=1s
eeg kswin acc=0.8834 resets=28 new_calls=759 time=5s
eeg kswin+half acc=0.8268 resets=34 new_calls=766 time=8s
eeg kswin+hedge acc=0.8748 resets=28 new_calls=773 time=4s
STREAM_DONE 18:04:57 eeg_tabdpt
Warning: You are sending unauthenticated requests to the HF Hub. Please set a HF_TOKEN to enable higher rate limits and faster downloads.
wall none acc=0.8698 resets=0 new_calls=53 time=28s
wall ddmM acc=0.5755 resets=20 new_calls=105 time=23s
wall ddm acc=0.5755 resets=20 new_calls=105 time=0s
wall ddm+half acc=0.7604 resets=26 new_calls=142 time=17s
wall ddm+hedge acc=0.8623 resets=16 new_calls=175 time=12s
wall eddm acc=0.5023 resets=44 new_calls=199 time=10s
wall eddm+half acc=0.7209 resets=29 new_calls=224 time=9s
wall eddm+hedge acc=0.8530 resets=17 new_calls=239 time=5s
wall fhddm acc=0.5911 resets=18 new_calls=259 time=6s
wall fhddm+half acc=0.7596 resets=12 new_calls=289 time=8s
wall fhddm+hedge acc=0.8689 resets=5 new_calls=301 time=4s
wall hddma acc=0.5168 resets=40 new_calls=303 time=1s
wall hddma+half acc=0.7153 resets=38 new_calls=310 time=2s
wall hddma+hedge acc=0.8500 resets=22 new_calls=318 time=3s
wall hddmw acc=0.5534 resets=29 new_calls=328 time=2s
wall hddmw+half acc=0.7264 resets=26 new_calls=332 time=1s
wall hddmw+hedge acc=0.8558 resets=12 new_calls=337 time=1s
wall adwin acc=0.6302 resets=17 new_calls=339 time=1s
wall adwin+half acc=0.7532 resets=17 new_calls=352 time=3s
wall adwin+hedge acc=0.8683 resets=6 new_calls=357 time=1s
wall ph acc=0.6649 resets=10 new_calls=371 time=3s
wall ph+half acc=0.7481 resets=10 new_calls=399 time=7s
wall ph+hedge acc=0.8681 resets=3 new_calls=402 time=1s
wall kswin acc=0.5687 resets=26 new_calls=403 time=1s
wall kswin+half acc=0.7355 resets=24 new_calls=403 time=1s
wall kswin+hedge acc=0.8566 resets=8 new_calls=405 time=2s
STREAM_DONE 18:07:30 wall_tabdpt
CHAIN_DONE 18:07:31
