Warning: You are sending unauthenticated requests to the HF Hub. Please set a HF_TOKEN to enable higher rate limits and faster downloads.
kdd none acc=0.9886 resets=0 new_calls=999 time=131s
kdd ddmM acc=0.9876 resets=52 new_calls=1257 time=95s
kdd ddm acc=0.9876 resets=51 new_calls=1258 time=1s
kdd ddm+half acc=0.9886 resets=51 new_calls=1437 time=79s
kdd ddm+hedge acc=0.9882 resets=48 new_calls=1465 time=6s
kdd eddm acc=0.9875 resets=23 new_calls=1518 time=17s
kdd eddm+half acc=0.9884 resets=23 new_calls=1555 time=15s
kdd eddm+hedge acc=0.9883 resets=22 new_calls=1568 time=4s
kdd fhddm acc=0.9863 resets=18 new_calls=1658 time=14s
kdd fhddm+half acc=0.9883 resets=15 new_calls=1719 time=20s
kdd fhddm+hedge acc=0.9869 resets=17 new_calls=1726 time=3s
kdd hddma acc=0.9876 resets=39 new_calls=1726 time=2s
kdd hddma+half acc=0.9886 resets=34 new_calls=1732 time=4s
kdd hddma+hedge acc=0.9884 resets=36 new_calls=1732 time=2s
kdd hddmw acc=0.9876 resets=28 new_calls=1740 time=4s
kdd hddmw+half acc=0.9886 resets=26 new_calls=1740 time=1s
kdd hddmw+hedge acc=0.9883 resets=27 new_calls=1748 time=3s
kdd adwin acc=0.9874 resets=33 new_calls=1793 time=5s
kdd adwin+half acc=0.9884 resets=30 new_calls=1808 time=3s
kdd adwin+hedge acc=0.9883 resets=32 new_calls=1817 time=0s
kdd ph acc=0.9892 resets=12 new_calls=1858 time=2s
kdd ph+half acc=0.9887 resets=12 new_calls=1870 time=1s
kdd ph+hedge acc=0.9888 resets=12 new_calls=1870 time=0s
kdd kswin acc=0.9872 resets=29 new_calls=1870 time=44s
kdd kswin+half acc=0.9884 resets=25 new_calls=1870 time=46s
kdd kswin+hedge acc=0.9880 resets=26 new_calls=1870 time=44s
STREAM_DONE 15:06:40 kdd_tabdpt
home none acc=0.9738 resets=0 new_calls=999 time=73s
home ddmM acc=0.9846 resets=33 new_calls=1214 time=33s
home ddm acc=0.9846 resets=33 new_calls=1214 time=0s
home ddm+half acc=0.9786 resets=41 new_calls=1350 time=58s
home ddm+hedge acc=0.9836 resets=35 new_calls=1433 time=11s
home eddm acc=0.9837 resets=25 new_calls=1446 time=2s
home eddm+half acc=0.9764 resets=34 new_calls=1472 time=11s
home eddm+hedge acc=0.9823 resets=25 new_calls=1482 time=0s
home fhddm acc=0.9810 resets=20 new_calls=1621 time=0s
home fhddm+half acc=0.9776 resets=25 new_calls=1717 time=41s
home fhddm+hedge acc=0.9810 resets=20 new_calls=1717 time=0s
home hddma acc=0.9846 resets=29 new_calls=1717 time=2s
home hddma+half acc=0.9772 resets=39 new_calls=1717 time=2s
home hddma+hedge acc=0.9829 resets=31 new_calls=1717 time=3s
home hddmw acc=0.9840 resets=29 new_calls=1726 time=1s
home hddmw+half acc=0.9770 resets=34 new_calls=1728 time=2s
home hddmw+hedge acc=0.9826 resets=29 new_calls=1728 time=1s
home adwin acc=0.9840 resets=29 new_calls=1747 time=0s
home adwin+half acc=0.9767 resets=33 new_calls=1764 time=3s
home adwin+hedge acc=0.9817 resets=30 new_calls=1769 time=1s
home ph acc=0.9813 resets=21 new_calls=1823 time=0s
home ph+half acc=0.9771 resets=24 new_calls=1842 time=6s
home ph+hedge acc=0.9805 resets=23 new_calls=1869 time=0s
home kswin acc=0.9836 resets=29 new_calls=1869 time=48s
home kswin+half acc=0.9770 resets=33 new_calls=1869 time=48s
home kswin+hedge acc=0.9811 resets=30 new_calls=1879 time=47s
STREAM_DONE 15:13:15 home_tabdpt
Warning: You are sending unauthenticated requests to the HF Hub. Please set a HF_TOKEN to enable higher rate limits and faster downloads.
h4_covertype_d none acc=0.9581 resets=0 new_calls=999 time=519s
h4_covertype_d ddmM acc=0.9105 resets=71 new_calls=1106 time=56s
h4_covertype_d ddm acc=0.9105 resets=71 new_calls=1106 time=0s
h4_covertype_d ddm+half acc=0.9502 resets=34 new_calls=1154 time=24s
h4_covertype_d ddm+hedge acc=0.9555 resets=98 new_calls=1409 time=132s
h4_covertype_d eddm acc=0.5271 resets=717 new_calls=2269 time=379s
h4_covertype_d eddm+half acc=0.9439 resets=31 new_calls=2294 time=10s
h4_covertype_d eddm+hedge acc=0.9559 resets=119 new_calls=2924 time=304s
h4_covertype_d fhddm acc=0.6224 resets=279 new_calls=3456 time=260s
h4_covertype_d fhddm+half acc=0.9157 resets=71 new_calls=3590 time=66s
h4_covertype_d fhddm+hedge acc=0.9580 resets=5 new_calls=3613 time=14s
h4_covertype_d hddma acc=0.5738 resets=652 new_calls=3812 time=96s
h4_covertype_d hddma+half acc=0.8218 resets=343 new_calls=4251 time=218s
h4_covertype_d hddma+hedge acc=0.9556 resets=106 new_calls=4507 time=131s
h4_covertype_d hddmw acc=0.5624 resets=588 new_calls=4614 time=54s
h4_covertype_d hddmw+half acc=0.9363 resets=61 new_calls=4646 time=19s
h4_covertype_d hddmw+hedge acc=0.9579 resets=25 new_calls=4669 time=12s
h4_covertype_d adwin acc=0.5655 resets=432 new_calls=4876 time=96s
h4_covertype_d adwin+half acc=0.9061 resets=117 new_calls=5001 time=51s
h4_covertype_d adwin+hedge acc=0.9580 resets=19 new_calls=5028 time=12s
h4_covertype_d ph acc=0.6036 resets=246 new_calls=5348 time=157s
h4_covertype_d ph+half acc=0.9123 resets=84 new_calls=5488 time=76s
h4_covertype_d ph+hedge acc=0.9568 resets=11 new_calls=5523 time=17s
h4_covertype_d kswin acc=0.5847 resets=475 new_calls=5581 time=40s
h4_covertype_d kswin+half acc=0.9401 resets=48 new_calls=5615 time=59s
h4_covertype_d kswin+hedge acc=0.9579 resets=15 new_calls=5622 time=57s
STREAM_DONE 16:00:56 h4_covertype_d_tabdpt
h3_poker_b none acc=0.9341 resets=0 new_calls=999 time=500s
h3_poker_b ddmM acc=0.8302 resets=432 new_calls=1835 time=413s
h3_poker_b ddm acc=0.8314 resets=425 new_calls=1844 time=3s
h3_poker_b ddm+half acc=0.9091 resets=299 new_calls=2484 time=336s
h3_poker_b ddm+hedge acc=0.9272 resets=235 new_calls=2941 time=240s
h3_poker_b eddm acc=0.8155 resets=346 new_calls=3415 time=198s
h3_poker_b eddm+half acc=0.9247 resets=134 new_calls=3665 time=129s
h3_poker_b eddm+hedge acc=0.9311 resets=118 new_calls=3874 time=98s
h3_poker_b fhddm acc=0.8726 resets=149 new_calls=4336 time=244s
h3_poker_b fhddm+half acc=0.9249 resets=95 new_calls=4611 time=142s
h3_poker_b fhddm+hedge acc=0.9341 resets=77 new_calls=4727 time=63s
h3_poker_b hddma acc=0.8176 resets=468 new_calls=4910 time=95s
h3_poker_b hddma+half acc=0.9190 resets=200 new_calls=4986 time=37s
h3_poker_b hddma+hedge acc=0.9289 resets=186 new_calls=5014 time=15s
h3_poker_b hddmw acc=0.8455 resets=262 new_calls=5131 time=61s
h3_poker_b hddmw+half acc=0.9253 resets=132 new_calls=5169 time=20s
h3_poker_b hddmw+hedge acc=0.9308 resets=125 new_calls=5196 time=15s
h3_poker_b adwin acc=0.8553 resets=216 new_calls=5558 time=186s
h3_poker_b adwin+half acc=0.9223 resets=142 new_calls=5699 time=79s
h3_poker_b adwin+hedge acc=0.9304 resets=135 new_calls=5842 time=75s
h3_poker_b ph acc=0.8856 resets=117 new_calls=6119 time=143s
h3_poker_b ph+half acc=0.9294 resets=74 new_calls=6218 time=50s
h3_poker_b ph+hedge acc=0.9345 resets=69 new_calls=6307 time=43s
h3_poker_b kswin acc=0.8642 resets=193 new_calls=6376 time=66s
h3_poker_b kswin+half acc=0.9275 resets=112 new_calls=6377 time=46s
h3_poker_b kswin+hedge acc=0.9336 resets=106 new_calls=6398 time=49s
STREAM_DONE 16:56:45 h3_poker_b_tabdpt
Warning: You are sending unauthenticated requests to the HF Hub. Please set a HF_TOKEN to enable higher rate limits and faster downloads.
h3_airlines_b none acc=0.7048 resets=0 new_calls=999 time=510s
h3_airlines_b ddmM acc=0.7042 resets=5 new_calls=1044 time=16s
h3_airlines_b ddm acc=0.7042 resets=5 new_calls=1044 time=0s
h3_airlines_b ddm+half acc=0.7047 resets=6 new_calls=1074 time=10s
h3_airlines_b ddm+hedge acc=0.7047 resets=6 new_calls=1083 time=3s
h3_airlines_b eddm acc=0.7027 resets=53 new_calls=1239 time=72s
h3_airlines_b eddm+half acc=0.7042 resets=65 new_calls=1378 time=55s
h3_airlines_b eddm+hedge acc=0.7046 resets=53 new_calls=1477 time=36s
h3_airlines_b fhddm acc=0.7018 resets=26 new_calls=1695 time=83s
h3_airlines_b fhddm+half acc=0.7046 resets=17 new_calls=1778 time=36s
h3_airlines_b fhddm+hedge acc=0.7047 resets=17 new_calls=1825 time=23s
h3_airlines_b hddma acc=0.7037 resets=14 new_calls=1907 time=40s
h3_airlines_b hddma+half acc=0.7047 resets=15 new_calls=1965 time=30s
h3_airlines_b hddma+hedge acc=0.7047 resets=18 new_calls=2037 time=35s
h3_airlines_b hddmw acc=0.6960 resets=74 new_calls=2468 time=198s
h3_airlines_b hddmw+half acc=0.7026 resets=79 new_calls=2752 time=148s
h3_airlines_b hddmw+hedge acc=0.7027 resets=80 new_calls=2884 time=66s
h3_airlines_b adwin acc=0.7043 resets=15 new_calls=2951 time=34s
h3_airlines_b adwin+half acc=0.7048 resets=15 new_calls=2996 time=24s
h3_airlines_b adwin+hedge acc=0.7048 resets=15 new_calls=2996 time=0s
h3_airlines_b ph acc=0.7028 resets=30 new_calls=3210 time=111s
h3_airlines_b ph+half acc=0.7046 resets=28 new_calls=3294 time=47s
h3_airlines_b ph+hedge acc=0.7048 resets=28 new_calls=3366 time=38s
h3_airlines_b kswin acc=0.7021 resets=27 new_calls=3450 time=90s
h3_airlines_b kswin+half acc=0.7042 resets=28 new_calls=3491 time=65s
h3_airlines_b kswin+hedge acc=0.7040 resets=24 new_calls=3509 time=55s
STREAM_DONE 17:27:13 h3_airlines_b_tabdpt
insects_incremental_abrupt_balanced none acc=0.7707 resets=0 new_calls=798 time=362s
insects_incremental_abrupt_balanced ddmM acc=0.7759 resets=7 new_calls=853 time=23s
insects_incremental_abrupt_balanced ddm acc=0.7759 resets=7 new_calls=853 time=0s
insects_incremental_abrupt_balanced ddm+half acc=0.7732 resets=15 new_calls=923 time=35s
insects_incremental_abrupt_balanced ddm+hedge acc=0.7796 resets=19 new_calls=1013 time=42s
insects_incremental_abrupt_balanced eddm acc=0.7777 resets=88 new_calls=1239 time=100s
insects_incremental_abrupt_balanced eddm+half acc=0.7746 resets=93 new_calls=1433 time=86s
insects_incremental_abrupt_balanced eddm+hedge acc=0.7756 resets=86 new_calls=1539 time=53s
insects_incremental_abrupt_balanced fhddm acc=0.7722 resets=25 new_calls=1742 time=104s
insects_incremental_abrupt_balanced fhddm+half acc=0.7738 resets=22 new_calls=1850 time=52s
insects_incremental_abrupt_balanced fhddm+hedge acc=0.7751 resets=22 new_calls=1859 time=5s
insects_incremental_abrupt_balanced hddma acc=0.7891 resets=19 new_calls=1963 time=55s
insects_incremental_abrupt_balanced hddma+half acc=0.7760 resets=17 new_calls=2015 time=28s
insects_incremental_abrupt_balanced hddma+hedge acc=0.7876 resets=19 new_calls=2031 time=9s
