covertype none acc=0.9458 resets=0 new_calls=872 time=199s
covertype ddmM acc=0.9430 resets=53 new_calls=880 time=2s
covertype ddm acc=0.9430 resets=53 new_calls=880 time=0s
covertype ddm+half acc=0.9443 resets=87 new_calls=1045 time=39s
covertype ddm+hedge acc=0.9461 resets=19 new_calls=1045 time=0s
covertype eddm acc=0.8981 resets=218 new_calls=1096 time=9s
covertype eddm+half acc=0.9416 resets=152 new_calls=1384 time=66s
covertype eddm+hedge acc=0.9466 resets=171 new_calls=1503 time=24s
covertype fhddm acc=0.9103 resets=108 new_calls=1504 time=0s
covertype fhddm+half acc=0.9458 resets=20 new_calls=1552 time=11s
covertype fhddm+hedge acc=0.9455 resets=22 new_calls=1553 time=0s
covertype hddma acc=0.8076 resets=567 new_calls=1571 time=5s
covertype hddma+half acc=0.9281 resets=205 new_calls=1836 time=68s
covertype hddma+hedge acc=0.9450 resets=123 new_calls=1873 time=11s
covertype hddmw acc=0.8974 resets=188 new_calls=1878 time=2s
covertype hddmw+half acc=0.9444 resets=52 new_calls=1911 time=9s
covertype hddmw+hedge acc=0.9466 resets=51 new_calls=1911 time=1s
covertype adwin acc=0.8463 resets=260 new_calls=1928 time=4s
covertype adwin+half acc=0.9428 resets=51 new_calls=2000 time=17s
covertype adwin+hedge acc=0.9449 resets=41 new_calls=2022 time=5s
covertype ph acc=0.8794 resets=156 new_calls=2082 time=13s
covertype ph+half acc=0.9426 resets=40 new_calls=2142 time=13s
covertype ph+hedge acc=0.9458 resets=28 new_calls=2151 time=2s
covertype kswin acc=0.9070 resets=131 new_calls=2151 time=67s
covertype kswin+half acc=0.9430 resets=47 new_calls=2179 time=81s
covertype kswin+hedge acc=0.9459 resets=35 new_calls=2179 time=83s
STREAM_DONE 09:28:43 covertype_M500
h4_covertype_d none acc=0.7069 resets=0 new_calls=334 time=105s
h4_covertype_d ddmM acc=0.6528 resets=371 new_calls=364 time=9s
h4_covertype_d ddm acc=0.6529 resets=368 new_calls=364 time=0s
h4_covertype_d ddm+half acc=0.6727 resets=395 new_calls=953 time=166s
h4_covertype_d ddm+hedge acc=0.6995 resets=481 new_calls=985 time=10s
h4_covertype_d eddm acc=0.5361 resets=694 new_calls=1035 time=15s
h4_covertype_d eddm+half acc=0.6362 resets=577 new_calls=1533 time=161s
h4_covertype_d eddm+hedge acc=0.6985 resets=516 new_calls=1575 time=12s
h4_covertype_d fhddm acc=0.6246 resets=278 new_calls=1576 time=0s
h4_covertype_d fhddm+half acc=0.6519 resets=271 new_calls=2015 time=130s
h4_covertype_d fhddm+hedge acc=0.7048 resets=233 new_calls=2074 time=18s
h4_covertype_d hddma acc=0.5535 resets=671 new_calls=2075 time=1s
h4_covertype_d hddma+half acc=0.6188 resets=678 new_calls=2193 time=34s
h4_covertype_d hddma+hedge acc=0.6956 resets=574 new_calls=2199 time=2s
h4_covertype_d hddmw acc=0.5734 resets=556 new_calls=2199 time=2s
h4_covertype_d hddmw+half acc=0.6446 resets=502 new_calls=2254 time=18s
h4_covertype_d hddmw+hedge acc=0.6990 resets=457 new_calls=2260 time=4s
h4_covertype_d adwin acc=0.5460 resets=449 new_calls=2260 time=0s
