insects_gradual_imbalanced none acc=0.8095 resets=0 new_calls=1237 time=285s
insects_gradual_imbalanced ddmM acc=0.8094 resets=4 new_calls=1243 time=1s
insects_gradual_imbalanced ddm acc=0.8094 resets=4 new_calls=1243 time=0s
insects_gradual_imbalanced ddm+half acc=0.8095 resets=7 new_calls=1261 time=4s
insects_gradual_imbalanced ddm+hedge acc=0.8096 resets=2 new_calls=1265 time=1s
insects_gradual_imbalanced eddm acc=0.8078 resets=56 new_calls=1282 time=3s
insects_gradual_imbalanced eddm+half acc=0.8087 resets=65 new_calls=1436 time=33s
insects_gradual_imbalanced eddm+hedge acc=0.8093 resets=129 new_calls=1593 time=35s
insects_gradual_imbalanced fhddm acc=0.8093 resets=8 new_calls=1609 time=4s
insects_gradual_imbalanced fhddm+half acc=0.8094 resets=8 new_calls=1633 time=6s
insects_gradual_imbalanced fhddm+hedge acc=0.8095 resets=8 new_calls=1633 time=0s
insects_gradual_imbalanced hddma acc=0.8096 resets=8 new_calls=1648 time=4s
insects_gradual_imbalanced hddma+half acc=0.8098 resets=7 new_calls=1666 time=5s
insects_gradual_imbalanced hddma+hedge acc=0.8099 resets=8 new_calls=1670 time=2s
insects_gradual_imbalanced hddmw acc=0.8094 resets=18 new_calls=1698 time=7s
insects_gradual_imbalanced hddmw+half acc=0.8094 resets=18 new_calls=1742 time=12s
insects_gradual_imbalanced hddmw+hedge acc=0.8099 resets=18 new_calls=1742 time=0s
insects_gradual_imbalanced adwin acc=0.8098 resets=8 new_calls=1750 time=2s
insects_gradual_imbalanced adwin+half acc=0.8096 resets=9 new_calls=1768 time=5s
insects_gradual_imbalanced adwin+hedge acc=0.8101 resets=8 new_calls=1776 time=2s
insects_gradual_imbalanced ph acc=0.8090 resets=17 new_calls=1803 time=8s
insects_gradual_imbalanced ph+half acc=0.8094 resets=16 new_calls=1839 time=10s
insects_gradual_imbalanced ph+hedge acc=0.8097 resets=15 new_calls=1852 time=4s
insects_gradual_imbalanced kswin acc=0.8101 resets=3 new_calls=1852 time=81s
insects_gradual_imbalanced kswin+half acc=0.8098 resets=3 new_calls=1852 time=83s
