kdd none acc=0.9882 resets=0 new_calls=866 time=27s
kdd ddmM acc=0.9856 resets=59 new_calls=869 time=1s
kdd ddm acc=0.9857 resets=58 new_calls=869 time=0s
kdd ddm+half acc=0.9876 resets=53 new_calls=994 time=30s
kdd ddm+hedge acc=0.9877 resets=53 new_calls=998 time=0s
kdd eddm acc=0.9864 resets=23 new_calls=999 time=0s
kdd eddm+half acc=0.9881 resets=22 new_calls=1016 time=4s
kdd eddm+hedge acc=0.9878 resets=23 new_calls=1019 time=1s
kdd fhddm acc=0.9861 resets=19 new_calls=1019 time=0s
kdd fhddm+half acc=0.9874 resets=19 new_calls=1063 time=10s
kdd fhddm+hedge acc=0.9869 resets=18 new_calls=1068 time=0s
kdd hddma acc=0.9867 resets=37 new_calls=1072 time=3s
kdd hddma+half acc=0.9883 resets=34 new_calls=1077 time=3s
kdd hddma+hedge acc=0.9879 resets=36 new_calls=1077 time=2s
kdd hddmw acc=0.9867 resets=28 new_calls=1077 time=1s
kdd hddmw+half acc=0.9881 resets=27 new_calls=1077 time=1s
kdd hddmw+hedge acc=0.9879 resets=26 new_calls=1077 time=1s
kdd adwin acc=0.9865 resets=32 new_calls=1077 time=0s
kdd adwin+half acc=0.9881 resets=29 new_calls=1095 time=3s
kdd adwin+hedge acc=0.9879 resets=30 new_calls=1099 time=0s
kdd ph acc=0.9881 resets=14 new_calls=1099 time=0s
kdd ph+half acc=0.9882 resets=14 new_calls=1111 time=0s
kdd ph+hedge acc=0.9882 resets=14 new_calls=1111 time=0s
kdd kswin acc=0.9863 resets=27 new_calls=1111 time=47s
kdd kswin+half acc=0.9881 resets=25 new_calls=1111 time=48s
kdd kswin+hedge acc=0.9879 resets=25 new_calls=1111 time=47s
STREAM_DONE 09:26:24 kdd_M500
home none acc=0.9793 resets=0 new_calls=865 time=10s
home ddmM acc=0.9843 resets=33 new_calls=865 time=0s
home ddm acc=0.9843 resets=33 new_calls=865 time=0s
home ddm+half acc=0.9808 resets=39 new_calls=962 time=12s
home ddm+hedge acc=0.9839 resets=33 new_calls=962 time=0s
home eddm acc=0.9845 resets=23 new_calls=966 time=0s
home eddm+half acc=0.9802 resets=30 new_calls=973 time=1s
home eddm+hedge acc=0.9837 resets=25 new_calls=973 time=0s
home fhddm acc=0.9813 resets=19 new_calls=977 time=0s
home fhddm+half acc=0.9802 resets=20 new_calls=1028 time=7s
home fhddm+hedge acc=0.9813 resets=19 new_calls=1028 time=0s
home hddma acc=0.9843 resets=27 new_calls=1028 time=2s
home hddma+half acc=0.9809 resets=36 new_calls=1028 time=2s
home hddma+hedge acc=0.9842 resets=29 new_calls=1028 time=2s
home hddmw acc=0.9842 resets=25 new_calls=1028 time=1s
home hddmw+half acc=0.9803 resets=31 new_calls=1029 time=1s
home hddmw+hedge acc=0.9835 resets=27 new_calls=1029 time=1s
home adwin acc=0.9842 resets=25 new_calls=1029 time=0s
home adwin+half acc=0.9805 resets=31 new_calls=1039 time=1s
home adwin+hedge acc=0.9835 resets=27 new_calls=1039 time=0s
home ph acc=0.9837 resets=17 new_calls=1039 time=0s
home ph+half acc=0.9802 resets=21 new_calls=1058 time=2s
home ph+hedge acc=0.9828 resets=19 new_calls=1070 time=0s
home kswin acc=0.9836 resets=25 new_calls=1070 time=49s
home kswin+half acc=0.9805 resets=32 new_calls=1073 time=52s
home kswin+hedge acc=0.9835 resets=27 new_calls=1073 time=51s
STREAM_DONE 09:29:41 home_M500
h4_airlines_e none acc=0.6406 resets=0 new_calls=539 time=125s
h4_airlines_e ddmM acc=0.6404 resets=6 new_calls=555 time=4s
h4_airlines_e ddm acc=0.6404 resets=6 new_calls=555 time=0s
h4_airlines_e ddm+half acc=0.6404 resets=7 new_calls=575 time=5s
h4_airlines_e ddm+hedge acc=0.6406 resets=13 new_calls=586 time=3s
h4_airlines_e eddm acc=0.6383 resets=73 new_calls=618 time=7s
h4_airlines_e eddm+half acc=0.6386 resets=113 new_calls=785 time=37s
h4_airlines_e eddm+hedge acc=0.6401 resets=94 new_calls=830 time=10s
h4_airlines_e fhddm acc=0.6370 resets=44 new_calls=903 time=18s
h4_airlines_e fhddm+half acc=0.6395 resets=37 new_calls=1009 time=27s
h4_airlines_e fhddm+hedge acc=0.6401 resets=37 new_calls=1025 time=4s
h4_airlines_e hddma acc=0.6390 resets=17 new_calls=1039 time=4s
h4_airlines_e hddma+half acc=0.6399 resets=16 new_calls=1073 time=9s
h4_airlines_e hddma+hedge acc=0.6404 resets=14 new_calls=1078 time=2s
h4_airlines_e hddmw acc=0.6300 resets=121 new_calls=1157 time=21s
h4_airlines_e hddmw+half acc=0.6378 resets=120 new_calls=1450 time=80s
h4_airlines_e hddmw+hedge acc=0.6379 resets=124 new_calls=1498 time=14s
h4_airlines_e adwin acc=0.6398 resets=11 new_calls=1518 time=6s
h4_airlines_e adwin+half acc=0.6403 resets=11 new_calls=1538 time=5s
h4_airlines_e adwin+hedge acc=0.6404 resets=11 new_calls=1554 time=4s
h4_airlines_e ph acc=0.6370 resets=33 new_calls=1613 time=14s
h4_airlines_e ph+half acc=0.6402 resets=26 new_calls=1665 time=13s
h4_airlines_e ph+hedge acc=0.6399 resets=28 new_calls=1687 time=6s
h4_airlines_e kswin acc=0.6361 resets=56 new_calls=1705 time=58s
h4_airlines_e kswin+half acc=0.6392 resets=52 new_calls=1768 time=72s
h4_airlines_e kswin+hedge acc=0.6392 resets=60 new_calls=1782 time=60s
STREAM_DONE 09:39:49 h4_airlines_e_M500
