h4_airlines_d none acc=0.6441 resets=0 new_calls=433 time=114s
h4_airlines_d ddmM acc=0.6438 resets=1 new_calls=437 time=1s
h4_airlines_d ddm acc=0.6438 resets=1 new_calls=437 time=0s
h4_airlines_d ddm+half acc=0.6440 resets=1 new_calls=440 time=1s
h4_airlines_d ddm+hedge acc=0.6440 resets=1 new_calls=440 time=0s
h4_airlines_d eddm acc=0.6437 resets=4 new_calls=440 time=0s
h4_airlines_d eddm+half acc=0.6425 resets=83 new_calls=550 time=29s
h4_airlines_d eddm+hedge acc=0.6428 resets=106 new_calls=574 time=6s
h4_airlines_d fhddm acc=0.6400 resets=47 new_calls=649 time=20s
h4_airlines_d fhddm+half acc=0.6430 resets=39 new_calls=762 time=29s
h4_airlines_d fhddm+hedge acc=0.6425 resets=44 new_calls=766 time=1s
h4_airlines_d hddma acc=0.6412 resets=18 new_calls=780 time=4s
h4_airlines_d hddma+half acc=0.6431 resets=20 new_calls=834 time=14s
h4_airlines_d hddma+hedge acc=0.6436 resets=20 new_calls=838 time=1s
h4_airlines_d hddmw acc=0.6274 resets=159 new_calls=925 time=21s
h4_airlines_d hddmw+half acc=0.6395 resets=172 new_calls=1339 time=95s
h4_airlines_d hddmw+hedge acc=0.6401 resets=170 new_calls=1438 time=26s
h4_airlines_d adwin acc=0.6432 resets=10 new_calls=1441 time=1s
h4_airlines_d adwin+half acc=0.6436 resets=10 new_calls=1465 time=5s
h4_airlines_d adwin+hedge acc=0.6438 resets=10 new_calls=1477 time=2s
h4_airlines_d ph acc=0.6420 resets=28 new_calls=1532 time=12s
h4_airlines_d ph+half acc=0.6433 resets=28 new_calls=1591 time=13s
h4_airlines_d ph+hedge acc=0.6434 resets=26 new_calls=1619 time=6s
h4_airlines_d kswin acc=0.6323 resets=113 new_calls=1665 time=62s
