h2_airlines none acc=0.6833 resets=0 new_calls=665 time=161s
h2_airlines ddmM acc=0.6832 resets=3 new_calls=665 time=0s
h2_airlines ddm acc=0.6832 resets=3 new_calls=665 time=0s
h2_airlines ddm+half acc=0.6832 resets=3 new_calls=671 time=1s
h2_airlines ddm+hedge acc=0.6832 resets=3 new_calls=671 time=0s
h2_airlines eddm acc=0.6815 resets=46 new_calls=671 time=0s
h2_airlines eddm+half acc=0.6832 resets=20 new_calls=706 time=9s
h2_airlines eddm+hedge acc=0.6832 resets=20 new_calls=706 time=0s
h2_airlines fhddm acc=0.6816 resets=27 new_calls=774 time=16s
h2_airlines fhddm+half acc=0.6825 resets=26 new_calls=852 time=18s
h2_airlines fhddm+hedge acc=0.6825 resets=25 new_calls=864 time=3s
h2_airlines hddma acc=0.6826 resets=13 new_calls=876 time=3s
h2_airlines hddma+half acc=0.6832 resets=16 new_calls=921 time=11s
h2_airlines hddma+hedge acc=0.6832 resets=14 new_calls=930 time=2s
h2_airlines hddmw acc=0.6752 resets=92 new_calls=989 time=14s
h2_airlines hddmw+half acc=0.6797 resets=94 new_calls=1220 time=75s
h2_airlines hddmw+hedge acc=0.6807 resets=95 new_calls=1229 time=4s
h2_airlines adwin acc=0.6831 resets=14 new_calls=1245 time=8s
h2_airlines adwin+half acc=0.6832 resets=14 new_calls=1281 time=16s
h2_airlines adwin+hedge acc=0.6832 resets=14 new_calls=1281 time=0s
h2_airlines ph acc=0.6813 resets=29 new_calls=1329 time=24s
h2_airlines ph+half acc=0.6829 resets=26 new_calls=1389 time=31s
h2_airlines ph+hedge acc=0.6831 resets=25 new_calls=1413 time=12s
h2_airlines kswin acc=0.6799 resets=42 new_calls=1440 time=71s
h2_airlines kswin+half acc=0.6823 resets=40 new_calls=1495 time=81s
h2_airlines kswin+hedge acc=0.6823 resets=41 new_calls=1507 time=64s
STREAM_DONE 10:00:22 h2_airlines_M500
bank none acc=0.8992 resets=0 new_calls=238 time=76s
bank ddmM acc=0.8990 resets=10 new_calls=239 time=0s
bank ddm acc=0.8990 resets=10 new_calls=239 time=0s
bank ddm+half acc=0.8992 resets=8 new_calls=260 time=6s
bank ddm+hedge acc=0.8992 resets=10 new_calls=260 time=0s
bank eddm acc=0.8971 resets=64 new_calls=260 time=0s
bank eddm+half acc=0.9001 resets=54 new_calls=402 time=43s
bank eddm+hedge acc=0.8990 resets=66 new_calls=447 time=15s
bank fhddm acc=0.8990 resets=5 new_calls=451 time=1s
bank fhddm+half acc=0.8990 resets=5 new_calls=466 time=5s
bank fhddm+hedge acc=0.8991 resets=5 new_calls=466 time=0s
bank hddma acc=0.8997 resets=4 new_calls=466 time=0s
bank hddma+half acc=0.8994 resets=4 new_calls=474 time=3s
bank hddma+hedge acc=0.8995 resets=5 new_calls=474 time=0s
bank hddmw acc=0.8989 resets=9 new_calls=474 time=0s
bank hddmw+half acc=0.8995 resets=8 new_calls=489 time=5s
bank hddmw+hedge acc=0.8996 resets=9 new_calls=489 time=0s
bank adwin acc=0.9000 resets=9 new_calls=489 time=0s
bank adwin+half acc=0.9000 resets=9 new_calls=507 time=6s
bank adwin+hedge acc=0.8998 resets=9 new_calls=507 time=0s
bank ph acc=0.8991 resets=11 new_calls=507 time=0s
bank ph+half acc=0.8992 resets=11 new_calls=527 time=6s
bank ph+hedge acc=0.8992 resets=11 new_calls=527 time=0s
bank kswin acc=0.8998 resets=4 new_calls=527 time=25s
bank kswin+half acc=0.8996 resets=5 new_calls=527 time=25s
bank kswin+hedge acc=0.8997 resets=4 new_calls=527 time=26s
STREAM_DONE 10:04:27 bank_M500
wall none acc=0.8209 resets=0 new_calls=10 time=8s
wall ddmM acc=0.7175 resets=16 new_calls=12 time=1s
wall ddm acc=0.7211 resets=15 new_calls=12 time=0s
wall ddm+half acc=0.7877 resets=23 new_calls=45 time=13s
wall ddm+hedge acc=0.7883 resets=33 new_calls=46 time=0s
wall eddm acc=0.6057 resets=36 new_calls=46 time=0s
wall eddm+half acc=0.7904 resets=21 new_calls=77 time=14s
wall eddm+hedge acc=0.7868 resets=22 new_calls=83 time=3s
wall fhddm acc=0.7262 resets=15 new_calls=91 time=4s
wall fhddm+half acc=0.8051 resets=11 new_calls=114 time=10s
wall fhddm+hedge acc=0.8117 resets=10 new_calls=119 time=2s
wall hddma acc=0.5947 resets=42 new_calls=119 time=0s
wall hddma+half acc=0.7921 resets=30 new_calls=126 time=3s
wall hddma+hedge acc=0.7892 resets=32 new_calls=126 time=0s
wall hddmw acc=0.6423 resets=24 new_calls=126 time=0s
wall hddmw+half acc=0.8038 resets=19 new_calls=129 time=2s
wall hddmw+hedge acc=0.7860 resets=23 new_calls=131 time=1s
wall adwin acc=0.7247 resets=14 new_calls=131 time=0s
wall adwin+half acc=0.8087 resets=13 new_calls=140 time=5s
wall adwin+hedge acc=0.8119 resets=11 new_calls=143 time=2s
wall ph acc=0.7779 resets=10 new_calls=143 time=0s
wall ph+half acc=0.7977 resets=5 new_calls=147 time=2s
wall ph+hedge acc=0.8194 resets=4 new_calls=147 time=0s
wall kswin acc=0.6813 resets=23 new_calls=147 time=1s
wall kswin+half acc=0.7858 resets=19 new_calls=151 time=3s
wall kswin+hedge acc=0.7949 resets=19 new_calls=151 time=1s
STREAM_DONE 10:05:46 wall_M500
hyperplane_s11 none acc=0.9111 resets=0 new_calls=96 time=51s
hyperplane_s11 ddmM acc=0.9118 resets=7 new_calls=100 time=2s
hyperplane_s11 ddm acc=0.9118 resets=7 new_calls=100 time=0s
hyperplane_s11 ddm+half acc=0.9112 resets=5 new_calls=113 time=6s
hyperplane_s11 ddm+hedge acc=0.9115 resets=15 new_calls=130 time=8s
hyperplane_s11 eddm acc=0.9045 resets=18 new_calls=153 time=9s
hyperplane_s11 eddm+half acc=0.9099 resets=26 new_calls=230 time=28s
hyperplane_s11 eddm+hedge acc=0.9135 resets=31 new_calls=275 time=13s
hyperplane_s11 fhddm acc=0.9111 resets=0 new_calls=275 time=0s
hyperplane_s11 fhddm+half acc=0.9111 resets=0 new_calls=275 time=0s
hyperplane_s11 fhddm+hedge acc=0.9111 resets=0 new_calls=275 time=0s
hyperplane_s11 hddma acc=0.9121 resets=2 new_calls=275 time=0s
hyperplane_s11 hddma+half acc=0.9124 resets=2 new_calls=278 time=1s
hyperplane_s11 hddma+hedge acc=0.9119 resets=2 new_calls=278 time=0s
hyperplane_s11 hddmw acc=0.9111 resets=0 new_calls=278 time=0s
hyperplane_s11 hddmw+half acc=0.9111 resets=0 new_calls=278 time=0s
hyperplane_s11 hddmw+hedge acc=0.9111 resets=0 new_calls=278 time=0s
hyperplane_s11 adwin acc=0.9128 resets=3 new_calls=278 time=0s
hyperplane_s11 adwin+half acc=0.9131 resets=3 new_calls=281 time=1s
hyperplane_s11 adwin+hedge acc=0.9123 resets=3 new_calls=281 time=0s
hyperplane_s11 ph acc=0.9103 resets=1 new_calls=281 time=0s
hyperplane_s11 ph+half acc=0.9108 resets=1 new_calls=281 time=0s
hyperplane_s11 ph+hedge acc=0.9111 resets=1 new_calls=281 time=0s
hyperplane_s11 kswin acc=0.9111 resets=0 new_calls=281 time=11s
hyperplane_s11 kswin+half acc=0.9111 resets=0 new_calls=281 time=11s
hyperplane_s11 kswin+hedge acc=0.9111 resets=0 new_calls=281 time=11s
STREAM_DONE 10:08:22 hyperplane_s11_M500
sea_s10 none acc=0.9804 resets=0 new_calls=115 time=47s
sea_s10 ddmM acc=0.9864 resets=42 new_calls=115 time=0s
sea_s10 ddm acc=0.9864 resets=38 new_calls=115 time=0s
sea_s10 ddm+half acc=0.9826 resets=11 new_calls=143 time=9s
sea_s10 ddm+hedge acc=0.9867 resets=18 new_calls=151 time=3s
sea_s10 eddm acc=0.9842 resets=8 new_calls=151 time=0s
sea_s10 eddm+half acc=0.9832 resets=8 new_calls=171 time=6s
sea_s10 eddm+hedge acc=0.9836 resets=8 new_calls=174 time=1s
sea_s10 fhddm acc=0.9804 resets=0 new_calls=174 time=0s
sea_s10 fhddm+half acc=0.9804 resets=0 new_calls=174 time=0s
sea_s10 fhddm+hedge acc=0.9804 resets=0 new_calls=174 time=0s
sea_s10 hddma acc=0.9812 resets=1 new_calls=174 time=0s
sea_s10 hddma+half acc=0.9811 resets=1 new_calls=174 time=0s
sea_s10 hddma+hedge acc=0.9814 resets=1 new_calls=174 time=0s
sea_s10 hddmw acc=0.9804 resets=0 new_calls=174 time=0s
sea_s10 hddmw+half acc=0.9804 resets=0 new_calls=174 time=0s
sea_s10 hddmw+hedge acc=0.9804 resets=0 new_calls=174 time=0s
sea_s10 adwin acc=0.9851 resets=6 new_calls=174 time=0s
sea_s10 adwin+half acc=0.9827 resets=7 new_calls=180 time=2s
sea_s10 adwin+hedge acc=0.9843 resets=6 new_calls=180 time=0s
sea_s10 ph acc=0.9804 resets=0 new_calls=180 time=0s
sea_s10 ph+half acc=0.9804 resets=0 new_calls=180 time=0s
sea_s10 ph+hedge acc=0.9804 resets=0 new_calls=180 time=0s
sea_s10 kswin acc=0.9804 resets=0 new_calls=180 time=11s
sea_s10 kswin+half acc=0.9804 resets=0 new_calls=180 time=11s
sea_s10 kswin+hedge acc=0.9804 resets=0 new_calls=180 time=11s
STREAM_DONE 10:10:06 sea_s10_M500
sine_s10 none acc=0.8726 resets=0 new_calls=167 time=55s
sine_s10 ddmM acc=0.9467 resets=26 new_calls=167 time=0s
sine_s10 ddm acc=0.9469 resets=25 new_calls=167 time=0s
sine_s10 ddm+half acc=0.9056 resets=11 new_calls=200 time=10s
sine_s10 ddm+hedge acc=0.9470 resets=26 new_calls=217 time=6s
sine_s10 eddm acc=0.9487 resets=12 new_calls=221 time=1s
sine_s10 eddm+half acc=0.9170 resets=21 new_calls=251 time=10s
sine_s10 eddm+hedge acc=0.9478 resets=13 new_calls=258 time=2s
sine_s10 fhddm acc=0.8740 resets=11 new_calls=290 time=10s
sine_s10 fhddm+half acc=0.8756 resets=11 new_calls=323 time=10s
sine_s10 fhddm+hedge acc=0.8746 resets=11 new_calls=323 time=0s
sine_s10 hddma acc=0.9488 resets=11 new_calls=323 time=1s
sine_s10 hddma+half acc=0.9056 resets=11 new_calls=323 time=0s
sine_s10 hddma+hedge acc=0.9477 resets=11 new_calls=323 time=1s
sine_s10 hddmw acc=0.9488 resets=11 new_calls=323 time=0s
sine_s10 hddmw+half acc=0.9056 resets=11 new_calls=323 time=0s
sine_s10 hddmw+hedge acc=0.9477 resets=11 new_calls=323 time=0s
sine_s10 adwin acc=0.9488 resets=11 new_calls=323 time=0s
sine_s10 adwin+half acc=0.9064 resets=22 new_calls=338 time=5s
sine_s10 adwin+hedge acc=0.9477 resets=11 new_calls=338 time=0s
sine_s10 ph acc=0.9488 resets=11 new_calls=338 time=0s
sine_s10 ph+half acc=0.9058 resets=22 new_calls=347 time=2s
sine_s10 ph+hedge acc=0.9477 resets=11 new_calls=347 time=0s
sine_s10 kswin acc=0.9488 resets=11 new_calls=347 time=15s
sine_s10 kswin+half acc=0.9078 resets=19 new_calls=356 time=16s
sine_s10 kswin+hedge acc=0.9477 resets=11 new_calls=356 time=15s
STREAM_DONE 10:12:48 sine_s10_M500
grid_c30_b500_s11 none acc=0.5475 resets=0 new_calls=7 time=5s
grid_c30_b500_s11 ddmM acc=0.7852 resets=11 new_calls=7 time=0s
grid_c30_b500_s11 ddm acc=0.7852 resets=11 new_calls=7 time=0s
grid_c30_b500_s11 ddm+half acc=0.6418 resets=10 new_calls=33 time=7s
grid_c30_b500_s11 ddm+hedge acc=0.7770 resets=11 new_calls=33 time=0s
grid_c30_b500_s11 eddm acc=0.8064 resets=8 new_calls=33 time=0s
grid_c30_b500_s11 eddm+half acc=0.6907 resets=15 new_calls=52 time=6s
grid_c30_b500_s11 eddm+hedge acc=0.7775 resets=9 new_calls=52 time=0s
grid_c30_b500_s11 fhddm acc=0.6007 resets=8 new_calls=62 time=4s
grid_c30_b500_s11 fhddm+half acc=0.5902 resets=8 new_calls=83 time=8s
grid_c30_b500_s11 fhddm+hedge acc=0.6014 resets=8 new_calls=83 time=0s
grid_c30_b500_s11 hddma acc=0.8064 resets=8 new_calls=83 time=0s
grid_c30_b500_s11 hddma+half acc=0.6357 resets=8 new_calls=85 time=1s
grid_c30_b500_s11 hddma+hedge acc=0.7786 resets=8 new_calls=85 time=0s
grid_c30_b500_s11 hddmw acc=0.8064 resets=8 new_calls=85 time=0s
grid_c30_b500_s11 hddmw+half acc=0.6357 resets=8 new_calls=85 time=0s
grid_c30_b500_s11 hddmw+hedge acc=0.7786 resets=8 new_calls=85 time=0s
grid_c30_b500_s11 adwin acc=0.8064 resets=8 new_calls=85 time=0s
grid_c30_b500_s11 adwin+half acc=0.6120 resets=13 new_calls=101 time=6s
grid_c30_b500_s11 adwin+hedge acc=0.7611 resets=11 new_calls=104 time=1s
grid_c30_b500_s11 ph acc=0.8064 resets=8 new_calls=104 time=0s
grid_c30_b500_s11 ph+half acc=0.6161 resets=11 new_calls=111 time=3s
grid_c30_b500_s11 ph+hedge acc=0.7786 resets=8 new_calls=111 time=0s
grid_c30_b500_s11 kswin acc=0.8064 resets=8 new_calls=111 time=2s
grid_c30_b500_s11 kswin+half acc=0.6475 resets=11 new_calls=114 time=3s
grid_c30_b500_s11 kswin+hedge acc=0.7786 resets=8 new_calls=114 time=2s
STREAM_DONE 10:13:38 grid_c30_b500_s11_M500
