insects_abrupt_balanced none acc=0.7667 resets=0 new_calls=353 time=180s
insects_abrupt_balanced ddmM acc=0.7667 resets=0 new_calls=353 time=0s
insects_abrupt_balanced ddm acc=0.7667 resets=0 new_calls=353 time=0s
insects_abrupt_balanced ddm+half acc=0.7667 resets=0 new_calls=353 time=0s
insects_abrupt_balanced ddm+hedge acc=0.7667 resets=0 new_calls=353 time=0s
insects_abrupt_balanced eddm acc=0.7647 resets=44 new_calls=371 time=7s
insects_abrupt_balanced eddm+half acc=0.7663 resets=50 new_calls=485 time=47s
insects_abrupt_balanced eddm+hedge acc=0.7677 resets=61 new_calls=523 time=13s
insects_abrupt_balanced fhddm acc=0.7676 resets=12 new_calls=530 time=1s
insects_abrupt_balanced fhddm+half acc=0.7680 resets=11 new_calls=560 time=11s
insects_abrupt_balanced fhddm+hedge acc=0.7680 resets=11 new_calls=560 time=0s
insects_abrupt_balanced hddma acc=0.7741 resets=11 new_calls=560 time=0s
insects_abrupt_balanced hddma+half acc=0.7701 resets=11 new_calls=591 time=12s
insects_abrupt_balanced hddma+hedge acc=0.7733 resets=11 new_calls=591 time=0s
insects_abrupt_balanced hddmw acc=0.7740 resets=17 new_calls=603 time=5s
insects_abrupt_balanced hddmw+half acc=0.7697 resets=17 new_calls=623 time=8s
insects_abrupt_balanced hddmw+hedge acc=0.7734 resets=17 new_calls=627 time=2s
insects_abrupt_balanced adwin acc=0.7738 resets=12 new_calls=631 time=2s
insects_abrupt_balanced adwin+half acc=0.7698 resets=14 new_calls=648 time=5s
insects_abrupt_balanced adwin+hedge acc=0.7735 resets=12 new_calls=652 time=2s
insects_abrupt_balanced ph acc=0.7734 resets=17 new_calls=674 time=9s
insects_abrupt_balanced ph+half acc=0.7700 resets=16 new_calls=686 time=4s
insects_abrupt_balanced ph+hedge acc=0.7719 resets=16 new_calls=703 time=6s
insects_abrupt_balanced kswin acc=0.7747 resets=11 new_calls=707 time=35s
insects_abrupt_balanced kswin+half acc=0.7701 resets=11 new_calls=710 time=33s
insects_abrupt_balanced kswin+hedge acc=0.7736 resets=12 new_calls=710 time=32s
STREAM_DONE 10:02:05 insects_abrupt_balanced_M500
insects_gradual_balanced none acc=0.7903 resets=0 new_calls=144 time=46s
insects_gradual_balanced ddmM acc=0.7927 resets=4 new_calls=144 time=0s
insects_gradual_balanced ddm acc=0.7927 resets=4 new_calls=144 time=0s
insects_gradual_balanced ddm+half acc=0.7912 resets=4 new_calls=153 time=3s
insects_gradual_balanced ddm+hedge acc=0.7919 resets=4 new_calls=157 time=1s
insects_gradual_balanced eddm acc=0.7918 resets=15 new_calls=161 time=1s
insects_gradual_balanced eddm+half acc=0.7886 resets=21 new_calls=198 time=11s
insects_gradual_balanced eddm+hedge acc=0.7917 resets=20 new_calls=217 time=5s
insects_gradual_balanced fhddm acc=0.7901 resets=6 new_calls=225 time=2s
insects_gradual_balanced fhddm+half acc=0.7906 resets=6 new_calls=242 time=4s
insects_gradual_balanced fhddm+hedge acc=0.7905 resets=6 new_calls=242 time=0s
insects_gradual_balanced hddma acc=0.7980 resets=5 new_calls=242 time=0s
insects_gradual_balanced hddma+half acc=0.7927 resets=5 new_calls=249 time=2s
insects_gradual_balanced hddma+hedge acc=0.7955 resets=5 new_calls=249 time=0s
insects_gradual_balanced hddmw acc=0.7948 resets=10 new_calls=262 time=4s
insects_gradual_balanced hddmw+half acc=0.7919 resets=10 new_calls=280 time=5s
insects_gradual_balanced hddmw+hedge acc=0.7956 resets=10 new_calls=280 time=0s
insects_gradual_balanced adwin acc=0.7940 resets=7 new_calls=284 time=0s
insects_gradual_balanced adwin+half acc=0.7914 resets=7 new_calls=298 time=3s
insects_gradual_balanced adwin+hedge acc=0.7935 resets=7 new_calls=298 time=0s
insects_gradual_balanced ph acc=0.7928 resets=6 new_calls=302 time=1s
insects_gradual_balanced ph+half acc=0.7918 resets=6 new_calls=308 time=1s
insects_gradual_balanced ph+hedge acc=0.7934 resets=7 new_calls=308 time=0s
insects_gradual_balanced kswin acc=0.7915 resets=7 new_calls=312 time=15s
insects_gradual_balanced kswin+half acc=0.7914 resets=8 new_calls=315 time=15s
insects_gradual_balanced kswin+hedge acc=0.7946 resets=8 new_calls=315 time=15s
STREAM_DONE 10:04:22 insects_gradual_balanced_M500
h2_spam none acc=0.9333 resets=0 new_calls=21 time=74s
h2_spam ddmM acc=0.9256 resets=9 new_calls=27 time=15s
h2_spam ddm acc=0.9257 resets=8 new_calls=27 time=0s
h2_spam ddm+half acc=0.9331 resets=4 new_calls=32 time=16s
h2_spam ddm+hedge acc=0.9321 resets=4 new_calls=32 time=0s
h2_spam eddm acc=0.9169 resets=9 new_calls=37 time=11s
h2_spam eddm+half acc=0.9293 resets=7 new_calls=58 time=61s
h2_spam eddm+hedge acc=0.9310 resets=7 new_calls=58 time=0s
h2_spam fhddm acc=0.9297 resets=3 new_calls=58 time=0s
h2_spam fhddm+half acc=0.9313 resets=3 new_calls=67 time=22s
h2_spam fhddm+hedge acc=0.9331 resets=3 new_calls=67 time=0s
h2_spam hddma acc=0.9236 resets=8 new_calls=67 time=0s
h2_spam hddma+half acc=0.9315 resets=8 new_calls=70 time=6s
h2_spam hddma+hedge acc=0.9316 resets=8 new_calls=70 time=0s
h2_spam hddmw acc=0.9269 resets=4 new_calls=70 time=0s
h2_spam hddmw+half acc=0.9320 resets=3 new_calls=70 time=0s
h2_spam hddmw+hedge acc=0.9303 resets=4 new_calls=70 time=0s
h2_spam adwin acc=0.9221 resets=4 new_calls=74 time=5s
h2_spam adwin+half acc=0.9323 resets=3 new_calls=77 time=5s
h2_spam adwin+hedge acc=0.9282 resets=3 new_calls=77 time=0s
h2_spam ph acc=0.9280 resets=2 new_calls=77 time=0s
h2_spam ph+half acc=0.9315 resets=2 new_calls=80 time=7s
h2_spam ph+hedge acc=0.9298 resets=2 new_calls=80 time=0s
h2_spam kswin acc=0.9262 resets=4 new_calls=80 time=3s
h2_spam kswin+half acc=0.9320 resets=3 new_calls=80 time=4s
h2_spam kswin+hedge acc=0.9289 resets=4 new_calls=80 time=3s
STREAM_DONE 10:08:17 h2_spam_M500
rbf_s13 none acc=0.8826 resets=0 new_calls=108 time=42s
rbf_s13 ddmM acc=0.8849 resets=11 new_calls=108 time=0s
rbf_s13 ddm acc=0.8849 resets=11 new_calls=108 time=0s
rbf_s13 ddm+half acc=0.8841 resets=9 new_calls=132 time=8s
rbf_s13 ddm+hedge acc=0.8858 resets=12 new_calls=136 time=1s
rbf_s13 eddm acc=0.8743 resets=39 new_calls=149 time=4s
rbf_s13 eddm+half acc=0.8837 resets=21 new_calls=194 time=13s
rbf_s13 eddm+hedge acc=0.8850 resets=21 new_calls=209 time=4s
rbf_s13 fhddm acc=0.8824 resets=8 new_calls=209 time=0s
rbf_s13 fhddm+half acc=0.8832 resets=8 new_calls=230 time=6s
rbf_s13 fhddm+hedge acc=0.8832 resets=8 new_calls=230 time=0s
rbf_s13 hddma acc=0.8853 resets=8 new_calls=230 time=0s
rbf_s13 hddma+half acc=0.8841 resets=8 new_calls=230 time=0s
rbf_s13 hddma+hedge acc=0.8860 resets=8 new_calls=230 time=0s
rbf_s13 hddmw acc=0.8853 resets=8 new_calls=230 time=0s
rbf_s13 hddmw+half acc=0.8841 resets=8 new_calls=230 time=0s
rbf_s13 hddmw+hedge acc=0.8860 resets=8 new_calls=230 time=0s
rbf_s13 adwin acc=0.8853 resets=8 new_calls=230 time=0s
rbf_s13 adwin+half acc=0.8841 resets=8 new_calls=230 time=0s
rbf_s13 adwin+hedge acc=0.8860 resets=8 new_calls=230 time=0s
rbf_s13 ph acc=0.8853 resets=8 new_calls=230 time=0s
rbf_s13 ph+half acc=0.8837 resets=9 new_calls=236 time=1s
rbf_s13 ph+hedge acc=0.8860 resets=8 new_calls=236 time=0s
rbf_s13 kswin acc=0.8853 resets=8 new_calls=236 time=10s
rbf_s13 kswin+half acc=0.8841 resets=8 new_calls=236 time=10s
rbf_s13 kswin+hedge acc=0.8860 resets=8 new_calls=236 time=10s
STREAM_DONE 10:10:10 rbf_s13_M500
sine_s12 none acc=0.8697 resets=0 new_calls=163 time=56s
sine_s12 ddmM acc=0.9455 resets=25 new_calls=175 time=4s
sine_s12 ddm acc=0.9455 resets=25 new_calls=175 time=0s
sine_s12 ddm+half acc=0.8999 resets=18 new_calls=221 time=14s
sine_s12 ddm+hedge acc=0.9452 resets=27 new_calls=239 time=6s
sine_s12 eddm acc=0.9463 resets=12 new_calls=243 time=1s
sine_s12 eddm+half acc=0.9130 resets=22 new_calls=279 time=12s
sine_s12 eddm+hedge acc=0.9456 resets=12 new_calls=283 time=1s
sine_s12 fhddm acc=0.8695 resets=11 new_calls=316 time=10s
sine_s12 fhddm+half acc=0.8708 resets=11 new_calls=349 time=10s
sine_s12 fhddm+hedge acc=0.8703 resets=11 new_calls=349 time=0s
sine_s12 hddma acc=0.9465 resets=11 new_calls=349 time=1s
sine_s12 hddma+half acc=0.9013 resets=11 new_calls=349 time=0s
sine_s12 hddma+hedge acc=0.9456 resets=11 new_calls=349 time=1s
sine_s12 hddmw acc=0.9465 resets=11 new_calls=349 time=0s
sine_s12 hddmw+half acc=0.9013 resets=11 new_calls=349 time=0s
sine_s12 hddmw+hedge acc=0.9456 resets=11 new_calls=349 time=0s
sine_s12 adwin acc=0.9465 resets=11 new_calls=349 time=0s
sine_s12 adwin+half acc=0.9046 resets=22 new_calls=370 time=5s
sine_s12 adwin+hedge acc=0.9456 resets=11 new_calls=370 time=0s
sine_s12 ph acc=0.9465 resets=11 new_calls=370 time=0s
sine_s12 ph+half acc=0.9025 resets=22 new_calls=379 time=2s
sine_s12 ph+hedge acc=0.9456 resets=11 new_calls=379 time=0s
sine_s12 kswin acc=0.9465 resets=11 new_calls=379 time=15s
sine_s12 kswin+half acc=0.9052 resets=18 new_calls=388 time=17s
sine_s12 kswin+hedge acc=0.9456 resets=11 new_calls=388 time=15s
STREAM_DONE 10:13:02 sine_s12_M500
grid_c100_b2000_s11 none acc=0.7823 resets=0 new_calls=59 time=27s
grid_c100_b2000_s11 ddmM acc=0.8153 resets=8 new_calls=59 time=0s
grid_c100_b2000_s11 ddm acc=0.8153 resets=8 new_calls=59 time=0s
grid_c100_b2000_s11 ddm+half acc=0.7929 resets=8 new_calls=83 time=12s
grid_c100_b2000_s11 ddm+hedge acc=0.8079 resets=8 new_calls=83 time=0s
grid_c100_b2000_s11 eddm acc=0.7473 resets=41 new_calls=83 time=0s
grid_c100_b2000_s11 eddm+half acc=0.7946 resets=26 new_calls=125 time=28s
grid_c100_b2000_s11 eddm+hedge acc=0.7951 resets=20 new_calls=129 time=3s
grid_c100_b2000_s11 fhddm acc=0.6462 resets=58 new_calls=129 time=0s
grid_c100_b2000_s11 fhddm+half acc=0.7829 resets=9 new_calls=146 time=13s
grid_c100_b2000_s11 fhddm+hedge acc=0.7823 resets=11 new_calls=146 time=0s
grid_c100_b2000_s11 hddma acc=0.8153 resets=8 new_calls=146 time=0s
grid_c100_b2000_s11 hddma+half acc=0.7929 resets=8 new_calls=146 time=0s
grid_c100_b2000_s11 hddma+hedge acc=0.8079 resets=8 new_calls=146 time=0s
grid_c100_b2000_s11 hddmw acc=0.8153 resets=8 new_calls=146 time=0s
grid_c100_b2000_s11 hddmw+half acc=0.7929 resets=8 new_calls=146 time=0s
grid_c100_b2000_s11 hddmw+hedge acc=0.8079 resets=8 new_calls=146 time=0s
grid_c100_b2000_s11 adwin acc=0.7304 resets=34 new_calls=158 time=10s
grid_c100_b2000_s11 adwin+half acc=0.7854 resets=17 new_calls=185 time=22s
grid_c100_b2000_s11 adwin+hedge acc=0.8045 resets=18 new_calls=185 time=0s
grid_c100_b2000_s11 ph acc=0.7078 resets=34 new_calls=204 time=17s
grid_c100_b2000_s11 ph+half acc=0.7848 resets=17 new_calls=210 time=5s
grid_c100_b2000_s11 ph+hedge acc=0.8054 resets=17 new_calls=210 time=0s
grid_c100_b2000_s11 kswin acc=0.8028 resets=12 new_calls=210 time=9s
grid_c100_b2000_s11 kswin+half acc=0.7926 resets=10 new_calls=213 time=12s
grid_c100_b2000_s11 kswin+hedge acc=0.8024 resets=13 new_calls=213 time=9s
STREAM_DONE 10:15:56 grid_c100_b2000_s11_M500
