insects_abrupt_imbalanced none acc=0.7970 resets=0 new_calls=1499 time=1545s
insects_abrupt_imbalanced ddmM acc=0.7992 resets=5 new_calls=1544 time=31s
insects_abrupt_imbalanced ddm acc=0.7992 resets=5 new_calls=1544 time=0s
insects_abrupt_imbalanced ddm+half acc=0.7978 resets=6 new_calls=1569 time=21s
insects_abrupt_imbalanced ddm+hedge acc=0.7981 resets=5 new_calls=1587 time=12s
insects_abrupt_imbalanced eddm acc=0.7961 resets=41 new_calls=1710 time=70s
insects_abrupt_imbalanced eddm+half acc=0.7968 resets=26 new_calls=1773 time=47s
insects_abrupt_imbalanced eddm+hedge acc=0.7970 resets=6 new_calls=1796 time=14s
insects_abrupt_imbalanced fhddm acc=0.7977 resets=12 new_calls=1888 time=64s
insects_abrupt_imbalanced fhddm+half acc=0.7981 resets=14 new_calls=1953 time=53s
insects_abrupt_imbalanced fhddm+hedge acc=0.7985 resets=13 new_calls=1974 time=14s
insects_abrupt_imbalanced hddma acc=0.7998 resets=7 new_calls=2019 time=30s
insects_abrupt_imbalanced hddma+half acc=0.7981 resets=6 new_calls=2044 time=20s
insects_abrupt_imbalanced hddma+hedge acc=0.7999 resets=6 new_calls=2048 time=3s
insects_abrupt_imbalanced hddmw acc=0.8001 resets=14 new_calls=2151 time=70s
insects_abrupt_imbalanced hddmw+half acc=0.7977 resets=14 new_calls=2211 time=50s
insects_abrupt_imbalanced hddmw+hedge acc=0.8005 resets=14 new_calls=2211 time=0s
insects_abrupt_imbalanced adwin acc=0.8004 resets=8 new_calls=2240 time=22s
insects_abrupt_imbalanced adwin+half acc=0.7983 resets=10 new_calls=2260 time=16s
insects_abrupt_imbalanced adwin+hedge acc=0.8004 resets=9 new_calls=2282 time=14s
insects_abrupt_imbalanced ph acc=0.7998 resets=17 new_calls=2385 time=72s
insects_abrupt_imbalanced ph+half acc=0.7981 resets=17 new_calls=2420 time=29s
insects_abrupt_imbalanced ph+hedge acc=0.8005 resets=16 new_calls=2465 time=32s
insects_abrupt_imbalanced kswin acc=0.8003 resets=9 new_calls=2499 time=95s
insects_abrupt_imbalanced kswin+half acc=0.7976 resets=8 new_calls=2514 time=87s
