insects_gradual_imbalanced none acc=0.8195 resets=0 new_calls=1432 time=1492s
insects_gradual_imbalanced ddmM acc=0.8194 resets=7 new_calls=1488 time=39s
insects_gradual_imbalanced ddm acc=0.8194 resets=7 new_calls=1488 time=0s
insects_gradual_imbalanced ddm+half acc=0.8198 resets=9 new_calls=1519 time=25s
insects_gradual_imbalanced ddm+hedge acc=0.8197 resets=9 new_calls=1558 time=27s
insects_gradual_imbalanced eddm acc=0.8187 resets=20 new_calls=1646 time=57s
insects_gradual_imbalanced eddm+half acc=0.8187 resets=99 new_calls=1901 time=190s
insects_gradual_imbalanced eddm+hedge acc=0.8194 resets=37 new_calls=2005 time=61s
insects_gradual_imbalanced fhddm acc=0.8191 resets=8 new_calls=2052 time=32s
insects_gradual_imbalanced fhddm+half acc=0.8195 resets=8 new_calls=2082 time=24s
insects_gradual_imbalanced fhddm+hedge acc=0.8196 resets=8 new_calls=2091 time=6s
insects_gradual_imbalanced hddma acc=0.8197 resets=6 new_calls=2138 time=32s
insects_gradual_imbalanced hddma+half acc=0.8196 resets=7 new_calls=2168 time=26s
insects_gradual_imbalanced hddma+hedge acc=0.8201 resets=6 new_calls=2177 time=7s
insects_gradual_imbalanced hddmw acc=0.8196 resets=13 new_calls=2267 time=63s
insects_gradual_imbalanced hddmw+half acc=0.8194 resets=14 new_calls=2309 time=34s
insects_gradual_imbalanced hddmw+hedge acc=0.8204 resets=13 new_calls=2318 time=7s
insects_gradual_imbalanced adwin acc=0.8205 resets=8 new_calls=2363 time=30s
insects_gradual_imbalanced adwin+half acc=0.8197 resets=10 new_calls=2393 time=24s
insects_gradual_imbalanced adwin+hedge acc=0.8207 resets=8 new_calls=2406 time=9s
insects_gradual_imbalanced ph acc=0.8198 resets=13 new_calls=2480 time=50s
insects_gradual_imbalanced ph+half acc=0.8195 resets=15 new_calls=2532 time=38s
insects_gradual_imbalanced ph+hedge acc=0.8203 resets=15 new_calls=2604 time=48s
insects_gradual_imbalanced kswin acc=0.8207 resets=4 new_calls=2617 time=81s
insects_gradual_imbalanced kswin+half acc=0.8198 resets=4 new_calls=2625 time=80s
insects_gradual_imbalanced kswin+hedge acc=0.8207 resets=4 new_calls=2625 time=71s
STREAM_DONE 00:18:40 insects_gradual_imbalanced
h3_poker_b none acc=0.9147 resets=0 new_calls=999 time=495s
h3_poker_b ddmM acc=0.8280 resets=341 new_calls=1764 time=286s
h3_poker_b ddm acc=0.8278 resets=339 new_calls=1768 time=2s
h3_poker_b ddm+half acc=0.8827 resets=387 new_calls=2469 time=344s
h3_poker_b ddm+hedge acc=0.9087 resets=305 new_calls=2951 time=178s
h3_poker_b eddm acc=0.7739 resets=429 new_calls=3506 time=183s
h3_poker_b eddm+half acc=0.8940 resets=196 new_calls=3844 time=153s
h3_poker_b eddm+hedge acc=0.9141 resets=157 new_calls=4153 time=106s
h3_poker_b fhddm acc=0.8364 resets=173 new_calls=4692 time=169s
h3_poker_b fhddm+half acc=0.9032 resets=110 new_calls=5005 time=135s
h3_poker_b fhddm+hedge acc=0.9157 resets=94 new_calls=5152 time=62s
h3_poker_b hddma acc=0.7905 resets=495 new_calls=5311 time=52s
h3_poker_b hddma+half acc=0.8837 resets=340 new_calls=5417 time=50s
h3_poker_b hddma+hedge acc=0.9126 resets=223 new_calls=5493 time=33s
h3_poker_b hddmw acc=0.8036 resets=302 new_calls=5622 time=46s
h3_poker_b hddmw+half acc=0.9003 resets=176 new_calls=5692 time=28s
h3_poker_b hddmw+hedge acc=0.9144 resets=148 new_calls=5751 time=21s
h3_poker_b adwin acc=0.8211 resets=215 new_calls=6061 time=96s
h3_poker_b adwin+half acc=0.8969 resets=165 new_calls=6255 time=83s
h3_poker_b adwin+hedge acc=0.9146 resets=146 new_calls=6366 time=39s
h3_poker_b ph acc=0.8417 resets=139 new_calls=6645 time=101s
h3_poker_b ph+half acc=0.9069 resets=94 new_calls=6744 time=45s
h3_poker_b ph+hedge acc=0.9191 resets=84 new_calls=6861 time=40s
h3_poker_b kswin acc=0.8177 resets=244 new_calls=6917 time=50s
h3_poker_b kswin+half acc=0.9050 resets=133 new_calls=6934 time=46s
h3_poker_b kswin+hedge acc=0.9169 resets=126 new_calls=6950 time=46s
STREAM_DONE 01:06:52 h3_poker_b
insects_incremental_balanced none acc=0.6787 resets=0 new_calls=569 time=614s
insects_incremental_balanced ddmM acc=0.6785 resets=2 new_calls=587 time=14s
insects_incremental_balanced ddm acc=0.6785 resets=2 new_calls=587 time=0s
insects_incremental_balanced ddm+half acc=0.6785 resets=2 new_calls=597 time=9s
insects_incremental_balanced ddm+hedge acc=0.6793 resets=2 new_calls=606 time=7s
insects_incremental_balanced eddm acc=0.6740 resets=30 new_calls=662 time=34s
insects_incremental_balanced eddm+half acc=0.6778 resets=33 new_calls=706 time=36s
insects_incremental_balanced eddm+hedge acc=0.6789 resets=12 new_calls=718 time=8s
insects_incremental_balanced fhddm acc=0.6745 resets=12 new_calls=823 time=74s
insects_incremental_balanced fhddm+half acc=0.6784 resets=9 new_calls=860 time=31s
insects_incremental_balanced fhddm+hedge acc=0.6781 resets=11 new_calls=860 time=0s
insects_incremental_balanced hddma acc=0.6780 resets=1 new_calls=869 time=7s
insects_incremental_balanced hddma+half acc=0.6784 resets=1 new_calls=874 time=4s
insects_incremental_balanced hddma+hedge acc=0.6785 resets=1 new_calls=874 time=0s
insects_incremental_balanced hddmw acc=0.6731 resets=21 new_calls=1030 time=113s
insects_incremental_balanced hddmw+half acc=0.6773 resets=19 new_calls=1117 time=72s
insects_incremental_balanced hddmw+hedge acc=0.6789 resets=23 new_calls=1145 time=20s
insects_incremental_balanced adwin acc=0.6769 resets=4 new_calls=1176 time=20s
insects_incremental_balanced adwin+half acc=0.6786 resets=3 new_calls=1190 time=11s
insects_incremental_balanced adwin+hedge acc=0.6784 resets=3 new_calls=1203 time=8s
insects_incremental_balanced ph acc=0.6758 resets=11 new_calls=1272 time=47s
insects_incremental_balanced ph+half acc=0.6778 resets=9 new_calls=1317 time=38s
insects_incremental_balanced ph+hedge acc=0.6785 resets=9 new_calls=1361 time=29s
insects_incremental_balanced kswin acc=0.6759 resets=9 new_calls=1403 time=56s
insects_incremental_balanced kswin+half acc=0.6779 resets=8 new_calls=1421 time=43s
insects_incremental_balanced kswin+hedge acc=0.6788 resets=8 new_calls=1436 time=39s
STREAM_DONE 01:29:09 insects_incremental_balanced
RESTART 01:38:27 after WSL poweroff at 01:35:57
STREAM_DONE 01:38:28 home
STREAM_DONE 01:38:30 h4_poker_d
STREAM_DONE 01:38:31 h3_poker_c
STREAM_DONE 01:38:33 h3_covertype_b
STREAM_DONE 01:38:34 chest
elec2 adwin+half acc=0.8049 resets=58 new_calls=36 time=17s
elec2 adwin+hedge acc=0.8037 resets=57 new_calls=97 time=24s
elec2 ph acc=0.8022 resets=36 new_calls=183 time=35s
elec2 ph+half acc=0.8038 resets=37 new_calls=248 time=25s
elec2 ph+hedge acc=0.8081 resets=34 new_calls=315 time=22s
elec2 kswin acc=0.7926 resets=128 new_calls=361 time=28s
elec2 kswin+half acc=0.8039 resets=115 new_calls=407 time=33s
elec2 kswin+hedge acc=0.8034 resets=115 new_calls=426 time=20s
STREAM_DONE 01:42:00 elec2
h2_phishing none acc=0.9506 resets=0 new_calls=109 time=120s
h2_phishing ddmM acc=0.9506 resets=0 new_calls=109 time=0s
h2_phishing ddm acc=0.9506 resets=0 new_calls=109 time=0s
h2_phishing ddm+half acc=0.9506 resets=0 new_calls=109 time=0s
h2_phishing ddm+hedge acc=0.9506 resets=0 new_calls=109 time=0s
h2_phishing eddm acc=0.9487 resets=3 new_calls=129 time=12s
h2_phishing eddm+half acc=0.9484 resets=12 new_calls=188 time=59s
h2_phishing eddm+hedge acc=0.9519 resets=12 new_calls=270 time=67s
h2_phishing fhddm acc=0.9506 resets=0 new_calls=270 time=0s
h2_phishing fhddm+half acc=0.9506 resets=0 new_calls=270 time=0s
h2_phishing fhddm+hedge acc=0.9506 resets=0 new_calls=270 time=0s
h2_phishing hddma acc=0.9506 resets=0 new_calls=270 time=0s
h2_phishing hddma+half acc=0.9506 resets=0 new_calls=270 time=0s
h2_phishing hddma+hedge acc=0.9506 resets=0 new_calls=270 time=0s
h2_phishing hddmw acc=0.9506 resets=0 new_calls=270 time=0s
h2_phishing hddmw+half acc=0.9506 resets=0 new_calls=270 time=0s
h2_phishing hddmw+hedge acc=0.9506 resets=0 new_calls=270 time=0s
h2_phishing adwin acc=0.9506 resets=0 new_calls=270 time=0s
h2_phishing adwin+half acc=0.9506 resets=0 new_calls=270 time=0s
h2_phishing adwin+hedge acc=0.9506 resets=0 new_calls=270 time=0s
h2_phishing ph acc=0.9506 resets=0 new_calls=270 time=0s
h2_phishing ph+half acc=0.9506 resets=0 new_calls=270 time=0s
h2_phishing ph+hedge acc=0.9506 resets=0 new_calls=270 time=0s
h2_phishing kswin acc=0.9506 resets=0 new_calls=270 time=5s
h2_phishing kswin+half acc=0.9506 resets=0 new_calls=270 time=5s
h2_phishing kswin+hedge acc=0.9506 resets=0 new_calls=270 time=6s
STREAM_DONE 01:46:38 h2_phishing
agrawal_s14 none acc=0.8605 resets=0 new_calls=239 time=128s
agrawal_s14 ddmM acc=0.9613 resets=19 new_calls=346 time=38s
agrawal_s14 ddm acc=0.9617 resets=17 new_calls=354 time=3s
agrawal_s14 ddm+half acc=0.8820 resets=12 new_calls=410 time=23s
agrawal_s14 ddm+hedge acc=0.9579 resets=13 new_calls=443 time=13s
agrawal_s14 eddm acc=0.9628 resets=12 new_calls=456 time=3s
agrawal_s14 eddm+half acc=0.9022 resets=27 new_calls=500 time=14s
agrawal_s14 eddm+hedge acc=0.9567 resets=14 new_calls=527 time=8s
agrawal_s14 fhddm acc=0.8590 resets=12 new_calls=628 time=25s
agrawal_s14 fhddm+half acc=0.8680 resets=11 new_calls=653 time=10s
agrawal_s14 fhddm+hedge acc=0.8632 resets=11 new_calls=660 time=3s
agrawal_s14 hddma acc=0.9635 resets=11 new_calls=664 time=2s
agrawal_s14 hddma+half acc=0.8805 resets=11 new_calls=668 time=2s
agrawal_s14 hddma+hedge acc=0.9588 resets=11 new_calls=668 time=0s
agrawal_s14 hddmw acc=0.9635 resets=11 new_calls=668 time=0s
agrawal_s14 hddmw+half acc=0.8805 resets=11 new_calls=668 time=0s
agrawal_s14 hddmw+hedge acc=0.9588 resets=11 new_calls=668 time=0s
agrawal_s14 adwin acc=0.9614 resets=13 new_calls=682 time=5s
agrawal_s14 adwin+half acc=0.8832 resets=22 new_calls=707 time=11s
agrawal_s14 adwin+hedge acc=0.9567 resets=18 new_calls=754 time=18s
agrawal_s14 ph acc=0.9481 resets=12 new_calls=779 time=9s
agrawal_s14 ph+half acc=0.8933 resets=22 new_calls=815 time=15s
agrawal_s14 ph+hedge acc=0.9473 resets=15 new_calls=842 time=8s
agrawal_s14 kswin acc=0.9546 resets=10 new_calls=842 time=12s
agrawal_s14 kswin+half acc=0.8790 resets=12 new_calls=842 time=12s
agrawal_s14 kswin+hedge acc=0.9498 resets=11 new_calls=842 time=11s
STREAM_DONE 01:52:54 agrawal_s14
rbf_s10 none acc=0.9108 resets=0 new_calls=179 time=104s
rbf_s10 ddmM acc=0.9159 resets=16 new_calls=259 time=30s
rbf_s10 ddm acc=0.9159 resets=16 new_calls=259 time=0s
rbf_s10 ddm+half acc=0.9128 resets=16 new_calls=312 time=21s
rbf_s10 ddm+hedge acc=0.9164 resets=18 new_calls=358 time=12s
rbf_s10 eddm acc=0.9156 resets=19 new_calls=448 time=20s
rbf_s10 eddm+half acc=0.9137 resets=16 new_calls=488 time=14s
rbf_s10 eddm+hedge acc=0.9169 resets=22 new_calls=544 time=19s
rbf_s10 fhddm acc=0.9129 resets=8 new_calls=570 time=10s
rbf_s10 fhddm+half acc=0.9112 resets=8 new_calls=597 time=12s
rbf_s10 fhddm+hedge acc=0.9151 resets=8 new_calls=597 time=0s
rbf_s10 hddma acc=0.9187 resets=8 new_calls=600 time=2s
rbf_s10 hddma+half acc=0.9126 resets=8 new_calls=605 time=3s
rbf_s10 hddma+hedge acc=0.9182 resets=8 new_calls=605 time=0s
rbf_s10 hddmw acc=0.9187 resets=8 new_calls=605 time=0s
rbf_s10 hddmw+half acc=0.9126 resets=8 new_calls=605 time=0s
rbf_s10 hddmw+hedge acc=0.9182 resets=8 new_calls=605 time=0s
rbf_s10 adwin acc=0.9187 resets=8 new_calls=605 time=0s
rbf_s10 adwin+half acc=0.9126 resets=8 new_calls=605 time=0s
rbf_s10 adwin+hedge acc=0.9182 resets=8 new_calls=605 time=0s
rbf_s10 ph acc=0.9187 resets=8 new_calls=605 time=0s
rbf_s10 ph+half acc=0.9126 resets=8 new_calls=605 time=0s
rbf_s10 ph+hedge acc=0.9182 resets=8 new_calls=605 time=0s
rbf_s10 kswin acc=0.9187 resets=8 new_calls=605 time=8s
rbf_s10 kswin+half acc=0.9126 resets=8 new_calls=605 time=8s
rbf_s10 kswin+hedge acc=0.9182 resets=8 new_calls=605 time=9s
STREAM_DONE 01:57:28 rbf_s10
sea_s10 none acc=0.9696 resets=0 new_calls=179 time=72s
sea_s10 ddmM acc=0.9872 resets=32 new_calls=288 time=38s
sea_s10 ddm acc=0.9874 resets=29 new_calls=296 time=3s
sea_s10 ddm+half acc=0.9749 resets=17 new_calls=347 time=18s
sea_s10 ddm+hedge acc=0.9854 resets=23 new_calls=419 time=22s
sea_s10 eddm acc=0.9833 resets=8 new_calls=470 time=14s
sea_s10 eddm+half acc=0.9756 resets=9 new_calls=503 time=9s
sea_s10 eddm+hedge acc=0.9840 resets=8 new_calls=524 time=5s
sea_s10 fhddm acc=0.9696 resets=0 new_calls=524 time=0s
sea_s10 fhddm+half acc=0.9696 resets=0 new_calls=524 time=0s
sea_s10 fhddm+hedge acc=0.9696 resets=0 new_calls=524 time=0s
sea_s10 hddma acc=0.9761 resets=3 new_calls=542 time=4s
sea_s10 hddma+half acc=0.9732 resets=3 new_calls=547 time=2s
sea_s10 hddma+hedge acc=0.9764 resets=3 new_calls=547 time=0s
sea_s10 hddmw acc=0.9696 resets=0 new_calls=547 time=0s
sea_s10 hddmw+half acc=0.9696 resets=0 new_calls=547 time=0s
sea_s10 hddmw+hedge acc=0.9696 resets=0 new_calls=547 time=0s
sea_s10 adwin acc=0.9863 resets=8 new_calls=547 time=0s
sea_s10 adwin+half acc=0.9753 resets=11 new_calls=582 time=9s
sea_s10 adwin+hedge acc=0.9853 resets=8 new_calls=582 time=0s
sea_s10 ph acc=0.9730 resets=3 new_calls=608 time=7s
sea_s10 ph+half acc=0.9720 resets=3 new_calls=613 time=1s
sea_s10 ph+hedge acc=0.9719 resets=3 new_calls=622 time=3s
sea_s10 kswin acc=0.9696 resets=0 new_calls=622 time=9s
sea_s10 kswin+half acc=0.9696 resets=0 new_calls=622 time=9s
sea_s10 kswin+hedge acc=0.9696 resets=0 new_calls=622 time=9s
STREAM_DONE 02:01:24 sea_s10
sine_s13 none acc=0.7730 resets=0 new_calls=239 time=103s
sine_s13 ddmM acc=0.9499 resets=26 new_calls=367 time=39s
sine_s13 ddm acc=0.9499 resets=26 new_calls=367 time=0s
sine_s13 ddm+half acc=0.8092 resets=12 new_calls=422 time=17s
sine_s13 ddm+hedge acc=0.9469 resets=20 new_calls=487 time=20s
sine_s13 eddm acc=0.9512 resets=11 new_calls=503 time=5s
sine_s13 eddm+half acc=0.8353 resets=20 new_calls=545 time=13s
sine_s13 eddm+hedge acc=0.9478 resets=11 new_calls=545 time=0s
sine_s13 fhddm acc=0.7786 resets=11 new_calls=640 time=19s
sine_s13 fhddm+half acc=0.7809 resets=11 new_calls=675 time=6s
sine_s13 fhddm+hedge acc=0.7793 resets=11 new_calls=675 time=0s
sine_s13 hddma acc=0.9512 resets=11 new_calls=675 time=0s
sine_s13 hddma+half acc=0.8092 resets=11 new_calls=675 time=0s
sine_s13 hddma+hedge acc=0.9478 resets=11 new_calls=675 time=0s
sine_s13 hddmw acc=0.9512 resets=11 new_calls=675 time=0s
sine_s13 hddmw+half acc=0.8092 resets=11 new_calls=675 time=0s
sine_s13 hddmw+hedge acc=0.9478 resets=11 new_calls=675 time=0s
sine_s13 adwin acc=0.9512 resets=11 new_calls=675 time=0s
sine_s13 adwin+half acc=0.8220 resets=22 new_calls=675 time=0s
sine_s13 adwin+hedge acc=0.9475 resets=15 new_calls=707 time=4s
sine_s13 ph acc=0.9512 resets=11 new_calls=707 time=0s
sine_s13 ph+half acc=0.8183 resets=22 new_calls=707 time=0s
sine_s13 ph+hedge acc=0.9478 resets=12 new_calls=715 time=1s
sine_s13 kswin acc=0.9512 resets=11 new_calls=715 time=12s
sine_s13 kswin+half acc=0.8189 resets=17 new_calls=720 time=12s
sine_s13 kswin+hedge acc=0.9478 resets=11 new_calls=720 time=11s
STREAM_DONE 02:05:50 sine_s13
grid_c5_b2000_s11 none acc=0.8178 resets=0 new_calls=179 time=95s
grid_c5_b2000_s11 ddmM acc=0.9642 resets=30 new_calls=307 time=43s
grid_c5_b2000_s11 ddm acc=0.9642 resets=30 new_calls=307 time=0s
grid_c5_b2000_s11 ddm+half acc=0.8582 resets=18 new_calls=365 time=22s
grid_c5_b2000_s11 ddm+hedge acc=0.9584 resets=22 new_calls=411 time=18s
grid_c5_b2000_s11 eddm acc=0.9657 resets=8 new_calls=442 time=14s
grid_c5_b2000_s11 eddm+half acc=0.8810 resets=15 new_calls=474 time=15s
grid_c5_b2000_s11 eddm+hedge acc=0.9653 resets=8 new_calls=474 time=0s
grid_c5_b2000_s11 fhddm acc=0.8170 resets=8 new_calls=544 time=25s
grid_c5_b2000_s11 fhddm+half acc=0.8179 resets=8 new_calls=572 time=11s
grid_c5_b2000_s11 fhddm+hedge acc=0.8173 resets=8 new_calls=572 time=0s
grid_c5_b2000_s11 hddma acc=0.9657 resets=8 new_calls=572 time=0s
grid_c5_b2000_s11 hddma+half acc=0.8554 resets=8 new_calls=581 time=4s
grid_c5_b2000_s11 hddma+hedge acc=0.9653 resets=8 new_calls=581 time=0s
grid_c5_b2000_s11 hddmw acc=0.9623 resets=8 new_calls=590 time=3s
grid_c5_b2000_s11 hddmw+half acc=0.8536 resets=8 new_calls=595 time=3s
grid_c5_b2000_s11 hddmw+hedge acc=0.9620 resets=8 new_calls=595 time=0s
grid_c5_b2000_s11 adwin acc=0.9657 resets=8 new_calls=595 time=0s
grid_c5_b2000_s11 adwin+half acc=0.8515 resets=16 new_calls=609 time=5s
grid_c5_b2000_s11 adwin+hedge acc=0.9653 resets=8 new_calls=609 time=0s
grid_c5_b2000_s11 ph acc=0.9602 resets=8 new_calls=613 time=1s
grid_c5_b2000_s11 ph+half acc=0.8555 resets=16 new_calls=623 time=4s
grid_c5_b2000_s11 ph+hedge acc=0.9600 resets=8 new_calls=623 time=0s
grid_c5_b2000_s11 kswin acc=0.9484 resets=6 new_calls=623 time=8s
grid_c5_b2000_s11 kswin+half acc=0.8511 resets=12 new_calls=623 time=8s
grid_c5_b2000_s11 kswin+hedge acc=0.9482 resets=6 new_calls=623 time=9s
STREAM_DONE 02:10:41 grid_c5_b2000_s11
CHAIN_DONE 02:10:41
