kdd none acc=0.9894 resets=0 new_calls=999 time=307s
kdd ddmM acc=0.9863 resets=56 new_calls=1269 time=132s
kdd ddm acc=0.9863 resets=55 new_calls=1270 time=1s
kdd ddm+half acc=0.9890 resets=53 new_calls=1445 time=136s
kdd ddm+hedge acc=0.9888 resets=51 new_calls=1477 time=16s
kdd eddm acc=0.9874 resets=23 new_calls=1542 time=44s
kdd eddm+half acc=0.9889 resets=21 new_calls=1573 time=26s
kdd eddm+hedge acc=0.9889 resets=21 new_calls=1587 time=10s
kdd fhddm acc=0.9862 resets=19 new_calls=1680 time=18s
kdd fhddm+half acc=0.9889 resets=14 new_calls=1730 time=41s
kdd fhddm+hedge acc=0.9869 resets=19 new_calls=1730 time=0s
kdd hddma acc=0.9875 resets=35 new_calls=1734 time=6s
kdd hddma+half acc=0.9890 resets=32 new_calls=1743 time=11s
kdd hddma+hedge acc=0.9890 resets=33 new_calls=1743 time=2s
kdd hddmw acc=0.9874 resets=30 new_calls=1758 time=9s
kdd hddmw+half acc=0.9890 resets=26 new_calls=1761 time=4s
kdd hddmw+hedge acc=0.9890 resets=26 new_calls=1761 time=1s
kdd adwin acc=0.9875 resets=34 new_calls=1814 time=5s
kdd adwin+half acc=0.9890 resets=30 new_calls=1834 time=14s
kdd adwin+hedge acc=0.9890 resets=31 new_calls=1849 time=1s
kdd ph acc=0.9894 resets=11 new_calls=1890 time=5s
kdd ph+half acc=0.9894 resets=11 new_calls=1907 time=3s
kdd ph+hedge acc=0.9895 resets=11 new_calls=1916 time=0s
kdd kswin acc=0.9874 resets=27 new_calls=1916 time=44s
kdd kswin+half acc=0.9890 resets=25 new_calls=1916 time=43s
kdd kswin+hedge acc=0.9890 resets=25 new_calls=1916 time=42s
STREAM_DONE 23:51:30 kdd
h4_airlines_d none acc=0.6656 resets=0 new_calls=999 time=591s
h4_airlines_d ddmM acc=0.6647 resets=4 new_calls=1027 time=11s
h4_airlines_d ddm acc=0.6647 resets=4 new_calls=1027 time=0s
h4_airlines_d ddm+half acc=0.6656 resets=1 new_calls=1032 time=3s
h4_airlines_d ddm+hedge acc=0.6653 resets=4 new_calls=1041 time=3s
h4_airlines_d eddm acc=0.6654 resets=3 new_calls=1052 time=4s
h4_airlines_d eddm+half acc=0.6636 resets=95 new_calls=1190 time=55s
h4_airlines_d eddm+hedge acc=0.6649 resets=43 new_calls=1279 time=31s
h4_airlines_d fhddm acc=0.6616 resets=38 new_calls=1578 time=114s
h4_airlines_d fhddm+half acc=0.6652 resets=30 new_calls=1721 time=61s
h4_airlines_d fhddm+hedge acc=0.6646 resets=30 new_calls=1778 time=23s
h4_airlines_d hddma acc=0.6631 resets=13 new_calls=1891 time=43s
h4_airlines_d hddma+half acc=0.6655 resets=4 new_calls=1911 time=9s
h4_airlines_d hddma+hedge acc=0.6655 resets=5 new_calls=1929 time=7s
h4_airlines_d hddmw acc=0.6415 resets=153 new_calls=2644 time=258s
h4_airlines_d hddmw+half acc=0.6600 resets=144 new_calls=3133 time=190s
h4_airlines_d hddmw+hedge acc=0.6611 resets=154 new_calls=3524 time=102s
