home none acc=0.9764 resets=0 new_calls=999 time=126s
home ddmM acc=0.9847 resets=33 new_calls=1217 time=41s
home ddm acc=0.9847 resets=33 new_calls=1217 time=0s
home ddm+half acc=0.9792 resets=45 new_calls=1358 time=53s
home ddm+hedge acc=0.9841 resets=33 new_calls=1416 time=8s
home eddm acc=0.9838 resets=23 new_calls=1429 time=2s
home eddm+half acc=0.9780 resets=30 new_calls=1451 time=11s
home eddm+hedge acc=0.9834 resets=24 new_calls=1460 time=0s
home fhddm acc=0.9826 resets=19 new_calls=1593 time=0s
home fhddm+half acc=0.9787 resets=24 new_calls=1686 time=35s
home fhddm+hedge acc=0.9826 resets=19 new_calls=1686 time=0s
home hddma acc=0.9853 resets=28 new_calls=1686 time=2s
home hddma+half acc=0.9793 resets=41 new_calls=1686 time=2s
home hddma+hedge acc=0.9843 resets=28 new_calls=1686 time=2s
home hddmw acc=0.9848 resets=27 new_calls=1686 time=0s
home hddmw+half acc=0.9789 resets=36 new_calls=1689 time=2s
home hddmw+hedge acc=0.9843 resets=27 new_calls=1689 time=1s
home adwin acc=0.9847 resets=27 new_calls=1707 time=0s
home adwin+half acc=0.9781 resets=35 new_calls=1729 time=3s
home adwin+hedge acc=0.9843 resets=27 new_calls=1730 time=0s
home ph acc=0.9823 resets=19 new_calls=1752 time=0s
home ph+half acc=0.9788 resets=24 new_calls=1762 time=2s
home ph+hedge acc=0.9825 resets=20 new_calls=1780 time=0s
home kswin acc=0.9841 resets=27 new_calls=1780 time=38s
home kswin+half acc=0.9783 resets=32 new_calls=1782 time=39s
home kswin+hedge acc=0.9836 resets=27 new_calls=1782 time=38s
STREAM_DONE 23:42:56 home
h4_covertype_e none acc=0.9731 resets=0 new_calls=999 time=929s
h4_covertype_e ddmM acc=0.9678 resets=8 new_calls=1016 time=9s
h4_covertype_e ddm acc=0.9678 resets=8 new_calls=1016 time=0s
h4_covertype_e ddm+half acc=0.9729 resets=16 new_calls=1039 time=16s
h4_covertype_e ddm+hedge acc=0.9723 resets=31 new_calls=1123 time=47s
h4_covertype_e eddm acc=0.5913 resets=666 new_calls=1985 time=372s
h4_covertype_e eddm+half acc=0.9714 resets=46 new_calls=2195 time=150s
h4_covertype_e eddm+hedge acc=0.9719 resets=76 new_calls=2721 time=321s
