h4_poker_e none acc=0.8945 resets=0 new_calls=999 time=499s
h4_poker_e ddmM acc=0.8131 resets=405 new_calls=1839 time=285s
h4_poker_e ddm acc=0.8124 resets=404 new_calls=1846 time=3s
h4_poker_e ddm+half acc=0.8658 resets=422 new_calls=2601 time=377s
h4_poker_e ddm+hedge acc=0.8887 resets=374 new_calls=3094 time=204s
h4_poker_e eddm acc=0.7760 resets=430 new_calls=3611 time=184s
h4_poker_e eddm+half acc=0.8703 resets=242 new_calls=4051 time=184s
h4_poker_e eddm+hedge acc=0.8954 resets=196 new_calls=4384 time=123s
h4_poker_e fhddm acc=0.8182 resets=199 new_calls=4856 time=162s
h4_poker_e fhddm+half acc=0.8779 resets=140 new_calls=5235 time=161s
h4_poker_e fhddm+hedge acc=0.8940 resets=120 new_calls=5398 time=58s
h4_poker_e hddma acc=0.7883 resets=456 new_calls=5519 time=38s
h4_poker_e hddma+half acc=0.8685 resets=338 new_calls=5618 time=39s
h4_poker_e hddma+hedge acc=0.8921 resets=292 new_calls=5706 time=26s
h4_poker_e hddmw acc=0.7913 resets=332 new_calls=5809 time=28s
h4_poker_e hddmw+half acc=0.8771 resets=226 new_calls=5891 time=28s
h4_poker_e hddmw+hedge acc=0.8938 resets=197 new_calls=5935 time=13s
h4_poker_e adwin acc=0.8015 resets=236 new_calls=6231 time=70s
h4_poker_e adwin+half acc=0.8734 resets=193 new_calls=6379 time=53s
h4_poker_e adwin+hedge acc=0.8927 resets=181 new_calls=6543 time=55s
h4_poker_e ph acc=0.8355 resets=136 new_calls=6807 time=98s
h4_poker_e ph+half acc=0.8822 resets=110 new_calls=6921 time=52s
h4_poker_e ph+hedge acc=0.8960 resets=106 new_calls=7061 time=52s
h4_poker_e kswin acc=0.8028 resets=266 new_calls=7135 time=56s
h4_poker_e kswin+half acc=0.8816 resets=176 new_calls=7158 time=48s
h4_poker_e kswin+hedge acc=0.8932 resets=170 new_calls=7169 time=42s
STREAM_DONE 00:25:07 h4_poker_e
h3_covertype_b none acc=0.9672 resets=0 new_calls=999 time=891s
h3_covertype_b ddmM acc=0.9567 resets=16 new_calls=1044 time=24s
h3_covertype_b ddm acc=0.9567 resets=16 new_calls=1044 time=0s
h3_covertype_b ddm+half acc=0.9665 resets=151 new_calls=1356 time=191s
h3_covertype_b ddm+hedge acc=0.9669 resets=41 new_calls=1463 time=52s
h3_covertype_b eddm acc=0.9435 resets=60 new_calls=1554 time=42s
h3_covertype_b eddm+half acc=0.9657 resets=79 new_calls=1896 time=229s
h3_covertype_b eddm+hedge acc=0.9666 resets=78 new_calls=2446 time=312s
h3_covertype_b fhddm acc=0.9656 resets=4 new_calls=2459 time=6s
h3_covertype_b fhddm+half acc=0.9672 resets=1 new_calls=2459 time=0s
h3_covertype_b fhddm+hedge acc=0.9672 resets=1 new_calls=2466 time=3s
h3_covertype_b hddma acc=0.7350 resets=469 new_calls=3029 time=237s
h3_covertype_b hddma+half acc=0.9664 resets=52 new_calls=3175 time=96s
h3_covertype_b hddma+hedge acc=0.9668 resets=49 new_calls=3361 time=107s
h3_covertype_b hddmw acc=0.8650 resets=138 new_calls=3495 time=64s
h3_covertype_b hddmw+half acc=0.9671 resets=15 new_calls=3509 time=13s
h3_covertype_b hddmw+hedge acc=0.9671 resets=15 new_calls=3543 time=21s
h3_covertype_b adwin acc=0.7154 resets=313 new_calls=4093 time=216s
h3_covertype_b adwin+half acc=0.9669 resets=19 new_calls=4118 time=17s
h3_covertype_b adwin+hedge acc=0.9670 resets=19 new_calls=4153 time=21s
h3_covertype_b ph acc=0.7336 resets=254 new_calls=4694 time=279s
h3_covertype_b ph+half acc=0.9671 resets=8 new_calls=4712 time=15s
h3_covertype_b ph+hedge acc=0.9670 resets=8 new_calls=4751 time=25s
h3_covertype_b kswin acc=0.9452 resets=42 new_calls=4766 time=52s
h3_covertype_b kswin+half acc=0.9672 resets=7 new_calls=4766 time=48s
h3_covertype_b kswin+hedge acc=0.9672 resets=7 new_calls=4766 time=49s
STREAM_DONE 01:15:20 h3_covertype_b
elec2 none acc=0.8056 resets=0 new_calls=452 time=255s
elec2 ddmM acc=0.8027 resets=104 new_calls=657 time=73s
elec2 ddm acc=0.8033 resets=100 new_calls=665 time=3s
elec2 ddm+half acc=0.8071 resets=165 new_calls=965 time=126s
elec2 ddm+hedge acc=0.8035 resets=230 new_calls=1257 time=99s
elec2 eddm acc=0.7883 resets=204 new_calls=1523 time=91s
elec2 eddm+half acc=0.8021 resets=191 new_calls=1823 time=116s
elec2 eddm+hedge acc=0.8043 resets=189 new_calls=1933 time=34s
elec2 fhddm acc=0.7977 resets=74 new_calls=2193 time=89s
elec2 fhddm+half acc=0.8058 resets=72 new_calls=2402 time=87s
elec2 fhddm+hedge acc=0.8045 resets=70 new_calls=2464 time=26s
elec2 hddma acc=0.7902 resets=214 new_calls=2527 time=22s
elec2 hddma+half acc=0.8042 resets=196 new_calls=2636 time=50s
elec2 hddma+hedge acc=0.8030 resets=197 new_calls=2668 time=13s
elec2 hddmw acc=0.7880 resets=160 new_calls=2744 time=29s
elec2 hddmw+half acc=0.8065 resets=145 new_calls=2808 time=31s
elec2 hddmw+hedge acc=0.8030 resets=148 new_calls=2831 time=9s
elec2 adwin acc=0.7979 resets=56 new_calls=2957 time=46s
RESTART 01:38:33 after WSL poweroff at 01:35:57
insects_incremental_abrupt_balanced adwin+half acc=0.7745 resets=28 new_calls=68 time=55s
insects_incremental_abrupt_balanced adwin+hedge acc=0.7850 resets=21 new_calls=120 time=35s
insects_incremental_abrupt_balanced ph acc=0.7815 resets=24 new_calls=207 time=54s
insects_incremental_abrupt_balanced ph+half acc=0.7734 resets=34 new_calls=270 time=47s
insects_incremental_abrupt_balanced ph+hedge acc=0.7817 resets=24 new_calls=295 time=13s
insects_incremental_abrupt_balanced kswin acc=0.7833 resets=15 new_calls=303 time=41s
insects_incremental_abrupt_balanced kswin+half acc=0.7737 resets=16 new_calls=312 time=44s
insects_incremental_abrupt_balanced kswin+hedge acc=0.7825 resets=16 new_calls=312 time=38s
STREAM_DONE 01:44:02 insects_incremental_abrupt_balanced
agrawal_s11 none acc=0.8615 resets=0 new_calls=239 time=125s
agrawal_s11 ddmM acc=0.9623 resets=16 new_calls=343 time=38s
agrawal_s11 ddm acc=0.9623 resets=16 new_calls=343 time=0s
agrawal_s11 ddm+half acc=0.8818 resets=11 new_calls=398 time=26s
agrawal_s11 ddm+hedge acc=0.9595 resets=12 new_calls=422 time=10s
agrawal_s11 eddm acc=0.9646 resets=11 new_calls=430 time=3s
agrawal_s11 eddm+half acc=0.9101 resets=29 new_calls=485 time=26s
agrawal_s11 eddm+hedge acc=0.9571 resets=14 new_calls=504 time=8s
agrawal_s11 fhddm acc=0.8604 resets=11 new_calls=603 time=41s
agrawal_s11 fhddm+half acc=0.8660 resets=11 new_calls=643 time=17s
agrawal_s11 fhddm+hedge acc=0.8631 resets=11 new_calls=643 time=0s
agrawal_s11 hddma acc=0.9646 resets=11 new_calls=643 time=0s
agrawal_s11 hddma+half acc=0.8818 resets=11 new_calls=643 time=0s
agrawal_s11 hddma+hedge acc=0.9601 resets=11 new_calls=643 time=0s
agrawal_s11 hddmw acc=0.9646 resets=11 new_calls=643 time=0s
agrawal_s11 hddmw+half acc=0.8857 resets=12 new_calls=643 time=0s
agrawal_s11 hddmw+hedge acc=0.9601 resets=11 new_calls=643 time=0s
agrawal_s11 adwin acc=0.9627 resets=13 new_calls=657 time=4s
agrawal_s11 adwin+half acc=0.8840 resets=22 new_calls=687 time=13s
agrawal_s11 adwin+hedge acc=0.9571 resets=21 new_calls=748 time=22s
agrawal_s11 ph acc=0.9471 resets=13 new_calls=782 time=11s
agrawal_s11 ph+half acc=0.8922 resets=22 new_calls=816 time=15s
agrawal_s11 ph+hedge acc=0.9446 resets=14 new_calls=834 time=5s
agrawal_s11 kswin acc=0.9454 resets=9 new_calls=834 time=11s
agrawal_s11 kswin+half acc=0.8821 resets=11 new_calls=837 time=13s
agrawal_s11 kswin+hedge acc=0.9420 resets=9 new_calls=837 time=11s
STREAM_DONE 01:50:46 agrawal_s11
hyperplane_s11 none acc=0.9106 resets=0 new_calls=179 time=86s
hyperplane_s11 ddmM acc=0.9187 resets=12 new_calls=255 time=19s
hyperplane_s11 ddm acc=0.9187 resets=12 new_calls=255 time=0s
hyperplane_s11 ddm+half acc=0.9112 resets=4 new_calls=268 time=3s
hyperplane_s11 ddm+hedge acc=0.9194 resets=10 new_calls=312 time=11s
hyperplane_s11 eddm acc=0.9144 resets=19 new_calls=401 time=34s
hyperplane_s11 eddm+half acc=0.9160 resets=28 new_calls=510 time=52s
hyperplane_s11 eddm+hedge acc=0.9242 resets=19 new_calls=574 time=24s
hyperplane_s11 fhddm acc=0.9073 resets=3 new_calls=598 time=9s
hyperplane_s11 fhddm+half acc=0.9101 resets=2 new_calls=603 time=2s
hyperplane_s11 fhddm+hedge acc=0.9104 resets=3 new_calls=603 time=0s
hyperplane_s11 hddma acc=0.9153 resets=2 new_calls=611 time=3s
hyperplane_s11 hddma+half acc=0.9134 resets=4 new_calls=631 time=8s
hyperplane_s11 hddma+hedge acc=0.9162 resets=4 new_calls=635 time=1s
hyperplane_s11 hddmw acc=0.9106 resets=0 new_calls=635 time=0s
hyperplane_s11 hddmw+half acc=0.9106 resets=0 new_calls=635 time=0s
hyperplane_s11 hddmw+hedge acc=0.9106 resets=0 new_calls=635 time=0s
hyperplane_s11 adwin acc=0.9176 resets=8 new_calls=644 time=4s
hyperplane_s11 adwin+half acc=0.9149 resets=6 new_calls=650 time=3s
hyperplane_s11 adwin+hedge acc=0.9174 resets=7 new_calls=656 time=2s
hyperplane_s11 ph acc=0.9127 resets=4 new_calls=682 time=10s
hyperplane_s11 ph+half acc=0.9136 resets=5 new_calls=697 time=6s
hyperplane_s11 ph+hedge acc=0.9132 resets=4 new_calls=703 time=3s
hyperplane_s11 kswin acc=0.9106 resets=0 new_calls=703 time=9s
hyperplane_s11 kswin+half acc=0.9106 resets=0 new_calls=703 time=9s
hyperplane_s11 kswin+hedge acc=0.9106 resets=0 new_calls=703 time=10s
STREAM_DONE 01:55:57 hyperplane_s11
rbf_s11 none acc=0.9085 resets=0 new_calls=179 time=87s
rbf_s11 ddmM acc=0.9163 resets=14 new_calls=258 time=29s
rbf_s11 ddm acc=0.9163 resets=14 new_calls=258 time=0s
rbf_s11 ddm+half acc=0.9104 resets=13 new_calls=303 time=17s
rbf_s11 ddm+hedge acc=0.9153 resets=10 new_calls=328 time=9s
rbf_s11 eddm acc=0.9111 resets=24 new_calls=422 time=34s
rbf_s11 eddm+half acc=0.9102 resets=20 new_calls=480 time=27s
rbf_s11 eddm+hedge acc=0.9148 resets=16 new_calls=536 time=22s
rbf_s11 fhddm acc=0.9134 resets=8 new_calls=580 time=17s
rbf_s11 fhddm+half acc=0.9095 resets=8 new_calls=609 time=11s
rbf_s11 fhddm+hedge acc=0.9135 resets=8 new_calls=609 time=0s
rbf_s11 hddma acc=0.9173 resets=8 new_calls=609 time=0s
rbf_s11 hddma+half acc=0.9101 resets=8 new_calls=611 time=1s
rbf_s11 hddma+hedge acc=0.9154 resets=8 new_calls=611 time=0s
rbf_s11 hddmw acc=0.9173 resets=8 new_calls=611 time=0s
rbf_s11 hddmw+half acc=0.9101 resets=8 new_calls=611 time=0s
rbf_s11 hddmw+hedge acc=0.9154 resets=8 new_calls=611 time=0s
rbf_s11 adwin acc=0.9173 resets=8 new_calls=611 time=0s
rbf_s11 adwin+half acc=0.9100 resets=9 new_calls=613 time=1s
rbf_s11 adwin+hedge acc=0.9154 resets=8 new_calls=613 time=0s
rbf_s11 ph acc=0.9173 resets=8 new_calls=613 time=0s
rbf_s11 ph+half acc=0.9101 resets=8 new_calls=613 time=0s
rbf_s11 ph+hedge acc=0.9154 resets=8 new_calls=613 time=0s
rbf_s11 kswin acc=0.9173 resets=8 new_calls=613 time=9s
rbf_s11 kswin+half acc=0.9101 resets=8 new_calls=613 time=9s
rbf_s11 kswin+hedge acc=0.9154 resets=8 new_calls=613 time=9s
STREAM_DONE 02:00:41 rbf_s11
sine_s10 none acc=0.7745 resets=0 new_calls=239 time=87s
sine_s10 ddmM acc=0.9495 resets=22 new_calls=356 time=41s
sine_s10 ddm acc=0.9495 resets=22 new_calls=356 time=0s
sine_s10 ddm+half acc=0.8121 resets=11 new_calls=411 time=21s
sine_s10 ddm+hedge acc=0.9474 resets=18 new_calls=445 time=11s
sine_s10 eddm acc=0.9507 resets=11 new_calls=476 time=9s
sine_s10 eddm+half acc=0.8388 resets=20 new_calls=514 time=12s
sine_s10 eddm+hedge acc=0.9482 resets=11 new_calls=514 time=0s
sine_s10 fhddm acc=0.7811 resets=11 new_calls=613 time=27s
sine_s10 fhddm+half acc=0.7841 resets=11 new_calls=658 time=16s
sine_s10 fhddm+hedge acc=0.7814 resets=11 new_calls=658 time=0s
sine_s10 hddma acc=0.9507 resets=11 new_calls=658 time=0s
sine_s10 hddma+half acc=0.8121 resets=11 new_calls=658 time=0s
sine_s10 hddma+hedge acc=0.9482 resets=11 new_calls=658 time=0s
sine_s10 hddmw acc=0.9507 resets=11 new_calls=658 time=0s
sine_s10 hddmw+half acc=0.8150 resets=12 new_calls=663 time=2s
sine_s10 hddmw+hedge acc=0.9482 resets=11 new_calls=663 time=0s
sine_s10 adwin acc=0.9507 resets=11 new_calls=663 time=0s
sine_s10 adwin+half acc=0.8265 resets=22 new_calls=663 time=0s
sine_s10 adwin+hedge acc=0.9482 resets=11 new_calls=663 time=0s
sine_s10 ph acc=0.9507 resets=11 new_calls=663 time=0s
sine_s10 ph+half acc=0.8254 resets=22 new_calls=663 time=0s
sine_s10 ph+hedge acc=0.9482 resets=11 new_calls=663 time=0s
sine_s10 kswin acc=0.9507 resets=11 new_calls=663 time=11s
sine_s10 kswin+half acc=0.8191 resets=16 new_calls=668 time=13s
sine_s10 kswin+hedge acc=0.9482 resets=11 new_calls=668 time=12s
STREAM_DONE 02:05:07 sine_s10
stagger_s13 none acc=0.8572 resets=0 new_calls=179 time=54s
stagger_s13 ddmM acc=0.9732 resets=8 new_calls=251 time=23s
stagger_s13 ddm acc=0.9732 resets=8 new_calls=251 time=0s
stagger_s13 ddm+half acc=0.8823 resets=9 new_calls=292 time=14s
stagger_s13 ddm+hedge acc=0.9732 resets=8 new_calls=292 time=0s
stagger_s13 eddm acc=0.9732 resets=8 new_calls=292 time=0s
stagger_s13 eddm+half acc=0.9178 resets=24 new_calls=339 time=18s
stagger_s13 eddm+hedge acc=0.9732 resets=8 new_calls=339 time=0s
stagger_s13 fhddm acc=0.8577 resets=8 new_calls=411 time=25s
stagger_s13 fhddm+half acc=0.8577 resets=8 new_calls=451 time=15s
stagger_s13 fhddm+hedge acc=0.8577 resets=8 new_calls=451 time=0s
stagger_s13 hddma acc=0.9732 resets=8 new_calls=451 time=0s
stagger_s13 hddma+half acc=0.8827 resets=9 new_calls=455 time=2s
stagger_s13 hddma+hedge acc=0.9732 resets=8 new_calls=455 time=0s
stagger_s13 hddmw acc=0.9732 resets=8 new_calls=455 time=0s
stagger_s13 hddmw+half acc=0.8809 resets=10 new_calls=460 time=2s
stagger_s13 hddmw+hedge acc=0.9732 resets=8 new_calls=460 time=0s
stagger_s13 adwin acc=0.9732 resets=8 new_calls=460 time=0s
stagger_s13 adwin+half acc=0.8799 resets=16 new_calls=460 time=0s
stagger_s13 adwin+hedge acc=0.9732 resets=8 new_calls=460 time=0s
stagger_s13 ph acc=0.9679 resets=8 new_calls=468 time=3s
stagger_s13 ph+half acc=0.8838 resets=16 new_calls=474 time=3s
stagger_s13 ph+hedge acc=0.9678 resets=8 new_calls=474 time=0s
stagger_s13 kswin acc=0.9732 resets=8 new_calls=474 time=8s
stagger_s13 kswin+half acc=0.8874 resets=14 new_calls=479 time=9s
stagger_s13 kswin+hedge acc=0.9732 resets=8 new_calls=479 time=8s
STREAM_DONE 02:08:14 stagger_s13
grid_c100_b500_s11 none acc=0.3964 resets=0 new_calls=44 time=24s
grid_c100_b500_s11 ddmM acc=0.6907 resets=9 new_calls=83 time=14s
grid_c100_b500_s11 ddm acc=0.6907 resets=9 new_calls=83 time=0s
grid_c100_b500_s11 ddm+half acc=0.4677 resets=8 new_calls=118 time=17s
grid_c100_b500_s11 ddm+hedge acc=0.6768 resets=8 new_calls=122 time=1s
grid_c100_b500_s11 eddm acc=0.6441 resets=17 new_calls=144 time=8s
grid_c100_b500_s11 eddm+half acc=0.4661 resets=13 new_calls=162 time=8s
grid_c100_b500_s11 eddm+hedge acc=0.6405 resets=15 new_calls=170 time=3s
grid_c100_b500_s11 fhddm acc=0.5230 resets=8 new_calls=196 time=8s
grid_c100_b500_s11 fhddm+half acc=0.4375 resets=7 new_calls=222 time=9s
grid_c100_b500_s11 fhddm+hedge acc=0.5057 resets=8 new_calls=234 time=4s
grid_c100_b500_s11 hddma acc=0.6866 resets=9 new_calls=234 time=0s
grid_c100_b500_s11 hddma+half acc=0.4261 resets=4 new_calls=238 time=2s
grid_c100_b500_s11 hddma+hedge acc=0.6768 resets=8 new_calls=238 time=0s
grid_c100_b500_s11 hddmw acc=0.6952 resets=8 new_calls=238 time=0s
grid_c100_b500_s11 hddmw+half acc=0.4498 resets=8 new_calls=245 time=3s
grid_c100_b500_s11 hddmw+hedge acc=0.6768 resets=8 new_calls=245 time=0s
grid_c100_b500_s11 adwin acc=0.6823 resets=9 new_calls=250 time=2s
grid_c100_b500_s11 adwin+half acc=0.4043 resets=1 new_calls=250 time=0s
grid_c100_b500_s11 adwin+hedge acc=0.6407 resets=12 new_calls=257 time=2s
grid_c100_b500_s11 ph acc=0.6014 resets=8 new_calls=261 time=1s
grid_c100_b500_s11 ph+half acc=0.4595 resets=6 new_calls=270 time=4s
grid_c100_b500_s11 ph+hedge acc=0.6018 resets=9 new_calls=285 time=4s
grid_c100_b500_s11 kswin acc=0.6825 resets=10 new_calls=285 time=1s
grid_c100_b500_s11 kswin+half acc=0.4434 resets=7 new_calls=285 time=1s
grid_c100_b500_s11 kswin+hedge acc=0.6586 resets=11 new_calls=285 time=1s
STREAM_DONE 02:10:14 grid_c100_b500_s11
CHAIN_DONE 02:10:14
