h4_covertype_d none acc=0.9599 resets=0 new_calls=999 time=1058s
h4_covertype_d ddmM acc=0.9390 resets=28 new_calls=1043 time=19s
h4_covertype_d ddm acc=0.9390 resets=28 new_calls=1043 time=0s
h4_covertype_d ddm+half acc=0.9509 resets=24 new_calls=1071 time=20s
h4_covertype_d ddm+hedge acc=0.9590 resets=76 new_calls=1234 time=88s
h4_covertype_d eddm acc=0.5062 resets=738 new_calls=2144 time=369s
h4_covertype_d eddm+half acc=0.9227 resets=118 new_calls=2463 time=201s
h4_covertype_d eddm+hedge acc=0.9588 resets=111 new_calls=3112 time=404s
h4_covertype_d fhddm acc=0.6177 resets=280 new_calls=3649 time=259s
h4_covertype_d fhddm+half acc=0.9580 resets=8 new_calls=3656 time=6s
h4_covertype_d fhddm+hedge acc=0.9598 resets=3 new_calls=3669 time=11s
h4_covertype_d hddma acc=0.5784 resets=614 new_calls=3845 time=93s
h4_covertype_d hddma+half acc=0.8398 resets=312 new_calls=4174 time=266s
h4_covertype_d hddma+hedge acc=0.9574 resets=93 new_calls=4393 time=176s
h4_covertype_d hddmw acc=0.5449 resets=604 new_calls=4511 time=60s
h4_covertype_d hddmw+half acc=0.9232 resets=94 new_calls=4553 time=36s
h4_covertype_d hddmw+hedge acc=0.9596 resets=24 new_calls=4562 time=8s
h4_covertype_d adwin acc=0.5408 resets=468 new_calls=4787 time=103s
h4_covertype_d adwin+half acc=0.8989 resets=128 new_calls=4945 time=116s
h4_covertype_d adwin+hedge acc=0.9597 resets=21 new_calls=4964 time=14s
h4_covertype_d ph acc=0.5910 resets=248 new_calls=5293 time=183s
h4_covertype_d ph+half acc=0.9094 resets=87 new_calls=5445 time=112s
h4_covertype_d ph+hedge acc=0.9589 resets=9 new_calls=5471 time=17s
h4_covertype_d kswin acc=0.5981 resets=455 new_calls=5515 time=34s
h4_covertype_d kswin+half acc=0.9264 resets=70 new_calls=5552 time=73s
h4_covertype_d kswin+hedge acc=0.9596 resets=14 new_calls=5552 time=47s
STREAM_DONE 00:50:54 h4_covertype_d
h2_airlines none acc=0.6935 resets=0 new_calls=999 time=480s
h2_airlines ddmM acc=0.6934 resets=6 new_calls=1037 time=13s
h2_airlines ddm acc=0.6934 resets=6 new_calls=1037 time=0s
h2_airlines ddm+half acc=0.6933 resets=5 new_calls=1054 time=6s
h2_airlines ddm+hedge acc=0.6933 resets=6 new_calls=1073 time=8s
h2_airlines eddm acc=0.6928 resets=18 new_calls=1114 time=15s
h2_airlines eddm+half acc=0.6924 resets=56 new_calls=1198 time=34s
h2_airlines eddm+hedge acc=0.6921 resets=65 new_calls=1284 time=29s
h2_airlines fhddm acc=0.6918 resets=24 new_calls=1462 time=65s
h2_airlines fhddm+half acc=0.6934 resets=19 new_calls=1554 time=38s
h2_airlines fhddm+hedge acc=0.6937 resets=18 new_calls=1596 time=16s
h2_airlines hddma acc=0.6922 resets=13 new_calls=1692 time=38s
h2_airlines hddma+half acc=0.6935 resets=13 new_calls=1746 time=24s
h2_airlines hddma+hedge acc=0.6933 resets=13 new_calls=1774 time=11s
h2_airlines hddmw acc=0.6830 resets=82 new_calls=2264 time=140s
h2_airlines hddmw+half acc=0.6917 resets=74 new_calls=2557 time=120s
h2_airlines hddmw+hedge acc=0.6901 resets=80 new_calls=2752 time=82s
h2_airlines adwin acc=0.6921 resets=13 new_calls=2842 time=38s
h2_airlines adwin+half acc=0.6933 resets=13 new_calls=2887 time=22s
h2_airlines adwin+hedge acc=0.6934 resets=13 new_calls=2905 time=8s
h2_airlines ph acc=0.6911 resets=25 new_calls=3061 time=68s
h2_airlines ph+half acc=0.6937 resets=22 new_calls=3111 time=24s
h2_airlines ph+hedge acc=0.6932 resets=22 new_calls=3149 time=17s
h2_airlines kswin acc=0.6889 resets=31 new_calls=3281 time=104s
h2_airlines kswin+half acc=0.6931 resets=29 new_calls=3350 time=79s
h2_airlines kswin+hedge acc=0.6921 resets=29 new_calls=3375 time=58s
STREAM_DONE 01:16:32 h2_airlines
bank none acc=0.8993 resets=0 new_calls=410 time=274s
bank ddmM acc=0.8988 resets=23 new_calls=521 time=54s
bank ddm acc=0.8988 resets=23 new_calls=521 time=0s
bank ddm+half acc=0.8995 resets=9 new_calls=550 time=15s
bank ddm+hedge acc=0.8996 resets=10 new_calls=577 time=14s
bank eddm acc=0.8939 resets=83 new_calls=924 time=145s
bank eddm+half acc=0.8990 resets=77 new_calls=1166 time=123s
bank eddm+hedge acc=0.8975 resets=74 new_calls=1229 time=25s
bank fhddm acc=0.8985 resets=6 new_calls=1274 time=21s
bank fhddm+half acc=0.8992 resets=6 new_calls=1298 time=13s
bank fhddm+hedge acc=0.8990 resets=6 new_calls=1298 time=0s
bank hddma acc=0.8984 resets=6 new_calls=1308 time=5s
bank hddma+half acc=0.8991 resets=6 new_calls=1324 time=9s
bank hddma+hedge acc=0.8991 resets=5 new_calls=1332 time=4s
bank hddmw acc=0.8983 resets=8 new_calls=1355 time=12s
bank hddmw+half acc=0.8992 resets=8 new_calls=1371 time=9s
bank hddmw+hedge acc=0.8988 resets=9 new_calls=1379 time=4s
bank adwin acc=0.8984 resets=10 new_calls=1418 time=18s
bank adwin+half acc=0.8992 resets=10 new_calls=1429 time=5s
bank adwin+hedge acc=0.8996 resets=9 new_calls=1441 time=5s
bank ph acc=0.8988 resets=11 new_calls=1499 time=27s
bank ph+half acc=0.8991 resets=10 new_calls=1523 time=13s
bank ph+hedge acc=0.8991 resets=12 new_calls=1524 time=0s
bank kswin acc=0.8987 resets=6 new_calls=1524 time=20s
bank kswin+half acc=0.8990 resets=5 new_calls=1529 time=25s
bank kswin+hedge acc=0.8990 resets=5 new_calls=1529 time=20s
STREAM_DONE 01:30:53 bank
occupancy none acc=0.9643 resets=0 new_calls=204 time=76s
occupancy ddmM acc=0.9392 resets=28 new_calls=315 time=36s
occupancy ddm acc=0.9392 resets=28 new_calls=315 time=0s
occupancy ddm+half acc=0.9582 resets=34 new_calls=412 time=40s
occupancy ddm+hedge acc=0.9559 resets=36 new_calls=461 time=18s
occupancy eddm acc=0.9397 resets=19 new_calls=503 time=17s
occupancy eddm+half acc=0.9644 resets=12 new_calls=529 time=13s
occupancy eddm+hedge acc=0.9604 resets=13 new_calls=551 time=9s
occupancy fhddm acc=0.9320 resets=18 new_calls=634 time=14s
occupancy fhddm+half acc=0.9593 resets=12 new_calls=680 time=19s
occupancy fhddm+hedge acc=0.9478 resets=15 new_calls=691 time=4s
occupancy hddma acc=0.9433 resets=28 new_calls=714 time=8s
occupancy hddma+half acc=0.9616 resets=21 new_calls=729 time=6s
occupancy hddma+hedge acc=0.9638 resets=20 new_calls=743 time=6s
occupancy hddmw acc=0.9385 resets=23 new_calls=752 time=0s
occupancy hddmw+half acc=0.9643 resets=15 new_calls=752 time=0s
occupancy hddmw+hedge acc=0.9606 resets=15 new_calls=752 time=0s
occupancy adwin acc=0.9417 resets=23 new_calls=786 time=3s
occupancy adwin+half acc=0.9634 resets=17 new_calls=795 time=2s
occupancy adwin+hedge acc=0.9604 resets=15 new_calls=795 time=0s
occupancy ph acc=0.9452 resets=14 new_calls=815 time=1s
occupancy ph+half acc=0.9640 resets=7 new_calls=815 time=0s
occupancy ph+hedge acc=0.9594 resets=12 new_calls=829 time=0s
occupancy kswin acc=0.9319 resets=26 new_calls=840 time=11s
occupancy kswin+half acc=0.9644 resets=15 new_calls=840 time=8s
occupancy kswin+hedge acc=0.9620 resets=14 new_calls=840 time=8s
RESTART 01:38:37 after WSL poweroff at 01:35:57
eeg none acc=0.8339 resets=0 new_calls=148 time=79s
eeg ddmM acc=0.8896 resets=32 new_calls=267 time=16s
eeg ddm acc=0.8896 resets=32 new_calls=267 time=0s
eeg ddm+half acc=0.8456 resets=67 new_calls=382 time=40s
eeg ddm+hedge acc=0.8876 resets=34 new_calls=403 time=1s
eeg eddm acc=0.8868 resets=25 new_calls=424 time=7s
eeg eddm+half acc=0.8352 resets=38 new_calls=469 time=21s
eeg eddm+hedge acc=0.8853 resets=25 new_calls=473 time=1s
eeg fhddm acc=0.8614 resets=17 new_calls=543 time=7s
eeg fhddm+half acc=0.8409 resets=19 new_calls=586 time=17s
eeg fhddm+hedge acc=0.8646 resets=17 new_calls=589 time=0s
eeg hddma acc=0.8880 resets=32 new_calls=595 time=1s
eeg hddma+half acc=0.8386 resets=52 new_calls=605 time=2s
eeg hddma+hedge acc=0.8849 resets=33 new_calls=611 time=1s
eeg hddmw acc=0.8813 resets=27 new_calls=631 time=5s
eeg hddmw+half acc=0.8368 resets=40 new_calls=636 time=2s
eeg hddmw+hedge acc=0.8811 resets=28 new_calls=636 time=0s
eeg adwin acc=0.8791 resets=28 new_calls=659 time=1s
eeg adwin+half acc=0.8411 resets=32 new_calls=681 time=7s
eeg adwin+hedge acc=0.8762 resets=28 new_calls=690 time=0s
eeg ph acc=0.8875 resets=19 new_calls=710 time=3s
eeg ph+half acc=0.8386 resets=23 new_calls=751 time=19s
eeg ph+hedge acc=0.8826 resets=18 new_calls=756 time=1s
eeg kswin acc=0.8797 resets=30 new_calls=756 time=5s
eeg kswin+half acc=0.8402 resets=36 new_calls=762 time=8s
eeg kswin+hedge acc=0.8736 resets=28 new_calls=774 time=7s
STREAM_DONE 01:42:49 eeg
wall none acc=0.9291 resets=0 new_calls=53 time=41s
wall ddmM acc=0.8992 resets=2 new_calls=68 time=7s
wall ddm acc=0.8992 resets=2 new_calls=68 time=0s
wall ddm+half acc=0.8164 resets=34 new_calls=113 time=22s
wall ddm+hedge acc=0.9181 resets=16 new_calls=143 time=10s
wall eddm acc=0.6134 resets=39 new_calls=182 time=16s
wall eddm+half acc=0.8634 resets=15 new_calls=209 time=17s
wall eddm+hedge acc=0.9268 resets=8 new_calls=238 time=17s
wall fhddm acc=0.9062 resets=2 new_calls=241 time=2s
wall fhddm+half acc=0.9191 resets=3 new_calls=247 time=4s
wall fhddm+hedge acc=0.9262 resets=3 new_calls=254 time=5s
wall hddma acc=0.5943 resets=41 new_calls=262 time=4s
wall hddma+half acc=0.8323 resets=27 new_calls=266 time=2s
wall hddma+hedge acc=0.9277 resets=17 new_calls=282 time=9s
wall hddmw acc=0.6206 resets=30 new_calls=285 time=1s
wall hddmw+half acc=0.8849 resets=8 new_calls=287 time=2s
wall hddmw+hedge acc=0.9260 resets=5 new_calls=289 time=2s
wall adwin acc=0.7409 resets=12 new_calls=311 time=11s
wall adwin+half acc=0.9100 resets=5 new_calls=313 time=2s
wall adwin+hedge acc=0.9289 resets=3 new_calls=322 time=5s
wall ph acc=0.7879 resets=6 new_calls=343 time=14s
wall ph+half acc=0.8774 resets=5 new_calls=354 time=8s
wall ph+hedge acc=0.9279 resets=1 new_calls=357 time=3s
wall kswin acc=0.6989 resets=21 new_calls=361 time=3s
wall kswin+half acc=0.9196 resets=5 new_calls=361 time=2s
wall kswin+hedge acc=0.9279 resets=6 new_calls=361 time=2s
STREAM_DONE 01:46:20 wall
agrawal_s13 none acc=0.8619 resets=0 new_calls=239 time=126s
agrawal_s13 ddmM acc=0.9621 resets=13 new_calls=340 time=38s
agrawal_s13 ddm acc=0.9621 resets=13 new_calls=340 time=0s
agrawal_s13 ddm+half acc=0.8876 resets=14 new_calls=398 time=24s
agrawal_s13 ddm+hedge acc=0.9569 resets=14 new_calls=433 time=13s
agrawal_s13 eddm acc=0.9633 resets=11 new_calls=433 time=0s
agrawal_s13 eddm+half acc=0.9114 resets=28 new_calls=483 time=21s
agrawal_s13 eddm+hedge acc=0.9559 resets=14 new_calls=501 time=6s
agrawal_s13 fhddm acc=0.8607 resets=11 new_calls=600 time=26s
agrawal_s13 fhddm+half acc=0.8662 resets=11 new_calls=635 time=9s
agrawal_s13 fhddm+hedge acc=0.8635 resets=11 new_calls=635 time=0s
agrawal_s13 hddma acc=0.9633 resets=11 new_calls=635 time=0s
agrawal_s13 hddma+half acc=0.8830 resets=12 new_calls=643 time=3s
agrawal_s13 hddma+hedge acc=0.9586 resets=11 new_calls=643 time=0s
agrawal_s13 hddmw acc=0.9633 resets=11 new_calls=643 time=0s
agrawal_s13 hddmw+half acc=0.8816 resets=11 new_calls=647 time=1s
agrawal_s13 hddmw+hedge acc=0.9586 resets=11 new_calls=647 time=0s
agrawal_s13 adwin acc=0.9610 resets=13 new_calls=665 time=6s
agrawal_s13 adwin+half acc=0.8843 resets=22 new_calls=695 time=11s
agrawal_s13 adwin+hedge acc=0.9567 resets=20 new_calls=751 time=21s
agrawal_s13 ph acc=0.9470 resets=14 new_calls=793 time=15s
agrawal_s13 ph+half acc=0.8914 resets=22 new_calls=820 time=12s
agrawal_s13 ph+hedge acc=0.9502 resets=17 new_calls=863 time=15s
agrawal_s13 kswin acc=0.9544 resets=10 new_calls=863 time=10s
agrawal_s13 kswin+half acc=0.8810 resets=11 new_calls=863 time=11s
agrawal_s13 kswin+hedge acc=0.9499 resets=10 new_calls=863 time=12s
STREAM_DONE 01:52:45 agrawal_s13
hyperplane_s14 none acc=0.8912 resets=0 new_calls=179 time=101s
hyperplane_s14 ddmM acc=0.9187 resets=13 new_calls=265 time=33s
hyperplane_s14 ddm acc=0.9187 resets=13 new_calls=265 time=0s
hyperplane_s14 ddm+half acc=0.8993 resets=8 new_calls=296 time=13s
hyperplane_s14 ddm+hedge acc=0.9185 resets=10 new_calls=321 time=10s
hyperplane_s14 eddm acc=0.9148 resets=19 new_calls=410 time=24s
hyperplane_s14 eddm+half acc=0.9069 resets=32 new_calls=497 time=23s
hyperplane_s14 eddm+hedge acc=0.9195 resets=18 new_calls=542 time=14s
hyperplane_s14 fhddm acc=0.8877 resets=5 new_calls=582 time=15s
hyperplane_s14 fhddm+half acc=0.8916 resets=5 new_calls=603 time=9s
hyperplane_s14 fhddm+hedge acc=0.8910 resets=5 new_calls=603 time=0s
hyperplane_s14 hddma acc=0.9189 resets=8 new_calls=611 time=3s
hyperplane_s14 hddma+half acc=0.8993 resets=6 new_calls=631 time=9s
hyperplane_s14 hddma+hedge acc=0.9179 resets=8 new_calls=631 time=0s
hyperplane_s14 hddmw acc=0.9068 resets=4 new_calls=647 time=7s
hyperplane_s14 hddmw+half acc=0.8969 resets=4 new_calls=650 time=2s
hyperplane_s14 hddmw+hedge acc=0.9068 resets=4 new_calls=650 time=0s
hyperplane_s14 adwin acc=0.9193 resets=9 new_calls=650 time=0s
hyperplane_s14 adwin+half acc=0.9008 resets=13 new_calls=671 time=10s
hyperplane_s14 adwin+hedge acc=0.9187 resets=9 new_calls=680 time=3s
hyperplane_s14 ph acc=0.9044 resets=8 new_calls=734 time=21s
hyperplane_s14 ph+half acc=0.9023 resets=8 new_calls=763 time=12s
hyperplane_s14 ph+hedge acc=0.9057 resets=8 new_calls=763 time=0s
hyperplane_s14 kswin acc=0.8912 resets=0 new_calls=763 time=10s
hyperplane_s14 kswin+half acc=0.8912 resets=0 new_calls=763 time=9s
hyperplane_s14 kswin+hedge acc=0.8912 resets=0 new_calls=763 time=10s
STREAM_DONE 01:58:22 hyperplane_s14
sea_s13 none acc=0.9713 resets=0 new_calls=179 time=80s
sea_s13 ddmM acc=0.9881 resets=18 new_calls=263 time=26s
sea_s13 ddm acc=0.9881 resets=18 new_calls=263 time=0s
sea_s13 ddm+half acc=0.9763 resets=14 new_calls=312 time=14s
sea_s13 ddm+hedge acc=0.9868 resets=13 new_calls=360 time=10s
sea_s13 eddm acc=0.9830 resets=8 new_calls=403 time=10s
sea_s13 eddm+half acc=0.9753 resets=8 new_calls=433 time=9s
sea_s13 eddm+hedge acc=0.9823 resets=8 new_calls=453 time=5s
sea_s13 fhddm acc=0.9713 resets=0 new_calls=453 time=0s
sea_s13 fhddm+half acc=0.9713 resets=0 new_calls=453 time=0s
sea_s13 fhddm+hedge acc=0.9713 resets=0 new_calls=453 time=0s
sea_s13 hddma acc=0.9778 resets=3 new_calls=462 time=3s
sea_s13 hddma+half acc=0.9741 resets=3 new_calls=477 time=4s
sea_s13 hddma+hedge acc=0.9776 resets=3 new_calls=477 time=0s
sea_s13 hddmw acc=0.9713 resets=0 new_calls=477 time=0s
sea_s13 hddmw+half acc=0.9713 resets=0 new_calls=477 time=0s
sea_s13 hddmw+hedge acc=0.9713 resets=0 new_calls=477 time=0s
sea_s13 adwin acc=0.9847 resets=8 new_calls=503 time=6s
sea_s13 adwin+half acc=0.9750 resets=10 new_calls=532 time=9s
sea_s13 adwin+hedge acc=0.9839 resets=8 new_calls=532 time=0s
sea_s13 ph acc=0.9734 resets=3 new_calls=559 time=8s
sea_s13 ph+half acc=0.9732 resets=3 new_calls=564 time=2s
sea_s13 ph+hedge acc=0.9733 resets=3 new_calls=564 time=0s
sea_s13 kswin acc=0.9713 resets=0 new_calls=564 time=9s
sea_s13 kswin+half acc=0.9713 resets=0 new_calls=564 time=9s
sea_s13 kswin+hedge acc=0.9713 resets=0 new_calls=564 time=9s
STREAM_DONE 02:01:58 sea_s13
stagger_s11 none acc=0.8542 resets=0 new_calls=179 time=83s
stagger_s11 ddmM acc=0.9742 resets=8 new_calls=251 time=22s
stagger_s11 ddm acc=0.9742 resets=8 new_calls=251 time=0s
stagger_s11 ddm+half acc=0.8785 resets=8 new_calls=291 time=13s
stagger_s11 ddm+hedge acc=0.9742 resets=8 new_calls=291 time=0s
stagger_s11 eddm acc=0.9742 resets=8 new_calls=291 time=0s
stagger_s11 eddm+half acc=0.9031 resets=14 new_calls=318 time=9s
stagger_s11 eddm+hedge acc=0.9742 resets=8 new_calls=318 time=0s
stagger_s11 fhddm acc=0.8554 resets=8 new_calls=390 time=23s
stagger_s11 fhddm+half acc=0.8554 resets=8 new_calls=430 time=13s
stagger_s11 fhddm+hedge acc=0.8554 resets=8 new_calls=430 time=0s
stagger_s11 hddma acc=0.9742 resets=8 new_calls=430 time=0s
stagger_s11 hddma+half acc=0.8785 resets=8 new_calls=430 time=0s
stagger_s11 hddma+hedge acc=0.9742 resets=8 new_calls=430 time=0s
stagger_s11 hddmw acc=0.9742 resets=8 new_calls=430 time=0s
stagger_s11 hddmw+half acc=0.8823 resets=10 new_calls=440 time=3s
stagger_s11 hddmw+hedge acc=0.9742 resets=8 new_calls=440 time=0s
stagger_s11 adwin acc=0.9742 resets=8 new_calls=440 time=0s
stagger_s11 adwin+half acc=0.8818 resets=16 new_calls=445 time=2s
stagger_s11 adwin+hedge acc=0.9742 resets=8 new_calls=445 time=0s
stagger_s11 ph acc=0.9652 resets=8 new_calls=457 time=2s
stagger_s11 ph+half acc=0.8885 resets=16 new_calls=468 time=3s
stagger_s11 ph+hedge acc=0.9652 resets=8 new_calls=468 time=0s
stagger_s11 kswin acc=0.9742 resets=8 new_calls=468 time=9s
stagger_s11 kswin+half acc=0.8867 resets=11 new_calls=468 time=9s
stagger_s11 kswin+hedge acc=0.9742 resets=8 new_calls=468 time=8s
STREAM_DONE 02:05:20 stagger_s11
grid_c5_b500_s10 none acc=0.5052 resets=0 new_calls=44 time=18s
grid_c5_b500_s10 ddmM acc=0.8739 resets=9 new_calls=83 time=10s
grid_c5_b500_s10 ddm acc=0.8739 resets=9 new_calls=83 time=0s
grid_c5_b500_s10 ddm+half acc=0.5236 resets=4 new_calls=100 time=7s
grid_c5_b500_s10 ddm+hedge acc=0.8734 resets=9 new_calls=108 time=3s
grid_c5_b500_s10 eddm acc=0.8739 resets=8 new_calls=108 time=0s
grid_c5_b500_s10 eddm+half acc=0.5398 resets=9 new_calls=123 time=6s
grid_c5_b500_s10 eddm+hedge acc=0.8734 resets=8 new_calls=123 time=0s
grid_c5_b500_s10 fhddm acc=0.6241 resets=6 new_calls=142 time=8s
grid_c5_b500_s10 fhddm+half acc=0.5011 resets=5 new_calls=155 time=5s
grid_c5_b500_s10 fhddm+hedge acc=0.6034 resets=4 new_calls=159 time=2s
grid_c5_b500_s10 hddma acc=0.8739 resets=8 new_calls=159 time=0s
grid_c5_b500_s10 hddma+half acc=0.5123 resets=3 new_calls=163 time=2s
grid_c5_b500_s10 hddma+hedge acc=0.8734 resets=8 new_calls=163 time=0s
grid_c5_b500_s10 hddmw acc=0.8739 resets=8 new_calls=163 time=0s
grid_c5_b500_s10 hddmw+half acc=0.4768 resets=7 new_calls=172 time=4s
grid_c5_b500_s10 hddmw+hedge acc=0.8734 resets=8 new_calls=172 time=0s
grid_c5_b500_s10 adwin acc=0.8739 resets=8 new_calls=172 time=0s
grid_c5_b500_s10 adwin+half acc=0.4998 resets=8 new_calls=181 time=4s
grid_c5_b500_s10 adwin+hedge acc=0.8734 resets=8 new_calls=181 time=0s
grid_c5_b500_s10 ph acc=0.8502 resets=8 new_calls=187 time=2s
grid_c5_b500_s10 ph+half acc=0.5059 resets=5 new_calls=193 time=2s
grid_c5_b500_s10 ph+hedge acc=0.8561 resets=8 new_calls=193 time=0s
grid_c5_b500_s10 kswin acc=0.8739 resets=8 new_calls=193 time=1s
grid_c5_b500_s10 kswin+half acc=0.4877 resets=5 new_calls=198 time=4s
grid_c5_b500_s10 kswin+hedge acc=0.8734 resets=8 new_calls=198 time=1s
STREAM_DONE 02:06:41 grid_c5_b500_s10
grid_c30_b2000_s10 none acc=0.8332 resets=0 new_calls=179 time=90s
grid_c30_b2000_s10 ddmM acc=0.9511 resets=12 new_calls=256 time=29s
grid_c30_b2000_s10 ddm acc=0.9511 resets=12 new_calls=256 time=0s
grid_c30_b2000_s10 ddm+half acc=0.8602 resets=8 new_calls=296 time=19s
grid_c30_b2000_s10 ddm+hedge acc=0.9490 resets=8 new_calls=311 time=7s
grid_c30_b2000_s10 eddm acc=0.9508 resets=11 new_calls=330 time=7s
grid_c30_b2000_s10 eddm+half acc=0.8883 resets=20 new_calls=375 time=20s
grid_c30_b2000_s10 eddm+hedge acc=0.9489 resets=9 new_calls=375 time=0s
grid_c30_b2000_s10 fhddm acc=0.8351 resets=8 new_calls=447 time=24s
grid_c30_b2000_s10 fhddm+half acc=0.8399 resets=8 new_calls=482 time=14s
grid_c30_b2000_s10 fhddm+hedge acc=0.8382 resets=8 new_calls=482 time=0s
grid_c30_b2000_s10 hddma acc=0.9527 resets=8 new_calls=482 time=0s
grid_c30_b2000_s10 hddma+half acc=0.8602 resets=8 new_calls=482 time=0s
grid_c30_b2000_s10 hddma+hedge acc=0.9490 resets=8 new_calls=482 time=0s
grid_c30_b2000_s10 hddmw acc=0.9527 resets=8 new_calls=482 time=0s
grid_c30_b2000_s10 hddmw+half acc=0.8602 resets=8 new_calls=482 time=0s
grid_c30_b2000_s10 hddmw+hedge acc=0.9490 resets=8 new_calls=482 time=0s
grid_c30_b2000_s10 adwin acc=0.9527 resets=8 new_calls=482 time=0s
grid_c30_b2000_s10 adwin+half acc=0.8651 resets=16 new_calls=492 time=3s
grid_c30_b2000_s10 adwin+hedge acc=0.9481 resets=13 new_calls=530 time=12s
grid_c30_b2000_s10 ph acc=0.9498 resets=8 new_calls=534 time=2s
grid_c30_b2000_s10 ph+half acc=0.8663 resets=16 new_calls=548 time=6s
grid_c30_b2000_s10 ph+hedge acc=0.9435 resets=10 new_calls=561 time=4s
grid_c30_b2000_s10 kswin acc=0.9527 resets=8 new_calls=561 time=8s
grid_c30_b2000_s10 kswin+half acc=0.8608 resets=9 new_calls=561 time=8s
grid_c30_b2000_s10 kswin+hedge acc=0.9490 resets=8 new_calls=561 time=8s
STREAM_DONE 02:11:06 grid_c30_b2000_s10
CHAIN_DONE 02:11:06
