h4_airlines_e none acc=0.6623 resets=0 new_calls=999 time=603s
h4_airlines_e ddmM acc=0.6619 resets=3 new_calls=1026 time=12s
h4_airlines_e ddm acc=0.6619 resets=3 new_calls=1026 time=0s
h4_airlines_e ddm+half acc=0.6622 resets=3 new_calls=1037 time=6s
h4_airlines_e ddm+hedge acc=0.6622 resets=3 new_calls=1046 time=4s
h4_airlines_e eddm acc=0.6577 resets=80 new_calls=1191 time=56s
h4_airlines_e eddm+half acc=0.6607 resets=117 new_calls=1376 time=78s
h4_airlines_e eddm+hedge acc=0.6621 resets=42 new_calls=1419 time=16s
h4_airlines_e fhddm acc=0.6575 resets=39 new_calls=1728 time=118s
h4_airlines_e fhddm+half acc=0.6613 resets=31 new_calls=1876 time=61s
h4_airlines_e fhddm+hedge acc=0.6614 resets=31 new_calls=1920 time=18s
h4_airlines_e hddma acc=0.6593 resets=15 new_calls=2025 time=40s
h4_airlines_e hddma+half acc=0.6615 resets=15 new_calls=2075 time=22s
h4_airlines_e hddma+hedge acc=0.6617 resets=12 new_calls=2114 time=16s
h4_airlines_e hddmw acc=0.6460 resets=110 new_calls=2719 time=218s
h4_airlines_e hddmw+half acc=0.6579 resets=109 new_calls=3084 time=156s
h4_airlines_e hddmw+hedge acc=0.6599 resets=109 new_calls=3388 time=111s
h4_airlines_e adwin acc=0.6611 resets=10 new_calls=3466 time=26s
h4_airlines_e adwin+half acc=0.6618 resets=9 new_calls=3493 time=10s
h4_airlines_e adwin+hedge acc=0.6621 resets=9 new_calls=3520 time=9s
h4_airlines_e ph acc=0.6575 resets=32 new_calls=3681 time=50s
h4_airlines_e ph+half acc=0.6617 resets=24 new_calls=3741 time=19s
h4_airlines_e ph+hedge acc=0.6621 resets=25 new_calls=3868 time=37s
