covertype none acc=0.9479 resets=0 new_calls=1499 time=406s
covertype ddmM acc=0.9434 resets=50 new_calls=1638 time=30s
covertype ddm acc=0.9434 resets=48 new_calls=1640 time=1s
covertype ddm+half acc=0.9480 resets=34 new_calls=1697 time=16s
covertype ddm+hedge acc=0.9475 resets=98 new_calls=1875 time=36s
covertype eddm acc=0.9160 resets=164 new_calls=2170 time=58s
covertype eddm+half acc=0.9475 resets=178 new_calls=2770 time=134s
covertype eddm+hedge acc=0.9482 resets=179 new_calls=3524 time=150s
covertype fhddm acc=0.9117 resets=107 new_calls=3856 time=62s
covertype fhddm+half acc=0.9477 resets=22 new_calls=3926 time=19s
covertype fhddm+hedge acc=0.9482 resets=21 new_calls=3967 time=9s
covertype hddma acc=0.8087 resets=589 new_calls=4676 time=132s
covertype hddma+half acc=0.9470 resets=97 new_calls=4900 time=60s
covertype hddma+hedge acc=0.9483 resets=98 new_calls=5124 time=50s
covertype hddmw acc=0.8992 resets=187 new_calls=5257 time=28s
covertype hddmw+half acc=0.9471 resets=44 new_calls=5312 time=14s
covertype hddmw+hedge acc=0.9485 resets=43 new_calls=5337 time=6s
covertype adwin acc=0.8384 resets=277 new_calls=5806 time=87s
covertype adwin+half acc=0.9474 resets=34 new_calls=5896 time=22s
covertype adwin+hedge acc=0.9480 resets=34 new_calls=5980 time=19s
covertype ph acc=0.8913 resets=133 new_calls=6314 time=69s
covertype ph+half acc=0.9476 resets=25 new_calls=6353 time=8s
covertype ph+hedge acc=0.9478 resets=22 new_calls=6426 time=16s
covertype kswin acc=0.9118 resets=118 new_calls=6474 time=64s
covertype kswin+half acc=0.9473 resets=39 new_calls=6485 time=61s
covertype kswin+hedge acc=0.9484 resets=32 new_calls=6487 time=59s
insects_abrupt_imbalanced none acc=0.7940 resets=0 new_calls=1499 time=353s
insects_abrupt_imbalanced ddmM acc=0.7962 resets=5 new_calls=1544 time=8s
insects_abrupt_imbalanced ddm acc=0.7962 resets=5 new_calls=1544 time=0s
insects_abrupt_imbalanced ddm+half acc=0.7949 resets=6 new_calls=1569 time=5s
insects_abrupt_imbalanced ddm+hedge acc=0.7962 resets=5 new_calls=1587 time=3s
insects_abrupt_imbalanced eddm acc=0.7932 resets=12 new_calls=1615 time=5s
insects_abrupt_imbalanced eddm+half acc=0.7940 resets=5 new_calls=1628 time=3s
insects_abrupt_imbalanced eddm+hedge acc=0.7947 resets=80 new_calls=1854 time=38s
insects_abrupt_imbalanced fhddm acc=0.7946 resets=12 new_calls=1944 time=16s
insects_abrupt_imbalanced fhddm+half acc=0.7948 resets=13 new_calls=1999 time=11s
insects_abrupt_imbalanced fhddm+hedge acc=0.7951 resets=11 new_calls=1999 time=0s
insects_abrupt_imbalanced hddma acc=0.7973 resets=6 new_calls=2044 time=9s
insects_abrupt_imbalanced hddma+half acc=0.7949 resets=5 new_calls=2059 time=3s
insects_abrupt_imbalanced hddma+hedge acc=0.7972 resets=7 new_calls=2068 time=2s
insects_abrupt_imbalanced hddmw acc=0.7971 resets=17 new_calls=2162 time=17s
insects_abrupt_imbalanced hddmw+half acc=0.7945 resets=16 new_calls=2232 time=14s
insects_abrupt_imbalanced hddmw+hedge acc=0.7973 resets=17 new_calls=2241 time=2s
insects_abrupt_imbalanced adwin acc=0.7976 resets=7 new_calls=2268 time=5s
insects_abrupt_imbalanced adwin+half acc=0.7950 resets=9 new_calls=2288 time=4s
insects_abrupt_imbalanced adwin+hedge acc=0.7974 resets=8 new_calls=2308 time=4s
insects_abrupt_imbalanced ph acc=0.7967 resets=16 new_calls=2404 time=18s
insects_abrupt_imbalanced ph+half acc=0.7951 resets=18 new_calls=2459 time=11s
insects_abrupt_imbalanced ph+hedge acc=0.7973 resets=18 new_calls=2526 time=12s
insects_abrupt_imbalanced kswin acc=0.7976 resets=7 new_calls=2544 time=64s
insects_abrupt_imbalanced kswin+half acc=0.7950 resets=8 new_calls=2559 time=64s
insects_abrupt_imbalanced kswin+hedge acc=0.7973 resets=10 new_calls=2568 time=61s
insects_gradual_imbalanced none acc=0.8164 resets=0 new_calls=1432 time=337s
insects_gradual_imbalanced ddmM acc=0.8166 resets=5 new_calls=1477 time=8s
insects_gradual_imbalanced ddm acc=0.8166 resets=5 new_calls=1477 time=0s
insects_gradual_imbalanced ddm+half acc=0.8166 resets=7 new_calls=1509 time=6s
insects_gradual_imbalanced ddm+hedge acc=0.8167 resets=6 new_calls=1536 time=5s
insects_gradual_imbalanced eddm acc=0.8138 resets=61 new_calls=1741 time=34s
insects_gradual_imbalanced eddm+half acc=0.8165 resets=54 new_calls=1889 time=28s
insects_gradual_imbalanced eddm+hedge acc=0.8161 resets=70 new_calls=2048 time=27s
insects_gradual_imbalanced fhddm acc=0.8165 resets=9 new_calls=2114 time=12s
insects_gradual_imbalanced fhddm+half acc=0.8167 resets=9 new_calls=2150 time=7s
insects_gradual_imbalanced fhddm+hedge acc=0.8169 resets=9 new_calls=2160 time=2s
insects_gradual_imbalanced hddma acc=0.8175 resets=7 new_calls=2209 time=9s
insects_gradual_imbalanced hddma+half acc=0.8167 resets=7 new_calls=2239 time=6s
insects_gradual_imbalanced hddma+hedge acc=0.8177 resets=7 new_calls=2239 time=0s
insects_gradual_imbalanced hddmw acc=0.8169 resets=12 new_calls=2318 time=14s
insects_gradual_imbalanced hddmw+half acc=0.8166 resets=11 new_calls=2358 time=8s
insects_gradual_imbalanced hddmw+hedge acc=0.8177 resets=13 new_calls=2358 time=0s
insects_gradual_imbalanced adwin acc=0.8177 resets=8 new_calls=2385 time=5s
insects_gradual_imbalanced adwin+half acc=0.8166 resets=10 new_calls=2405 time=4s
insects_gradual_imbalanced adwin+hedge acc=0.8178 resets=8 new_calls=2414 time=2s
insects_gradual_imbalanced ph acc=0.8163 resets=16 new_calls=2511 time=18s
insects_gradual_imbalanced ph+half acc=0.8167 resets=16 new_calls=2554 time=9s
insects_gradual_imbalanced ph+hedge acc=0.8175 resets=14 new_calls=2617 time=12s
insects_gradual_imbalanced kswin acc=0.8179 resets=3 new_calls=2623 time=58s
insects_gradual_imbalanced kswin+half acc=0.8168 resets=5 new_calls=2628 time=58s
insects_gradual_imbalanced kswin+hedge acc=0.8178 resets=3 new_calls=2628 time=56s
insects_incremental_abrupt_balanced none acc=0.7670 resets=0 new_calls=798 time=170s
insects_incremental_abrupt_balanced ddmM acc=0.7773 resets=22 new_calls=941 time=26s
insects_incremental_abrupt_balanced ddm acc=0.7776 resets=16 new_calls=950 time=2s
insects_incremental_abrupt_balanced ddm+half acc=0.7695 resets=18 new_calls=1024 time=15s
insects_incremental_abrupt_balanced ddm+hedge acc=0.7786 resets=20 new_calls=1082 time=10s
insects_incremental_abrupt_balanced eddm acc=0.7700 resets=19 new_calls=1152 time=12s
insects_incremental_abrupt_balanced eddm+half acc=0.7703 resets=74 new_calls=1307 time=29s
insects_incremental_abrupt_balanced eddm+hedge acc=0.7768 resets=26 new_calls=1373 time=12s
insects_incremental_abrupt_balanced fhddm acc=0.7688 resets=25 new_calls=1547 time=35s
insects_incremental_abrupt_balanced fhddm+half acc=0.7704 resets=21 new_calls=1627 time=17s
insects_incremental_abrupt_balanced fhddm+hedge acc=0.7704 resets=22 new_calls=1659 time=6s
insects_incremental_abrupt_balanced hddma acc=0.7852 resets=21 new_calls=1773 time=30s
insects_incremental_abrupt_balanced hddma+half acc=0.7716 resets=19 new_calls=1844 time=23s
insects_incremental_abrupt_balanced hddma+hedge acc=0.7853 resets=21 new_calls=1844 time=1s
insects_incremental_abrupt_balanced hddmw acc=0.7845 resets=30 new_calls=1971 time=31s
insects_incremental_abrupt_balanced hddmw+half acc=0.7714 resets=29 new_calls=2031 time=18s
insects_incremental_abrupt_balanced hddmw+hedge acc=0.7847 resets=30 new_calls=2035 time=1s
insects_incremental_abrupt_balanced adwin acc=0.7832 resets=22 new_calls=2098 time=16s
insects_incremental_abrupt_balanced adwin+half acc=0.7719 resets=29 new_calls=2152 time=17s
insects_incremental_abrupt_balanced adwin+hedge acc=0.7833 resets=21 new_calls=2155 time=1s
insects_incremental_abrupt_balanced ph acc=0.7789 resets=26 new_calls=2247 time=24s
insects_incremental_abrupt_balanced ph+half acc=0.7715 resets=33 new_calls=2304 time=18s
insects_incremental_abrupt_balanced ph+hedge acc=0.7813 resets=24 new_calls=2321 time=5s
insects_incremental_abrupt_balanced kswin acc=0.7821 resets=17 new_calls=2332 time=33s
insects_incremental_abrupt_balanced kswin+half acc=0.7716 resets=17 new_calls=2339 time=33s
insects_incremental_abrupt_balanced kswin+hedge acc=0.7813 resets=18 new_calls=2340 time=32s
h2_airlines none acc=0.6901 resets=0 new_calls=999 time=169s
h2_airlines ddmM acc=0.6900 resets=3 new_calls=1011 time=2s
h2_airlines ddm acc=0.6900 resets=3 new_calls=1011 time=0s
h2_airlines ddm+half acc=0.6897 resets=7 new_calls=1038 time=5s
h2_airlines ddm+hedge acc=0.6900 resets=3 new_calls=1038 time=0s
h2_airlines eddm acc=0.6874 resets=46 new_calls=1115 time=13s
h2_airlines eddm+half acc=0.6899 resets=20 new_calls=1150 time=7s
h2_airlines eddm+hedge acc=0.6899 resets=20 new_calls=1171 time=4s
h2_airlines fhddm acc=0.6881 resets=23 new_calls=1358 time=32s
h2_airlines fhddm+half acc=0.6900 resets=18 new_calls=1448 time=15s
h2_airlines fhddm+hedge acc=0.6900 resets=18 new_calls=1476 time=5s
h2_airlines hddma acc=0.6886 resets=18 new_calls=1596 time=21s
h2_airlines hddma+half acc=0.6904 resets=11 new_calls=1641 time=8s
h2_airlines hddma+hedge acc=0.6897 resets=12 new_calls=1684 time=8s
h2_airlines hddmw acc=0.6788 resets=81 new_calls=2190 time=90s
h2_airlines hddmw+half acc=0.6892 resets=77 new_calls=2486 time=53s
h2_airlines hddmw+hedge acc=0.6880 resets=79 new_calls=2618 time=23s
h2_airlines adwin acc=0.6893 resets=13 new_calls=2704 time=15s
h2_airlines adwin+half acc=0.6900 resets=13 new_calls=2761 time=10s
h2_airlines adwin+hedge acc=0.6898 resets=13 new_calls=2761 time=0s
h2_airlines ph acc=0.6869 resets=28 new_calls=2937 time=30s
h2_airlines ph+half acc=0.6900 resets=22 new_calls=3016 time=14s
h2_airlines ph+hedge acc=0.6902 resets=22 new_calls=3082 time=12s
h2_airlines kswin acc=0.6855 resets=35 new_calls=3210 time=60s
h2_airlines kswin+half acc=0.6899 resets=26 new_calls=3249 time=46s
h2_airlines kswin+hedge acc=0.6895 resets=27 new_calls=3308 time=49s
h2_phishing none acc=0.9457 resets=0 new_calls=109 time=39s
h2_phishing ddmM acc=0.9457 resets=0 new_calls=109 time=0s
h2_phishing ddm acc=0.9457 resets=0 new_calls=109 time=0s
h2_phishing ddm+half acc=0.9457 resets=0 new_calls=109 time=0s
h2_phishing ddm+hedge acc=0.9457 resets=0 new_calls=109 time=0s
h2_phishing eddm acc=0.9446 resets=3 new_calls=130 time=5s
h2_phishing eddm+half acc=0.9449 resets=7 new_calls=163 time=10s
h2_phishing eddm+hedge acc=0.9461 resets=7 new_calls=203 time=10s
h2_phishing fhddm acc=0.9457 resets=0 new_calls=203 time=0s
h2_phishing fhddm+half acc=0.9457 resets=0 new_calls=203 time=0s
h2_phishing fhddm+hedge acc=0.9457 resets=0 new_calls=203 time=0s
h2_phishing hddma acc=0.9457 resets=0 new_calls=203 time=0s
h2_phishing hddma+half acc=0.9457 resets=0 new_calls=203 time=0s
h2_phishing hddma+hedge acc=0.9457 resets=0 new_calls=203 time=0s
h2_phishing hddmw acc=0.9457 resets=0 new_calls=203 time=0s
h2_phishing hddmw+half acc=0.9457 resets=0 new_calls=203 time=0s
h2_phishing hddmw+hedge acc=0.9457 resets=0 new_calls=203 time=0s
h2_phishing adwin acc=0.9457 resets=0 new_calls=203 time=0s
h2_phishing adwin+half acc=0.9457 resets=0 new_calls=203 time=0s
h2_phishing adwin+hedge acc=0.9457 resets=0 new_calls=203 time=0s
h2_phishing ph acc=0.9457 resets=0 new_calls=203 time=0s
h2_phishing ph+half acc=0.9457 resets=0 new_calls=203 time=0s
h2_phishing ph+hedge acc=0.9457 resets=0 new_calls=203 time=0s
h2_phishing kswin acc=0.9457 resets=0 new_calls=203 time=4s
h2_phishing kswin+half acc=0.9457 resets=0 new_calls=203 time=4s
h2_phishing kswin+hedge acc=0.9457 resets=0 new_calls=203 time=4s
h2_poker none acc=0.9256 resets=0 new_calls=999 time=187s
h2_poker ddmM acc=0.8441 resets=465 new_calls=1864 time=156s
h2_poker ddm acc=0.8439 resets=464 new_calls=1868 time=1s
h2_poker ddm+half acc=0.8888 resets=389 new_calls=2568 time=135s
h2_poker ddm+hedge acc=0.9095 resets=331 new_calls=2970 time=76s
h2_poker eddm acc=0.8364 resets=302 new_calls=3416 time=83s
h2_poker eddm+half acc=0.9066 resets=169 new_calls=3740 time=62s
h2_poker eddm+hedge acc=0.9181 resets=147 new_calls=4006 time=50s
h2_poker fhddm acc=0.8585 resets=146 new_calls=4489 time=91s
h2_poker fhddm+half acc=0.9151 resets=97 new_calls=4779 time=50s
h2_poker fhddm+hedge acc=0.9222 resets=83 new_calls=4841 time=11s
h2_poker hddma acc=0.8266 resets=526 new_calls=4966 time=22s
h2_poker hddma+half acc=0.8910 resets=348 new_calls=5077 time=21s
h2_poker hddma+hedge acc=0.9092 resets=296 new_calls=5148 time=13s
h2_poker hddmw acc=0.8459 resets=275 new_calls=5231 time=15s
h2_poker hddmw+half acc=0.9059 resets=179 new_calls=5296 time=12s
h2_poker hddmw+hedge acc=0.9207 resets=140 new_calls=5350 time=10s
h2_poker adwin acc=0.8509 resets=203 new_calls=5568 time=36s
h2_poker adwin+half acc=0.9063 resets=157 new_calls=5695 time=24s
h2_poker adwin+hedge acc=0.9201 resets=136 new_calls=5813 time=21s
h2_poker ph acc=0.8856 resets=107 new_calls=5962 time=26s
h2_poker ph+half acc=0.9179 resets=77 new_calls=6062 time=18s
h2_poker ph+hedge acc=0.9236 resets=68 new_calls=6116 time=10s
h2_poker kswin acc=0.8639 resets=195 new_calls=6173 time=38s
h2_poker kswin+half acc=0.9127 resets=134 new_calls=6187 time=34s
h2_poker kswin+hedge acc=0.9225 resets=120 new_calls=6188 time=32s
h2_rialto none acc=0.7746 resets=0 new_calls=821 time=186s
h2_rialto ddmM acc=0.7794 resets=173 new_calls=1219 time=72s
h2_rialto ddm acc=0.7809 resets=165 new_calls=1238 time=3s
h2_rialto ddm+half acc=0.7774 resets=105 new_calls=1472 time=47s
h2_rialto ddm+hedge acc=0.7870 resets=148 new_calls=1608 time=25s
h2_rialto eddm acc=0.7851 resets=284 new_calls=2109 time=90s
h2_rialto eddm+half acc=0.7796 resets=272 new_calls=2582 time=93s
h2_rialto eddm+hedge acc=0.7989 resets=272 new_calls=2896 time=58s
h2_rialto fhddm acc=0.7836 resets=94 new_calls=3302 time=74s
h2_rialto fhddm+half acc=0.7766 resets=97 new_calls=3634 time=70s
h2_rialto fhddm+hedge acc=0.7912 resets=87 new_calls=3752 time=23s
h2_rialto hddma acc=0.7825 resets=123 new_calls=3932 time=37s
h2_rialto hddma+half acc=0.7782 resets=130 new_calls=4067 time=30s
h2_rialto hddma+hedge acc=0.7899 resets=128 new_calls=4108 time=8s
h2_rialto hddmw acc=0.7856 resets=147 new_calls=4179 time=14s
h2_rialto hddmw+half acc=0.7777 resets=152 new_calls=4257 time=17s
h2_rialto hddmw+hedge acc=0.7920 resets=142 new_calls=4312 time=11s
h2_rialto adwin acc=0.7764 resets=129 new_calls=4573 time=50s
h2_rialto adwin+half acc=0.7776 resets=117 new_calls=4737 time=34s
h2_rialto adwin+hedge acc=0.7895 resets=116 new_calls=4903 time=31s
h2_rialto ph acc=0.7839 resets=87 new_calls=5104 time=39s
h2_rialto ph+half acc=0.7783 resets=93 new_calls=5225 time=25s
h2_rialto ph+hedge acc=0.7884 resets=89 new_calls=5343 time=23s
h2_rialto kswin acc=0.7861 resets=134 new_calls=5393 time=34s
h2_rialto kswin+half acc=0.7784 resets=142 new_calls=5444 time=35s
h2_rialto kswin+hedge acc=0.7921 resets=129 new_calls=5487 time=33s
h2_spam none acc=0.9449 resets=0 new_calls=61 time=178s
h2_spam ddmM acc=0.9413 resets=3 new_calls=79 time=30s
h2_spam ddm acc=0.9413 resets=3 new_calls=79 time=0s
h2_spam ddm+half acc=0.9433 resets=4 new_calls=84 time=12s
h2_spam ddm+hedge acc=0.9423 resets=4 new_calls=91 time=13s
h2_spam eddm acc=0.9248 resets=9 new_calls=136 time=65s
h2_spam eddm+half acc=0.9443 resets=7 new_calls=157 time=45s
h2_spam eddm+hedge acc=0.9456 resets=6 new_calls=181 time=41s
h2_spam fhddm acc=0.9415 resets=2 new_calls=193 time=19s
h2_spam fhddm+half acc=0.9472 resets=2 new_calls=203 time=23s
h2_spam fhddm+hedge acc=0.9436 resets=2 new_calls=203 time=0s
h2_spam hddma acc=0.9349 resets=5 new_calls=207 time=3s
h2_spam hddma+half acc=0.9423 resets=3 new_calls=208 time=2s
h2_spam hddma+hedge acc=0.9413 resets=5 new_calls=208 time=0s
h2_spam hddmw acc=0.9379 resets=3 new_calls=208 time=0s
h2_spam hddmw+half acc=0.9462 resets=2 new_calls=208 time=0s
h2_spam hddmw+hedge acc=0.9411 resets=3 new_calls=208 time=0s
h2_spam adwin acc=0.9390 resets=2 new_calls=208 time=0s
h2_spam adwin+half acc=0.9462 resets=2 new_calls=208 time=0s
h2_spam adwin+hedge acc=0.9425 resets=2 new_calls=220 time=22s
h2_spam ph acc=0.9385 resets=2 new_calls=230 time=18s
h2_spam ph+half acc=0.9457 resets=1 new_calls=232 time=5s
h2_spam ph+hedge acc=0.9421 resets=2 new_calls=242 time=18s
h2_spam kswin acc=0.9372 resets=3 new_calls=244 time=4s
h2_spam kswin+half acc=0.9462 resets=2 new_calls=244 time=2s
h2_spam kswin+hedge acc=0.9384 resets=3 new_calls=244 time=2s
h2_weather none acc=0.8109 resets=0 new_calls=180 time=34s
h2_weather ddmM acc=0.8109 resets=0 new_calls=180 time=0s
h2_weather ddm acc=0.8109 resets=0 new_calls=180 time=0s
h2_weather ddm+half acc=0.8109 resets=0 new_calls=180 time=0s
h2_weather ddm+hedge acc=0.8109 resets=0 new_calls=180 time=0s
h2_weather eddm acc=0.7616 resets=59 new_calls=313 time=23s
h2_weather eddm+half acc=0.8086 resets=24 new_calls=379 time=12s
h2_weather eddm+hedge acc=0.8004 resets=67 new_calls=486 time=19s
h2_weather fhddm acc=0.7884 resets=23 new_calls=585 time=17s
h2_weather fhddm+half acc=0.8098 resets=8 new_calls=618 time=6s
h2_weather fhddm+hedge acc=0.8086 resets=10 new_calls=649 time=6s
h2_weather hddma acc=0.8109 resets=0 new_calls=649 time=0s
h2_weather hddma+half acc=0.8109 resets=0 new_calls=649 time=0s
h2_weather hddma+hedge acc=0.8109 resets=0 new_calls=649 time=0s
h2_weather hddmw acc=0.8043 resets=6 new_calls=686 time=6s
h2_weather hddmw+half acc=0.8108 resets=5 new_calls=703 time=3s
h2_weather hddmw+hedge acc=0.8111 resets=5 new_calls=706 time=1s
h2_weather adwin acc=0.8109 resets=0 new_calls=706 time=0s
h2_weather adwin+half acc=0.8109 resets=0 new_calls=706 time=0s
h2_weather adwin+hedge acc=0.8109 resets=0 new_calls=706 time=0s
h2_weather ph acc=0.8056 resets=6 new_calls=730 time=4s
h2_weather ph+half acc=0.8105 resets=3 new_calls=740 time=2s
h2_weather ph+hedge acc=0.8106 resets=3 new_calls=752 time=2s
h2_weather kswin acc=0.8109 resets=0 new_calls=752 time=7s
h2_weather kswin+half acc=0.8109 resets=0 new_calls=752 time=7s
h2_weather kswin+hedge acc=0.8109 resets=0 new_calls=752 time=7s
h3_airlines_b none acc=0.7056 resets=0 new_calls=999 time=179s
h3_airlines_b ddmM acc=0.7055 resets=4 new_calls=1029 time=5s
h3_airlines_b ddm acc=0.7055 resets=4 new_calls=1029 time=0s
h3_airlines_b ddm+half acc=0.7053 resets=9 new_calls=1061 time=5s
h3_airlines_b ddm+hedge acc=0.7055 resets=4 new_calls=1061 time=0s
h3_airlines_b eddm acc=0.7025 resets=79 new_calls=1268 time=36s
h3_airlines_b eddm+half acc=0.7032 resets=121 new_calls=1486 time=38s
h3_airlines_b eddm+hedge acc=0.7050 resets=55 new_calls=1568 time=14s
h3_airlines_b fhddm acc=0.7033 resets=22 new_calls=1741 time=30s
h3_airlines_b fhddm+half acc=0.7054 resets=18 new_calls=1831 time=16s
h3_airlines_b fhddm+hedge acc=0.7053 resets=17 new_calls=1847 time=3s
h3_airlines_b hddma acc=0.7054 resets=8 new_calls=1912 time=12s
h3_airlines_b hddma+half acc=0.7054 resets=8 new_calls=1949 time=7s
h3_airlines_b hddma+hedge acc=0.7054 resets=16 new_calls=2036 time=16s
h3_airlines_b hddmw acc=0.6947 resets=81 new_calls=2481 time=77s
h3_airlines_b hddmw+half acc=0.7034 resets=74 new_calls=2731 time=44s
h3_airlines_b hddmw+hedge acc=0.7047 resets=76 new_calls=2834 time=19s
h3_airlines_b adwin acc=0.7054 resets=14 new_calls=2919 time=16s
h3_airlines_b adwin+half acc=0.7055 resets=14 new_calls=2973 time=10s
h3_airlines_b adwin+hedge acc=0.7056 resets=14 new_calls=2973 time=0s
h3_airlines_b ph acc=0.7026 resets=30 new_calls=3131 time=29s
h3_airlines_b ph+half acc=0.7049 resets=28 new_calls=3213 time=16s
h3_airlines_b ph+hedge acc=0.7051 resets=30 new_calls=3340 time=23s
h3_airlines_b kswin acc=0.7027 resets=28 new_calls=3445 time=59s
h3_airlines_b kswin+half acc=0.7049 resets=31 new_calls=3501 time=49s
h3_airlines_b kswin+hedge acc=0.7053 resets=30 new_calls=3543 time=47s
h3_airlines_c none acc=0.6511 resets=0 new_calls=999 time=174s
h3_airlines_c ddmM acc=0.6500 resets=6 new_calls=1044 time=8s
h3_airlines_c ddm acc=0.6500 resets=6 new_calls=1044 time=0s
h3_airlines_c ddm+half acc=0.6509 resets=6 new_calls=1070 time=5s
h3_airlines_c ddm+hedge acc=0.6507 resets=6 new_calls=1088 time=3s
h3_airlines_c eddm acc=0.6508 resets=3 new_calls=1099 time=2s
h3_airlines_c eddm+half acc=0.6507 resets=34 new_calls=1150 time=9s
h3_airlines_c eddm+hedge acc=0.6503 resets=40 new_calls=1225 time=13s
h3_airlines_c fhddm acc=0.6460 resets=39 new_calls=1540 time=55s
h3_airlines_c fhddm+half acc=0.6503 resets=32 new_calls=1690 time=27s
h3_airlines_c fhddm+hedge acc=0.6500 resets=30 new_calls=1744 time=9s
h3_airlines_c hddma acc=0.6501 resets=12 new_calls=1841 time=17s
h3_airlines_c hddma+half acc=0.6508 resets=11 new_calls=1896 time=10s
h3_airlines_c hddma+hedge acc=0.6512 resets=10 new_calls=1914 time=3s
h3_airlines_c hddmw acc=0.6372 resets=120 new_calls=2572 time=115s
h3_airlines_c hddmw+half acc=0.6491 resets=127 new_calls=3013 time=74s
h3_airlines_c hddmw+hedge acc=0.6488 resets=118 new_calls=3258 time=40s
h3_airlines_c adwin acc=0.6500 resets=13 new_calls=3348 time=14s
h3_airlines_c adwin+half acc=0.6509 resets=13 new_calls=3388 time=6s
h3_airlines_c adwin+hedge acc=0.6510 resets=13 new_calls=3410 time=4s
h3_airlines_c ph acc=0.6467 resets=32 new_calls=3620 time=34s
h3_airlines_c ph+half acc=0.6507 resets=23 new_calls=3700 time=13s
h3_airlines_c ph+hedge acc=0.6503 resets=21 new_calls=3768 time=11s
h3_airlines_c kswin acc=0.6432 resets=77 new_calls=4037 time=88s
h3_airlines_c kswin+half acc=0.6503 resets=67 new_calls=4190 time=64s
h3_airlines_c kswin+hedge acc=0.6502 resets=67 new_calls=4264 time=51s
h3_covertype_b none acc=0.9662 resets=0 new_calls=999 time=222s
h3_covertype_b ddmM acc=0.9567 resets=14 new_calls=1033 time=7s
h3_covertype_b ddm acc=0.9567 resets=14 new_calls=1033 time=0s
h3_covertype_b ddm+half acc=0.9658 resets=165 new_calls=1359 time=71s
h3_covertype_b ddm+hedge acc=0.9647 resets=54 new_calls=1523 time=30s
h3_covertype_b eddm acc=0.9149 resets=101 new_calls=1665 time=25s
h3_covertype_b eddm+half acc=0.9661 resets=27 new_calls=1785 time=25s
h3_covertype_b eddm+hedge acc=0.9658 resets=84 new_calls=2373 time=119s
h3_covertype_b fhddm acc=0.9224 resets=49 new_calls=2483 time=22s
h3_covertype_b fhddm+half acc=0.9661 resets=3 new_calls=2490 time=2s
h3_covertype_b fhddm+hedge acc=0.9662 resets=2 new_calls=2501 time=2s
h3_covertype_b hddma acc=0.7158 resets=497 new_calls=3084 time=104s
h3_covertype_b hddma+half acc=0.9652 resets=64 new_calls=3271 time=41s
h3_covertype_b hddma+hedge acc=0.9655 resets=56 new_calls=3510 time=49s
h3_covertype_b hddmw acc=0.8162 resets=215 new_calls=3651 time=29s
h3_covertype_b hddmw+half acc=0.9662 resets=14 new_calls=3678 time=6s
h3_covertype_b hddmw+hedge acc=0.9660 resets=14 new_calls=3698 time=4s
h3_covertype_b adwin acc=0.7006 resets=329 new_calls=4148 time=85s
h3_covertype_b adwin+half acc=0.9659 resets=19 new_calls=4169 time=5s
h3_covertype_b adwin+hedge acc=0.9659 resets=16 new_calls=4209 time=8s
h3_covertype_b ph acc=0.7511 resets=221 new_calls=4645 time=92s
h3_covertype_b ph+half acc=0.9659 resets=11 new_calls=4673 time=6s
h3_covertype_b ph+hedge acc=0.9661 resets=9 new_calls=4705 time=6s
h3_covertype_b kswin acc=0.9069 resets=89 new_calls=4732 time=41s
h3_covertype_b kswin+half acc=0.9662 resets=7 new_calls=4732 time=40s
h3_covertype_b kswin+hedge acc=0.9662 resets=7 new_calls=4732 time=40s
h3_covertype_c none acc=0.9570 resets=0 new_calls=999 time=247s
h3_covertype_c ddmM acc=0.9187 resets=61 new_calls=1097 time=17s
h3_covertype_c ddm acc=0.9187 resets=61 new_calls=1097 time=0s
h3_covertype_c ddm+half acc=0.9549 resets=25 new_calls=1153 time=13s
h3_covertype_c ddm+hedge acc=0.9562 resets=33 new_calls=1244 time=19s
h3_covertype_c eddm acc=0.4726 resets=762 new_calls=2171 time=167s
h3_covertype_c eddm+half acc=0.9525 resets=27 new_calls=2256 time=23s
h3_covertype_c eddm+hedge acc=0.9561 resets=25 new_calls=2391 time=33s
h3_covertype_c fhddm acc=0.5007 resets=337 new_calls=3104 time=156s
h3_covertype_c fhddm+half acc=0.9507 resets=15 new_calls=3126 time=6s
h3_covertype_c fhddm+hedge acc=0.9569 resets=3 new_calls=3139 time=4s
h3_covertype_c hddma acc=0.5970 resets=556 new_calls=3339 time=51s
h3_covertype_c hddma+half acc=0.8734 resets=259 new_calls=3720 time=101s
h3_covertype_c hddma+hedge acc=0.9565 resets=23 new_calls=3760 time=10s
h3_covertype_c hddmw acc=0.4752 resets=645 new_calls=3901 time=32s
h3_covertype_c hddmw+half acc=0.9430 resets=49 new_calls=3975 time=18s
h3_covertype_c hddmw+hedge acc=0.9567 resets=26 new_calls=4083 time=25s
h3_covertype_c adwin acc=0.4967 resets=438 new_calls=4314 time=52s
h3_covertype_c adwin+half acc=0.9180 resets=90 new_calls=4443 time=29s
h3_covertype_c adwin+hedge acc=0.9568 resets=21 new_calls=4474 time=7s
h3_covertype_c ph acc=0.5366 resets=258 new_calls=4844 time=81s
h3_covertype_c ph+half acc=0.9249 resets=62 new_calls=4985 time=33s
h3_covertype_c ph+hedge acc=0.9569 resets=10 new_calls=5010 time=6s
h3_covertype_c kswin acc=0.4813 resets=543 new_calls=5054 time=17s
h3_covertype_c kswin+half acc=0.9333 resets=58 new_calls=5075 time=43s
h3_covertype_c kswin+hedge acc=0.9567 resets=12 new_calls=5083 time=43s
h3_insects_b none acc=0.8142 resets=0 new_calls=999 time=233s
h3_insects_b ddmM acc=0.8138 resets=4 new_calls=1035 time=6s
h3_insects_b ddm acc=0.8138 resets=4 new_calls=1035 time=0s
h3_insects_b ddm+half acc=0.8141 resets=2 new_calls=1045 time=2s
h3_insects_b ddm+hedge acc=0.8141 resets=3 new_calls=1063 time=3s
h3_insects_b eddm acc=0.8125 resets=20 new_calls=1123 time=10s
h3_insects_b eddm+half acc=0.8124 resets=104 new_calls=1407 time=54s
h3_insects_b eddm+hedge acc=0.8140 resets=28 new_calls=1465 time=10s
h3_insects_b fhddm acc=0.8144 resets=6 new_calls=1519 time=10s
h3_insects_b fhddm+half acc=0.8145 resets=6 new_calls=1549 time=6s
h3_insects_b fhddm+hedge acc=0.8147 resets=6 new_calls=1549 time=0s
h3_insects_b hddma acc=0.8156 resets=4 new_calls=1583 time=7s
h3_insects_b hddma+half acc=0.8147 resets=4 new_calls=1603 time=4s
h3_insects_b hddma+hedge acc=0.8156 resets=4 new_calls=1603 time=0s
h3_insects_b hddmw acc=0.8145 resets=11 new_calls=1691 time=16s
h3_insects_b hddmw+half acc=0.8142 resets=13 new_calls=1754 time=12s
h3_insects_b hddmw+hedge acc=0.8154 resets=12 new_calls=1758 time=1s
h3_insects_b adwin acc=0.8151 resets=6 new_calls=1785 time=5s
h3_insects_b adwin+half acc=0.8147 resets=7 new_calls=1800 time=3s
h3_insects_b adwin+hedge acc=0.8153 resets=6 new_calls=1800 time=0s
h3_insects_b ph acc=0.8145 resets=10 new_calls=1849 time=9s
h3_insects_b ph+half acc=0.8144 resets=11 new_calls=1879 time=6s
h3_insects_b ph+hedge acc=0.8152 resets=9 new_calls=1897 time=3s
h3_insects_b kswin acc=0.8156 resets=4 new_calls=1906 time=42s
h3_insects_b kswin+half acc=0.8147 resets=4 new_calls=1911 time=42s
h3_insects_b kswin+hedge acc=0.8155 resets=4 new_calls=1911 time=40s
h3_insects_c none acc=0.8543 resets=0 new_calls=999 time=231s
h3_insects_c ddmM acc=0.8545 resets=4 new_calls=1024 time=4s
h3_insects_c ddm acc=0.8545 resets=4 new_calls=1024 time=0s
h3_insects_c ddm+half acc=0.8545 resets=3 new_calls=1039 time=3s
h3_insects_c ddm+hedge acc=0.8547 resets=2 new_calls=1046 time=1s
h3_insects_c eddm acc=0.8536 resets=12 new_calls=1091 time=7s
h3_insects_c eddm+half acc=0.8540 resets=84 new_calls=1328 time=44s
h3_insects_c eddm+hedge acc=0.8541 resets=23 new_calls=1397 time=12s
h3_insects_c fhddm acc=0.8544 resets=2 new_calls=1413 time=3s
h3_insects_c fhddm+half acc=0.8544 resets=2 new_calls=1418 time=1s
h3_insects_c fhddm+hedge acc=0.8545 resets=2 new_calls=1418 time=0s
h3_insects_c hddma acc=0.8550 resets=3 new_calls=1431 time=2s
h3_insects_c hddma+half acc=0.8547 resets=3 new_calls=1441 time=2s
h3_insects_c hddma+hedge acc=0.8550 resets=3 new_calls=1441 time=0s
h3_insects_c hddmw acc=0.8556 resets=4 new_calls=1468 time=5s
h3_insects_c hddmw+half acc=0.8549 resets=4 new_calls=1481 time=3s
h3_insects_c hddmw+hedge acc=0.8555 resets=4 new_calls=1481 time=0s
h3_insects_c adwin acc=0.8550 resets=5 new_calls=1507 time=4s
h3_insects_c adwin+half acc=0.8548 resets=5 new_calls=1526 time=4s
h3_insects_c adwin+hedge acc=0.8551 resets=5 new_calls=1526 time=0s
h3_insects_c ph acc=0.8554 resets=6 new_calls=1552 time=5s
h3_insects_c ph+half acc=0.8549 resets=7 new_calls=1575 time=5s
h3_insects_c ph+hedge acc=0.8554 resets=6 new_calls=1581 time=1s
h3_insects_c kswin acc=0.8557 resets=2 new_calls=1581 time=40s
h3_insects_c kswin+half acc=0.8549 resets=2 new_calls=1581 time=40s
h3_insects_c kswin+hedge acc=0.8555 resets=2 new_calls=1581 time=40s
h3_poker_b none acc=0.9340 resets=0 new_calls=999 time=166s
h3_poker_b ddmM acc=0.8504 resets=382 new_calls=1772 time=125s
h3_poker_b ddm acc=0.8493 resets=382 new_calls=1799 time=5s
h3_poker_b ddm+half acc=0.9153 resets=265 new_calls=2419 time=107s
h3_poker_b ddm+hedge acc=0.9271 resets=192 new_calls=2794 time=63s
h3_poker_b eddm acc=0.8153 resets=342 new_calls=3360 time=90s
h3_poker_b eddm+half acc=0.9203 resets=138 new_calls=3623 time=47s
h3_poker_b eddm+hedge acc=0.9310 resets=117 new_calls=3864 time=41s
h3_poker_b fhddm acc=0.8648 resets=138 new_calls=4360 time=81s
h3_poker_b fhddm+half acc=0.9261 resets=84 new_calls=4621 time=46s
h3_poker_b fhddm+hedge acc=0.9316 resets=79 new_calls=4717 time=17s
h3_poker_b hddma acc=0.8193 resets=502 new_calls=4962 time=40s
h3_poker_b hddma+half acc=0.9186 resets=210 new_calls=5039 time=16s
h3_poker_b hddma+hedge acc=0.9254 resets=198 new_calls=5157 time=22s
h3_poker_b hddmw acc=0.8404 resets=268 new_calls=5263 time=19s
h3_poker_b hddmw+half acc=0.9259 resets=123 new_calls=5281 time=4s
h3_poker_b hddmw+hedge acc=0.9298 resets=120 new_calls=5310 time=6s
h3_poker_b adwin acc=0.8498 resets=221 new_calls=5622 time=51s
h3_poker_b adwin+half acc=0.9220 resets=144 new_calls=5781 time=27s
h3_poker_b adwin+hedge acc=0.9304 resets=131 new_calls=5887 time=21s
h3_poker_b ph acc=0.8794 resets=122 new_calls=6158 time=48s
h3_poker_b ph+half acc=0.9285 resets=79 new_calls=6233 time=13s
h3_poker_b ph+hedge acc=0.9336 resets=75 new_calls=6301 time=12s
h3_poker_b kswin acc=0.8569 resets=206 new_calls=6356 time=39s
h3_poker_b kswin+half acc=0.9269 resets=116 new_calls=6361 time=33s
h3_poker_b kswin+hedge acc=0.9317 resets=109 new_calls=6376 time=35s
h3_poker_c none acc=0.9087 resets=0 new_calls=999 time=164s
h3_poker_c ddmM acc=0.8344 resets=400 new_calls=1831 time=137s
h3_poker_c ddm acc=0.8339 resets=397 new_calls=1845 time=3s
h3_poker_c ddm+half acc=0.8887 resets=309 new_calls=2520 time=115s
h3_poker_c ddm+hedge acc=0.8988 resets=303 new_calls=2971 time=74s
h3_poker_c eddm acc=0.8168 resets=344 new_calls=3441 time=75s
h3_poker_c eddm+half acc=0.8937 resets=196 new_calls=3821 time=64s
h3_poker_c eddm+hedge acc=0.9025 resets=175 new_calls=4089 time=44s
h3_poker_c fhddm acc=0.8482 resets=171 new_calls=4609 time=91s
h3_poker_c fhddm+half acc=0.8969 resets=119 new_calls=4982 time=67s
h3_poker_c fhddm+hedge acc=0.9068 resets=104 new_calls=5144 time=29s
h3_poker_c hddma acc=0.8205 resets=460 new_calls=5260 time=21s
h3_poker_c hddma+half acc=0.8889 resets=291 new_calls=5358 time=19s
h3_poker_c hddma+hedge acc=0.8996 resets=287 new_calls=5426 time=14s
h3_poker_c hddmw acc=0.8365 resets=272 new_calls=5520 time=18s
h3_poker_c hddmw+half acc=0.8994 resets=170 new_calls=5567 time=10s
h3_poker_c hddmw+hedge acc=0.9046 resets=163 new_calls=5600 time=7s
h3_poker_c adwin acc=0.8477 resets=221 new_calls=5860 time=46s
h3_poker_c adwin+half acc=0.8964 resets=173 new_calls=5961 time=19s
h3_poker_c adwin+hedge acc=0.9038 resets=163 new_calls=6083 time=23s
h3_poker_c ph acc=0.8691 resets=120 new_calls=6321 time=44s
h3_poker_c ph+half acc=0.9037 resets=97 new_calls=6424 time=19s
h3_poker_c ph+hedge acc=0.9074 resets=91 new_calls=6513 time=16s
h3_poker_c kswin acc=0.8381 resets=250 new_calls=6546 time=32s
h3_poker_c kswin+half acc=0.8992 resets=166 new_calls=6553 time=31s
h3_poker_c kswin+hedge acc=0.9060 resets=157 new_calls=6560 time=32s
h4_airlines_d none acc=0.6581 resets=0 new_calls=999 time=166s
h4_airlines_d ddmM acc=0.6577 resets=1 new_calls=1008 time=1s
h4_airlines_d ddm acc=0.6577 resets=1 new_calls=1008 time=0s
h4_airlines_d ddm+half acc=0.6581 resets=1 new_calls=1013 time=1s
h4_airlines_d ddm+hedge acc=0.6579 resets=4 new_calls=1033 time=3s
h4_airlines_d eddm acc=0.6578 resets=4 new_calls=1046 time=2s
h4_airlines_d eddm+half acc=0.6573 resets=92 new_calls=1190 time=23s
h4_airlines_d eddm+hedge acc=0.6560 resets=104 new_calls=1348 time=25s
h4_airlines_d fhddm acc=0.6519 resets=41 new_calls=1657 time=50s
h4_airlines_d fhddm+half acc=0.6573 resets=34 new_calls=1819 time=28s
h4_airlines_d fhddm+hedge acc=0.6565 resets=34 new_calls=1851 time=5s
h4_airlines_d hddma acc=0.6543 resets=18 new_calls=1970 time=20s
h4_airlines_d hddma+half acc=0.6570 resets=22 new_calls=2064 time=16s
h4_airlines_d hddma+hedge acc=0.6571 resets=21 new_calls=2155 time=15s
h4_airlines_d hddmw acc=0.6310 resets=158 new_calls=2865 time=118s
h4_airlines_d hddmw+half acc=0.6515 resets=159 new_calls=3369 time=83s
h4_airlines_d hddmw+hedge acc=0.6520 resets=167 new_calls=3778 time=65s
h4_airlines_d adwin acc=0.6572 resets=8 new_calls=3830 time=8s
h4_airlines_d adwin+half acc=0.6582 resets=8 new_calls=3853 time=4s
h4_airlines_d adwin+hedge acc=0.6579 resets=9 new_calls=3873 time=3s
h4_airlines_d ph acc=0.6532 resets=30 new_calls=4041 time=27s
h4_airlines_d ph+half acc=0.6569 resets=24 new_calls=4106 time=11s
h4_airlines_d ph+hedge acc=0.6579 resets=26 new_calls=4170 time=11s
h4_airlines_d kswin acc=0.6426 resets=102 new_calls=4455 time=82s
h4_airlines_d kswin+half acc=0.6544 resets=79 new_calls=4642 time=68s
h4_airlines_d kswin+hedge acc=0.6538 resets=80 new_calls=4790 time=61s
h4_airlines_e none acc=0.6546 resets=0 new_calls=999 time=169s
h4_airlines_e ddmM acc=0.6534 resets=4 new_calls=1035 time=6s
h4_airlines_e ddm acc=0.6534 resets=4 new_calls=1035 time=0s
h4_airlines_e ddm+half acc=0.6543 resets=5 new_calls=1060 time=4s
h4_airlines_e ddm+hedge acc=0.6544 resets=3 new_calls=1069 time=2s
h4_airlines_e eddm acc=0.6532 resets=41 new_calls=1142 time=11s
h4_airlines_e eddm+half acc=0.6540 resets=30 new_calls=1187 time=7s
h4_airlines_e eddm+hedge acc=0.6529 resets=72 new_calls=1330 time=22s
h4_airlines_e fhddm acc=0.6468 resets=40 new_calls=1662 time=54s
h4_airlines_e fhddm+half acc=0.6530 resets=35 new_calls=1832 time=27s
h4_airlines_e fhddm+hedge acc=0.6540 resets=29 new_calls=1885 time=9s
h4_airlines_e hddma acc=0.6539 resets=6 new_calls=1934 time=8s
h4_airlines_e hddma+half acc=0.6543 resets=6 new_calls=1954 time=4s
h4_airlines_e hddma+hedge acc=0.6547 resets=7 new_calls=1972 time=3s
h4_airlines_e hddmw acc=0.6352 resets=117 new_calls=2602 time=98s
h4_airlines_e hddmw+half acc=0.6507 resets=108 new_calls=2995 time=63s
h4_airlines_e hddmw+hedge acc=0.6505 resets=113 new_calls=3294 time=47s
h4_airlines_e adwin acc=0.6532 resets=10 new_calls=3333 time=6s
h4_airlines_e adwin+half acc=0.6545 resets=10 new_calls=3372 time=6s
h4_airlines_e adwin+hedge acc=0.6544 resets=11 new_calls=3420 time=8s
h4_airlines_e ph acc=0.6487 resets=32 new_calls=3597 time=27s
h4_airlines_e ph+half acc=0.6536 resets=24 new_calls=3679 time=13s
h4_airlines_e ph+hedge acc=0.6540 resets=22 new_calls=3752 time=11s
h4_airlines_e kswin acc=0.6438 resets=65 new_calls=3988 time=78s
h4_airlines_e kswin+half acc=0.6531 resets=51 new_calls=4113 time=61s
h4_airlines_e kswin+hedge acc=0.6525 resets=58 new_calls=4252 time=66s
h4_covertype_d none acc=0.9619 resets=0 new_calls=999 time=232s
h4_covertype_d ddmM acc=0.8969 resets=94 new_calls=1139 time=24s
h4_covertype_d ddm acc=0.8969 resets=94 new_calls=1139 time=0s
h4_covertype_d ddm+half acc=0.9502 resets=37 new_calls=1189 time=11s
h4_covertype_d ddm+hedge acc=0.9601 resets=106 new_calls=1412 time=42s
h4_covertype_d eddm acc=0.8663 resets=151 new_calls=1498 time=16s
h4_covertype_d eddm+half acc=0.9227 resets=122 new_calls=1844 time=83s
h4_covertype_d eddm+hedge acc=0.9612 resets=107 new_calls=2551 time=417s
h4_covertype_d fhddm acc=0.6262 resets=278 new_calls=3192 time=946s
h4_covertype_d fhddm+half acc=0.9574 resets=13 new_calls=3211 time=38s
h4_covertype_d fhddm+hedge acc=0.9617 resets=3 new_calls=3216 time=12s
h4_covertype_d hddma acc=0.5742 resets=645 new_calls=3678 time=486s
h4_covertype_d hddma+half acc=0.8196 resets=350 new_calls=4025 time=648s
RESTART 21:13:14 (WSL restarted ~21:00; chain stopped at 19:02)
h4_covertype_d hddma+hedge acc=0.9600 resets=84 new_calls=250 time=60s
h4_covertype_d hddmw acc=0.5738 resets=556 new_calls=408 time=35s
h4_covertype_d hddmw+half acc=0.9424 resets=49 new_calls=442 time=9s
h4_covertype_d hddmw+hedge acc=0.9617 resets=21 new_calls=455 time=3s
h4_covertype_d adwin acc=0.5481 resets=446 new_calls=771 time=70s
h4_covertype_d adwin+half acc=0.8899 resets=150 new_calls=947 time=40s
h4_covertype_d adwin+hedge acc=0.9618 resets=23 new_calls=984 time=8s
h4_covertype_d ph acc=0.6219 resets=217 new_calls=1291 time=67s
h4_covertype_d ph+half acc=0.9170 resets=77 new_calls=1441 time=33s
h4_covertype_d ph+hedge acc=0.9611 resets=8 new_calls=1463 time=5s
h4_covertype_d kswin acc=0.6001 resets=456 new_calls=1526 time=26s
h4_covertype_d kswin+half acc=0.9095 resets=98 new_calls=1573 time=45s
h4_covertype_d kswin+hedge acc=0.9618 resets=13 new_calls=1573 time=39s
h4_covertype_e none acc=0.9720 resets=0 new_calls=999 time=227s
h4_covertype_e ddmM acc=0.9673 resets=7 new_calls=1016 time=3s
h4_covertype_e ddm acc=0.9673 resets=7 new_calls=1016 time=0s
h4_covertype_e ddm+half acc=0.9711 resets=94 new_calls=1202 time=42s
h4_covertype_e ddm+hedge acc=0.9707 resets=134 new_calls=1510 time=61s
h4_covertype_e eddm acc=0.7071 resets=469 new_calls=2105 time=115s
h4_covertype_e eddm+half acc=0.9702 resets=50 new_calls=2304 time=42s
h4_covertype_e eddm+hedge acc=0.9715 resets=67 new_calls=2751 time=93s
h4_covertype_e fhddm acc=0.6617 resets=284 new_calls=3365 time=129s
h4_covertype_e fhddm+half acc=0.9720 resets=1 new_calls=3365 time=0s
h4_covertype_e fhddm+hedge acc=0.9719 resets=1 new_calls=3365 time=0s
h4_covertype_e hddma acc=0.6708 resets=599 new_calls=3637 time=54s
h4_covertype_e hddma+half acc=0.9680 resets=65 new_calls=3764 time=35s
h4_covertype_e hddma+hedge acc=0.9714 resets=58 new_calls=3955 time=50s
h4_covertype_e hddmw acc=0.6808 resets=457 new_calls=4064 time=41s
h4_covertype_e hddmw+half acc=0.9715 resets=17 new_calls=4096 time=28s
h4_covertype_e hddmw+hedge acc=0.9720 resets=17 new_calls=4125 time=7s
h4_covertype_e adwin acc=0.6221 resets=387 new_calls=4462 time=73s
h4_covertype_e adwin+half acc=0.9709 resets=24 new_calls=4509 time=13s
h4_covertype_e adwin+hedge acc=0.9718 resets=19 new_calls=4542 time=9s
h4_covertype_e ph acc=0.6797 resets=234 new_calls=4935 time=93s
h4_covertype_e ph+half acc=0.9720 resets=8 new_calls=4959 time=7s
h4_covertype_e ph+hedge acc=0.9718 resets=8 new_calls=4993 time=9s
h4_covertype_e kswin acc=0.6233 resets=458 new_calls=5056 time=28s
h4_covertype_e kswin+half acc=0.9718 resets=9 new_calls=5056 time=41s
h4_covertype_e kswin+hedge acc=0.9719 resets=9 new_calls=5063 time=42s
h4_poker_d none acc=0.9415 resets=0 new_calls=999 time=220s
h4_poker_d ddmM acc=0.8457 resets=437 new_calls=1800 time=152s
h4_poker_d ddm acc=0.8460 resets=433 new_calls=1805 time=1s
Traceback (most recent call last):
  File "/mnt/c/Users/zhwu9808/Desktop/pfn/ResetEval/code/reset_eval.py", line 168, in <module>
    run(s, p, cache, X, y)
  File "/mnt/c/Users/zhwu9808/Desktop/pfn/ResetEval/code/reset_eval.py", line 147, in run
    P = cache.get(lo, t)
        ^^^^^^^^^^^^^^^^
  File "/mnt/c/Users/zhwu9808/Desktop/pfn/ResetEval/code/reset_eval.py", line 81, in get
    self.d[key] = self.f.predict(self.X[lo:t * B], self.y[lo:t * B], self.X[t * B:(t + 1) * B]).astype(np.float16)
                  ^^^^^^^^^^^^^^^^^^^^^^^^^^^^^^^^^^^^^^^^^^^^^^^^^^^^^^^^^^^^^^^^^^^^^^^^^^^^^
  File "/mnt/c/Users/zhwu9808/Desktop/pfn/ResetEval/code/reset_eval.py", line 66, in predict
    P[:, self.m.classes_.astype(int)] = self.m.predict_proba(Xq)
                                        ^^^^^^^^^^^^^^^^^^^^^^^^
  File "/home/zhwu9808/pfn-venvs/venv/lib/python3.12/site-packages/tabpfn/classifier.py", line 1616, in predict_proba
    return self._predict_proba(X)
           ^^^^^^^^^^^^^^^^^^^^^^
  File "/home/zhwu9808/.local/share/uv/python/cpython-3.12.14-linux-x86_64-gnu/lib/python3.12/contextlib.py", line 81, in inner
    return func(*args, **kwds)
           ^^^^^^^^^^^^^^^^^^^
  File "/home/zhwu9808/pfn-venvs/venv/lib/python3.12/site-packages/tabpfn/classifier.py", line 1630, in _predict_proba
    self._raw_predict(X, return_logits=False).float().detach().cpu().numpy()
    ^^^^^^^^^^^^^^^^^^^^^^^^^^^^^^^^^^^^^^^^^
  File "/home/zhwu9808/pfn-venvs/venv/lib/python3.12/site-packages/tabpfn/classifier.py", line 1542, in _raw_predict
    return self.forward(
           ^^^^^^^^^^^^^
  File "/home/zhwu9808/pfn-venvs/venv/lib/python3.12/site-packages/tabpfn/classifier.py", line 1926, in forward
    output_batch.append(processed_output[:, i, use_perm])
                        ~~~~~~~~~~~~~~~~^^^^^^^^^^^^^^^^
torch.AcceleratorError: CUDA error: an illegal memory access was encountered
Search for `cudaErrorIllegalAddress' in https://docs.nvidia.com/cuda/cuda-runtime-api/group__CUDART__TYPES.html for more information.
CUDA kernel errors might be asynchronously reported at some other API call, so the stacktrace below might be incorrect.
For debugging consider passing CUDA_LAUNCH_BLOCKING=1

RETRY 21:49:25
h4_poker_d ddm+half acc=0.9081 resets=341 new_calls=251 time=52s
Traceback (most recent call last):
  File "/mnt/c/Users/zhwu9808/Desktop/pfn/ResetEval/code/reset_eval.py", line 168, in <module>
    run(s, p, cache, X, y)
  File "/mnt/c/Users/zhwu9808/Desktop/pfn/ResetEval/code/reset_eval.py", line 143, in run
    Pq = {"fifo": cache.get(lo_f, t), "reset": cache.get(lo, t)}
                                               ^^^^^^^^^^^^^^^^
  File "/mnt/c/Users/zhwu9808/Desktop/pfn/ResetEval/code/reset_eval.py", line 81, in get
    self.d[key] = self.f.predict(self.X[lo:t * B], self.y[lo:t * B], self.X[t * B:(t + 1) * B]).astype(np.float16)
                  ^^^^^^^^^^^^^^^^^^^^^^^^^^^^^^^^^^^^^^^^^^^^^^^^^^^^^^^^^^^^^^^^^^^^^^^^^^^^^
  File "/mnt/c/Users/zhwu9808/Desktop/pfn/ResetEval/code/reset_eval.py", line 66, in predict
    P[:, self.m.classes_.astype(int)] = self.m.predict_proba(Xq)
                                        ^^^^^^^^^^^^^^^^^^^^^^^^
  File "/home/zhwu9808/pfn-venvs/venv/lib/python3.12/site-packages/tabpfn/classifier.py", line 1616, in predict_proba
    return self._predict_proba(X)
           ^^^^^^^^^^^^^^^^^^^^^^
  File "/home/zhwu9808/.local/share/uv/python/cpython-3.12.14-linux-x86_64-gnu/lib/python3.12/contextlib.py", line 81, in inner
    return func(*args, **kwds)
           ^^^^^^^^^^^^^^^^^^^
  File "/home/zhwu9808/pfn-venvs/venv/lib/python3.12/site-packages/tabpfn/classifier.py", line 1630, in _predict_proba
    self._raw_predict(X, return_logits=False).float().detach().cpu().numpy()
    ^^^^^^^^^^^^^^^^^^^^^^^^^^^^^^^^^^^^^^^^^
  File "/home/zhwu9808/pfn-venvs/venv/lib/python3.12/site-packages/tabpfn/classifier.py", line 1542, in _raw_predict
    return self.forward(
           ^^^^^^^^^^^^^
  File "/home/zhwu9808/pfn-venvs/venv/lib/python3.12/site-packages/tabpfn/classifier.py", line 1876, in forward
    for output, config in tqdm(
                          ^^^^^
  File "/home/zhwu9808/pfn-venvs/venv/lib/python3.12/site-packages/tqdm/std.py", line 1175, in __iter__
    yield from iterable
  File "/home/zhwu9808/pfn-venvs/venv/lib/python3.12/site-packages/tabpfn/inference.py", line 753, in iter_outputs
    for output, ensemble_member in zip(
                                   ^^^^
  File "/home/zhwu9808/pfn-venvs/venv/lib/python3.12/site-packages/tabpfn/inference.py", line 74, in __next__
    torch.cuda.synchronize(self._device)
  File "/home/zhwu9808/pfn-venvs/venv/lib/python3.12/site-packages/torch/cuda/__init__.py", line 1281, in synchronize
    return torch._C._cuda_synchronize()
           ^^^^^^^^^^^^^^^^^^^^^^^^^^^^
torch.AcceleratorError: CUDA error: an illegal memory access was encountered
Search for `cudaErrorIllegalAddress' in https://docs.nvidia.com/cuda/cuda-runtime-api/group__CUDART__TYPES.html for more information.
CUDA kernel errors might be asynchronously reported at some other API call, so the stacktrace below might be incorrect.
For debugging consider passing CUDA_LAUNCH_BLOCKING=1

RETRY 21:52:12
h4_poker_d ddm+hedge acc=0.9285 resets=252 new_calls=257 time=50s
h4_poker_d eddm acc=0.8199 resets=342 new_calls=745 time=83s
h4_poker_d eddm+half acc=0.9272 resets=133 new_calls=976 time=43s
h4_poker_d eddm+hedge acc=0.9368 resets=118 new_calls=1213 time=43s
h4_poker_d fhddm acc=0.8574 resets=157 new_calls=1739 time=101s
h4_poker_d fhddm+half acc=0.9273 resets=93 new_calls=2048 time=57s
h4_poker_d fhddm+hedge acc=0.9349 resets=87 new_calls=2204 time=28s
h4_poker_d hddma acc=0.8145 resets=524 new_calls=2390 time=33s
h4_poker_d hddma+half acc=0.9209 resets=232 new_calls=2466 time=15s
h4_poker_d hddma+hedge acc=0.9306 resets=194 new_calls=2520 time=11s
h4_poker_d hddmw acc=0.8412 resets=273 new_calls=2630 time=20s
h4_poker_d hddmw+half acc=0.9330 resets=127 new_calls=2674 time=9s
h4_poker_d hddmw+hedge acc=0.9355 resets=127 new_calls=2702 time=6s
h4_poker_d adwin acc=0.8554 resets=201 new_calls=3027 time=57s
Traceback (most recent call last):
  File "/mnt/c/Users/zhwu9808/Desktop/pfn/ResetEval/code/reset_eval.py", line 168, in <module>
    run(s, p, cache, X, y)
  File "/mnt/c/Users/zhwu9808/Desktop/pfn/ResetEval/code/reset_eval.py", line 147, in run
    P = cache.get(lo, t)
        ^^^^^^^^^^^^^^^^
  File "/mnt/c/Users/zhwu9808/Desktop/pfn/ResetEval/code/reset_eval.py", line 81, in get
    self.d[key] = self.f.predict(self.X[lo:t * B], self.y[lo:t * B], self.X[t * B:(t + 1) * B]).astype(np.float16)
                  ^^^^^^^^^^^^^^^^^^^^^^^^^^^^^^^^^^^^^^^^^^^^^^^^^^^^^^^^^^^^^^^^^^^^^^^^^^^^^
  File "/mnt/c/Users/zhwu9808/Desktop/pfn/ResetEval/code/reset_eval.py", line 66, in predict
    P[:, self.m.classes_.astype(int)] = self.m.predict_proba(Xq)
                                        ^^^^^^^^^^^^^^^^^^^^^^^^
  File "/home/zhwu9808/pfn-venvs/venv/lib/python3.12/site-packages/tabpfn/classifier.py", line 1616, in predict_proba
    return self._predict_proba(X)
           ^^^^^^^^^^^^^^^^^^^^^^
  File "/home/zhwu9808/.local/share/uv/python/cpython-3.12.14-linux-x86_64-gnu/lib/python3.12/contextlib.py", line 81, in inner
    return func(*args, **kwds)
           ^^^^^^^^^^^^^^^^^^^
  File "/home/zhwu9808/pfn-venvs/venv/lib/python3.12/site-packages/tabpfn/classifier.py", line 1630, in _predict_proba
    self._raw_predict(X, return_logits=False).float().detach().cpu().numpy()
    ^^^^^^^^^^^^^^^^^^^^^^^^^^^^^^^^^^^^^^^^^
  File "/home/zhwu9808/pfn-venvs/venv/lib/python3.12/site-packages/tabpfn/classifier.py", line 1542, in _raw_predict
    return self.forward(
           ^^^^^^^^^^^^^
  File "/home/zhwu9808/pfn-venvs/venv/lib/python3.12/site-packages/tabpfn/classifier.py", line 1876, in forward
    for output, config in tqdm(
                          ^^^^^
  File "/home/zhwu9808/pfn-venvs/venv/lib/python3.12/site-packages/tqdm/std.py", line 1175, in __iter__
    yield from iterable
  File "/home/zhwu9808/pfn-venvs/venv/lib/python3.12/site-packages/tabpfn/inference.py", line 753, in iter_outputs
    for output, ensemble_member in zip(
                                   ^^^^
  File "/home/zhwu9808/pfn-venvs/venv/lib/python3.12/site-packages/tabpfn/inference.py", line 74, in __next__
    torch.cuda.synchronize(self._device)
  File "/home/zhwu9808/pfn-venvs/venv/lib/python3.12/site-packages/torch/cuda/__init__.py", line 1281, in synchronize
    return torch._C._cuda_synchronize()
           ^^^^^^^^^^^^^^^^^^^^^^^^^^^^
torch.AcceleratorError: CUDA error: unspecified launch failure
Search for `cudaErrorLaunchFailure' in https://docs.nvidia.com/cuda/cuda-runtime-api/group__CUDART__TYPES.html for more information.
CUDA kernel errors might be asynchronously reported at some other API call, so the stacktrace below might be incorrect.
For debugging consider passing CUDA_LAUNCH_BLOCKING=1

RETRY 22:02:47
h4_poker_d adwin+half acc=0.9273 resets=135 new_calls=165 time=30s
h4_poker_d adwin+hedge acc=0.9348 resets=125 new_calls=275 time=20s
h4_poker_d ph acc=0.8881 resets=108 new_calls=559 time=59s
h4_poker_d ph+half acc=0.9339 resets=67 new_calls=610 time=10s
h4_poker_d ph+hedge acc=0.9380 resets=64 new_calls=712 time=19s
h4_poker_d kswin acc=0.8604 resets=202 new_calls=735 time=34s
h4_poker_d kswin+half acc=0.9357 resets=100 new_calls=737 time=38s
h4_poker_d kswin+hedge acc=0.9366 resets=99 new_calls=753 time=44s
h4_poker_e none acc=0.9183 resets=0 new_calls=999 time=330s
Traceback (most recent call last):
  File "/mnt/c/Users/zhwu9808/Desktop/pfn/ResetEval/code/reset_eval.py", line 168, in <module>
    run(s, p, cache, X, y)
  File "/mnt/c/Users/zhwu9808/Desktop/pfn/ResetEval/code/reset_eval.py", line 147, in run
    P = cache.get(lo, t)
        ^^^^^^^^^^^^^^^^
  File "/mnt/c/Users/zhwu9808/Desktop/pfn/ResetEval/code/reset_eval.py", line 81, in get
    self.d[key] = self.f.predict(self.X[lo:t * B], self.y[lo:t * B], self.X[t * B:(t + 1) * B]).astype(np.float16)
                  ^^^^^^^^^^^^^^^^^^^^^^^^^^^^^^^^^^^^^^^^^^^^^^^^^^^^^^^^^^^^^^^^^^^^^^^^^^^^^
  File "/mnt/c/Users/zhwu9808/Desktop/pfn/ResetEval/code/reset_eval.py", line 66, in predict
    P[:, self.m.classes_.astype(int)] = self.m.predict_proba(Xq)
                                        ^^^^^^^^^^^^^^^^^^^^^^^^
  File "/home/zhwu9808/pfn-venvs/venv/lib/python3.12/site-packages/tabpfn/classifier.py", line 1616, in predict_proba
    return self._predict_proba(X)
           ^^^^^^^^^^^^^^^^^^^^^^
  File "/home/zhwu9808/.local/share/uv/python/cpython-3.12.14-linux-x86_64-gnu/lib/python3.12/contextlib.py", line 81, in inner
    return func(*args, **kwds)
           ^^^^^^^^^^^^^^^^^^^
  File "/home/zhwu9808/pfn-venvs/venv/lib/python3.12/site-packages/tabpfn/classifier.py", line 1630, in _predict_proba
    self._raw_predict(X, return_logits=False).float().detach().cpu().numpy()
    ^^^^^^^^^^^^^^^^^^^^^^^^^^^^^^^^^^^^^^^^^
  File "/home/zhwu9808/pfn-venvs/venv/lib/python3.12/site-packages/tabpfn/classifier.py", line 1542, in _raw_predict
    return self.forward(
           ^^^^^^^^^^^^^
  File "/home/zhwu9808/pfn-venvs/venv/lib/python3.12/site-packages/tabpfn/classifier.py", line 1876, in forward
    for output, config in tqdm(
                          ^^^^^
  File "/home/zhwu9808/pfn-venvs/venv/lib/python3.12/site-packages/tqdm/std.py", line 1175, in __iter__
    yield from iterable
  File "/home/zhwu9808/pfn-venvs/venv/lib/python3.12/site-packages/tabpfn/inference.py", line 753, in iter_outputs
    for output, ensemble_member in zip(
                                   ^^^^
  File "/home/zhwu9808/pfn-venvs/venv/lib/python3.12/site-packages/tabpfn/inference.py", line 71, in __next__
    value = next(self._inner)
            ^^^^^^^^^^^^^^^^^
  File "/home/zhwu9808/pfn-venvs/venv/lib/python3.12/site-packages/tabpfn/parallel_execute.py", line 86, in parallel_execute
    yield from _execute_in_current_thread(devices[0], functions)
  File "/home/zhwu9808/pfn-venvs/venv/lib/python3.12/site-packages/tabpfn/parallel_execute.py", line 97, in _execute_in_current_thread
    yield function(device=device)
          ^^^^^^^^^^^^^^^^^^^^^^^
  File "/home/zhwu9808/pfn-venvs/venv/lib/python3.12/site-packages/tabpfn/inference.py", line 796, in _call_model
    X_full, feature_schema = _maybe_run_gpu_preprocessing(
                             ^^^^^^^^^^^^^^^^^^^^^^^^^^^^^
  File "/home/zhwu9808/pfn-venvs/venv/lib/python3.12/site-packages/tabpfn/inference.py", line 1347, in _maybe_run_gpu_preprocessing
    result = gpu_preprocessor(
             ^^^^^^^^^^^^^^^^^
  File "/home/zhwu9808/pfn-venvs/venv/lib/python3.12/site-packages/tabpfn/preprocessing/torch/pipeline_interface.py", line 210, in __call__
    result = step.fit_transform(
             ^^^^^^^^^^^^^^^^^^^
  File "/home/zhwu9808/pfn-venvs/venv/lib/python3.12/site-packages/tabpfn/preprocessing/torch/pipeline_interface.py", line 55, in fit_transform
    x[:, :, column_indices] = transformed
    ~^^^^^^^^^^^^^^^^^^^^^^
torch.AcceleratorError: CUDA error: unspecified launch failure
Search for `cudaErrorLaunchFailure' in https://docs.nvidia.com/cuda/cuda-runtime-api/group__CUDART__TYPES.html for more information.
CUDA kernel errors might be asynchronously reported at some other API call, so the stacktrace below might be incorrect.
For debugging consider passing CUDA_LAUNCH_BLOCKING=1

RETRY 22:16:22
h4_poker_e ddmM acc=0.8323 resets=395 new_calls=221 time=69s
h4_poker_e ddm acc=0.8329 resets=380 new_calls=283 time=18s
h4_poker_e ddm+half acc=0.8955 resets=290 new_calls=925 time=186s
h4_poker_e ddm+hedge acc=0.9057 resets=297 new_calls=1329 time=121s
h4_poker_e eddm acc=0.8072 resets=361 new_calls=1823 time=121s
h4_poker_e eddm+half acc=0.9018 resets=175 new_calls=2141 time=106s
h4_poker_e eddm+hedge acc=0.9118 resets=160 new_calls=2412 time=83s
h4_poker_e fhddm acc=0.8296 resets=197 new_calls=2970 time=189s
h4_poker_e fhddm+half acc=0.9033 resets=119 new_calls=3307 time=104s
h4_poker_e fhddm+hedge acc=0.9116 resets=108 new_calls=3481 time=53s
h4_poker_e hddma acc=0.8099 resets=462 new_calls=3595 time=41s
h4_poker_e hddma+half acc=0.8936 resets=282 new_calls=3730 time=45s
h4_poker_e hddma+hedge acc=0.9057 resets=265 new_calls=3776 time=17s
h4_poker_e hddmw acc=0.8173 resets=316 new_calls=3867 time=32s
h4_poker_e hddmw+half acc=0.9018 resets=173 new_calls=3926 time=21s
h4_poker_e hddmw+hedge acc=0.9118 resets=161 new_calls=3957 time=10s
h4_poker_e adwin acc=0.8262 resets=248 new_calls=4246 time=73s
h4_poker_e adwin+half acc=0.8995 resets=179 new_calls=4401 time=48s
h4_poker_e adwin+hedge acc=0.9129 resets=162 new_calls=4531 time=36s
h4_poker_e ph acc=0.8516 resets=141 new_calls=4758 time=59s
h4_poker_e ph+half acc=0.9081 resets=99 new_calls=4888 time=35s
h4_poker_e ph+hedge acc=0.9148 resets=94 new_calls=5044 time=40s
Traceback (most recent call last):
  File "/mnt/c/Users/zhwu9808/Desktop/pfn/ResetEval/code/reset_eval.py", line 168, in <module>
    run(s, p, cache, X, y)
  File "/mnt/c/Users/zhwu9808/Desktop/pfn/ResetEval/code/reset_eval.py", line 147, in run
    P = cache.get(lo, t)
        ^^^^^^^^^^^^^^^^
  File "/mnt/c/Users/zhwu9808/Desktop/pfn/ResetEval/code/reset_eval.py", line 81, in get
    self.d[key] = self.f.predict(self.X[lo:t * B], self.y[lo:t * B], self.X[t * B:(t + 1) * B]).astype(np.float16)
                  ^^^^^^^^^^^^^^^^^^^^^^^^^^^^^^^^^^^^^^^^^^^^^^^^^^^^^^^^^^^^^^^^^^^^^^^^^^^^^
  File "/mnt/c/Users/zhwu9808/Desktop/pfn/ResetEval/code/reset_eval.py", line 66, in predict
    P[:, self.m.classes_.astype(int)] = self.m.predict_proba(Xq)
                                        ^^^^^^^^^^^^^^^^^^^^^^^^
  File "/home/zhwu9808/pfn-venvs/venv/lib/python3.12/site-packages/tabpfn/classifier.py", line 1616, in predict_proba
    return self._predict_proba(X)
           ^^^^^^^^^^^^^^^^^^^^^^
  File "/home/zhwu9808/.local/share/uv/python/cpython-3.12.14-linux-x86_64-gnu/lib/python3.12/contextlib.py", line 81, in inner
    return func(*args, **kwds)
           ^^^^^^^^^^^^^^^^^^^
  File "/home/zhwu9808/pfn-venvs/venv/lib/python3.12/site-packages/tabpfn/classifier.py", line 1630, in _predict_proba
    self._raw_predict(X, return_logits=False).float().detach().cpu().numpy()
    ^^^^^^^^^^^^^^^^^^^^^^^^^^^^^^^^^^^^^^^^^
  File "/home/zhwu9808/pfn-venvs/venv/lib/python3.12/site-packages/tabpfn/classifier.py", line 1542, in _raw_predict
    return self.forward(
           ^^^^^^^^^^^^^
  File "/home/zhwu9808/pfn-venvs/venv/lib/python3.12/site-packages/tabpfn/classifier.py", line 1876, in forward
    for output, config in tqdm(
                          ^^^^^
  File "/home/zhwu9808/pfn-venvs/venv/lib/python3.12/site-packages/tqdm/std.py", line 1175, in __iter__
    yield from iterable
  File "/home/zhwu9808/pfn-venvs/venv/lib/python3.12/site-packages/tabpfn/inference.py", line 753, in iter_outputs
    for output, ensemble_member in zip(
                                   ^^^^
  File "/home/zhwu9808/pfn-venvs/venv/lib/python3.12/site-packages/tabpfn/inference.py", line 74, in __next__
    torch.cuda.synchronize(self._device)
  File "/home/zhwu9808/pfn-venvs/venv/lib/python3.12/site-packages/torch/cuda/__init__.py", line 1281, in synchronize
    return torch._C._cuda_synchronize()
           ^^^^^^^^^^^^^^^^^^^^^^^^^^^^
torch.AcceleratorError: CUDA error: unspecified launch failure
Search for `cudaErrorLaunchFailure' in https://docs.nvidia.com/cuda/cuda-runtime-api/group__CUDART__TYPES.html for more information.
CUDA kernel errors might be asynchronously reported at some other API call, so the stacktrace below might be incorrect.
For debugging consider passing CUDA_LAUNCH_BLOCKING=1

RETRY 22:42:42
h4_poker_e kswin acc=0.8326 resets=255 new_calls=46 time=59s
h4_poker_e kswin+half acc=0.9038 resets=158 new_calls=60 time=43s
h4_poker_e kswin+hedge acc=0.9138 resets=144 new_calls=61 time=40s
elec2 none acc=0.8095 resets=0 new_calls=452 time=219s
elec2 ddmM acc=0.7989 resets=225 new_calls=828 time=152s
elec2 ddm acc=0.7989 resets=223 new_calls=830 time=1s
elec2ddm+half acc=0.8093 resets=228 new_calls=1184 time=141s
elec2 ddm+hedge acc=0.8057 resets=232 new_calls=1348 time=66s
elec2 eddm acc=0.7890 resets=207 new_calls=1595 time=98s
elec2 eddm+half acc=0.8055 resets=193 new_calls=1857 time=93s
elec2 eddm+hedge acc=0.8057 resets=190 new_calls=1939 time=29s
elec2 fhddm acc=0.7987 resets=73 new_calls=2179 time=47s
elec2 fhddm+half acc=0.8078 resets=66 new_calls=2379 time=32s
elec2 fhddm+hedge acc=0.8079 resets=68 new_calls=2448 time=11s
elec2 hddma acc=0.7910 resets=228 new_calls=2524 time=13s
elec2 hddma+half acc=0.8058 resets=198 new_calls=2604 time=13s
elec2 hddma+hedge acc=0.8054 resets=213 new_calls=2657 time=9s
elec2 hddmw acc=0.7930 resets=161 new_calls=2702 time=10s
elec2 hddmw+half acc=0.8077 resets=145 new_calls=2741 time=8s
elec2 hddmw+hedge acc=0.8064 resets=151 new_calls=2779 time=7s
elec2 adwin acc=0.7967 resets=64 new_calls=2882 time=17s
elec2 adwin+half acc=0.8080 resets=54 new_calls=2978 time=15s
elec2 adwin+hedge acc=0.8055 resets=57 new_calls=3047 time=11s
elec2 ph acc=0.8034 resets=39 new_calls=3144 time=15s
elec2 ph+half acc=0.8084 resets=33 new_calls=3219 time=12s
elec2 ph+hedge acc=0.8092 resets=38 new_calls=3270 time=9s
elec2 kswin acc=0.7955 resets=125 new_calls=3301 time=18s
elec2 kswin+half acc=0.8083 resets=112 new_calls=3354 time=23s
elec2 kswin+hedge acc=0.8059 resets=114 new_calls=3359 time=13s
CHAIN_DONE 23:04:01
