agrawal_s10 none acc=0.8619 resets=0 new_calls=239 time=52s
agrawal_s10 ddmM acc=0.9640 resets=16 new_calls=345 time=22s
agrawal_s10 ddm acc=0.9640 resets=16 new_calls=345 time=0s
agrawal_s10 ddm+half acc=0.8842 resets=11 new_calls=400 time=11s
agrawal_s10 ddm+hedge acc=0.9604 resets=11 new_calls=422 time=4s
agrawal_s10 eddm acc=0.9643 resets=12 new_calls=431 time=2s
agrawal_s10 eddm+half acc=0.9137 resets=30 new_calls=492 time=12s
agrawal_s10 eddm+hedge acc=0.9602 resets=12 new_calls=501 time=2s
agrawal_s10 fhddm acc=0.8667 resets=11 new_calls=600 time=17s
agrawal_s10 fhddm+half acc=0.8711 resets=11 new_calls=640 time=7s
agrawal_s10 fhddm+hedge acc=0.8679 resets=11 new_calls=640 time=0s
agrawal_s10 hddma acc=0.9657 resets=11 new_calls=640 time=0s
agrawal_s10 hddma+half acc=0.8826 resets=11 new_calls=644 time=1s
agrawal_s10 hddma+hedge acc=0.9604 resets=11 new_calls=644 time=0s
agrawal_s10 hddmw acc=0.9657 resets=11 new_calls=644 time=0s
agrawal_s10 hddmw+half acc=0.8826 resets=11 new_calls=644 time=0s
agrawal_s10 hddmw+hedge acc=0.9604 resets=11 new_calls=644 time=0s
agrawal_s10 adwin acc=0.9638 resets=13 new_calls=661 time=3s
agrawal_s10 adwin+half acc=0.8854 resets=22 new_calls=681 time=4s
agrawal_s10 adwin+hedge acc=0.9588 resets=18 new_calls=737 time=10s
agrawal_s10 ph acc=0.9476 resets=12 new_calls=783 time=8s
agrawal_s10 ph+half acc=0.8981 resets=22 new_calls=821 time=7s
agrawal_s10 ph+hedge acc=0.9473 resets=13 new_calls=837 time=3s
agrawal_s10 kswin acc=0.9562 resets=11 new_calls=837 time=10s
agrawal_s10 kswin+half acc=0.8819 resets=13 new_calls=837 time=10s
agrawal_s10 kswin+hedge acc=0.9516 resets=11 new_calls=837 time=11s
agrawal_s11 none acc=0.8633 resets=0 new_calls=239 time=88s
agrawal_s11 ddmM acc=0.9643 resets=24 new_calls=351 time=33s
agrawal_s11 ddm acc=0.9643 resets=24 new_calls=351 time=0s
agrawal_s11 ddm+half acc=0.8840 resets=11 new_calls=406 time=18s
agrawal_s11 ddm+hedge acc=0.9600 resets=16 new_calls=457 time=15s
agrawal_s11 eddm acc=0.9663 resets=11 new_calls=473 time=5s
agrawal_s11 eddm+half acc=0.9083 resets=27 new_calls=527 time=17s
agrawal_s11 eddm+hedge acc=0.9571 resets=14 new_calls=537 time=3s
agrawal_s11 fhddm acc=0.8632 resets=11 new_calls=627 time=26s
agrawal_s11 fhddm+half acc=0.8685 resets=11 new_calls=667 time=10s
agrawal_s11 fhddm+hedge acc=0.8661 resets=11 new_calls=667 time=0s
agrawal_s11 hddma acc=0.9663 resets=11 new_calls=667 time=0s
agrawal_s11 hddma+half acc=0.8823 resets=11 new_calls=671 time=1s
agrawal_s11 hddma+hedge acc=0.9607 resets=11 new_calls=671 time=0s
agrawal_s11 hddmw acc=0.9663 resets=11 new_calls=671 time=0s
agrawal_s11 hddmw+half acc=0.8857 resets=12 new_calls=671 time=0s
agrawal_s11 hddmw+hedge acc=0.9607 resets=11 new_calls=671 time=0s
agrawal_s11 adwin acc=0.9585 resets=14 new_calls=691 time=4s
agrawal_s11 adwin+half acc=0.8862 resets=22 new_calls=716 time=6s
agrawal_s11 adwin+hedge acc=0.9567 resets=20 new_calls=778 time=16s
agrawal_s11 ph acc=0.9501 resets=12 new_calls=824 time=15s
agrawal_s11 ph+half acc=0.8930 resets=22 new_calls=852 time=10s
agrawal_s11 ph+hedge acc=0.9482 resets=14 new_calls=870 time=6s
agrawal_s11 kswin acc=0.9478 resets=9 new_calls=870 time=11s
agrawal_s11 kswin+half acc=0.8827 resets=10 new_calls=873 time=12s
agrawal_s11 kswin+hedge acc=0.9437 resets=9 new_calls=873 time=11s
agrawal_s12 none acc=0.8654 resets=0 new_calls=239 time=79s
agrawal_s12 ddmM acc=0.9646 resets=13 new_calls=342 time=28s
agrawal_s12 ddm acc=0.9646 resets=13 new_calls=342 time=0s
agrawal_s12 ddm+half acc=0.8863 resets=12 new_calls=398 time=13s
agrawal_s12 ddm+hedge acc=0.9589 resets=12 new_calls=421 time=7s
agrawal_s12 eddm acc=0.9651 resets=11 new_calls=421 time=0s
agrawal_s12 eddm+half acc=0.9073 resets=25 new_calls=463 time=13s
agrawal_s12 eddm+hedge acc=0.9577 resets=13 new_calls=476 time=4s
agrawal_s12 fhddm acc=0.8683 resets=11 new_calls=566 time=23s
agrawal_s12 fhddm+half acc=0.8732 resets=11 new_calls=606 time=11s
agrawal_s12 fhddm+hedge acc=0.8700 resets=11 new_calls=606 time=0s
agrawal_s12 hddma acc=0.9651 resets=11 new_calls=606 time=0s
agrawal_s12 hddma+half acc=0.8841 resets=11 new_calls=610 time=1s
agrawal_s12 hddma+hedge acc=0.9590 resets=11 new_calls=610 time=0s
agrawal_s12 hddmw acc=0.9651 resets=11 new_calls=610 time=0s
agrawal_s12 hddmw+half acc=0.8841 resets=11 new_calls=610 time=0s
agrawal_s12 hddmw+hedge acc=0.9590 resets=11 new_calls=610 time=0s
agrawal_s12 adwin acc=0.9639 resets=12 new_calls=615 time=1s
agrawal_s12 adwin+half acc=0.8872 resets=22 new_calls=640 time=6s
agrawal_s12 adwin+hedge acc=0.9531 resets=21 new_calls=719 time=20s
agrawal_s12 ph acc=0.9566 resets=11 new_calls=723 time=1s
agrawal_s12 ph+half acc=0.8913 resets=22 new_calls=760 time=9s
agrawal_s12 ph+hedge acc=0.9488 resets=13 new_calls=778 time=4s
agrawal_s12 kswin acc=0.9651 resets=11 new_calls=778 time=10s
agrawal_s12 kswin+half acc=0.8848 resets=12 new_calls=778 time=11s
agrawal_s12 kswin+hedge acc=0.9576 resets=12 new_calls=782 time=12s
agrawal_s13 none acc=0.8630 resets=0 new_calls=239 time=69s
agrawal_s13 ddmM acc=0.9630 resets=16 new_calls=344 time=30s
agrawal_s13 ddm acc=0.9630 resets=16 new_calls=344 time=0s
agrawal_s13 ddm+half acc=0.8875 resets=12 new_calls=400 time=15s
agrawal_s13 ddm+hedge acc=0.9593 resets=15 new_calls=444 time=12s
agrawal_s13 eddm acc=0.9646 resets=12 new_calls=453 time=2s
agrawal_s13 eddm+half acc=0.9125 resets=31 new_calls=508 time=14s
agrawal_s13 eddm+hedge acc=0.9592 resets=12 new_calls=508 time=0s
agrawal_s13 fhddm acc=0.8656 resets=11 new_calls=607 time=30s
agrawal_s13 fhddm+half acc=0.8707 resets=11 new_calls=637 time=10s
agrawal_s13 fhddm+hedge acc=0.8678 resets=11 new_calls=637 time=0s
agrawal_s13 hddma acc=0.9651 resets=11 new_calls=637 time=0s
agrawal_s13 hddma+half acc=0.8838 resets=11 new_calls=645 time=4s
agrawal_s13 hddma+hedge acc=0.9604 resets=11 new_calls=645 time=0s
agrawal_s13 hddmw acc=0.9651 resets=11 new_calls=645 time=0s
agrawal_s13 hddmw+half acc=0.8838 resets=11 new_calls=645 time=0s
agrawal_s13 hddmw+hedge acc=0.9604 resets=11 new_calls=645 time=0s
agrawal_s13 adwin acc=0.9623 resets=14 new_calls=670 time=7s
agrawal_s13 adwin+half acc=0.8877 resets=22 new_calls=705 time=10s
agrawal_s13 adwin+hedge acc=0.9581 resets=19 new_calls=751 time=14s
agrawal_s13 ph acc=0.9521 resets=13 new_calls=779 time=9s
agrawal_s13 ph+half acc=0.8946 resets=22 new_calls=805 time=9s
agrawal_s13 ph+hedge acc=0.9505 resets=14 new_calls=823 time=6s
agrawal_s13 kswin acc=0.9559 resets=10 new_calls=823 time=12s
agrawal_s13 kswin+half acc=0.8830 resets=11 new_calls=828 time=12s
agrawal_s13 kswin+hedge acc=0.9515 resets=10 new_calls=828 time=11s
agrawal_s14 none acc=0.8630 resets=0 new_calls=239 time=72s
agrawal_s14 ddmM acc=0.9643 resets=14 new_calls=341 time=30s
agrawal_s14 ddm acc=0.9643 resets=14 new_calls=341 time=0s
agrawal_s14 ddm+half acc=0.8867 resets=12 new_calls=397 time=15s
agrawal_s14 ddm+hedge acc=0.9590 resets=17 new_calls=434 time=8s
agrawal_s14 eddm acc=0.9659 resets=11 new_calls=442 time=3s
agrawal_s14 eddm+half acc=0.9032 resets=25 new_calls=488 time=10s
agrawal_s14 eddm+hedge acc=0.9582 resets=14 new_calls=515 time=7s
agrawal_s14 fhddm acc=0.8664 resets=11 new_calls=605 time=21s
agrawal_s14 fhddm+half acc=0.8718 resets=11 new_calls=635 time=7s
agrawal_s14 fhddm+hedge acc=0.8682 resets=11 new_calls=635 time=0s
agrawal_s14 hddma acc=0.9659 resets=11 new_calls=635 time=1s
agrawal_s14 hddma+half acc=0.8850 resets=11 new_calls=639 time=1s
agrawal_s14 hddma+hedge acc=0.9610 resets=11 new_calls=639 time=0s
agrawal_s14 hddmw acc=0.9659 resets=11 new_calls=639 time=0s
agrawal_s14 hddmw+half acc=0.8889 resets=13 new_calls=639 time=0s
agrawal_s14 hddmw+hedge acc=0.9610 resets=11 new_calls=639 time=0s
agrawal_s14 adwin acc=0.9631 resets=14 new_calls=657 time=4s
agrawal_s14 adwin+half acc=0.8869 resets=22 new_calls=687 time=7s
agrawal_s14 adwin+hedge acc=0.9582 resets=18 new_calls=740 time=11s
agrawal_s14 ph acc=0.9546 resets=11 new_calls=748 time=2s
agrawal_s14 ph+half acc=0.8946 resets=22 new_calls=768 time=6s
agrawal_s14 ph+hedge acc=0.9501 resets=14 new_calls=795 time=6s
agrawal_s14 kswin acc=0.9574 resets=10 new_calls=795 time=10s
agrawal_s14 kswin+half acc=0.8865 resets=13 new_calls=805 time=13s
agrawal_s14 kswin+hedge acc=0.9515 resets=11 new_calls=809 time=13s
hyperplane_s10 none acc=0.8995 resets=0 new_calls=179 time=65s
hyperplane_s10 ddmM acc=0.9102 resets=7 new_calls=242 time=19s
hyperplane_s10 ddm acc=0.9102 resets=7 new_calls=242 time=0s
hyperplane_s10 ddm+half acc=0.9049 resets=7 new_calls=274 time=10s
hyperplane_s10 ddm+hedge acc=0.9069 resets=6 new_calls=301 time=8s
hyperplane_s10 eddm acc=0.9017 resets=23 new_calls=406 time=31s
hyperplane_s10 eddm+half acc=0.9094 resets=32 new_calls=513 time=31s
hyperplane_s10 eddm+hedge acc=0.9120 resets=21 new_calls=595 time=30s
hyperplane_s10 fhddm acc=0.8966 resets=3 new_calls=617 time=7s
hyperplane_s10 fhddm+half acc=0.8995 resets=3 new_calls=632 time=6s
hyperplane_s10 fhddm+hedge acc=0.8997 resets=3 new_calls=632 time=0s
hyperplane_s10 hddma acc=0.9064 resets=4 new_calls=641 time=3s
hyperplane_s10 hddma+half acc=0.9027 resets=4 new_calls=647 time=3s
hyperplane_s10 hddma+hedge acc=0.9084 resets=4 new_calls=647 time=0s
hyperplane_s10 hddmw acc=0.8995 resets=0 new_calls=647 time=0s
hyperplane_s10 hddmw+half acc=0.8995 resets=0 new_calls=647 time=0s
hyperplane_s10 hddmw+hedge acc=0.8995 resets=0 new_calls=647 time=0s
hyperplane_s10 adwin acc=0.9109 resets=6 new_calls=656 time=3s
hyperplane_s10 adwin+half acc=0.9040 resets=9 new_calls=681 time=9s
hyperplane_s10 adwin+hedge acc=0.9098 resets=7 new_calls=699 time=5s
hyperplane_s10 ph acc=0.9013 resets=5 new_calls=719 time=6s
hyperplane_s10 ph+half acc=0.9049 resets=5 new_calls=731 time=4s
hyperplane_s10 ph+hedge acc=0.9030 resets=5 new_calls=731 time=0s
hyperplane_s10 kswin acc=0.8995 resets=0 new_calls=731 time=9s
hyperplane_s10 kswin+half acc=0.8995 resets=0 new_calls=731 time=10s
hyperplane_s10 kswin+hedge acc=0.8995 resets=0 new_calls=731 time=8s
hyperplane_s11 none acc=0.9087 resets=0 new_calls=179 time=60s
hyperplane_s11 ddmM acc=0.9154 resets=10 new_calls=256 time=23s
hyperplane_s11 ddm acc=0.9154 resets=10 new_calls=256 time=0s
hyperplane_s11 ddm+half acc=0.9105 resets=5 new_calls=281 time=6s
hyperplane_s11 ddm+hedge acc=0.9153 resets=7 new_calls=316 time=8s
hyperplane_s11 eddm acc=0.9098 resets=9 new_calls=380 time=18s
hyperplane_s11 eddm+half acc=0.9104 resets=26 new_calls=465 time=28s
hyperplane_s11 eddm+hedge acc=0.9168 resets=27 new_calls=579 time=36s
hyperplane_s11 fhddm acc=0.9067 resets=2 new_calls=592 time=4s
hyperplane_s11 fhddm+half acc=0.9085 resets=2 new_calls=602 time=3s
hyperplane_s11 fhddm+hedge acc=0.9087 resets=2 new_calls=602 time=0s
hyperplane_s11 hddma acc=0.9147 resets=3 new_calls=602 time=0s
hyperplane_s11 hddma+half acc=0.9103 resets=3 new_calls=607 time=2s
hyperplane_s11 hddma+hedge acc=0.9130 resets=3 new_calls=607 time=0s
hyperplane_s11 hddmw acc=0.9087 resets=0 new_calls=607 time=0s
hyperplane_s11 hddmw+half acc=0.9087 resets=0 new_calls=607 time=0s
hyperplane_s11 hddmw+hedge acc=0.9087 resets=0 new_calls=607 time=0s
hyperplane_s11 adwin acc=0.9143 resets=5 new_calls=611 time=1s
hyperplane_s11 adwin+half acc=0.9111 resets=5 new_calls=616 time=1s
hyperplane_s11 adwin+hedge acc=0.9139 resets=5 new_calls=616 time=0s
hyperplane_s11 ph acc=0.9106 resets=3 new_calls=634 time=4s
hyperplane_s11 ph+half acc=0.9106 resets=3 new_calls=644 time=2s
hyperplane_s11 ph+hedge acc=0.9108 resets=3 new_calls=644 time=0s
hyperplane_s11 kswin acc=0.9087 resets=0 new_calls=644 time=9s
hyperplane_s11 kswin+half acc=0.9087 resets=0 new_calls=644 time=10s
hyperplane_s11 kswin+hedge acc=0.9087 resets=0 new_calls=644 time=8s
hyperplane_s12 none acc=0.8964 resets=0 new_calls=179 time=64s
hyperplane_s12 ddmM acc=0.9080 resets=13 new_calls=257 time=25s
hyperplane_s12 ddm acc=0.9080 resets=13 new_calls=257 time=0s
hyperplane_s12 ddm+half acc=0.9005 resets=6 new_calls=283 time=8s
hyperplane_s12 ddm+hedge acc=0.9052 resets=9 new_calls=328 time=14s
hyperplane_s12 eddm acc=0.8997 resets=25 new_calls=439 time=36s
hyperplane_s12 eddm+half acc=0.9059 resets=26 new_calls=518 time=26s
hyperplane_s12 eddm+hedge acc=0.9089 resets=25 new_calls=583 time=16s
hyperplane_s12 fhddm acc=0.8996 resets=4 new_calls=609 time=7s
hyperplane_s12 fhddm+half acc=0.8975 resets=4 new_calls=623 time=5s
hyperplane_s12 fhddm+hedge acc=0.8989 resets=4 new_calls=632 time=2s
hyperplane_s12 hddma acc=0.9061 resets=5 new_calls=641 time=3s
hyperplane_s12 hddma+half acc=0.9009 resets=5 new_calls=658 time=5s
hyperplane_s12 hddma+hedge acc=0.9060 resets=5 new_calls=663 time=2s
hyperplane_s12 hddmw acc=0.8977 resets=1 new_calls=672 time=3s
hyperplane_s12 hddmw+half acc=0.8975 resets=1 new_calls=677 time=1s
hyperplane_s12 hddmw+hedge acc=0.8979 resets=1 new_calls=677 time=0s
hyperplane_s12 adwin acc=0.9094 resets=6 new_calls=685 time=2s
hyperplane_s12 adwin+half acc=0.8998 resets=9 new_calls=703 time=5s
hyperplane_s12 adwin+hedge acc=0.9080 resets=6 new_calls=707 time=1s
hyperplane_s12 ph acc=0.9017 resets=3 new_calls=720 time=3s
hyperplane_s12 ph+half acc=0.9012 resets=3 new_calls=720 time=0s
hyperplane_s12 ph+hedge acc=0.9008 resets=3 new_calls=720 time=0s
hyperplane_s12 kswin acc=0.8964 resets=0 new_calls=720 time=9s
hyperplane_s12 kswin+half acc=0.8964 resets=0 new_calls=720 time=9s
hyperplane_s12 kswin+hedge acc=0.8964 resets=0 new_calls=720 time=9s
hyperplane_s13 none acc=0.8817 resets=0 new_calls=179 time=52s
hyperplane_s13 ddmM acc=0.9012 resets=8 new_calls=251 time=20s
hyperplane_s13 ddm acc=0.9017 resets=7 new_calls=251 time=0s
hyperplane_s13 ddm+half acc=0.8890 resets=11 new_calls=293 time=12s
hyperplane_s13 ddm+hedge acc=0.9070 resets=8 new_calls=311 time=5s
hyperplane_s13 eddm acc=0.8980 resets=24 new_calls=400 time=25s
hyperplane_s13 eddm+half acc=0.8945 resets=32 new_calls=489 time=22s
hyperplane_s13 eddm+hedge acc=0.9048 resets=18 new_calls=549 time=14s
hyperplane_s13 fhddm acc=0.8742 resets=8 new_calls=621 time=17s
hyperplane_s13 fhddm+half acc=0.8808 resets=8 new_calls=656 time=9s
hyperplane_s13 fhddm+hedge acc=0.8817 resets=8 new_calls=656 time=0s
hyperplane_s13 hddma acc=0.9079 resets=7 new_calls=682 time=6s
hyperplane_s13 hddma+half acc=0.8869 resets=7 new_calls=699 time=3s
hyperplane_s13 hddma+hedge acc=0.9082 resets=8 new_calls=708 time=2s
hyperplane_s13 hddmw acc=0.9055 resets=6 new_calls=708 time=0s
hyperplane_s13 hddmw+half acc=0.8871 resets=6 new_calls=716 time=1s
hyperplane_s13 hddmw+hedge acc=0.9041 resets=6 new_calls=716 time=0s
hyperplane_s13 adwin acc=0.9129 resets=8 new_calls=716 time=0s
hyperplane_s13 adwin+half acc=0.8860 resets=14 new_calls=748 time=7s
hyperplane_s13 adwin+hedge acc=0.9085 resets=9 new_calls=757 time=3s
hyperplane_s13 ph acc=0.8970 resets=8 new_calls=817 time=15s
hyperplane_s13 ph+half acc=0.8900 resets=8 new_calls=839 time=6s
hyperplane_s13 ph+hedge acc=0.8934 resets=8 new_calls=848 time=3s
hyperplane_s13 kswin acc=0.8817 resets=0 new_calls=848 time=9s
hyperplane_s13 kswin+half acc=0.8817 resets=0 new_calls=848 time=8s
hyperplane_s13 kswin+hedge acc=0.8817 resets=0 new_calls=848 time=10s
hyperplane_s14 none acc=0.8890 resets=0 new_calls=179 time=90s
hyperplane_s14 ddmM acc=0.9128 resets=12 new_calls=263 time=38s
hyperplane_s14 ddm acc=0.9128 resets=12 new_calls=263 time=0s
hyperplane_s14 ddm+half acc=0.8994 resets=11 new_calls=306 time=19s
hyperplane_s14 ddm+hedge acc=0.9122 resets=9 new_calls=331 time=12s
hyperplane_s14 eddm acc=0.9092 resets=17 new_calls=391 time=27s
hyperplane_s14 eddm+half acc=0.9016 resets=27 new_calls=469 time=40s
hyperplane_s14 eddm+hedge acc=0.9077 resets=18 new_calls=532 time=30s
hyperplane_s14 fhddm acc=0.8852 resets=5 new_calls=573 time=20s
hyperplane_s14 fhddm+half acc=0.8884 resets=5 new_calls=593 time=10s
hyperplane_s14 fhddm+hedge acc=0.8887 resets=5 new_calls=593 time=0s
hyperplane_s14 hddma acc=0.9100 resets=8 new_calls=601 time=5s
hyperplane_s14 hddma+half acc=0.8964 resets=7 new_calls=615 time=7s
hyperplane_s14 hddma+hedge acc=0.9093 resets=8 new_calls=624 time=5s
hyperplane_s14 hddmw acc=0.8994 resets=4 new_calls=642 time=10s
hyperplane_s14 hddmw+half acc=0.8950 resets=4 new_calls=642 time=0s
hyperplane_s14 hddmw+hedge acc=0.8997 resets=4 new_calls=642 time=0s
hyperplane_s14 adwin acc=0.9147 resets=8 new_calls=642 time=0s
hyperplane_s14 adwin+half acc=0.8940 resets=12 new_calls=670 time=15s
hyperplane_s14 adwin+hedge acc=0.9088 resets=9 new_calls=683 time=7s
hyperplane_s14 ph acc=0.8998 resets=8 new_calls=701 time=10s
hyperplane_s14 ph+half acc=0.8964 resets=7 new_calls=717 time=9s
hyperplane_s14 ph+hedge acc=0.8996 resets=8 new_calls=735 time=9s
hyperplane_s14 kswin acc=0.8890 resets=0 new_calls=735 time=9s
hyperplane_s14 kswin+half acc=0.8890 resets=0 new_calls=735 time=9s
hyperplane_s14 kswin+hedge acc=0.8890 resets=0 new_calls=735 time=10s
CHAIN_DONE 22:49:15
