sine_s11 none acc=0.7736 resets=0 new_calls=239 time=51s
sine_s11 ddmM acc=0.9497 resets=23 new_calls=365 time=24s
sine_s11 ddm acc=0.9497 resets=23 new_calls=365 time=0s
sine_s11 ddm+half acc=0.8083 resets=15 new_calls=421 time=11s
sine_s11 ddm+hedge acc=0.9457 resets=26 new_calls=462 time=7s
sine_s11 eddm acc=0.9506 resets=12 new_calls=485 time=4s
sine_s11 eddm+half acc=0.8352 resets=19 new_calls=520 time=7s
sine_s11 eddm+hedge acc=0.9472 resets=11 new_calls=520 time=0s
sine_s11 fhddm acc=0.7790 resets=11 new_calls=609 time=15s
sine_s11 fhddm+half acc=0.7804 resets=11 new_calls=659 time=9s
sine_s11 fhddm+hedge acc=0.7790 resets=11 new_calls=659 time=0s
sine_s11 hddma acc=0.9509 resets=11 new_calls=659 time=1s
sine_s11 hddma+half acc=0.8085 resets=11 new_calls=659 time=0s
sine_s11 hddma+hedge acc=0.9472 resets=11 new_calls=659 time=0s
sine_s11 hddmw acc=0.9509 resets=11 new_calls=659 time=0s
sine_s11 hddmw+half acc=0.8085 resets=11 new_calls=659 time=0s
sine_s11 hddmw+hedge acc=0.9472 resets=11 new_calls=659 time=0s
sine_s11 adwin acc=0.9509 resets=11 new_calls=659 time=0s
sine_s11 adwin+half acc=0.8233 resets=22 new_calls=664 time=1s
sine_s11 adwin+hedge acc=0.9468 resets=15 new_calls=697 time=6s
sine_s11 ph acc=0.9509 resets=11 new_calls=697 time=0s
sine_s11 ph+half acc=0.8179 resets=22 new_calls=697 time=0s
sine_s11 ph+hedge acc=0.9472 resets=12 new_calls=706 time=2s
sine_s11 kswin acc=0.9509 resets=11 new_calls=706 time=11s
sine_s11 kswin+half acc=0.8179 resets=20 new_calls=711 time=10s
sine_s11 kswin+hedge acc=0.9472 resets=11 new_calls=711 time=10s
sine_s12 none acc=0.7748 resets=0 new_calls=239 time=77s
sine_s12 ddmM acc=0.9473 resets=21 new_calls=353 time=41s
sine_s12 ddm acc=0.9473 resets=21 new_calls=353 time=0s
sine_s12 ddm+half acc=0.8063 resets=11 new_calls=408 time=16s
sine_s12 ddm+hedge acc=0.9443 resets=18 new_calls=448 time=11s
sine_s12 eddm acc=0.9502 resets=11 new_calls=465 time=5s
sine_s12 eddm+half acc=0.8411 resets=21 new_calls=510 time=16s
sine_s12 eddm+hedge acc=0.9476 resets=11 new_calls=510 time=0s
sine_s12 fhddm acc=0.7779 resets=11 new_calls=609 time=33s
sine_s12 fhddm+half acc=0.7810 resets=11 new_calls=659 time=15s
sine_s12 fhddm+hedge acc=0.7790 resets=11 new_calls=659 time=0s
sine_s12 hddma acc=0.9502 resets=11 new_calls=659 time=0s
sine_s12 hddma+half acc=0.8093 resets=11 new_calls=659 time=0s
sine_s12 hddma+hedge acc=0.9476 resets=11 new_calls=659 time=0s
sine_s12 hddmw acc=0.9502 resets=11 new_calls=659 time=0s
sine_s12 hddmw+half acc=0.8093 resets=11 new_calls=659 time=0s
sine_s12 hddmw+hedge acc=0.9476 resets=11 new_calls=659 time=0s
sine_s12 adwin acc=0.9502 resets=11 new_calls=659 time=0s
sine_s12 adwin+half acc=0.8221 resets=22 new_calls=659 time=0s
sine_s12 adwin+hedge acc=0.9475 resets=14 new_calls=684 time=9s
sine_s12 ph acc=0.9502 resets=11 new_calls=684 time=0s
sine_s12 ph+half acc=0.8183 resets=22 new_calls=684 time=0s
sine_s12 ph+hedge acc=0.9476 resets=11 new_calls=684 time=0s
sine_s12 kswin acc=0.9502 resets=11 new_calls=684 time=11s
sine_s12 kswin+half acc=0.8154 resets=16 new_calls=684 time=11s
sine_s12 kswin+hedge acc=0.9476 resets=11 new_calls=684 time=11s
sine_s13 none acc=0.7743 resets=0 new_calls=239 time=76s
sine_s13 ddmM acc=0.9500 resets=22 new_calls=364 time=43s
sine_s13 ddm acc=0.9500 resets=22 new_calls=364 time=0s
sine_s13 ddm+half acc=0.8085 resets=18 new_calls=433 time=23s
sine_s13 ddm+hedge acc=0.9469 resets=20 new_calls=466 time=10s
sine_s13 eddm acc=0.9513 resets=11 new_calls=484 time=6s
sine_s13 eddm+half acc=0.8318 resets=19 new_calls=524 time=10s
sine_s13 eddm+hedge acc=0.9474 resets=11 new_calls=524 time=0s
sine_s13 fhddm acc=0.7792 resets=11 new_calls=622 time=24s
sine_s13 fhddm+half acc=0.7816 resets=11 new_calls=667 time=12s
sine_s13 fhddm+hedge acc=0.7798 resets=11 new_calls=667 time=0s
sine_s13 hddma acc=0.9513 resets=11 new_calls=667 time=1s
sine_s13 hddma+half acc=0.8086 resets=11 new_calls=667 time=0s
sine_s13 hddma+hedge acc=0.9474 resets=11 new_calls=667 time=0s
sine_s13 hddmw acc=0.9513 resets=11 new_calls=667 time=0s
sine_s13 hddmw+half acc=0.8086 resets=11 new_calls=667 time=0s
sine_s13 hddmw+hedge acc=0.9474 resets=11 new_calls=667 time=0s
sine_s13 adwin acc=0.9513 resets=11 new_calls=667 time=0s
sine_s13 adwin+half acc=0.8282 resets=22 new_calls=677 time=3s
sine_s13 adwin+hedge acc=0.9467 resets=15 new_calls=708 time=10s
sine_s13 ph acc=0.9513 resets=11 new_calls=708 time=0s
sine_s13 ph+half acc=0.8209 resets=22 new_calls=708 time=0s
sine_s13 ph+hedge acc=0.9471 resets=13 new_calls=722 time=5s
sine_s13 kswin acc=0.9513 resets=11 new_calls=722 time=11s
sine_s13 kswin+half acc=0.8118 resets=14 new_calls=722 time=10s
sine_s13 kswin+hedge acc=0.9474 resets=11 new_calls=722 time=11s
sine_s14 none acc=0.7755 resets=0 new_calls=239 time=59s
sine_s14 ddmM acc=0.9493 resets=18 new_calls=354 time=30s
sine_s14 ddm acc=0.9493 resets=18 new_calls=354 time=0s
sine_s14 ddm+half acc=0.8098 resets=12 new_calls=409 time=17s
sine_s14 ddm+hedge acc=0.9451 resets=22 new_calls=448 time=12s
sine_s14 eddm acc=0.9496 resets=12 new_calls=475 time=8s
sine_s14 eddm+half acc=0.8429 resets=19 new_calls=513 time=9s
sine_s14 eddm+hedge acc=0.9457 resets=12 new_calls=522 time=3s
sine_s14 fhddm acc=0.7808 resets=11 new_calls=621 time=29s
sine_s14 fhddm+half acc=0.7840 resets=11 new_calls=661 time=11s
sine_s14 fhddm+hedge acc=0.7815 resets=11 new_calls=661 time=0s
sine_s14 hddma acc=0.9501 resets=11 new_calls=661 time=0s
sine_s14 hddma+half acc=0.8098 resets=11 new_calls=661 time=0s
sine_s14 hddma+hedge acc=0.9460 resets=11 new_calls=661 time=1s
sine_s14 hddmw acc=0.9501 resets=11 new_calls=661 time=0s
sine_s14 hddmw+half acc=0.8098 resets=11 new_calls=661 time=0s
sine_s14 hddmw+hedge acc=0.9460 resets=11 new_calls=661 time=0s
sine_s14 adwin acc=0.9501 resets=11 new_calls=661 time=0s
sine_s14 adwin+half acc=0.8227 resets=22 new_calls=666 time=1s
sine_s14 adwin+hedge acc=0.9456 resets=13 new_calls=684 time=7s
sine_s14 ph acc=0.9501 resets=11 new_calls=684 time=0s
sine_s14 ph+half acc=0.8195 resets=22 new_calls=684 time=0s
sine_s14 ph+hedge acc=0.9458 resets=12 new_calls=684 time=0s
sine_s14 kswin acc=0.9501 resets=11 new_calls=684 time=10s
sine_s14 kswin+half acc=0.8189 resets=17 new_calls=689 time=13s
sine_s14 kswin+hedge acc=0.9459 resets=12 new_calls=698 time=14s
stagger_s10 none acc=0.8551 resets=0 new_calls=179 time=56s
stagger_s10 ddmM acc=0.9732 resets=8 new_calls=251 time=21s
stagger_s10 ddm acc=0.9732 resets=8 new_calls=251 time=0s
stagger_s10 ddm+half acc=0.8824 resets=8 new_calls=291 time=12s
stagger_s10 ddm+hedge acc=0.9731 resets=9 new_calls=300 time=3s
stagger_s10 eddm acc=0.9732 resets=8 new_calls=300 time=0s
stagger_s10 eddm+half acc=0.8996 resets=14 new_calls=323 time=7s
stagger_s10 eddm+hedge acc=0.9731 resets=8 new_calls=323 time=0s
stagger_s10 fhddm acc=0.8564 resets=8 new_calls=395 time=19s
stagger_s10 fhddm+half acc=0.8564 resets=8 new_calls=430 time=11s
stagger_s10 fhddm+hedge acc=0.8564 resets=8 new_calls=430 time=0s
stagger_s10 hddma acc=0.9732 resets=8 new_calls=430 time=0s
stagger_s10 hddma+half acc=0.8803 resets=8 new_calls=435 time=1s
stagger_s10 hddma+hedge acc=0.9731 resets=8 new_calls=435 time=0s
stagger_s10 hddmw acc=0.9732 resets=8 new_calls=435 time=0s
stagger_s10 hddmw+half acc=0.8803 resets=8 new_calls=435 time=0s
stagger_s10 hddmw+hedge acc=0.9731 resets=8 new_calls=435 time=0s
stagger_s10 adwin acc=0.9732 resets=8 new_calls=435 time=0s
stagger_s10 adwin+half acc=0.8816 resets=16 new_calls=435 time=0s
stagger_s10 adwin+hedge acc=0.9731 resets=8 new_calls=435 time=0s
stagger_s10 ph acc=0.9683 resets=8 new_calls=443 time=2s
stagger_s10 ph+half acc=0.8863 resets=16 new_calls=451 time=3s
stagger_s10 ph+hedge acc=0.9681 resets=8 new_calls=451 time=0s
stagger_s10 kswin acc=0.9628 resets=8 new_calls=460 time=10s
stagger_s10 kswin+half acc=0.8802 resets=13 new_calls=460 time=7s
stagger_s10 kswin+hedge acc=0.9627 resets=8 new_calls=460 time=9s
stagger_s11 none acc=0.8541 resets=0 new_calls=179 time=58s
stagger_s11 ddmM acc=0.9742 resets=8 new_calls=251 time=21s
stagger_s11 ddm acc=0.9742 resets=8 new_calls=251 time=0s
stagger_s11 ddm+half acc=0.8791 resets=8 new_calls=291 time=10s
stagger_s11 ddm+hedge acc=0.9735 resets=9 new_calls=300 time=2s
stagger_s11 eddm acc=0.9742 resets=8 new_calls=300 time=0s
stagger_s11 eddm+half acc=0.9030 resets=14 new_calls=327 time=7s
stagger_s11 eddm+hedge acc=0.9735 resets=8 new_calls=327 time=0s
stagger_s11 fhddm acc=0.8553 resets=8 new_calls=399 time=18s
stagger_s11 fhddm+half acc=0.8553 resets=8 new_calls=434 time=9s
stagger_s11 fhddm+hedge acc=0.8553 resets=8 new_calls=434 time=0s
stagger_s11 hddma acc=0.9742 resets=8 new_calls=434 time=0s
stagger_s11 hddma+half acc=0.8791 resets=8 new_calls=434 time=0s
stagger_s11 hddma+hedge acc=0.9735 resets=8 new_calls=434 time=0s
stagger_s11 hddmw acc=0.9742 resets=8 new_calls=434 time=0s
stagger_s11 hddmw+half acc=0.8826 resets=9 new_calls=439 time=2s
stagger_s11 hddmw+hedge acc=0.9735 resets=8 new_calls=439 time=0s
stagger_s11 adwin acc=0.9742 resets=8 new_calls=439 time=0s
stagger_s11 adwin+half acc=0.8821 resets=16 new_calls=449 time=3s
stagger_s11 adwin+hedge acc=0.9735 resets=8 new_calls=449 time=0s
stagger_s11 ph acc=0.9652 resets=8 new_calls=461 time=3s
stagger_s11 ph+half acc=0.8894 resets=16 new_calls=472 time=3s
stagger_s11 ph+hedge acc=0.9650 resets=8 new_calls=472 time=0s
stagger_s11 kswin acc=0.9742 resets=8 new_calls=472 time=7s
stagger_s11 kswin+half acc=0.8881 resets=12 new_calls=477 time=9s
stagger_s11 kswin+hedge acc=0.9735 resets=8 new_calls=477 time=8s
stagger_s12 none acc=0.8554 resets=0 new_calls=179 time=45s
stagger_s12 ddmM acc=0.9734 resets=8 new_calls=251 time=24s
stagger_s12 ddm acc=0.9734 resets=8 new_calls=251 time=0s
stagger_s12 ddm+half acc=0.8795 resets=8 new_calls=291 time=15s
stagger_s12 ddm+hedge acc=0.9732 resets=9 new_calls=300 time=3s
stagger_s12 eddm acc=0.9734 resets=8 new_calls=300 time=0s
stagger_s12 eddm+half acc=0.9009 resets=15 new_calls=332 time=11s
stagger_s12 eddm+hedge acc=0.9732 resets=8 new_calls=332 time=0s
stagger_s12 fhddm acc=0.8559 resets=8 new_calls=404 time=25s
stagger_s12 fhddm+half acc=0.8559 resets=8 new_calls=439 time=12s
stagger_s12 fhddm+hedge acc=0.8559 resets=8 new_calls=439 time=0s
stagger_s12 hddma acc=0.9734 resets=8 new_calls=439 time=0s
stagger_s12 hddma+half acc=0.8795 resets=8 new_calls=439 time=0s
stagger_s12 hddma+hedge acc=0.9732 resets=8 new_calls=439 time=0s
stagger_s12 hddmw acc=0.9734 resets=8 new_calls=439 time=0s
stagger_s12 hddmw+half acc=0.8795 resets=8 new_calls=439 time=0s
stagger_s12 hddmw+hedge acc=0.9732 resets=8 new_calls=439 time=0s
stagger_s12 adwin acc=0.9734 resets=8 new_calls=439 time=0s
stagger_s12 adwin+half acc=0.8804 resets=16 new_calls=439 time=0s
stagger_s12 adwin+hedge acc=0.9732 resets=8 new_calls=439 time=0s
stagger_s12 ph acc=0.9643 resets=8 new_calls=451 time=4s
stagger_s12 ph+half acc=0.8880 resets=16 new_calls=464 time=5s
stagger_s12 ph+hedge acc=0.9642 resets=8 new_calls=464 time=0s
stagger_s12 kswin acc=0.9734 resets=8 new_calls=464 time=8s
stagger_s12 kswin+half acc=0.8804 resets=11 new_calls=464 time=7s
stagger_s12 kswin+hedge acc=0.9732 resets=8 new_calls=464 time=8s
stagger_s13 none acc=0.8560 resets=0 new_calls=179 time=58s
stagger_s13 ddmM acc=0.9732 resets=8 new_calls=251 time=28s
stagger_s13 ddm acc=0.9732 resets=8 new_calls=251 time=0s
stagger_s13 ddm+half acc=0.8838 resets=9 new_calls=292 time=15s
stagger_s13 ddm+hedge acc=0.9732 resets=8 new_calls=292 time=0s
stagger_s13 eddm acc=0.9732 resets=8 new_calls=292 time=0s
stagger_s13 eddm+half acc=0.9163 resets=24 new_calls=340 time=16s
stagger_s13 eddm+hedge acc=0.9732 resets=8 new_calls=340 time=0s
stagger_s13 fhddm acc=0.8568 resets=8 new_calls=412 time=23s
stagger_s13 fhddm+half acc=0.8568 resets=8 new_calls=452 time=13s
stagger_s13 fhddm+hedge acc=0.8568 resets=8 new_calls=452 time=0s
stagger_s13 hddma acc=0.9732 resets=8 new_calls=452 time=0s
stagger_s13 hddma+half acc=0.8832 resets=9 new_calls=456 time=2s
stagger_s13 hddma+hedge acc=0.9732 resets=8 new_calls=456 time=0s
stagger_s13 hddmw acc=0.9732 resets=8 new_calls=456 time=0s
stagger_s13 hddmw+half acc=0.8794 resets=8 new_calls=456 time=0s
stagger_s13 hddmw+hedge acc=0.9732 resets=8 new_calls=456 time=0s
stagger_s13 adwin acc=0.9732 resets=8 new_calls=456 time=0s
stagger_s13 adwin+half acc=0.8821 resets=16 new_calls=456 time=0s
stagger_s13 adwin+hedge acc=0.9732 resets=8 new_calls=456 time=0s
stagger_s13 ph acc=0.9679 resets=8 new_calls=464 time=3s
stagger_s13 ph+half acc=0.8842 resets=16 new_calls=476 time=4s
stagger_s13 ph+hedge acc=0.9678 resets=8 new_calls=476 time=0s
stagger_s13 kswin acc=0.9732 resets=8 new_calls=476 time=7s
stagger_s13 kswin+half acc=0.8816 resets=12 new_calls=476 time=7s
stagger_s13 kswin+hedge acc=0.9732 resets=8 new_calls=476 time=8s
stagger_s14 none acc=0.8549 resets=0 new_calls=179 time=56s
stagger_s14 ddmM acc=0.9736 resets=8 new_calls=251 time=19s
stagger_s14 ddm acc=0.9736 resets=8 new_calls=251 time=0s
stagger_s14 ddm+half acc=0.8823 resets=8 new_calls=291 time=16s
stagger_s14 ddm+hedge acc=0.9732 resets=9 new_calls=300 time=3s
stagger_s14 eddm acc=0.9736 resets=8 new_calls=300 time=0s
stagger_s14 eddm+half acc=0.9021 resets=17 new_calls=335 time=14s
stagger_s14 eddm+hedge acc=0.9732 resets=8 new_calls=335 time=0s
stagger_s14 fhddm acc=0.8560 resets=8 new_calls=407 time=26s
stagger_s14 fhddm+half acc=0.8560 resets=8 new_calls=447 time=13s
stagger_s14 fhddm+hedge acc=0.8560 resets=8 new_calls=447 time=0s
stagger_s14 hddma acc=0.9736 resets=8 new_calls=447 time=1s
stagger_s14 hddma+half acc=0.8796 resets=8 new_calls=451 time=1s
stagger_s14 hddma+hedge acc=0.9732 resets=8 new_calls=451 time=0s
stagger_s14 hddmw acc=0.9736 resets=8 new_calls=451 time=0s
stagger_s14 hddmw+half acc=0.8796 resets=8 new_calls=451 time=0s
stagger_s14 hddmw+hedge acc=0.9732 resets=8 new_calls=451 time=0s
stagger_s14 adwin acc=0.9736 resets=8 new_calls=451 time=0s
stagger_s14 adwin+half acc=0.8805 resets=16 new_calls=456 time=1s
stagger_s14 adwin+hedge acc=0.9732 resets=8 new_calls=456 time=0s
stagger_s14 ph acc=0.9653 resets=8 new_calls=468 time=4s
stagger_s14 ph+half acc=0.8912 resets=16 new_calls=476 time=2s
stagger_s14 ph+hedge acc=0.9649 resets=8 new_calls=476 time=0s
stagger_s14 kswin acc=0.9620 resets=8 new_calls=476 time=9s
stagger_s14 kswin+half acc=0.8788 resets=12 new_calls=476 time=8s
stagger_s14 kswin+hedge acc=0.9616 resets=8 new_calls=476 time=8s
grid_c5_b500_s10 none acc=0.4882 resets=0 new_calls=44 time=14s
grid_c5_b500_s10 ddmM acc=0.8739 resets=9 new_calls=83 time=14s
grid_c5_b500_s10 ddm acc=0.8739 resets=9 new_calls=83 time=0s
grid_c5_b500_s10 ddm+half acc=0.4986 resets=1 new_calls=88 time=2s
grid_c5_b500_s10 ddm+hedge acc=0.8736 resets=8 new_calls=92 time=1s
grid_c5_b500_s10 eddm acc=0.8739 resets=8 new_calls=92 time=0s
grid_c5_b500_s10 eddm+half acc=0.5536 resets=10 new_calls=114 time=7s
grid_c5_b500_s10 eddm+hedge acc=0.8736 resets=8 new_calls=114 time=0s
grid_c5_b500_s10 fhddm acc=0.6264 resets=7 new_calls=145 time=10s
grid_c5_b500_s10 fhddm+half acc=0.4786 resets=6 new_calls=169 time=8s
grid_c5_b500_s10 fhddm+hedge acc=0.5830 resets=4 new_calls=180 time=5s
grid_c5_b500_s10 hddma acc=0.8739 resets=8 new_calls=180 time=0s
grid_c5_b500_s10 hddma+half acc=0.4816 resets=5 new_calls=188 time=3s
grid_c5_b500_s10 hddma+hedge acc=0.8736 resets=8 new_calls=188 time=0s
grid_c5_b500_s10 hddmw acc=0.8739 resets=8 new_calls=188 time=0s
grid_c5_b500_s10 hddmw+half acc=0.4668 resets=6 new_calls=199 time=4s
grid_c5_b500_s10 hddmw+hedge acc=0.8736 resets=8 new_calls=199 time=0s
grid_c5_b500_s10 adwin acc=0.8739 resets=8 new_calls=199 time=0s
grid_c5_b500_s10 adwin+half acc=0.5116 resets=4 new_calls=205 time=2s
grid_c5_b500_s10 adwin+hedge acc=0.8736 resets=8 new_calls=205 time=0s
grid_c5_b500_s10 ph acc=0.8502 resets=8 new_calls=206 time=0s
grid_c5_b500_s10 ph+half acc=0.5084 resets=8 new_calls=214 time=3s
grid_c5_b500_s10 ph+hedge acc=0.8518 resets=8 new_calls=214 time=0s
grid_c5_b500_s10 kswin acc=0.8739 resets=8 new_calls=214 time=1s
grid_c5_b500_s10 kswin+half acc=0.4586 resets=7 new_calls=216 time=2s
grid_c5_b500_s10 kswin+hedge acc=0.8736 resets=8 new_calls=216 time=1s
grid_c5_b500_s11 none acc=0.3859 resets=0 new_calls=44 time=15s
grid_c5_b500_s11 ddmM acc=0.8036 resets=12 new_calls=84 time=13s
grid_c5_b500_s11 ddm acc=0.8036 resets=12 new_calls=84 time=0s
grid_c5_b500_s11 ddm+half acc=0.4009 resets=5 new_calls=98 time=4s
grid_c5_b500_s11 ddm+hedge acc=0.8014 resets=13 new_calls=105 time=2s
grid_c5_b500_s11 eddm acc=0.8618 resets=8 new_calls=125 time=7s
grid_c5_b500_s11 eddm+half acc=0.4807 resets=8 new_calls=148 time=7s
grid_c5_b500_s11 eddm+hedge acc=0.8614 resets=8 new_calls=148 time=0s
grid_c5_b500_s11 fhddm acc=0.5520 resets=3 new_calls=160 time=3s
grid_c5_b500_s11 fhddm+half acc=0.3789 resets=6 new_calls=163 time=1s
grid_c5_b500_s11 fhddm+hedge acc=0.5514 resets=3 new_calls=163 time=0s
grid_c5_b500_s11 hddma acc=0.8618 resets=8 new_calls=163 time=0s
grid_c5_b500_s11 hddma+half acc=0.4123 resets=3 new_calls=166 time=1s
grid_c5_b500_s11 hddma+hedge acc=0.8614 resets=8 new_calls=166 time=0s
grid_c5_b500_s11 hddmw acc=0.8425 resets=8 new_calls=167 time=0s
grid_c5_b500_s11 hddmw+half acc=0.3914 resets=5 new_calls=167 time=0s
grid_c5_b500_s11 hddmw+hedge acc=0.8543 resets=8 new_calls=167 time=0s
grid_c5_b500_s11 adwin acc=0.8618 resets=8 new_calls=167 time=0s
grid_c5_b500_s11 adwin+half acc=0.3959 resets=8 new_calls=178 time=4s
grid_c5_b500_s11 adwin+hedge acc=0.8614 resets=8 new_calls=178 time=0s
grid_c5_b500_s11 ph acc=0.8357 resets=8 new_calls=184 time=2s
grid_c5_b500_s11 ph+half acc=0.4816 resets=8 new_calls=195 time=4s
grid_c5_b500_s11 ph+hedge acc=0.8357 resets=8 new_calls=195 time=0s
grid_c5_b500_s11 kswin acc=0.8318 resets=7 new_calls=195 time=2s
grid_c5_b500_s11 kswin+half acc=0.4009 resets=5 new_calls=199 time=3s
grid_c5_b500_s11 kswin+hedge acc=0.8311 resets=7 new_calls=199 time=1s
grid_c5_b2000_s10 none acc=0.8378 resets=0 new_calls=179 time=59s
grid_c5_b2000_s10 ddmM acc=0.9697 resets=14 new_calls=288 time=30s
grid_c5_b2000_s10 ddm acc=0.9697 resets=14 new_calls=288 time=0s
grid_c5_b2000_s10 ddm+half acc=0.8683 resets=9 new_calls=328 time=9s
grid_c5_b2000_s10 ddm+hedge acc=0.9697 resets=14 new_calls=343 time=3s
grid_c5_b2000_s10 eddm acc=0.9698 resets=8 new_calls=343 time=0s
grid_c5_b2000_s10 eddm+half acc=0.9008 resets=18 new_calls=377 time=7s
grid_c5_b2000_s10 eddm+hedge acc=0.9697 resets=8 new_calls=377 time=0s
grid_c5_b2000_s10 fhddm acc=0.8380 resets=8 new_calls=449 time=16s
grid_c5_b2000_s10 fhddm+half acc=0.8381 resets=8 new_calls=484 time=11s
grid_c5_b2000_s10 fhddm+hedge acc=0.8381 resets=8 new_calls=484 time=0s
grid_c5_b2000_s10 hddma acc=0.9698 resets=8 new_calls=484 time=0s
grid_c5_b2000_s10 hddma+half acc=0.8683 resets=8 new_calls=484 time=0s
grid_c5_b2000_s10 hddma+hedge acc=0.9697 resets=8 new_calls=484 time=0s
grid_c5_b2000_s10 hddmw acc=0.9698 resets=8 new_calls=484 time=0s
grid_c5_b2000_s10 hddmw+half acc=0.8705 resets=10 new_calls=489 time=2s
grid_c5_b2000_s10 hddmw+hedge acc=0.9697 resets=8 new_calls=489 time=0s
grid_c5_b2000_s10 adwin acc=0.9698 resets=8 new_calls=489 time=0s
grid_c5_b2000_s10 adwin+half acc=0.8698 resets=16 new_calls=494 time=2s
grid_c5_b2000_s10 adwin+hedge acc=0.9697 resets=8 new_calls=494 time=0s
grid_c5_b2000_s10 ph acc=0.9698 resets=8 new_calls=494 time=0s
grid_c5_b2000_s10 ph+half acc=0.8690 resets=16 new_calls=494 time=0s
grid_c5_b2000_s10 ph+hedge acc=0.9697 resets=8 new_calls=494 time=0s
grid_c5_b2000_s10 kswin acc=0.9698 resets=8 new_calls=494 time=8s
grid_c5_b2000_s10 kswin+half acc=0.8691 resets=13 new_calls=494 time=7s
grid_c5_b2000_s10 kswin+hedge acc=0.9697 resets=8 new_calls=494 time=8s
CHAIN_DONE 22:39:24
