sine_s10 none acc=0.7745 resets=0 new_calls=239 time=84s
sine_s10 ddmM acc=0.9481 resets=26 new_calls=359 time=40s
sine_s10 ddm acc=0.9485 resets=25 new_calls=367 time=2s
sine_s10 ddm+half acc=0.8125 resets=11 new_calls=422 time=16s
sine_s10 ddm+hedge acc=0.9467 resets=17 new_calls=466 time=13s
sine_s10 eddm acc=0.9505 resets=11 new_calls=494 time=10s
sine_s10 eddm+half acc=0.8444 resets=21 new_calls=538 time=15s
sine_s10 eddm+hedge acc=0.9475 resets=11 new_calls=538 time=0s
sine_s10 fhddm acc=0.7793 resets=11 new_calls=635 time=33s
sine_s10 fhddm+half acc=0.7823 resets=11 new_calls=670 time=11s
sine_s10 fhddm+hedge acc=0.7800 resets=11 new_calls=670 time=0s
sine_s10 hddma acc=0.9505 resets=11 new_calls=670 time=1s
sine_s10 hddma+half acc=0.8125 resets=11 new_calls=670 time=0s
sine_s10 hddma+hedge acc=0.9475 resets=11 new_calls=670 time=1s
sine_s10 hddmw acc=0.9505 resets=11 new_calls=670 time=0s
sine_s10 hddmw+half acc=0.8158 resets=12 new_calls=675 time=2s
sine_s10 hddmw+hedge acc=0.9475 resets=11 new_calls=675 time=0s
sine_s10 adwin acc=0.9505 resets=11 new_calls=675 time=0s
sine_s10 adwin+half acc=0.8275 resets=22 new_calls=675 time=0s
sine_s10 adwin+hedge acc=0.9474 resets=13 new_calls=687 time=4s
sine_s10 ph acc=0.9505 resets=11 new_calls=687 time=0s
sine_s10 ph+half acc=0.8258 resets=22 new_calls=687 time=0s
sine_s10 ph+hedge acc=0.9475 resets=11 new_calls=687 time=0s
sine_s10 kswin acc=0.9505 resets=11 new_calls=687 time=11s
sine_s10 kswin+half acc=0.8211 resets=16 new_calls=692 time=12s
sine_s10 kswin+hedge acc=0.9475 resets=11 new_calls=692 time=11s
sea_s14 none acc=0.9713 resets=0 new_calls=179 time=58s
sea_s14 ddmM acc=0.9879 resets=18 new_calls=274 time=30s
sea_s14 ddm acc=0.9879 resets=17 new_calls=282 time=2s
sea_s14 ddm+half acc=0.9770 resets=20 new_calls=339 time=19s
sea_s14 ddm+hedge acc=0.9865 resets=12 new_calls=370 time=10s
sea_s14 eddm acc=0.9841 resets=8 new_calls=414 time=15s
sea_s14 eddm+half acc=0.9769 resets=10 new_calls=447 time=11s
sea_s14 eddm+hedge acc=0.9832 resets=8 new_calls=447 time=0s
sea_s14 fhddm acc=0.9713 resets=0 new_calls=447 time=0s
sea_s14 fhddm+half acc=0.9713 resets=0 new_calls=447 time=0s
sea_s14 fhddm+hedge acc=0.9713 resets=0 new_calls=447 time=0s
sea_s14 hddma acc=0.9798 resets=3 new_calls=456 time=3s
sea_s14 hddma+half acc=0.9740 resets=3 new_calls=463 time=2s
sea_s14 hddma+hedge acc=0.9785 resets=3 new_calls=463 time=0s
sea_s14 hddmw acc=0.9713 resets=0 new_calls=463 time=0s
sea_s14 hddmw+half acc=0.9713 resets=0 new_calls=463 time=0s
sea_s14 hddmw+hedge acc=0.9713 resets=0 new_calls=463 time=0s
sea_s14 adwin acc=0.9866 resets=8 new_calls=489 time=6s
sea_s14 adwin+half acc=0.9754 resets=9 new_calls=514 time=7s
sea_s14 adwin+hedge acc=0.9842 resets=8 new_calls=523 time=3s
sea_s14 ph acc=0.9732 resets=2 new_calls=541 time=4s
sea_s14 ph+half acc=0.9736 resets=2 new_calls=546 time=1s
sea_s14 ph+hedge acc=0.9732 resets=2 new_calls=546 time=0s
sea_s14 kswin acc=0.9713 resets=0 new_calls=546 time=10s
sea_s14 kswin+half acc=0.9713 resets=0 new_calls=546 time=9s
sea_s14 kswin+hedge acc=0.9713 resets=0 new_calls=546 time=10s
sea_s13 none acc=0.9719 resets=0 new_calls=179 time=50s
sea_s13 ddmM acc=0.9880 resets=26 new_calls=283 time=27s
sea_s13 ddm acc=0.9880 resets=26 new_calls=283 time=0s
sea_s13 ddm+half acc=0.9760 resets=26 new_calls=355 time=17s
sea_s13 ddm+hedge acc=0.9854 resets=17 new_calls=400 time=10s
sea_s13 eddm acc=0.9829 resets=8 new_calls=458 time=15s
sea_s13 eddm+half 
cc=0.9753 resets=8 new_calls=487 time=9ssea_s13 eddm+hedge acc=0.9823 resets=8 new_calls=499 time=4s
sea_s13 fhddm acc=0.9719 resets=0 new_calls=499 time=0s
sea_s13 fhddm+half acc=0.9719 resets=0 new_calls=499 time=0s
sea_s13 fhddm+hedge acc=0.9719 resets=0 new_calls=499 time=0s
sea_s13 hddma acc=0.9780 resets=3 new_calls=499 time=0s
sea_s13 hddma+half acc=0.9743 resets=3 new_calls=514 time=5s
sea_s13 hddma+hedge acc=0.9777 resets=3 new_calls=514 time=0s
sea_s13 hddmw acc=0.9719 resets=0 new_calls=514 time=0s
sea_s13 hddmw+half acc=0.9719 resets=0 new_calls=514 time=0s
sea_s13 hddmw+hedge acc=0.9719 resets=0 new_calls=514 time=0s
sea_s13 adwin acc=0.9860 resets=8 new_calls=531 time=5s
sea_s13 adwin+half acc=0.9747 resets=9 new_calls=561 time=9s
sea_s13 adwin+hedge acc=0.9845 resets=8 new_calls=561 time=0s
sea_s13 ph acc=0.9732 resets=2 new_calls=565 time=1s
sea_s13 ph+half acc=0.9732 resets=2 new_calls=570 time=2s
sea_s13 ph+hedge acc=0.9731 resets=2 new_calls=570 time=0s
sea_s13 kswin acc=0.9719 resets=0 new_calls=570 time=9s
sea_s13 kswin+half acc=0.9719 resets=0 new_calls=570 time=9s
sea_s13 kswin+hedge acc=0.9719 resets=0 new_calls=570 time=8s
sea_s12 none acc=0.9685 resets=0 new_calls=179 time=52s
sea_s12 ddmM acc=0.9869 resets=36 new_calls=293 time=30s
sea_s12 ddm acc=0.9869 resets=36 new_calls=293 time=0s
sea_s12 ddm+half acc=0.9766 resets=39 new_calls=373 time=23s
sea_s12 ddm+hedge acc=0.9852 resets=29 new_calls=452 time=25s
sea_s12 eddm acc=0.9833 resets=8 new_calls=505 time=16s
sea_s12 eddm+half acc=0.9766 resets=11 new_calls=532 time=8s
sea_s12 eddm+hedge acc=0.9820 resets=8 new_calls=539 time=2s
sea_s12 fhddm acc=0.9682 resets=1 new_calls=539 time=0s
sea_s12 fhddm+half acc=0.9685 resets=1 new_calls=544 time=2s
sea_s12 fhddm+hedge acc=0.9684 resets=1 new_calls=544 time=0s
sea_s12 hddma acc=0.9728 resets=2 new_calls=553 time=3s
sea_s12 hddma+half acc=0.9714 resets=2 new_calls=558 time=2s
sea_s12 hddma+hedge acc=0.9726 resets=2 new_calls=558 time=0s
sea_s12 hddmw acc=0.9685 resets=0 new_calls=558 time=0s
sea_s12 hddmw+half acc=0.9685 resets=0 new_calls=558 time=0s
sea_s12 hddmw+hedge acc=0.9685 resets=0 new_calls=558 time=0s
sea_s12 adwin acc=0.9868 resets=8 new_calls=573 time=5s
sea_s12 adwin+half acc=0.9740 resets=10 new_calls=608 time=10s
sea_s12 adwin+hedge acc=0.9842 resets=8 new_calls=608 time=0s
sea_s12 ph acc=0.9732 resets=3 new_calls=625 time=5s
sea_s12 ph+half acc=0.9721 resets=3 new_calls=629 time=1s
sea_s12 ph+hedge acc=0.9727 resets=3 new_calls=629 time=0s
sea_s12 kswin acc=0.9685 resets=0 new_calls=629 time=8s
sea_s12 kswin+half acc=0.9685 resets=0 new_calls=629 time=9s
sea_s12 kswin+hedge acc=0.9685 resets=0 new_calls=629 time=9s
sea_s11 none acc=0.9710 resets=0 new_calls=179 time=53s
sea_s11 ddmM acc=0.9885 resets=27 new_calls=285 time=33s
sea_s11 ddm acc=0.9885 resets=27 new_calls=285 time=0s
sea_s11 ddm+half acc=0.9768 resets=19 new_calls=329 time=12s
sea_s11 ddm+hedge acc=0.9893 resets=16 new_calls=384 time=14s
sea_s11 eddm acc=0.9837 resets=8 new_calls=452 time=16s
sea_s11 eddm+half acc=0.9770 resets=9 new_calls=481 time=8s
sea_s11 eddm+hedge acc=0.9837 resets=8 new_calls=505 time=5s
sea_s11 fhddm acc=0.9710 resets=0 new_calls=505 time=0s
sea_s11 fhddm+half acc=0.9710 resets=0 new_calls=505 time=0s
sea_s11 fhddm+hedge acc=0.9710 resets=0 new_calls=505 time=0s
sea_s11 hddma acc=0.9767 resets=2 new_calls=514 time=2s
sea_s11 hddma+half acc=0.9733 resets=2 new_calls=519 time=1s
sea_s11 hddma+hedge acc=0.9762 resets=2 new_calls=519 time=0s
sea_s11 hddmw acc=0.9710 resets=0 new_calls=519 time=0s
sea_s11 hddmw+half acc=0.9710 resets=0 new_calls=519 time=0s
sea_s11 hddmw+hedge acc=0.9710 resets=0 new_calls=519 time=0s
sea_s11 adwin acc=0.9887 resets=8 new_calls=537 time=6s
sea_s11 adwin+half acc=0.9739 resets=9 new_calls=571 time=8s
sea_s11 adwin+hedge acc=0.9872 resets=8 new_calls=580 time=2s
sea_s11 ph acc=0.9736 resets=3 new_calls=598 time=4s
sea_s11 ph+half acc=0.9739 resets=3 new_calls=602 time=2s
sea_s11 ph+hedge acc=0.9737 resets=3 new_calls=602 time=0s
sea_s11 kswin acc=0.9710 resets=0 new_calls=602 time=8s
sea_s11 kswin+half acc=0.9710 resets=0 new_calls=602 time=9s
sea_s11 kswin+hedge acc=0.9710 resets=0 new_calls=602 time=8s
sea_s10 none acc=0.9700 resets=0 new_calls=179 time=39s
sea_s10 ddmM acc=0.9869 resets=42 new_calls=309 time=37s
sea_s10 ddm acc=0.9869 resets=38 new_calls=317 time=3s
sea_s10 ddm+half acc=0.9751 resets=17 new_calls=368 time=18s
sea_s10 ddm+hedge acc=0.9844 resets=30 new_calls=445 time=26s
sea_s10 eddm acc=0.9841 resets=8 new_calls=502 time=18s
sea_s10 eddm+half acc=0.9750 resets=9 new_calls=529 time=8s
sea_s10 eddm+hedge acc=0.9831 resets=8 new_calls=541 time=3s
sea_s10 fhddm acc=0.9700 resets=0 new_calls=541 time=0s
sea_s10 fhddm+half acc=0.9700 resets=0 new_calls=541 time=0s
sea_s10 fhddm+hedge acc=0.9700 resets=0 new_calls=541 time=0s
sea_s10 hddma acc=0.9754 resets=3 new_calls=559 time=5s
sea_s10 hddma+half acc=0.9731 resets=3 new_calls=564 time=2s
sea_s10 hddma+hedge acc=0.9755 resets=3 new_calls=564 time=0s
sea_s10 hddmw acc=0.9700 resets=0 new_calls=564 time=0s
sea_s10 hddmw+half acc=0.9700 resets=0 new_calls=564 time=0s
sea_s10 hddmw+hedge acc=0.9700 resets=0 new_calls=564 time=0s
sea_s10 adwin acc=0.9868 resets=8 new_calls=580 time=4s
sea_s10 adwin+half acc=0.9742 resets=10 new_calls=604 time=7s
sea_s10 adwin+hedge acc=0.9853 resets=8 new_calls=604 time=0s
sea_s10 ph acc=0.9728 resets=3 new_calls=630 time=8s
sea_s10 ph+half acc=0.9725 resets=3 new_calls=635 time=1s
sea_s10 ph+hedge acc=0.9727 resets=3 new_calls=635 time=0s
sea_s10 kswin acc=0.9700 resets=0 new_calls=635 time=8s
sea_s10 kswin+half acc=0.9700 resets=0 new_calls=635 time=9s
sea_s10 kswin+hedge acc=0.9700 resets=0 new_calls=635 time=9s
rbf_s14 none acc=0.9009 resets=0 new_calls=179 time=67s
rbf_s14 ddmM acc=0.9134 resets=10 new_calls=253 time=25s
rbf_s14 ddm acc=0.9134 resets=10 new_calls=253 time=0s
rbf_s14 ddm+half acc=0.9055 resets=13 new_calls=297 time=14s
rbf_s14 ddm+hedge acc=0.9115 resets=13 new_calls=322 time=7s
rbf_s14 eddm acc=0.9069 resets=20 new_calls=399 time=23s
rbf_s14 eddm+half acc=0.9070 resets=22 new_calls=463 time=20s
rbf_s14 eddm+hedge acc=0.9116 resets=14 new_calls=482 time=6s
rbf_s14 fhddm acc=0.9076 resets=8 new_calls=547 time=20s
rbf_s14 fhddm+half acc=0.9037 resets=8 new_calls=586 time=12s
rbf_s14 fhddm+hedge acc=0.9088 resets=8 new_calls=586 time=0s
rbf_s14 hddma acc=0.9140 resets=8 new_calls=586 time=0s
rbf_s14 hddma+half acc=0.9049 resets=8 new_calls=586 time=0s
rbf_s14 hddma+hedge acc=0.9118 resets=8 new_calls=586 time=0s
rbf_s14 hddmw acc=0.9140 resets=8 new_calls=586 time=0s
rbf_s14 hddmw+half acc=0.9049 resets=8 new_calls=586 time=0s
rbf_s14 hddmw+hedge acc=0.9118 resets=8 new_calls=586 time=0s
rbf_s14 adwin acc=0.9140 resets=8 new_calls=586 time=0s
rbf_s14 adwin+half acc=0.9049 resets=10 new_calls=590 time=1s
rbf_s14 adwin+hedge acc=0.9118 resets=8 new_calls=590 time=0s
rbf_s14 ph acc=0.9140 resets=8 new_calls=590 time=0s
rbf_s14 ph+half acc=0.9059 resets=11 new_calls=603 time=4s
rbf_s14 ph+hedge acc=0.9118 resets=8 new_calls=603 time=0s
rbf_s14 kswin acc=0.9140 resets=8 new_calls=603 time=8s
rbf_s14 kswin+half acc=0.9049 resets=8 new_calls=603 time=9s
rbf_s14 kswin+hedge acc=0.9118 resets=8 new_calls=603 time=9s
rbf_s13 none acc=0.8843 resets=0 new_calls=179 time=62s
rbf_s13 ddmM acc=0.8931 resets=11 new_calls=265 time=25s
rbf_s13 ddm acc=0.8931 resets=11 new_calls=265 time=0s
rbf_s13 ddm+half acc=0.8871 resets=10 new_calls=306 time=12s
rbf_s13 ddm+hedge acc=0.8941 resets=11 new_calls=331 time=6s
rbf_s13 eddm acc=0.8769 resets=36 new_calls=444 time=32s
rbf_s13 eddm+half acc=0.8870 resets=22 new_calls=492 time=16s
rbf_s13 eddm+hedge acc=0.8915 resets=29 new_calls=539 time=15s
rbf_s13 fhddm acc=0.8882 resets=8 new_calls=593 time=17s
rbf_s13 fhddm+half acc=0.8865 resets=8 new_calls=628 time=11s
rbf_s13 fhddm+hedge acc=0.8905 resets=8 new_calls=628 time=0s
rbf_s13 hddma acc=0.8934 resets=8 new_calls=628 time=0s
rbf_s13 hddma+half acc=0.8872 resets=8 new_calls=628 time=0s
rbf_s13 hddma+hedge acc=0.8942 resets=8 new_calls=628 time=0s
rbf_s13 hddmw acc=0.8934 resets=8 new_calls=628 time=0s
rbf_s13 hddmw+half acc=0.8872 resets=8 new_calls=628 time=0s
rbf_s13 hddmw+hedge acc=0.8942 resets=8 new_calls=628 time=0s
rbf_s13 adwin acc=0.8934 resets=8 new_calls=628 time=0s
rbf_s13 adwin+half acc=0.8863 resets=10 new_calls=633 time=2s
rbf_s13 adwin+hedge acc=0.8942 resets=8 new_calls=633 time=0s
rbf_s13 ph acc=0.8934 resets=8 new_calls=633 time=0s
rbf_s13 ph+half acc=0.8872 resets=10 new_calls=643 time=4s
rbf_s13 ph+hedge acc=0.8942 resets=8 new_calls=643 time=0s
rbf_s13 kswin acc=0.8934 resets=8 new_calls=643 time=8s
rbf_s13 kswin+half acc=0.8872 resets=8 new_calls=643 time=8s
rbf_s13 kswin+hedge acc=0.8942 resets=8 new_calls=643 time=9s
rbf_s12 none acc=0.8993 resets=0 new_calls=179 time=63s
rbf_s12 ddmM acc=0.9061 resets=10 new_calls=245 time=17s
rbf_s12 ddm acc=0.9070 resets=12 new_calls=263 time=6s
rbf_s12 ddm+half acc=0.9017 resets=9 new_calls=304 time=12s
rbf_s12 ddm+hedge acc=0.9075 resets=12 new_calls=313 time=2s
rbf_s12 eddm acc=0.9004 resets=23 new_calls=400 time=22s
rbf_s12 eddm+half acc=0.9015 resets=18 new_calls=436 time=8s
rbf_s12 eddm+hedge acc=0.9078 resets=27 new_calls=483 time=9s
rbf_s12 fhddm acc=0.9031 resets=8 new_calls=531 time=10s
rbf_s12 fhddm+half acc=0.9002 resets=8 new_calls=561 time=7s
rbf_s12 fhddm+hedge acc=0.9042 resets=8 new_calls=561 time=0s
rbf_s12 hddma acc=0.9085 resets=8 new_calls=561 time=0s
rbf_s12 hddma+half acc=0.9014 resets=8 new_calls=561 time=0s
rbf_s12 hddma+hedge acc=0.9079 resets=8 new_calls=561 time=0s
rbf_s12 hddmw acc=0.9085 resets=8 new_calls=561 time=0s
rbf_s12 hddmw+half acc=0.9014 resets=8 new_calls=561 time=0s
rbf_s12 hddmw+hedge acc=0.9079 resets=8 new_calls=561 time=0s
rbf_s12 adwin acc=0.9085 resets=8 new_calls=561 time=0s
rbf_s12 adwin+half acc=0.9014 resets=8 new_calls=561 time=0s
rbf_s12 adwin+hedge acc=0.9079 resets=8 new_calls=561 time=0s
rbf_s12 ph acc=0.9085 resets=8 new_calls=561 time=0s
rbf_s12 ph+half acc=0.9013 resets=9 new_calls=566 time=2s
rbf_s12 ph+hedge acc=0.9079 resets=8 new_calls=566 time=0s
rbf_s12 kswin acc=0.9085 resets=8 new_calls=566 time=9s
rbf_s12 kswin+half acc=0.9014 resets=8 new_calls=566 time=9s
rbf_s12 kswin+hedge acc=0.9079 resets=8 new_calls=566 time=9s
rbf_s11 none acc=0.9038 resets=0 new_calls=179 time=55s
rbf_s11 ddmM acc=0.9036 resets=2 new_calls=189 time=2s
rbf_s11 ddm acc=0.9036 resets=2 new_calls=189 time=0s
rbf_s11 ddm+half acc=0.9070 resets=13 new_calls=232 time=11s
rbf_s11 ddm+hedge acc=0.9121 resets=15 new_calls=317 time=22s
rbf_s11 eddm acc=0.9038 resets=25 new_calls=424 time=26s
rbf_s11 eddm+half acc=0.9068 resets=11 new_calls=441 time=4s
rbf_s11 eddm+hedge acc=0.9116 resets=23 new_calls=475 time=8s
rbf_s11 fhddm acc=0.9087 resets=8 new_calls=511 time=8s
rbf_s11 fhddm+half acc=0.9070 resets=8 new_calls=545 time=7s
rbf_s11 fhddm+hedge acc=0.9093 resets=8 new_calls=545 time=0s
rbf_s11 hddma acc=0.9134 resets=8 new_calls=557 time=3s
rbf_s11 hddma+half acc=0.9070 resets=8 new_calls=557 time=0s
rbf_s11 hddma+hedge acc=0.9127 resets=8 new_calls=557 time=0s
rbf_s11 hddmw acc=0.9134 resets=8 new_calls=557 time=0s
rbf_s11 hddmw+half acc=0.9070 resets=8 new_calls=557 time=0s
rbf_s11 hddmw+hedge acc=0.9127 resets=8 new_calls=557 time=0s
rbf_s11 adwin acc=0.9134 resets=8 new_calls=557 time=0s
rbf_s11 adwin+half acc=0.9070 resets=8 new_calls=557 time=0s
rbf_s11 adwin+hedge acc=0.9127 resets=8 new_calls=557 time=0s
rbf_s11 ph acc=0.9134 resets=8 new_calls=557 time=0s
rbf_s11 ph+half acc=0.9070 resets=8 new_calls=557 time=0s
rbf_s11 ph+hedge acc=0.9127 resets=8 new_calls=557 time=0s
rbf_s11 kswin acc=0.9134 resets=8 new_calls=557 time=7s
rbf_s11 kswin+half acc=0.9070 resets=8 new_calls=557 time=7s
rbf_s11 kswin+hedge acc=0.9127 resets=8 new_calls=557 time=8s
rbf_s10 none acc=0.9054 resets=0 new_calls=179 time=44s
rbf_s10 ddmM acc=0.9123 resets=16 new_calls=266 time=41s
rbf_s10 ddm acc=0.9124 resets=15 new_calls=274 time=4s
rbf_s10 ddm+half acc=0.9078 resets=17 new_calls=328 time=25s
rbf_s10 ddm+hedge acc=0.9113 resets=17 new_calls=366 time=19s
rbf_s10 eddm acc=0.9056 resets=28 new_calls=476 time=51s
rbf_s10 eddm+half acc=0.9072 resets=20 new_calls=517 time=18s
rbf_s10 eddm+hedge acc=0.9147 resets=23 new_calls=587 time=32s
rbf_s10 fhddm acc=0.9098 resets=8 new_calls=630 time=22s
rbf_s10 fhddm+half acc=0.9075 resets=8 new_calls=669 time=20s
rbf_s10 fhddm+hedge acc=0.9100 resets=8 new_calls=669 time=0s
rbf_s10 hddma acc=0.9149 resets=8 new_calls=675 time=3s
rbf_s10 hddma+half acc=0.9080 resets=8 new_calls=676 time=1s
rbf_s10 hddma+hedge acc=0.9137 resets=8 new_calls=676 time=0s
rbf_s10 hddmw acc=0.9149 resets=8 new_calls=676 time=0s
rbf_s10 hddmw+half acc=0.9080 resets=8 new_calls=676 time=0s
rbf_s10 hddmw+hedge acc=0.9137 resets=8 new_calls=676 time=0s
rbf_s10 adwin acc=0.9149 resets=8 new_calls=676 time=0s
rbf_s10 adwin+half acc=0.9080 resets=8 new_calls=676 time=0s
rbf_s10 adwin+hedge acc=0.9137 resets=8 new_calls=676 time=0s
rbf_s10 ph acc=0.9149 resets=8 new_calls=676 time=0s
rbf_s10 ph+half acc=0.9080 resets=8 new_calls=676 time=0s
rbf_s10 ph+hedge acc=0.9137 resets=8 new_calls=676 time=0s
rbf_s10 kswin acc=0.9149 resets=8 new_calls=676 time=8s
rbf_s10 kswin+half acc=0.9080 resets=8 new_calls=676 time=8s
rbf_s10 kswin+hedge acc=0.9137 resets=8 new_calls=676 time=9s
hyperplane_s14 fhddm acc=0.8852 resets=5 new_calls=45 time=23s
hyperplane_s14 fhddm+half acc=0.8884 resets=5 new_calls=65 time=11s
hyperplane_s14 hddma+half acc=0.8964 resets=7 new_calls=79 time=7s
hyperplane_s14 hddma+hedge acc=0.9093 resets=8 new_calls=96 time=9s
hyperplane_s14 hddmw acc=0.8994 resets=4 new_calls=123 time=15s
hyperplane_s14 adwin+half acc=0.8940 resets=12 new_calls=151 time=15s
hyperplane_s14 ph acc=0.8998 resets=8 new_calls=178 time=14s
hyperplane_s14 ph+hedge acc=0.8996 resets=8 new_calls=196 time=10s
hyperplane_s14 kswin acc=0.8890 resets=0 new_calls=196 time=9s
hyperplane_s14 kswin+half acc=0.8890 resets=0 new_calls=196 time=9s
hyperplane_s14 kswin+hedge acc=0.8890 resets=0 new_calls=196 time=9s
CHAIN_DONE 22:49:16
