insects_incremental_reoccurring_balanced none acc=0.7915 resets=0 new_calls=798 time=402s
insects_incremental_reoccurring_balanced ddmM acc=0.8015 resets=13 new_calls=898 time=37s
insects_incremental_reoccurring_balanced ddm acc=0.8015 resets=13 new_calls=898 time=0s
insects_incremental_reoccurring_balanced ddm+half acc=0.7951 resets=12 new_calls=949 time=20s
insects_incremental_reoccurring_balanced ddm+hedge acc=0.8028 resets=15 new_calls=1016 time=24s
insects_incremental_reoccurring_balanced eddm acc=0.7940 resets=51 new_calls=1157 time=42s
insects_incremental_reoccurring_balanced eddm+half acc=0.7938 resets=77 new_calls=1342 time=59s
insects_incremental_reoccurring_balanced eddm+hedge acc=0.8047 resets=142 new_calls=1701 time=109s
insects_incremental_reoccurring_balanced fhddm acc=0.7984 resets=18 new_calls=1808 time=36s
insects_incremental_reoccurring_balanced fhddm+half acc=0.7963 resets=18 new_calls=1871 time=28s
insects_incremental_reoccurring_balanced fhddm+hedge acc=0.7980 resets=19 new_calls=1918 time=17s
insects_incremental_reoccurring_balanced hddma acc=0.8079 resets=17 new_calls=1987 time=27s
insects_incremental_reoccurring_balanced hddma+half acc=0.7962 resets=16 new_calls=2045 time=26s
insects_incremental_reoccurring_balanced hddma+hedge acc=0.8077 resets=16 new_calls=2050 time=3s
insects_incremental_reoccurring_balanced hddmw acc=0.8080 resets=22 new_calls=2128 time=24s
insects_incremental_reoccurring_balanced hddmw+half acc=0.7963 resets=23 new_calls=2178 time=18s
insects_incremental_reoccurring_balanced hddmw+hedge acc=0.8082 resets=21 new_calls=2178 time=0s
insects_incremental_reoccurring_balanced adwin acc=0.8063 resets=20 new_calls=2223 time=15s
insects_incremental_reoccurring_balanced adwin+half acc=0.7957 resets=24 new_calls=2266 time=17s
insects_incremental_reoccurring_balanced adwin+hedge acc=0.8065 resets=19 new_calls=2272 time=3s
insects_incremental_reoccurring_balanced ph acc=0.8039 resets=21 new_calls=2330 time=21s
insects_incremental_reoccurring_balanced ph+half acc=0.7959 resets=28 new_calls=2405 time=33s
insects_incremental_reoccurring_balanced ph+hedge acc=0.8048 resets=22 new_calls=2430 time=9s
insects_incremental_reoccurring_balanced kswin acc=0.8047 resets=17 new_calls=2466 time=52s
insects_incremental_reoccurring_balanced kswin+half acc=0.7960 resets=14 new_calls=2477 time=46s
insects_incremental_reoccurring_balanced kswin+hedge acc=0.8027 resets=13 new_calls=2482 time=40s
insects_incremental_balanced none acc=0.6746 resets=0 new_calls=569 time=305s
insects_incremental_balanced ddmM acc=0.6747 resets=2 new_calls=587 time=7s
insects_incremental_balanced ddm acc=0.6747 resets=2 new_calls=587 time=0s
insects_incremental_balanced ddm+half acc=0.6746 resets=2 new_calls=597 time=4s
insects_incremental_balanced ddm+hedge acc=0.6750 resets=2 new_calls=597 time=0s
insects_incremental_balanced eddm acc=0.6735 resets=11 new_calls=616 time=7s
insects_incremental_balanced eddm+half acc=0.6736 resets=19 new_calls=642 time=11s
insects_incremental_balanced eddm+hedge acc=0.6745 resets=9 new_calls=673 time=13s
insects_incremental_balanced fhddm acc=0.6704 resets=15 new_calls=807 time=44s
insects_incremental_balanced fhddm+half acc=0.6734 resets=12 new_calls=862 time=26s
insects_incremental_balanced fhddm+hedge acc=0.6744 resets=11 new_calls=871 time=4s
insects_incremental_balanced hddma acc=0.6735 resets=4 new_calls=898 time=10s
insects_incremental_balanced hddma+half acc=0.6752 resets=4 new_calls=918 time=9s
insects_incremental_balanced hddma+hedge acc=0.6750 resets=5 new_calls=936 time=6s
insects_incremental_balanced hddmw acc=0.6654 resets=26 new_calls=1111 time=59s
insects_incremental_balanced hddmw+half acc=0.6733 resets=24 new_calls=1193 time=38s
insects_incremental_balanced hddmw+hedge acc=0.6746 resets=26 new_calls=1229 time=14s
insects_incremental_balanced adwin acc=0.6722 resets=5 new_calls=1264 time=13s
insects_incremental_balanced adwin+half acc=0.6750 resets=5 new_calls=1283 time=10s
insects_incremental_balanced adwin+hedge acc=0.6748 resets=5 new_calls=1299 time=7s
insects_incremental_balanced ph acc=0.6689 resets=16 new_calls=1416 time=43s
insects_incremental_balanced ph+half acc=0.6736 resets=11 new_calls=1447 time=14s
insects_incremental_balanced ph+hedge acc=0.6737 resets=9 new_calls=1474 time=12s
insects_incremental_balanced kswin acc=0.6717 resets=8 new_calls=1511 time=47s
insects_incremental_balanced kswin+half acc=0.6737 resets=8 new_calls=1526 time=35s
insects_incremental_balanced kswin+hedge acc=0.6747 resets=5 new_calls=1528 time=28s
insects_gradual_balanced none acc=0.7883 resets=0 new_calls=240 time=102s
insects_gradual_balanced ddmM acc=0.7993 resets=5 new_calls=275 time=8s
insects_gradual_balanced ddm acc=0.7993 resets=5 new_calls=275 time=0s
insects_gradual_balanced ddm+half acc=0.7904 resets=7 new_calls=292 time=5s
insects_gradual_balanced ddm+hedge acc=0.7949 resets=4 new_calls=292 time=0s
insects_gradual_balanced eddm acc=0.7917 resets=15 new_calls=343 time=15s
insects_gradual_balanced eddm+half acc=0.7904 resets=35 new_calls=408 time=21s
insects_gradual_balanced eddm+hedge acc=0.7940 resets=31 new_calls=492 time=24s
insects_gradual_balanced fhddm acc=0.7949 resets=5 new_calls=527 time=8s
insects_gradual_balanced fhddm+half acc=0.7938 resets=6 new_calls=555 time=9s
insects_gradual_balanced fhddm+hedge acc=0.7950 resets=6 new_calls=564 time=2s
insects_gradual_balanced hddma acc=0.8040 resets=5 new_calls=576 time=3s
insects_gradual_balanced hddma+half acc=0.7912 resets=5 new_calls=586 time=4s
insects_gradual_balanced hddma+hedge acc=0.8007 resets=5 new_calls=586 time=0s
insects_gradual_balanced hddmw acc=0.8027 resets=8 new_calls=622 time=11s
insects_gradual_balanced hddmw+half acc=0.7902 resets=9 new_calls=641 time=6s
insects_gradual_balanced hddmw+hedge acc=0.8021 resets=11 new_calls=659 time=5s
insects_gradual_balanced adwin acc=0.8024 resets=7 new_calls=678 time=3s
insects_gradual_balanced adwin+half acc=0.7920 resets=8 new_calls=697 time=4s
insects_gradual_balanced adwin+hedge acc=0.8008 resets=7 new_calls=706 time=0s
insects_gradual_balanced ph acc=0.8000 resets=6 new_calls=733 time=6s
insects_gradual_balanced ph+half acc=0.7930 resets=8 new_calls=752 time=9s
insects_gradual_balanced ph+hedge acc=0.7982 resets=8 new_calls=777 time=12s
insects_gradual_balanced kswin acc=0.8035 resets=4 new_calls=777 time=12s
insects_gradual_balanced kswin+half acc=0.7913 resets=7 new_calls=777 time=12s
insects_gradual_balanced kswin+hedge acc=0.8013 resets=6 new_calls=779 time=14s
CHAIN_DONE 22:43:39
