bank none acc=0.8993 resets=0 new_calls=410 time=171s
bank ddmM acc=0.8992 resets=8 new_calls=455 time=14s
bank ddm acc=0.8992 resets=8 new_calls=455 time=0s
bank ddm+half acc=0.8993 resets=9 new_calls=489 time=12s
bank ddm+hedge acc=0.8990 resets=9 new_calls=498 time=3s
bank eddm acc=0.8973 resets=64 new_calls=807 time=82s
bank eddm+half acc=0.8988 resets=90 new_calls=1093 time=81s
bank eddm+hedge acc=0.8998 resets=47 new_calls=1116 time=6s
bank fhddm acc=0.8989 resets=5 new_calls=1151 time=9s
bank fhddm+half acc=0.8992 resets=5 new_calls=1176 time=7s
bank fhddm+hedge acc=0.8995 resets=5 new_calls=1176 time=0s
bank hddma acc=0.8994 resets=5 new_calls=1193 time=5s
bank hddma+half acc=0.8992 resets=5 new_calls=1210 time=5s
bank hddma+hedge acc=0.8996 resets=5 new_calls=1210 time=0s
bank hddmw acc=0.8988 resets=9 new_calls=1246 time=9s
bank hddmw+half acc=0.8991 resets=10 new_calls=1264 time=5s
bank hddmw+hedge acc=0.8993 resets=8 new_calls=1278 time=4s
bank adwin acc=0.9003 resets=9 new_calls=1325 time=12s
bank adwin+half acc=0.8997 resets=9 new_calls=1345 time=5s
bank adwin+hedge acc=0.9001 resets=9 new_calls=1355 time=2s
bank ph acc=0.8990 resets=11 new_calls=1394 time=9s
bank ph+half acc=0.8993 resets=11 new_calls=1417 time=6s
bank ph+hedge acc=0.8995 resets=11 new_calls=1417 time=0s
bank kswin acc=0.8993 resets=5 new_calls=1424 time=20s
bank kswin+half acc=0.8993 resets=6 new_calls=1429 time=18s
bank kswin+hedge acc=0.8997 resets=5 new_calls=1434 time=18s
CHAIN_DONE 23:21:21
