Warning: You are sending unauthenticated requests to the HF Hub. Please set a HF_TOKEN to enable higher rate limits and faster downloads.
agrawal_s10 none acc=0.8618 resets=0 new_calls=239 time=199s
agrawal_s10 ddmM acc=0.9616 resets=16 new_calls=345 time=81s
agrawal_s10 ddm acc=0.9616 resets=16 new_calls=345 time=0s
agrawal_s10 ddm+half acc=0.8836 resets=11 new_calls=400 time=42s
agrawal_s10 ddm+hedge acc=0.9592 resets=11 new_calls=430 time=24s
agrawal_s10 eddm acc=0.9596 resets=15 new_calls=457 time=22s
agrawal_s10 eddm+half acc=0.9085 resets=29 new_calls=511 time=43s
agrawal_s10 eddm+hedge acc=0.9562 resets=14 new_calls=531 time=16s
agrawal_s10 fhddm acc=0.8645 resets=11 new_calls=630 time=76s
agrawal_s10 fhddm+half acc=0.8690 resets=11 new_calls=670 time=33s
agrawal_s10 fhddm+hedge acc=0.8651 resets=11 new_calls=670 time=0s
agrawal_s10 hddma acc=0.9631 resets=11 new_calls=670 time=1s
agrawal_s10 hddma+half acc=0.8820 resets=11 new_calls=674 time=3s
agrawal_s10 hddma+hedge acc=0.9592 resets=11 new_calls=674 time=1s
agrawal_s10 hddmw acc=0.9631 resets=11 new_calls=674 time=0s
agrawal_s10 hddmw+half acc=0.8820 resets=11 new_calls=674 time=0s
agrawal_s10 hddmw+hedge acc=0.9592 resets=11 new_calls=674 time=1s
agrawal_s10 adwin acc=0.9585 resets=14 new_calls=699 time=20s
agrawal_s10 adwin+half acc=0.8840 resets=22 new_calls=714 time=13s
agrawal_s10 adwin+hedge acc=0.9572 resets=19 new_calls=773 time=36s
agrawal_s10 ph acc=0.9399 resets=14 new_calls=816 time=19s
agrawal_s10 ph+half acc=0.8964 resets=22 new_calls=857 time=18s
agrawal_s10 ph+hedge acc=0.9441 resets=14 new_calls=861 time=2s
agrawal_s10 kswin acc=0.9540 resets=11 new_calls=861 time=19s
agrawal_s10 kswin+half acc=0.8840 resets=14 new_calls=866 time=20s
agrawal_s10 kswin+hedge acc=0.9508 resets=11 new_calls=866 time=19s
STREAM_DONE 19:37:35 agrawal_s10_tabdpt
rbf_s13 none acc=0.8999 resets=0 new_calls=179 time=164s
rbf_s13 ddmM acc=0.9070 resets=12 new_calls=263 time=69s
rbf_s13 ddm acc=0.9079 resets=10 new_calls=271 time=8s
rbf_s13 ddm+half acc=0.9023 resets=14 new_calls=319 time=40s
rbf_s13 ddm+hedge acc=0.9064 resets=11 new_calls=337 time=15s
rbf_s13 eddm acc=0.9011 resets=22 new_calls=406 time=56s
rbf_s13 eddm+half acc=0.9039 resets=23 new_calls=477 time=55s
rbf_s13 eddm+hedge acc=0.9053 resets=23 new_calls=534 time=34s
rbf_s13 fhddm acc=0.9038 resets=8 new_calls=585 time=24s
rbf_s13 fhddm+half acc=0.9016 resets=8 new_calls=615 time=13s
rbf_s13 fhddm+hedge acc=0.9045 resets=8 new_calls=615 time=0s
rbf_s13 hddma acc=0.9085 resets=8 new_calls=615 time=0s
rbf_s13 hddma+half acc=0.9020 resets=8 new_calls=616 time=1s
rbf_s13 hddma+hedge acc=0.9072 resets=8 new_calls=616 time=0s
rbf_s13 hddmw acc=0.9085 resets=8 new_calls=616 time=0s
rbf_s13 hddmw+half acc=0.9020 resets=8 new_calls=616 time=0s
rbf_s13 hddmw+hedge acc=0.9072 resets=8 new_calls=616 time=0s
rbf_s13 adwin acc=0.9085 resets=8 new_calls=616 time=0s
rbf_s13 adwin+half acc=0.9020 resets=8 new_calls=616 time=0s
rbf_s13 adwin+hedge acc=0.9072 resets=8 new_calls=616 time=0s
rbf_s13 ph acc=0.9085 resets=8 new_calls=616 time=0s
rbf_s13 ph+half acc=0.9020 resets=8 new_calls=616 time=0s
rbf_s13 ph+hedge acc=0.9072 resets=8 new_calls=616 time=0s
rbf_s13 kswin acc=0.9085 resets=8 new_calls=616 time=14s
rbf_s13 kswin+half acc=0.9020 resets=8 new_calls=616 time=14s
rbf_s13 kswin+hedge acc=0.9072 resets=8 new_calls=616 time=14s
STREAM_DONE 19:46:23 rbf_s13_tabdpt
Warning: You are sending unauthenticated requests to the HF Hub. Please set a HF_TOKEN to enable higher rate limits and faster downloads.
sine_s11 none acc=0.7730 resets=0 new_calls=239 time=194s
sine_s11 ddmM acc=0.9508 resets=28 new_calls=377 time=112s
sine_s11 ddm acc=0.9509 resets=27 new_calls=385 time=8s
sine_s11 ddm+half acc=0.8071 resets=14 new_calls=445 time=51s
sine_s11 ddm+hedge acc=0.9473 resets=14 new_calls=482 time=24s
sine_s11 eddm acc=0.9519 resets=11 new_calls=482 time=0s
sine_s11 eddm+half acc=0.8379 resets=23 new_calls=527 time=30s
sine_s11 eddm+hedge acc=0.9480 resets=11 new_calls=527 time=0s
sine_s11 fhddm acc=0.7795 resets=11 new_calls=621 time=65s
sine_s11 fhddm+half acc=0.7812 resets=11 new_calls=665 time=29s
sine_s11 fhddm+hedge acc=0.7796 resets=11 new_calls=665 time=0s
sine_s11 hddma acc=0.9519 resets=11 new_calls=665 time=1s
sine_s11 hddma+half acc=0.8071 resets=11 new_calls=665 time=1s
sine_s11 hddma+hedge acc=0.9480 resets=11 new_calls=665 time=1s
sine_s11 hddmw acc=0.9519 resets=11 new_calls=665 time=1s
sine_s11 hddmw+half acc=0.8071 resets=11 new_calls=665 time=0s
sine_s11 hddmw+hedge acc=0.9480 resets=11 new_calls=665 time=1s
sine_s11 adwin acc=0.9519 resets=11 new_calls=665 time=0s
sine_s11 adwin+half acc=0.8238 resets=22 new_calls=670 time=3s
sine_s11 adwin+hedge acc=0.9479 resets=14 new_calls=696 time=17s
sine_s11 ph acc=0.9519 resets=11 new_calls=696 time=0s
sine_s11 ph+half acc=0.8180 resets=22 new_calls=696 time=0s
sine_s11 ph+hedge acc=0.9480 resets=13 new_calls=714 time=11s
sine_s11 kswin acc=0.9519 resets=11 new_calls=714 time=18s
sine_s11 kswin+half acc=0.8187 resets=18 new_calls=719 time=21s
sine_s11 kswin+hedge acc=0.9480 resets=11 new_calls=719 time=19s
STREAM_DONE 19:56:34 sine_s11_tabdpt
Warning: You are sending unauthenticated requests to the HF Hub. Please set a HF_TOKEN to enable higher rate limits and faster downloads.
grid_c5_b500_s10 none acc=0.4998 resets=0 new_calls=44 time=46s
grid_c5_b500_s10 ddmM acc=0.8736 resets=8 new_calls=83 time=28s
grid_c5_b500_s10 ddm acc=0.8736 resets=8 new_calls=83 time=0s
grid_c5_b500_s10 ddm+half acc=0.5173 resets=3 new_calls=96 time=10s
grid_c5_b500_s10 ddm+hedge acc=0.8736 resets=8 new_calls=96 time=0s
grid_c5_b500_s10 eddm acc=0.8736 resets=8 new_calls=96 time=0s
grid_c5_b500_s10 eddm+half acc=0.5645 resets=11 new_calls=110 time=11s
grid_c5_b500_s10 eddm+hedge acc=0.8736 resets=8 new_calls=110 time=0s
grid_c5_b500_s10 fhddm acc=0.6109 resets=5 new_calls=135 time=21s
grid_c5_b500_s10 fhddm+half acc=0.5043 resets=6 new_calls=150 time=13s
grid_c5_b500_s10 fhddm+hedge acc=0.6239 resets=5 new_calls=163 time=11s
grid_c5_b500_s10 hddma acc=0.8736 resets=8 new_calls=163 time=1s
grid_c5_b500_s10 hddma+half acc=0.5125 resets=4 new_calls=172 time=6s
grid_c5_b500_s10 hddma+hedge acc=0.8736 resets=8 new_calls=172 time=0s
grid_c5_b500_s10 hddmw acc=0.8736 resets=8 new_calls=172 time=0s
grid_c5_b500_s10 hddmw+half acc=0.4609 resets=6 new_calls=180 time=7s
grid_c5_b500_s10 hddmw+hedge acc=0.8736 resets=8 new_calls=180 time=0s
grid_c5_b500_s10 adwin acc=0.8736 resets=8 new_calls=180 time=0s
grid_c5_b500_s10 adwin+half acc=0.5016 resets=4 new_calls=188 time=5s
grid_c5_b500_s10 adwin+hedge acc=0.8736 resets=8 new_calls=188 time=0s
grid_c5_b500_s10 ph acc=0.8500 resets=8 new_calls=196 time=5s
grid_c5_b500_s10 ph+half acc=0.4807 resets=8 new_calls=211 time=10s
grid_c5_b500_s10 ph+hedge acc=0.8555 resets=8 new_calls=211 time=0s
grid_c5_b500_s10 kswin acc=0.8736 resets=8 new_calls=211 time=2s
grid_c5_b500_s10 kswin+half acc=0.5225 resets=7 new_calls=213 time=4s
grid_c5_b500_s10 kswin+hedge acc=0.8736 resets=8 new_calls=213 time=2s
STREAM_DONE 19:59:39 grid_c5_b500_s10_tabdpt
Warning: You are sending unauthenticated requests to the HF Hub. Please set a HF_TOKEN to enable higher rate limits and faster downloads.
grid_c5_b2000_s11 none acc=0.8182 resets=0 new_calls=179 time=123s
grid_c5_b2000_s11 ddmM acc=0.9642 resets=27 new_calls=305 time=107s
grid_c5_b2000_s11 ddm acc=0.9642 resets=27 new_calls=305 time=0s
grid_c5_b2000_s11 ddm+half acc=0.8545 resets=12 new_calls=354 time=68s
grid_c5_b2000_s11 ddm+hedge acc=0.9644 resets=29 new_calls=411 time=56s
grid_c5_b2000_s11 eddm acc=0.9654 resets=8 new_calls=441 time=28s
grid_c5_b2000_s11 eddm+half acc=0.8803 resets=15 new_calls=475 time=25s
grid_c5_b2000_s11 eddm+hedge acc=0.9649 resets=8 new_calls=475 time=0s
grid_c5_b2000_s11 fhddm acc=0.8187 resets=8 new_calls=547 time=50s
grid_c5_b2000_s11 fhddm+half acc=0.8196 resets=8 new_calls=580 time=20s
grid_c5_b2000_s11 fhddm+hedge acc=0.8192 resets=8 new_calls=580 time=0s
grid_c5_b2000_s11 hddma acc=0.9654 resets=8 new_calls=580 time=1s
grid_c5_b2000_s11 hddma+half acc=0.8542 resets=8 new_calls=588 time=6s
grid_c5_b2000_s11 hddma+hedge acc=0.9649 resets=8 new_calls=588 time=1s
grid_c5_b2000_s11 hddmw acc=0.9620 resets=8 new_calls=597 time=7s
grid_c5_b2000_s11 hddmw+half acc=0.8518 resets=8 new_calls=606 time=7s
grid_c5_b2000_s11 hddmw+hedge acc=0.9613 resets=8 new_calls=606 time=0s
grid_c5_b2000_s11 adwin acc=0.9654 resets=8 new_calls=606 time=0s
grid_c5_b2000_s11 adwin+half acc=0.8549 resets=16 new_calls=616 time=9s
grid_c5_b2000_s11 adwin+hedge acc=0.9649 resets=8 new_calls=616 time=0s
grid_c5_b2000_s11 ph acc=0.9599 resets=8 new_calls=621 time=5s
grid_c5_b2000_s11 ph+half acc=0.8565 resets=16 new_calls=626 time=6s
grid_c5_b2000_s11 ph+hedge acc=0.9596 resets=8 new_calls=626 time=0s
grid_c5_b2000_s11 kswin acc=0.9482 resets=6 new_calls=626 time=14s
grid_c5_b2000_s11 kswin+half acc=0.8470 resets=9 new_calls=626 time=14s
grid_c5_b2000_s11 kswin+hedge acc=0.9480 resets=6 new_calls=626 time=13s
STREAM_DONE 20:09:03 grid_c5_b2000_s11_tabdpt
agrawal_s13 none acc=0.7490 resets=0 new_calls=229 time=187s
agrawal_s13 ddmM acc=0.9638 resets=16 new_calls=324 time=59s
agrawal_s13 ddm acc=0.9638 resets=16 new_calls=324 time=0s
agrawal_s13 ddm+half acc=0.7831 resets=12 new_calls=423 time=63s
agrawal_s13 ddm+hedge acc=0.9578 resets=13 new_calls=458 time=20s
agrawal_s13 eddm acc=0.9654 resets=12 new_calls=464 time=3s
agrawal_s13 eddm+half acc=0.8377 resets=46 new_calls=570 time=59s
agrawal_s13 eddm+hedge acc=0.9533 resets=15 new_calls=578 time=4s
agrawal_s13 fhddm acc=0.7867 resets=11 new_calls=744 time=86s
agrawal_s13 fhddm+half acc=0.7838 resets=11 new_calls=798 time=30s
agrawal_s13 fhddm+hedge acc=0.7854 resets=11 new_calls=798 time=0s
agrawal_s13 hddma acc=0.9662 resets=11 new_calls=798 time=0s
agrawal_s13 hddma+half acc=0.7741 resets=11 new_calls=843 time=23s
agrawal_s13 hddma+hedge acc=0.9589 resets=11 new_calls=843 time=0s
agrawal_s13 hddmw acc=0.9662 resets=11 new_calls=843 time=0s
agrawal_s13 hddmw+half acc=0.7775 resets=12 new_calls=860 time=9s
agrawal_s13 hddmw+hedge acc=0.9589 resets=11 new_calls=860 time=0s
agrawal_s13 adwin acc=0.9615 resets=15 new_calls=889 time=14s
agrawal_s13 adwin+half acc=0.7935 resets=22 new_calls=907 time=9s
agrawal_s13 adwin+hedge acc=0.9507 resets=23 new_calls=978 time=25s
agrawal_s13 ph acc=0.9524 resets=13 new_calls=995 time=7s
agrawal_s13 ph+half acc=0.7991 resets=22 new_calls=1010 time=7s
agrawal_s13 ph+hedge acc=0.9451 resets=17 new_calls=1033 time=7s
agrawal_s13 kswin acc=0.9662 resets=11 new_calls=1033 time=11s
agrawal_s13 kswin+half acc=0.7766 resets=12 new_calls=1042 time=16s
agrawal_s13 kswin+hedge acc=0.9547 resets=15 new_calls=1059 time=21s
STREAM_DONE 20:20:07 agrawal_s13_M2000
rbf_s10 none acc=0.8977 resets=0 new_calls=169 time=163s
rbf_s10 ddmM acc=0.9136 resets=16 new_calls=231 time=50s
rbf_s10 ddm acc=0.9133 resets=15 new_calls=240 time=7s
rbf_s10 ddm+half acc=0.9002 resets=11 new_calls=312 time=56s
rbf_s10 ddm+hedge acc=0.9131 resets=12 new_calls=343 time=21s
rbf_s10 eddm acc=0.9048 resets=29 new_calls=351 time=4s
rbf_s10 eddm+half acc=0.9032 resets=25 new_calls=431 time=58s
rbf_s10 eddm+hedge acc=0.9131 resets=19 new_calls=450 time=12s
rbf_s10 fhddm acc=0.9112 resets=8 new_calls=485 time=24s
rbf_s10 fhddm+half acc=0.9011 resets=8 new_calls=557 time=54s
rbf_s10 fhddm+hedge acc=0.9117 resets=8 new_calls=557 time=0s
rbf_s10 hddma acc=0.9168 resets=8 new_calls=593 time=25s
rbf_s10 hddma+half acc=0.8999 resets=8 new_calls=602 time=6s
rbf_s10 hddma+hedge acc=0.9161 resets=8 new_calls=602 time=0s
rbf_s10 hddmw acc=0.9168 resets=8 new_calls=602 time=0s
rbf_s10 hddmw+half acc=0.8999 resets=8 new_calls=602 time=0s
rbf_s10 hddmw+hedge acc=0.9161 resets=8 new_calls=602 time=0s
rbf_s10 adwin acc=0.9168 resets=8 new_calls=602 time=0s
rbf_s10 adwin+half acc=0.8999 resets=8 new_calls=602 time=0s
rbf_s10 adwin+hedge acc=0.9161 resets=8 new_calls=602 time=0s
rbf_s10 ph acc=0.9163 resets=8 new_calls=602 time=0s
rbf_s10 ph+half acc=0.9002 resets=8 new_calls=606 time=3s
rbf_s10 ph+hedge acc=0.9153 resets=8 new_calls=606 time=0s
rbf_s10 kswin acc=0.9148 resets=7 new_calls=606 time=8s
rbf_s10 kswin+half acc=0.8998 resets=7 new_calls=606 time=9s
rbf_s10 kswin+hedge acc=0.9140 resets=7 new_calls=606 time=9s
STREAM_DONE 20:28:41 rbf_s10_M2000
sea_s11 none acc=0.9483 resets=0 new_calls=169 time=90s
sea_s11 ddmM acc=0.9892 resets=28 new_calls=230 time=24s
sea_s11 ddm acc=0.9892 resets=28 new_calls=230 time=0s
sea_s11 ddm+half acc=0.9549 resets=16 new_calls=290 time=22s
sea_s11 ddm+hedge acc=0.9862 resets=18 new_calls=333 time=18s
sea_s11 eddm acc=0.9834 resets=8 new_calls=394 time=26s
sea_s11 eddm+half acc=0.9636 resets=15 new_calls=486 time=39s
sea_s11 eddm+hedge acc=0.9825 resets=8 new_calls=504 time=8s
sea_s11 fhddm acc=0.9485 resets=1 new_calls=510 time=3s
sea_s11 fhddm+half acc=0.9484 resets=1 new_calls=516 time=2s
sea_s11 fhddm+hedge acc=0.9483 resets=1 new_calls=516 time=0s
sea_s11 hddma acc=0.9536 resets=2 new_calls=532 time=7s
sea_s11 hddma+half acc=0.9541 resets=3 new_calls=554 time=9s
sea_s11 hddma+hedge acc=0.9539 resets=2 new_calls=554 time=0s
sea_s11 hddmw acc=0.9483 resets=0 new_calls=554 time=0s
sea_s11 hddmw+half acc=0.9483 resets=0 new_calls=554 time=0s
sea_s11 hddmw+hedge acc=0.9483 resets=0 new_calls=554 time=0s
sea_s11 adwin acc=0.9884 resets=8 new_calls=563 time=4s
sea_s11 adwin+half acc=0.9532 resets=6 new_calls=581 time=7s
sea_s11 adwin+hedge acc=0.9846 resets=8 new_calls=581 time=0s
sea_s11 ph acc=0.9689 resets=5 new_calls=641 time=24s
sea_s11 ph+half acc=0.9539 resets=4 new_calls=655 time=5s
sea_s11 ph+hedge acc=0.9671 resets=5 new_calls=671 time=6s
sea_s11 kswin acc=0.9483 resets=0 new_calls=671 time=11s
sea_s11 kswin+half acc=0.9483 resets=0 new_calls=671 time=10s
sea_s11 kswin+hedge acc=0.9483 resets=0 new_calls=671 time=10s
STREAM_DONE 20:34:10 sea_s11_M2000
sine_s14 none acc=0.5726 resets=0 new_calls=229 time=90s
sine_s14 ddmM acc=0.9499 resets=18 new_calls=334 time=38s
sine_s14 ddm acc=0.9499 resets=18 new_calls=334 time=0s
sine_s14 ddm+half acc=0.6303 resets=12 new_calls=433 time=37s
sine_s14 ddm+hedge acc=0.9428 resets=16 new_calls=475 time=15s
sine_s14 eddm acc=0.9508 resets=11 new_calls=493 time=7s
sine_s14 eddm+half acc=0.6693 resets=22 new_calls=550 time=16s
sine_s14 eddm+hedge acc=0.9438 resets=12 new_calls=558 time=2s
sine_s14 fhddm acc=0.6030 resets=11 new_calls=734 time=54s
sine_s14 fhddm+half acc=0.5951 resets=11 new_calls=788 time=18s
sine_s14 fhddm+hedge acc=0.5977 resets=11 new_calls=823 time=9s
sine_s14 hddma acc=0.9508 resets=11 new_calls=823 time=0s
sine_s14 hddma+half acc=0.6149 resets=11 new_calls=868 time=12s
sine_s14 hddma+hedge acc=0.9445 resets=11 new_calls=868 time=0s
sine_s14 hddmw acc=0.9508 resets=11 new_calls=868 time=0s
sine_s14 hddmw+half acc=0.6351 resets=13 new_calls=877 time=4s
sine_s14 hddmw+hedge acc=0.9445 resets=11 new_calls=877 time=0s
sine_s14 adwin acc=0.9508 resets=11 new_calls=877 time=0s
sine_s14 adwin+half acc=0.6481 resets=22 new_calls=913 time=17s
sine_s14 adwin+hedge acc=0.9426 resets=18 new_calls=965 time=25s
sine_s14 ph acc=0.9508 resets=11 new_calls=965 time=0s
sine_s14 ph+half acc=0.6426 resets=22 new_calls=974 time=4s
sine_s14 ph+hedge acc=0.9426 resets=14 new_calls=990 time=6s
sine_s14 kswin acc=0.9508 resets=11 new_calls=990 time=13s
sine_s14 kswin+half acc=0.6414 resets=17 new_calls=998 time=14s
sine_s14 kswin+hedge acc=0.9442 resets=12 new_calls=998 time=11s
STREAM_DONE 20:40:46 sine_s14_M2000
grid_c30_b2000_s10 none acc=0.6937 resets=0 new_calls=169 time=142s
grid_c30_b2000_s10 ddmM acc=0.9453 resets=12 new_calls=239 time=47s
grid_c30_b2000_s10 ddm acc=0.9461 resets=11 new_calls=248 time=6s
grid_c30_b2000_s10 ddm+half acc=0.7358 resets=8 new_calls=320 time=46s
grid_c30_b2000_s10 ddm+hedge acc=0.9347 resets=8 new_calls=338 time=12s
grid_c30_b2000_s10 eddm acc=0.9475 resets=8 new_calls=338 time=0s
grid_c30_b2000_s10 eddm+half acc=0.7971 resets=38 new_calls=389 time=30s
grid_c30_b2000_s10 eddm+hedge acc=0.9215 resets=16 new_calls=449 time=33s
grid_c30_b2000_s10 fhddm acc=0.7542 resets=8 new_calls=570 time=54s
grid_c30_b2000_s10 fhddm+half acc=0.7455 resets=8 new_calls=624 time=26s
grid_c30_b2000_s10 fhddm+hedge acc=0.7501 resets=8 new_calls=676 time=20s
grid_c30_b2000_s10 hddma acc=0.9475 resets=8 new_calls=676 time=0s
grid_c30_b2000_s10 hddma+half acc=0.7273 resets=8 new_calls=712 time=15s
grid_c30_b2000_s10 hddma+hedge acc=0.9347 resets=8 new_calls=712 time=0s
grid_c30_b2000_s10 hddmw acc=0.9475 resets=8 new_calls=712 time=0s
grid_c30_b2000_s10 hddmw+half acc=0.7256 resets=8 new_calls=721 time=4s
grid_c30_b2000_s10 hddmw+hedge acc=0.9347 resets=8 new_calls=721 time=0s
grid_c30_b2000_s10 adwin acc=0.9463 resets=9 new_calls=728 time=2s
grid_c30_b2000_s10 adwin+half acc=0.7675 resets=16 new_calls=764 time=14s
grid_c30_b2000_s10 adwin+hedge acc=0.9210 resets=22 new_calls=842 time=22s
grid_c30_b2000_s10 ph acc=0.9440 resets=8 new_calls=842 time=0s
grid_c30_b2000_s10 ph+half acc=0.7741 resets=16 new_calls=851 time=4s
grid_c30_b2000_s10 ph+hedge acc=0.9208 resets=18 new_calls=915 time=18s
grid_c30_b2000_s10 kswin acc=0.9475 resets=8 new_calls=915 time=7s
grid_c30_b2000_s10 kswin+half acc=0.7256 resets=8 new_calls=915 time=8s
grid_c30_b2000_s10 kswin+hedge acc=0.9280 resets=12 new_calls=934 time=11s
STREAM_DONE 20:49:28 grid_c30_b2000_s10_M2000
CHAIN_DONE 20:49:29
