Warning: You are sending unauthenticated requests to the HF Hub. Please set a HF_TOKEN to enable higher rate limits and faster downloads.
agrawal_s11 none acc=0.8615 resets=0 new_calls=239 time=191s
agrawal_s11 ddmM acc=0.9626 resets=22 new_calls=351 time=84s
agrawal_s11 ddm acc=0.9626 resets=22 new_calls=351 time=0s
agrawal_s11 ddm+half acc=0.8823 resets=11 new_calls=406 time=43s
agrawal_s11 ddm+hedge acc=0.9578 resets=15 new_calls=430 time=20s
agrawal_s11 eddm acc=0.9592 resets=14 new_calls=467 time=31s
agrawal_s11 eddm+half acc=0.9001 resets=25 new_calls=518 time=40s
agrawal_s11 eddm+hedge acc=0.9551 resets=15 new_calls=546 time=24s
agrawal_s11 fhddm acc=0.8604 resets=12 new_calls=641 time=75s
agrawal_s11 fhddm+half acc=0.8671 resets=11 new_calls=671 time=22s
agrawal_s11 fhddm+hedge acc=0.8643 resets=11 new_calls=673 time=2s
agrawal_s11 hddma acc=0.9636 resets=11 new_calls=673 time=1s
agrawal_s11 hddma+half acc=0.8814 resets=11 new_calls=673 time=1s
agrawal_s11 hddma+hedge acc=0.9587 resets=11 new_calls=673 time=1s
agrawal_s11 hddmw acc=0.9636 resets=11 new_calls=673 time=0s
agrawal_s11 hddmw+half acc=0.8849 resets=12 new_calls=673 time=0s
agrawal_s11 hddmw+hedge acc=0.9587 resets=11 new_calls=673 time=1s
agrawal_s11 adwin acc=0.9548 resets=14 new_calls=708 time=29s
agrawal_s11 adwin+half acc=0.8844 resets=22 new_calls=738 time=27s
agrawal_s11 adwin+hedge acc=0.9554 resets=19 new_calls=778 time=18s
agrawal_s11 ph acc=0.9444 resets=14 new_calls=814 time=20s
agrawal_s11 ph+half acc=0.8915 resets=22 new_calls=858 time=20s
agrawal_s11 ph+hedge acc=0.9442 resets=14 new_calls=862 time=2s
agrawal_s11 kswin acc=0.9545 resets=10 new_calls=862 time=18s
agrawal_s11 kswin+half acc=0.8831 resets=12 new_calls=865 time=20s
agrawal_s11 kswin+hedge acc=0.9487 resets=11 new_calls=865 time=19s
STREAM_DONE 19:37:39 agrawal_s11_tabdpt
Warning: You are sending unauthenticated requests to the HF Hub. Please set a HF_TOKEN to enable higher rate limits and faster downloads.
rbf_s14 none acc=0.9146 resets=0 new_calls=179 time=164s
rbf_s14 ddmM acc=0.9232 resets=10 new_calls=253 time=57s
rbf_s14 ddm acc=0.9232 resets=10 new_calls=253 time=0s
rbf_s14 ddm+half acc=0.9159 resets=8 new_calls=293 time=33s
rbf_s14 ddm+hedge acc=0.9223 resets=8 new_calls=301 time=7s
rbf_s14 eddm acc=0.9221 resets=17 new_calls=363 time=52s
rbf_s14 eddm+half acc=0.9163 resets=13 new_calls=377 time=12s
rbf_s14 eddm+hedge acc=0.9223 resets=14 new_calls=406 time=23s
rbf_s14 fhddm acc=0.9185 resets=8 new_calls=477 time=59s
rbf_s14 fhddm+half acc=0.9161 resets=8 new_calls=517 time=25s
rbf_s14 fhddm+hedge acc=0.9184 resets=8 new_calls=517 time=0s
rbf_s14 hddma acc=0.9239 resets=8 new_calls=517 time=1s
rbf_s14 hddma+half acc=0.9159 resets=8 new_calls=517 time=0s
rbf_s14 hddma+hedge acc=0.9223 resets=8 new_calls=517 time=0s
rbf_s14 hddmw acc=0.9239 resets=8 new_calls=517 time=0s
rbf_s14 hddmw+half acc=0.9159 resets=8 new_calls=517 time=0s
rbf_s14 hddmw+hedge acc=0.9223 resets=8 new_calls=517 time=0s
rbf_s14 adwin acc=0.9239 resets=8 new_calls=517 time=0s
rbf_s14 adwin+half acc=0.9159 resets=9 new_calls=519 time=2s
rbf_s14 adwin+hedge acc=0.9223 resets=8 new_calls=519 time=0s
rbf_s14 ph acc=0.9239 resets=8 new_calls=519 time=0s
rbf_s14 ph+half acc=0.9157 resets=9 new_calls=525 time=4s
rbf_s14 ph+hedge acc=0.9223 resets=8 new_calls=525 time=0s
rbf_s14 kswin acc=0.9239 resets=8 new_calls=525 time=16s
rbf_s14 kswin+half acc=0.9159 resets=8 new_calls=525 time=13s
rbf_s14 kswin+hedge acc=0.9223 resets=8 new_calls=525 time=16s
STREAM_DONE 19:45:52 rbf_s14_tabdpt
sea_s13 none acc=0.9712 resets=0 new_calls=179 time=122s
sea_s13 ddmM acc=0.9872 resets=31 new_calls=293 time=94s
sea_s13 ddm acc=0.9872 resets=31 new_calls=293 time=0s
sea_s13 ddm+half acc=0.9771 resets=18 new_calls=345 time=43s
sea_s13 ddm+hedge acc=0.9862 resets=22 new_calls=419 time=63s
sea_s13 eddm acc=0.9834 resets=8 new_calls=473 time=43s
sea_s13 eddm+half acc=0.9768 resets=8 new_calls=507 time=27s
sea_s13 eddm+hedge acc=0.9838 resets=8 new_calls=524 time=13s
sea_s13 fhddm acc=0.9712 resets=0 new_calls=524 time=0s
sea_s13 fhddm+half acc=0.9712 resets=0 new_calls=524 time=0s
sea_s13 fhddm+hedge acc=0.9712 resets=0 new_calls=524 time=0s
sea_s13 hddma acc=0.9782 resets=3 new_calls=533 time=8s
sea_s13 hddma+half acc=0.9749 resets=3 new_calls=543 time=6s
sea_s13 hddma+hedge acc=0.9781 resets=3 new_calls=543 time=1s
sea_s13 hddmw acc=0.9712 resets=0 new_calls=543 time=0s
sea_s13 hddmw+half acc=0.9712 resets=0 new_calls=543 time=1s
sea_s13 hddmw+hedge acc=0.9712 resets=0 new_calls=543 time=0s
sea_s13 adwin acc=0.9873 resets=8 new_calls=560 time=10s
sea_s13 adwin+half acc=0.9766 resets=11 new_calls=603 time=30s
sea_s13 adwin+hedge acc=0.9854 resets=8 new_calls=603 time=0s
sea_s13 ph acc=0.9740 resets=3 new_calls=616 time=12s
sea_s13 ph+half acc=0.9732 resets=3 new_calls=620 time=3s
sea_s13 ph+hedge acc=0.9737 resets=3 new_calls=620 time=0s
sea_s13 kswin acc=0.9712 resets=0 new_calls=620 time=15s
sea_s13 kswin+half acc=0.9712 resets=0 new_calls=620 time=14s
sea_s13 kswin+hedge acc=0.9712 resets=0 new_calls=620 time=14s
STREAM_DONE 19:54:35 sea_s13_tabdpt
Warning: You are sending unauthenticated requests to the HF Hub. Please set a HF_TOKEN to enable higher rate limits and faster downloads.
stagger_s11 none acc=0.8551 resets=0 new_calls=179 time=105s
stagger_s11 ddmM acc=0.9742 resets=8 new_calls=251 time=46s
stagger_s11 ddm acc=0.9742 resets=8 new_calls=251 time=0s
stagger_s11 ddm+half acc=0.8806 resets=8 new_calls=291 time=31s
stagger_s11 ddm+hedge acc=0.9742 resets=8 new_calls=291 time=0s
stagger_s11 eddm acc=0.9742 resets=8 new_calls=291 time=0s
stagger_s11 eddm+half acc=0.9081 resets=15 new_calls=323 time=28s
stagger_s11 eddm+hedge acc=0.9742 resets=8 new_calls=323 time=0s
stagger_s11 fhddm acc=0.8561 resets=8 new_calls=395 time=56s
stagger_s11 fhddm+half acc=0.8561 resets=8 new_calls=435 time=26s
stagger_s11 fhddm+hedge acc=0.8561 resets=8 new_calls=435 time=0s
stagger_s11 hddma acc=0.9742 resets=8 new_calls=435 time=1s
stagger_s11 hddma+half acc=0.8806 resets=8 new_calls=435 time=1s
stagger_s11 hddma+hedge acc=0.9742 resets=8 new_calls=435 time=1s
stagger_s11 hddmw acc=0.9742 resets=8 new_calls=435 time=0s
stagger_s11 hddmw+half acc=0.8826 resets=9 new_calls=440 time=3s
stagger_s11 hddmw+hedge acc=0.9742 resets=8 new_calls=440 time=0s
stagger_s11 adwin acc=0.9742 resets=8 new_calls=440 time=0s
stagger_s11 adwin+half acc=0.8840 resets=16 new_calls=445 time=4s
stagger_s11 adwin+hedge acc=0.9742 resets=8 new_calls=445 time=0s
stagger_s11 ph acc=0.9652 resets=8 new_calls=457 time=9s
stagger_s11 ph+half acc=0.8912 resets=16 new_calls=468 time=8s
stagger_s11 ph+hedge acc=0.9652 resets=8 new_calls=468 time=0s
stagger_s11 kswin acc=0.9742 resets=8 new_calls=468 time=12s
stagger_s11 kswin+half acc=0.8877 resets=11 new_calls=473 time=15s
stagger_s11 kswin+hedge acc=0.9742 resets=8 new_calls=473 time=15s
STREAM_DONE 20:00:42 stagger_s11_tabdpt
Warning: You are sending unauthenticated requests to the HF Hub. Please set a HF_TOKEN to enable higher rate limits and faster downloads.
grid_c30_b500_s11 none acc=0.3339 resets=0 new_calls=44 time=38s
grid_c30_b500_s11 ddmM acc=0.7950 resets=12 new_calls=83 time=23s
grid_c30_b500_s11 ddm acc=0.7945 resets=13 new_calls=87 time=2s
grid_c30_b500_s11 ddm+half acc=0.4027 resets=6 new_calls=113 time=15s
grid_c30_b500_s11 ddm+hedge acc=0.7743 resets=12 new_calls=120 time=4s
grid_c30_b500_s11 eddm acc=0.8116 resets=8 new_calls=133 time=6s
grid_c30_b500_s11 eddm+half acc=0.5186 resets=21 new_calls=163 time=20s
grid_c30_b500_s11 eddm+hedge acc=0.8009 resets=8 new_calls=163 time=0s
grid_c30_b500_s11 fhddm acc=0.5693 resets=8 new_calls=189 time=26s
grid_c30_b500_s11 fhddm+half acc=0.3361 resets=6 new_calls=214 time=36s
grid_c30_b500_s11 fhddm+hedge acc=0.5359 resets=8 new_calls=219 time=7s
grid_c30_b500_s11 hddma acc=0.8116 resets=8 new_calls=219 time=0s
grid_c30_b500_s11 hddma+half acc=0.3986 resets=6 new_calls=219 time=0s
grid_c30_b500_s11 hddma+hedge acc=0.8009 resets=8 new_calls=219 time=0s
grid_c30_b500_s11 hddmw acc=0.8116 resets=8 new_calls=219 time=0s
grid_c30_b500_s11 hddmw+half acc=0.4073 resets=9 new_calls=233 time=19s
grid_c30_b500_s11 hddmw+hedge acc=0.8009 resets=8 new_calls=233 time=0s
grid_c30_b500_s11 adwin acc=0.8116 resets=8 new_calls=233 time=0s
grid_c30_b500_s11 adwin+half acc=0.3355 resets=6 new_calls=237 time=6s
grid_c30_b500_s11 adwin+hedge acc=0.7816 resets=9 new_calls=241 time=5s
grid_c30_b500_s11 ph acc=0.8116 resets=8 new_calls=241 time=0s
grid_c30_b500_s11 ph+half acc=0.4459 resets=7 new_calls=254 time=17s
grid_c30_b500_s11 ph+hedge acc=0.8009 resets=8 new_calls=254 time=0s
grid_c30_b500_s11 kswin acc=0.8116 resets=8 new_calls=254 time=2s
grid_c30_b500_s11 kswin+half acc=0.4036 resets=9 new_calls=256 time=6s
grid_c30_b500_s11 kswin+hedge acc=0.8009 resets=8 new_calls=256 time=2s
STREAM_DONE 20:04:44 grid_c30_b500_s11_tabdpt
grid_c100_b2000_s11 none acc=0.7418 resets=0 new_calls=179 time=153s
grid_c100_b2000_s11 ddmM acc=0.8487 resets=8 new_calls=251 time=53s
grid_c100_b2000_s11 ddm acc=0.8487 resets=8 new_calls=251 time=0s
grid_c100_b2000_s11 ddm+half acc=0.7606 resets=8 new_calls=291 time=32s
grid_c100_b2000_s11 ddm+hedge acc=0.8378 resets=8 new_calls=291 time=0s
grid_c100_b2000_s11 eddm acc=0.8111 resets=29 new_calls=370 time=63s
grid_c100_b2000_s11 eddm+half acc=0.7776 resets=26 new_calls=425 time=43s
grid_c100_b2000_s11 eddm+hedge acc=0.8160 resets=19 new_calls=461 time=26s
grid_c100_b2000_s11 fhddm acc=0.7173 resets=31 new_calls=588 time=128s
grid_c100_b2000_s11 fhddm+half acc=0.7713 resets=10 new_calls=611 time=36s
grid_c100_b2000_s11 fhddm+hedge acc=0.7578 resets=16 new_calls=671 time=80s
grid_c100_b2000_s11 hddma acc=0.8487 resets=8 new_calls=671 time=0s
grid_c100_b2000_s11 hddma+half acc=0.7606 resets=8 new_calls=671 time=0s
grid_c100_b2000_s11 hddma+hedge acc=0.8378 resets=8 new_calls=671 time=0s
grid_c100_b2000_s11 hddmw acc=0.8487 resets=8 new_calls=671 time=0s
grid_c100_b2000_s11 hddmw+half acc=0.7649 resets=9 new_calls=671 time=0s
grid_c100_b2000_s11 hddmw+hedge acc=0.8378 resets=8 new_calls=671 time=0s
grid_c100_b2000_s11 adwin acc=0.7809 resets=24 new_calls=768 time=117s
grid_c100_b2000_s11 adwin+half acc=0.7672 resets=17 new_calls=801 time=40s
grid_c100_b2000_s11 adwin+hedge acc=0.8172 resets=24 new_calls=854 time=57s
grid_c100_b2000_s11 ph acc=0.7655 resets=27 new_calls=919 time=43s
grid_c100_b2000_s11 ph+half acc=0.7743 resets=17 new_calls=931 time=8s
grid_c100_b2000_s11 ph+hedge acc=0.8178 resets=25 new_calls=968 time=42s
grid_c100_b2000_s11 kswin acc=0.8487 resets=8 new_calls=968 time=9s
grid_c100_b2000_s11 kswin+half acc=0.7643 resets=9 new_calls=968 time=8s
grid_c100_b2000_s11 kswin+hedge acc=0.8213 resets=15 new_calls=973 time=15s
STREAM_DONE 20:20:41 grid_c100_b2000_s11_tabdpt
rbf_s11 none acc=0.8945 resets=0 new_calls=169 time=172s
rbf_s11 ddmM acc=0.9079 resets=11 new_calls=232 time=51s
rbf_s11 ddm acc=0.9079 resets=11 new_calls=232 time=0s
rbf_s11 ddm+half acc=0.8968 resets=12 new_calls=304 time=54s
rbf_s11 ddm+hedge acc=0.9132 resets=16 new_calls=334 time=22s
rbf_s11 eddm acc=0.9033 resets=25 new_calls=355 time=15s
rbf_s11 eddm+half acc=0.8985 resets=21 new_calls=395 time=28s
rbf_s11 eddm+hedge acc=0.9110 resets=18 new_calls=422 time=16s
rbf_s11 fhddm acc=0.9082 resets=8 new_calls=459 time=27s
rbf_s11 fhddm+half acc=0.8969 resets=8 new_calls=513 time=40s
rbf_s11 fhddm+hedge acc=0.9089 resets=8 new_calls=513 time=0s
rbf_s11 hddma acc=0.9137 resets=8 new_calls=531 time=12s
rbf_s11 hddma+half acc=0.8966 resets=8 new_calls=545 time=11s
rbf_s11 hddma+hedge acc=0.9129 resets=8 new_calls=545 time=0s
rbf_s11 hddmw acc=0.9137 resets=8 new_calls=545 time=0s
rbf_s11 hddmw+half acc=0.8966 resets=8 new_calls=545 time=0s
rbf_s11 hddmw+hedge acc=0.9129 resets=8 new_calls=545 time=0s
rbf_s11 adwin acc=0.9137 resets=8 new_calls=545 time=0s
rbf_s11 adwin+half acc=0.8965 resets=9 new_calls=547 time=1s
rbf_s11 adwin+hedge acc=0.9129 resets=8 new_calls=547 time=0s
rbf_s11 ph acc=0.9137 resets=8 new_calls=547 time=0s
rbf_s11 ph+half acc=0.8966 resets=10 new_calls=549 time=1s
rbf_s11 ph+hedge acc=0.9129 resets=8 new_calls=549 time=0s
rbf_s11 kswin acc=0.9137 resets=8 new_calls=549 time=9s
rbf_s11 kswin+half acc=0.8966 resets=8 new_calls=549 time=9s
rbf_s11 kswin+hedge acc=0.9129 resets=8 new_calls=549 time=9s
STREAM_DONE 20:28:39 rbf_s11_M2000
sea_s10 none acc=0.9482 resets=0 new_calls=169 time=90s
sea_s10 ddmM acc=0.9873 resets=42 new_calls=210 time=18s
sea_s10 ddm acc=0.9873 resets=38 new_calls=216 time=2s
sea_s10 ddm+half acc=0.9575 resets=21 new_calls=274 time=21s
sea_s10 ddm+hedge acc=0.9837 resets=16 new_calls=331 time=23s
sea_s10 eddm acc=0.9839 resets=8 new_calls=379 time=21s
sea_s10 eddm+half acc=0.9618 resets=13 new_calls=452 time=31s
sea_s10 eddm+hedge acc=0.9833 resets=8 new_calls=461 time=4s
sea_s10 fhddm acc=0.9482 resets=0 new_calls=461 time=0s
sea_s10 fhddm+half acc=0.9482 resets=0 new_calls=461 time=0s
sea_s10 fhddm+hedge acc=0.9482 resets=0 new_calls=461 time=0s
sea_s10 hddma acc=0.9554 resets=3 new_calls=489 time=12s
sea_s10 hddma+half acc=0.9565 resets=3 new_calls=496 time=3s
sea_s10 hddma+hedge acc=0.9555 resets=2 new_calls=513 time=7s
sea_s10 hddmw acc=0.9482 resets=0 new_calls=513 time=0s
sea_s10 hddmw+half acc=0.9482 resets=0 new_calls=513 time=0s
sea_s10 hddmw+hedge acc=0.9482 resets=0 new_calls=513 time=0s
sea_s10 adwin acc=0.9865 resets=8 new_calls=539 time=11s
sea_s10 adwin+half acc=0.9570 resets=9 new_calls=590 time=22s
sea_s10 adwin+hedge acc=0.9832 resets=8 new_calls=600 time=4s
sea_s10 ph acc=0.9682 resets=5 new_calls=644 time=18s
sea_s10 ph+half acc=0.9559 resets=4 new_calls=671 time=9s
sea_s10 ph+hedge acc=0.9682 resets=5 new_calls=671 time=0s
sea_s10 kswin acc=0.9482 resets=0 new_calls=671 time=11s
sea_s10 kswin+half acc=0.9482 resets=0 new_calls=671 time=11s
sea_s10 kswin+hedge acc=0.9482 resets=0 new_calls=671 time=10s
STREAM_DONE 20:34:10 sea_s10_M2000
sine_s13 none acc=0.5741 resets=0 new_calls=229 time=91s
sine_s13 ddmM acc=0.9506 resets=22 new_calls=324 time=36s
sine_s13 ddm acc=0.9506 resets=22 new_calls=324 time=0s
sine_s13 ddm+half acc=0.6291 resets=18 new_calls=427 time=36s
sine_s13 ddm+hedge acc=0.9450 resets=18 new_calls=463 time=14s
sine_s13 eddm acc=0.9522 resets=11 new_calls=490 time=9s
sine_s13 eddm+half acc=0.6744 resets=26 new_calls=572 time=25s
sine_s13 eddm+hedge acc=0.9447 resets=12 new_calls=584 time=3s
sine_s13 fhddm acc=0.6075 resets=11 new_calls=751 time=52s
sine_s13 fhddm+half acc=0.5962 resets=11 new_calls=805 time=15s
sine_s13 fhddm+hedge acc=0.5995 resets=11 new_calls=840 time=9s
sine_s13 hddma acc=0.9522 resets=11 new_calls=840 time=0s
sine_s13 hddma+half acc=0.6129 resets=11 new_calls=885 time=12s
sine_s13 hddma+hedge acc=0.9457 resets=11 new_calls=885 time=0s
sine_s13 hddmw acc=0.9522 resets=11 new_calls=885 time=0s
sine_s13 hddmw+half acc=0.6129 resets=11 new_calls=885 time=0s
sine_s13 hddmw+hedge acc=0.9457 resets=11 new_calls=885 time=0s
sine_s13 adwin acc=0.9522 resets=11 new_calls=885 time=0s
sine_s13 adwin+half acc=0.6596 resets=22 new_calls=939 time=25s
sine_s13 adwin+hedge acc=0.9428 resets=18 new_calls=997 time=26s
sine_s13 ph acc=0.9522 resets=11 new_calls=997 time=0s
sine_s13 ph+half acc=0.6476 resets=22 new_calls=1015 time=7s
sine_s13 ph+hedge acc=0.9431 resets=15 new_calls=1056 time=14s
sine_s13 kswin acc=0.9522 resets=11 new_calls=1056 time=12s
sine_s13 kswin+half acc=0.6179 resets=14 new_calls=1072 time=19s
sine_s13 kswin+hedge acc=0.9449 resets=12 new_calls=1081 time=16s
STREAM_DONE 20:41:16 sine_s13_M2000
grid_c30_b2000_s11 none acc=0.6074 resets=0 new_calls=169 time=145s
grid_c30_b2000_s11 ddmM acc=0.9362 resets=12 new_calls=239 time=46s
grid_c30_b2000_s11 ddm acc=0.9362 resets=12 new_calls=239 time=0s
grid_c30_b2000_s11 ddm+half acc=0.6583 resets=8 new_calls=311 time=45s
grid_c30_b2000_s11 ddm+hedge acc=0.9223 resets=8 new_calls=338 time=16s
grid_c30_b2000_s11 eddm acc=0.9335 resets=11 new_calls=342 time=2s
grid_c30_b2000_s11 eddm+half acc=0.7026 resets=22 new_calls=397 time=31s
grid_c30_b2000_s11 eddm+hedge acc=0.9084 resets=15 new_calls=460 time=30s
grid_c30_b2000_s11 fhddm acc=0.6752 resets=8 new_calls=575 time=50s
grid_c30_b2000_s11 fhddm+half acc=0.6651 resets=8 new_calls=602 time=13s
grid_c30_b2000_s11 fhddm+hedge acc=0.6719 resets=8 new_calls=620 time=6s
grid_c30_b2000_s11 hddma acc=0.9371 resets=8 new_calls=620 time=0s
grid_c30_b2000_s11 hddma+half acc=0.6483 resets=8 new_calls=656 time=15s
grid_c30_b2000_s11 hddma+hedge acc=0.9223 resets=8 new_calls=656 time=0s
grid_c30_b2000_s11 hddmw acc=0.9371 resets=8 new_calls=656 time=0s
grid_c30_b2000_s11 hddmw+half acc=0.6564 resets=9 new_calls=665 time=4s
grid_c30_b2000_s11 hddmw+hedge acc=0.9223 resets=8 new_calls=665 time=0s
grid_c30_b2000_s11 adwin acc=0.9371 resets=8 new_calls=665 time=0s
grid_c30_b2000_s11 adwin+half acc=0.7159 resets=16 new_calls=728 time=25s
grid_c30_b2000_s11 adwin+hedge acc=0.9082 resets=21 new_calls=809 time=24s
grid_c30_b2000_s11 ph acc=0.9371 resets=8 new_calls=809 time=0s
grid_c30_b2000_s11 ph+half acc=0.7183 resets=16 new_calls=836 time=9s
grid_c30_b2000_s11 ph+hedge acc=0.9096 resets=19 new_calls=900 time=15s
grid_c30_b2000_s11 kswin acc=0.9371 resets=8 new_calls=900 time=8s
grid_c30_b2000_s11 kswin+half acc=0.6649 resets=10 new_calls=900 time=7s
grid_c30_b2000_s11 kswin+hedge acc=0.9114 resets=14 new_calls=943 time=16s
STREAM_DONE 20:49:46 grid_c30_b2000_s11_M2000
CHAIN_DONE 20:49:46
