Warning: You are sending unauthenticated requests to the HF Hub. Please set a HF_TOKEN to enable higher rate limits and faster downloads.
agrawal_s12 none acc=0.8636 resets=0 new_calls=239 time=199s
agrawal_s12 ddmM acc=0.9614 resets=14 new_calls=348 time=80s
agrawal_s12 ddm acc=0.9614 resets=14 new_calls=348 time=0s
agrawal_s12 ddm+half acc=0.8863 resets=12 new_calls=404 time=42s
agrawal_s12 ddm+hedge acc=0.9561 resets=14 new_calls=432 time=21s
agrawal_s12 eddm acc=0.9618 resets=11 new_calls=432 time=0s
agrawal_s12 eddm+half acc=0.9032 resets=24 new_calls=478 time=36s
agrawal_s12 eddm+hedge acc=0.9562 resets=11 new_calls=478 time=0s
agrawal_s12 fhddm acc=0.8643 resets=11 new_calls=568 time=72s
agrawal_s12 fhddm+half acc=0.8711 resets=11 new_calls=613 time=35s
agrawal_s12 fhddm+hedge acc=0.8666 resets=11 new_calls=613 time=0s
agrawal_s12 hddma acc=0.9618 resets=11 new_calls=613 time=1s
agrawal_s12 hddma+half acc=0.8841 resets=11 new_calls=617 time=4s
agrawal_s12 hddma+hedge acc=0.9562 resets=11 new_calls=617 time=2s
agrawal_s12 hddmw acc=0.9618 resets=11 new_calls=617 time=0s
agrawal_s12 hddmw+half acc=0.8841 resets=11 new_calls=617 time=0s
agrawal_s12 hddmw+hedge acc=0.9562 resets=11 new_calls=617 time=0s
agrawal_s12 adwin acc=0.9567 resets=13 new_calls=632 time=12s
agrawal_s12 adwin+half acc=0.8867 resets=22 new_calls=657 time=20s
agrawal_s12 adwin+hedge acc=0.9534 resets=16 new_calls=697 time=28s
agrawal_s12 ph acc=0.9499 resets=12 new_calls=721 time=21s
agrawal_s12 ph+half acc=0.8921 resets=22 new_calls=761 time=28s
agrawal_s12 ph+hedge acc=0.9428 resets=14 new_calls=784 time=14s
agrawal_s12 kswin acc=0.9618 resets=11 new_calls=784 time=19s
agrawal_s12 kswin+half acc=0.8849 resets=13 new_calls=784 time=19s
agrawal_s12 kswin+hedge acc=0.9549 resets=12 new_calls=784 time=21s
STREAM_DONE 19:37:05 agrawal_s12_tabdpt
Warning: You are sending unauthenticated requests to the HF Hub. Please set a HF_TOKEN to enable higher rate limits and faster downloads.
rbf_s11 none acc=0.9164 resets=0 new_calls=179 time=144s
rbf_s11 ddmM acc=0.9225 resets=17 new_calls=269 time=76s
rbf_s11 ddm acc=0.9225 resets=17 new_calls=269 time=0s
rbf_s11 ddm+half acc=0.9191 resets=14 new_calls=313 time=35s
rbf_s11 ddm+hedge acc=0.9218 resets=16 new_calls=321 time=8s
rbf_s11 eddm acc=0.9212 resets=17 new_calls=393 time=60s
rbf_s11 eddm+half acc=0.9199 resets=19 new_calls=440 time=38s
rbf_s11 eddm+hedge acc=0.9226 resets=19 new_calls=481 time=33s
rbf_s11 fhddm acc=0.9205 resets=8 new_calls=520 time=31s
rbf_s11 fhddm+half acc=0.9182 resets=8 new_calls=549 time=23s
rbf_s11 fhddm+hedge acc=0.9199 resets=8 new_calls=549 time=0s
rbf_s11 hddma acc=0.9239 resets=8 new_calls=549 time=0s
rbf_s11 hddma+half acc=0.9188 resets=8 new_calls=550 time=1s
rbf_s11 hddma+hedge acc=0.9228 resets=8 new_calls=550 time=0s
rbf_s11 hddmw acc=0.9239 resets=8 new_calls=550 time=0s
rbf_s11 hddmw+half acc=0.9188 resets=8 new_calls=550 time=0s
rbf_s11 hddmw+hedge acc=0.9228 resets=8 new_calls=550 time=0s
rbf_s11 adwin acc=0.9239 resets=8 new_calls=550 time=0s
rbf_s11 adwin+half acc=0.9188 resets=8 new_calls=550 time=0s
rbf_s11 adwin+hedge acc=0.9228 resets=8 new_calls=550 time=0s
rbf_s11 ph acc=0.9239 resets=8 new_calls=550 time=0s
rbf_s11 ph+half acc=0.9188 resets=8 new_calls=550 time=0s
rbf_s11 ph+hedge acc=0.9228 resets=8 new_calls=550 time=0s
rbf_s11 kswin acc=0.9239 resets=8 new_calls=550 time=14s
rbf_s11 kswin+half acc=0.9188 resets=8 new_calls=550 time=14s
rbf_s11 kswin+hedge acc=0.9228 resets=8 new_calls=550 time=14s
STREAM_DONE 19:45:24 rbf_s11_tabdpt
Warning: You are sending unauthenticated requests to the HF Hub. Please set a HF_TOKEN to enable higher rate limits and faster downloads.
sea_s12 none acc=0.9689 resets=0 new_calls=179 time=102s
sea_s12 ddmM acc=0.9890 resets=29 new_calls=296 time=96s
sea_s12 ddm acc=0.9893 resets=26 new_calls=296 time=0s
sea_s12 ddm+half acc=0.9772 resets=15 new_calls=349 time=45s
sea_s12 ddm+hedge acc=0.9878 resets=17 new_calls=396 time=38s
sea_s12 eddm acc=0.9836 resets=8 new_calls=460 time=56s
sea_s12 eddm+half acc=0.9774 resets=10 new_calls=491 time=24s
sea_s12 eddm+hedge acc=0.9828 resets=8 new_calls=502 time=9s
sea_s12 fhddm acc=0.9686 resets=1 new_calls=502 time=0s
sea_s12 fhddm+half acc=0.9689 resets=1 new_calls=507 time=4s
sea_s12 fhddm+hedge acc=0.9689 resets=1 new_calls=507 time=0s
sea_s12 hddma acc=0.9737 resets=2 new_calls=507 time=0s
sea_s12 hddma+half acc=0.9727 resets=2 new_calls=512 time=5s
sea_s12 hddma+hedge acc=0.9735 resets=2 new_calls=512 time=0s
sea_s12 hddmw acc=0.9689 resets=0 new_calls=512 time=0s
sea_s12 hddmw+half acc=0.9689 resets=0 new_calls=512 time=0s
sea_s12 hddmw+hedge acc=0.9689 resets=0 new_calls=512 time=0s
sea_s12 adwin acc=0.9875 resets=8 new_calls=540 time=21s
sea_s12 adwin+half acc=0.9754 resets=11 new_calls=568 time=22s
sea_s12 adwin+hedge acc=0.9862 resets=8 new_calls=568 time=0s
sea_s12 ph acc=0.9736 resets=3 new_calls=582 time=10s
sea_s12 ph+half acc=0.9731 resets=3 new_calls=592 time=6s
sea_s12 ph+hedge acc=0.9736 resets=3 new_calls=592 time=0s
sea_s12 kswin acc=0.9689 resets=0 new_calls=592 time=16s
sea_s12 kswin+half acc=0.9689 resets=0 new_calls=592 time=14s
sea_s12 kswin+hedge acc=0.9689 resets=0 new_calls=592 time=14s
STREAM_DONE 19:53:35 sea_s12_tabdpt
Warning: You are sending unauthenticated requests to the HF Hub. Please set a HF_TOKEN to enable higher rate limits and faster downloads.
stagger_s10 none acc=0.8554 resets=0 new_calls=179 time=124s
stagger_s10 ddmM acc=0.9732 resets=8 new_calls=251 time=39s
stagger_s10 ddm acc=0.9732 resets=8 new_calls=251 time=0s
stagger_s10 ddm+half acc=0.8821 resets=8 new_calls=291 time=28s
stagger_s10 ddm+hedge acc=0.9732 resets=8 new_calls=291 time=0s
stagger_s10 eddm acc=0.9732 resets=8 new_calls=291 time=0s
stagger_s10 eddm+half acc=0.9021 resets=14 new_calls=319 time=22s
stagger_s10 eddm+hedge acc=0.9732 resets=8 new_calls=319 time=0s
stagger_s10 fhddm acc=0.8568 resets=8 new_calls=391 time=58s
stagger_s10 fhddm+half acc=0.8568 resets=8 new_calls=426 time=27s
stagger_s10 fhddm+hedge acc=0.8568 resets=8 new_calls=426 time=0s
stagger_s10 hddma acc=0.9732 resets=8 new_calls=426 time=1s
stagger_s10 hddma+half acc=0.8821 resets=8 new_calls=426 time=0s
stagger_s10 hddma+hedge acc=0.9732 resets=8 new_calls=426 time=1s
stagger_s10 hddmw acc=0.9732 resets=8 new_calls=426 time=0s
stagger_s10 hddmw+half acc=0.8821 resets=8 new_calls=426 time=0s
stagger_s10 hddmw+hedge acc=0.9732 resets=8 new_calls=426 time=0s
stagger_s10 adwin acc=0.9732 resets=8 new_calls=426 time=0s
stagger_s10 adwin+half acc=0.8828 resets=16 new_calls=426 time=0s
stagger_s10 adwin+hedge acc=0.9732 resets=8 new_calls=426 time=0s
stagger_s10 ph acc=0.9683 resets=8 new_calls=434 time=6s
stagger_s10 ph+half acc=0.8883 resets=16 new_calls=437 time=2s
stagger_s10 ph+hedge acc=0.9683 resets=8 new_calls=437 time=0s
stagger_s10 kswin acc=0.9628 resets=8 new_calls=446 time=22s
stagger_s10 kswin+half acc=0.8811 resets=12 new_calls=446 time=11s
stagger_s10 kswin+hedge acc=0.9628 resets=8 new_calls=446 time=14s
STREAM_DONE 19:59:35 stagger_s10_tabdpt
Warning: You are sending unauthenticated requests to the HF Hub. Please set a HF_TOKEN to enable higher rate limits and faster downloads.
grid_c5_b2000_s10 none acc=0.8357 resets=0 new_calls=179 time=128s
grid_c5_b2000_s10 ddmM acc=0.9697 resets=11 new_calls=276 time=63s
grid_c5_b2000_s10 ddm acc=0.9697 resets=11 new_calls=276 time=0s
grid_c5_b2000_s10 ddm+half acc=0.8682 resets=9 new_calls=316 time=56s
grid_c5_b2000_s10 ddm+hedge acc=0.9671 resets=11 new_calls=316 time=0s
grid_c5_b2000_s10 eddm acc=0.9697 resets=8 new_calls=325 time=13s
grid_c5_b2000_s10 eddm+half acc=0.8935 resets=17 new_calls=354 time=39s
grid_c5_b2000_s10 eddm+hedge acc=0.9697 resets=8 new_calls=354 time=0s
grid_c5_b2000_s10 fhddm acc=0.8358 resets=8 new_calls=426 time=73s
grid_c5_b2000_s10 fhddm+half acc=0.8358 resets=8 new_calls=466 time=31s
grid_c5_b2000_s10 fhddm+hedge acc=0.8358 resets=8 new_calls=466 time=0s
grid_c5_b2000_s10 hddma acc=0.9697 resets=8 new_calls=466 time=1s
grid_c5_b2000_s10 hddma+half acc=0.8682 resets=8 new_calls=466 time=0s
grid_c5_b2000_s10 hddma+hedge acc=0.9697 resets=8 new_calls=466 time=1s
grid_c5_b2000_s10 hddmw acc=0.9697 resets=8 new_calls=466 time=0s
grid_c5_b2000_s10 hddmw+half acc=0.8703 resets=10 new_calls=471 time=4s
grid_c5_b2000_s10 hddmw+hedge acc=0.9697 resets=8 new_calls=471 time=1s
grid_c5_b2000_s10 adwin acc=0.9697 resets=8 new_calls=471 time=0s
grid_c5_b2000_s10 adwin+half acc=0.8683 resets=16 new_calls=486 time=13s
grid_c5_b2000_s10 adwin+hedge acc=0.9697 resets=8 new_calls=486 time=0s
grid_c5_b2000_s10 ph acc=0.9697 resets=8 new_calls=486 time=0s
grid_c5_b2000_s10 ph+half acc=0.8683 resets=16 new_calls=486 time=0s
grid_c5_b2000_s10 ph+hedge acc=0.9697 resets=8 new_calls=486 time=0s
grid_c5_b2000_s10 kswin acc=0.9697 resets=8 new_calls=486 time=16s
grid_c5_b2000_s10 kswin+half acc=0.8682 resets=14 new_calls=486 time=11s
grid_c5_b2000_s10 kswin+hedge acc=0.9697 resets=8 new_calls=486 time=12s
STREAM_DONE 20:07:23 grid_c5_b2000_s10_tabdpt
agrawal_s10 none acc=0.7428 resets=0 new_calls=229 time=177s
agrawal_s10 ddmM acc=0.9645 resets=16 new_calls=324 time=77s
agrawal_s10 ddm acc=0.9645 resets=16 new_calls=324 time=0s
agrawal_s10 ddm+half acc=0.7834 resets=13 new_calls=425 time=61s
agrawal_s10 ddm+hedge acc=0.9583 resets=11 new_calls=452 time=17s
agrawal_s10 eddm acc=0.9649 resets=12 new_calls=459 time=4s
agrawal_s10 eddm+half acc=0.8324 resets=42 new_calls=547 time=56s
agrawal_s10 eddm+hedge acc=0.9579 resets=13 new_calls=565 time=11s
agrawal_s10 fhddm acc=0.7756 resets=11 new_calls=726 time=85s
agrawal_s10 fhddm+half acc=0.7746 resets=11 new_calls=781 time=31s
agrawal_s10 fhddm+hedge acc=0.7687 resets=11 new_calls=817 time=19s
agrawal_s10 hddma acc=0.9662 resets=11 new_calls=817 time=0s
agrawal_s10 hddma+half acc=0.7686 resets=11 new_calls=854 time=20s
agrawal_s10 hddma+hedge acc=0.9583 resets=11 new_calls=854 time=0s
agrawal_s10 hddmw acc=0.9662 resets=11 new_calls=854 time=0s
agrawal_s10 hddmw+half acc=0.7923 resets=15 new_calls=872 time=10s
agrawal_s10 hddmw+hedge acc=0.9563 resets=11 new_calls=880 time=5s
agrawal_s10 adwin acc=0.9603 resets=14 new_calls=886 time=3s
agrawal_s10 adwin+half acc=0.7810 resets=22 new_calls=927 time=23s
agrawal_s10 adwin+hedge acc=0.9516 resets=22 new_calls=978 time=26s
agrawal_s10 ph acc=0.9481 resets=12 new_calls=996 time=10s
agrawal_s10 ph+half acc=0.7932 resets=22 new_calls=1034 time=19s
agrawal_s10 ph+hedge acc=0.9451 resets=14 new_calls=1049 time=7s
agrawal_s10 kswin acc=0.9464 resets=10 new_calls=1049 time=11s
agrawal_s10 kswin+half acc=0.7718 resets=13 new_calls=1058 time=16s
agrawal_s10 kswin+hedge acc=0.9390 resets=11 new_calls=1073 time=19s
STREAM_DONE 20:19:15 agrawal_s10_M2000
hyperplane_s11 none acc=0.8826 resets=0 new_calls=169 time=128s
hyperplane_s11 ddmM acc=0.9153 resets=10 new_calls=234 time=57s
hyperplane_s11 ddm acc=0.9153 resets=10 new_calls=234 time=0s
hyperplane_s11 ddm+half acc=0.8891 resets=6 new_calls=271 time=32s
hyperplane_s11 ddm+hedge acc=0.9102 resets=10 new_calls=300 time=23s
hyperplane_s11 eddm acc=0.9125 resets=16 new_calls=339 time=29s
hyperplane_s11 eddm+half acc=0.9006 resets=29 new_calls=425 time=61s
hyperplane_s11 eddm+hedge acc=0.9097 resets=21 new_calls=466 time=26s
hyperplane_s11 fhddm acc=0.8826 resets=0 new_calls=466 time=0s
hyperplane_s11 fhddm+half acc=0.8826 resets=0 new_calls=466 time=0s
hyperplane_s11 fhddm+hedge acc=0.8826 resets=0 new_calls=466 time=0s
hyperplane_s11 hddma acc=0.8965 resets=4 new_calls=484 time=14s
hyperplane_s11 hddma+half acc=0.8878 resets=3 new_calls=511 time=21s
hyperplane_s11 hddma+hedge acc=0.8903 resets=2 new_calls=511 time=0s
hyperplane_s11 hddmw acc=0.8826 resets=0 new_calls=511 time=0s
hyperplane_s11 hddmw+half acc=0.8826 resets=0 new_calls=511 time=0s
hyperplane_s11 hddmw+hedge acc=0.8826 resets=0 new_calls=511 time=0s
hyperplane_s11 adwin acc=0.9128 resets=8 new_calls=532 time=15s
hyperplane_s11 adwin+half acc=0.8897 resets=5 new_calls=559 time=20s
hyperplane_s11 adwin+hedge acc=0.9049 resets=7 new_calls=592 time=21s
hyperplane_s11 ph acc=0.9031 resets=6 new_calls=627 time=24s
hyperplane_s11 ph+half acc=0.8912 resets=5 new_calls=647 time=16s
hyperplane_s11 ph+hedge acc=0.8999 resets=6 new_calls=674 time=19s
hyperplane_s11 kswin acc=0.8826 resets=0 new_calls=674 time=9s
hyperplane_s11 kswin+half acc=0.8826 resets=0 new_calls=674 time=9s
hyperplane_s11 kswin+hedge acc=0.8826 resets=0 new_calls=674 time=10s
STREAM_DONE 20:28:10 hyperplane_s11_M2000
rbf_s14 none acc=0.8863 resets=0 new_calls=169 time=116s
rbf_s14 ddmM acc=0.9118 resets=10 new_calls=239 time=34s
rbf_s14 ddm acc=0.9118 resets=10 new_calls=239 time=0s
rbf_s14 ddm+half acc=0.8895 resets=8 new_calls=311 time=39s
rbf_s14 ddm+hedge acc=0.9104 resets=8 new_calls=320 time=5s
rbf_s14 eddm acc=0.9056 resets=20 new_calls=323 time=2s
rbf_s14 eddm+half acc=0.8954 resets=29 new_calls=385 time=34s
rbf_s14 eddm+hedge acc=0.9100 resets=14 new_calls=403 time=8s
rbf_s14 fhddm acc=0.9055 resets=8 new_calls=468 time=35s
rbf_s14 fhddm+half acc=0.8896 resets=8 new_calls=540 time=35s
rbf_s14 fhddm+hedge acc=0.9063 resets=8 new_calls=540 time=0s
rbf_s14 hddma acc=0.9124 resets=8 new_calls=540 time=0s
rbf_s14 hddma+half acc=0.8895 resets=8 new_calls=540 time=0s
rbf_s14 hddma+hedge acc=0.9104 resets=8 new_calls=540 time=0s
rbf_s14 hddmw acc=0.9124 resets=8 new_calls=540 time=0s
rbf_s14 hddmw+half acc=0.8895 resets=8 new_calls=540 time=0s
rbf_s14 hddmw+hedge acc=0.9104 resets=8 new_calls=540 time=0s
rbf_s14 adwin acc=0.9124 resets=8 new_calls=540 time=0s
rbf_s14 adwin+half acc=0.8892 resets=10 new_calls=542 time=1s
rbf_s14 adwin+hedge acc=0.9104 resets=8 new_calls=542 time=0s
rbf_s14 ph acc=0.9124 resets=8 new_calls=542 time=0s
rbf_s14 ph+half acc=0.8904 resets=11 new_calls=553 time=5s
rbf_s14 ph+hedge acc=0.9104 resets=8 new_calls=553 time=0s
rbf_s14 kswin acc=0.9124 resets=8 new_calls=553 time=9s
rbf_s14 kswin+half acc=0.8895 resets=8 new_calls=553 time=9s
rbf_s14 kswin+hedge acc=0.9104 resets=8 new_calls=553 time=9s
STREAM_DONE 20:33:53 rbf_s14_M2000
sine_s12 none acc=0.5758 resets=0 new_calls=229 time=75s
sine_s12 ddmM acc=0.9474 resets=21 new_calls=317 time=36s
sine_s12 ddm acc=0.9474 resets=21 new_calls=317 time=0s
sine_s12 ddm+half acc=0.6263 resets=11 new_calls=416 time=36s
sine_s12 ddm+hedge acc=0.9408 resets=18 new_calls=461 time=16s
sine_s12 eddm acc=0.9506 resets=11 new_calls=488 time=10s
sine_s12 eddm+half acc=0.6734 resets=24 new_calls=556 time=24s
sine_s12 eddm+hedge acc=0.9459 resets=11 new_calls=556 time=0s
sine_s12 fhddm acc=0.6226 resets=11 new_calls=721 time=49s
sine_s12 fhddm+half acc=0.5946 resets=11 new_calls=783 time=20s
sine_s12 fhddm+hedge acc=0.6112 resets=11 new_calls=861 time=26s
sine_s12 hddma acc=0.9506 resets=11 new_calls=861 time=0s
sine_s12 hddma+half acc=0.6164 resets=11 new_calls=906 time=13s
sine_s12 hddma+hedge acc=0.9459 resets=11 new_calls=906 time=0s
sine_s12 hddmw acc=0.9506 resets=11 new_calls=906 time=0s
sine_s12 hddmw+half acc=0.6164 resets=11 new_calls=906 time=0s
sine_s12 hddmw+hedge acc=0.9459 resets=11 new_calls=906 time=0s
sine_s12 adwin acc=0.9506 resets=11 new_calls=906 time=0s
sine_s12 adwin+half acc=0.6633 resets=22 new_calls=969 time=18s
sine_s12 adwin+hedge acc=0.9425 resets=17 new_calls=1022 time=26s
sine_s12 ph acc=0.9506 resets=11 new_calls=1022 time=0s
sine_s12 ph+half acc=0.6524 resets=22 new_calls=1049 time=12s
sine_s12 ph+hedge acc=0.9445 resets=14 new_calls=1059 time=5s
sine_s12 kswin acc=0.9506 resets=11 new_calls=1059 time=12s
sine_s12 kswin+half acc=0.6274 resets=16 new_calls=1067 time=14s
sine_s12 kswin+hedge acc=0.9459 resets=11 new_calls=1067 time=11s
STREAM_DONE 20:40:40 sine_s12_M2000
grid_c30_b500_s11 none acc=0.5139 resets=0 new_calls=34 time=27s
grid_c30_b500_s11 ddmM acc=0.7845 resets=11 new_calls=34 time=0s
grid_c30_b500_s11 ddm acc=0.7845 resets=11 new_calls=34 time=0s
grid_c30_b500_s11 ddm+half acc=0.4707 resets=4 new_calls=54 time=12s
grid_c30_b500_s11 ddm+hedge acc=0.7695 resets=13 new_calls=55 time=0s
grid_c30_b500_s11 eddm acc=0.8064 resets=8 new_calls=55 time=0s
grid_c30_b500_s11 eddm+half acc=0.4975 resets=6 new_calls=64 time=7s
grid_c30_b500_s11 eddm+hedge acc=0.7973 resets=9 new_calls=64 time=0s
grid_c30_b500_s11 fhddm acc=0.5848 resets=8 new_calls=64 time=0s
grid_c30_b500_s11 fhddm+half acc=0.3655 resets=7 new_calls=87 time=16s
grid_c30_b500_s11 fhddm+hedge acc=0.6232 resets=8 new_calls=93 time=3s
grid_c30_b500_s11 hddma acc=0.8064 resets=8 new_calls=93 time=0s
grid_c30_b500_s11 hddma+half acc=0.4777 resets=5 new_calls=105 time=8s
grid_c30_b500_s11 hddma+hedge acc=0.8000 resets=8 new_calls=105 time=0s
grid_c30_b500_s11 hddmw acc=0.8064 resets=8 new_calls=105 time=0s
grid_c30_b500_s11 hddmw+half acc=0.4386 resets=7 new_calls=113 time=6s
grid_c30_b500_s11 hddmw+hedge acc=0.8000 resets=8 new_calls=113 time=0s
grid_c30_b500_s11 adwin acc=0.8064 resets=8 new_calls=113 time=0s
grid_c30_b500_s11 adwin+half acc=0.4214 resets=7 new_calls=124 time=7s
grid_c30_b500_s11 adwin+hedge acc=0.7991 resets=9 new_calls=124 time=0s
grid_c30_b500_s11 ph acc=0.8064 resets=8 new_calls=124 time=0s
grid_c30_b500_s11 ph+half acc=0.4175 resets=7 new_calls=136 time=8s
grid_c30_b500_s11 ph+hedge acc=0.8000 resets=8 new_calls=136 time=0s
grid_c30_b500_s11 kswin acc=0.8064 resets=8 new_calls=136 time=1s
grid_c30_b500_s11 kswin+half acc=0.4814 resets=5 new_calls=145 time=9s
grid_c30_b500_s11 kswin+hedge acc=0.8000 resets=8 new_calls=145 time=2s
STREAM_DONE 20:42:30 grid_c30_b500_s11_M2000
grid_c100_b500_s11 none acc=0.5002 resets=0 new_calls=34 time=32s
grid_c100_b500_s11 ddmM acc=0.6334 resets=8 new_calls=34 time=0s
grid_c100_b500_s11 ddm acc=0.6334 resets=8 new_calls=34 time=0s
grid_c100_b500_s11 ddm+half acc=0.4911 resets=2 new_calls=43 time=6s
grid_c100_b500_s11 ddm+hedge acc=0.6375 resets=8 new_calls=43 time=0s
grid_c100_b500_s11 eddm acc=0.5648 resets=21 new_calls=43 time=0s
grid_c100_b500_s11 eddm+half acc=0.4786 resets=7 new_calls=55 time=8s
grid_c100_b500_s11 eddm+hedge acc=0.5780 resets=19 new_calls=55 time=0s
grid_c100_b500_s11 fhddm acc=0.5125 resets=11 new_calls=55 time=0s
grid_c100_b500_s11 fhddm+half acc=0.4489 resets=6 new_calls=80 time=17s
grid_c100_b500_s11 fhddm+hedge acc=0.5418 resets=11 new_calls=80 time=0s
grid_c100_b500_s11 hddma acc=0.6334 resets=8 new_calls=80 time=0s
grid_c100_b500_s11 hddma+half acc=0.4955 resets=2 new_calls=89 time=7s
grid_c100_b500_s11 hddma+hedge acc=0.6375 resets=8 new_calls=89 time=0s
grid_c100_b500_s11 hddmw acc=0.6239 resets=9 new_calls=89 time=0s
grid_c100_b500_s11 hddmw+half acc=0.4664 resets=4 new_calls=101 time=8s
grid_c100_b500_s11 hddmw+hedge acc=0.6375 resets=8 new_calls=101 time=0s
grid_c100_b500_s11 adwin acc=0.5589 resets=9 new_calls=101 time=0s
grid_c100_b500_s11 adwin+half acc=0.4761 resets=3 new_calls=119 time=11s
grid_c100_b500_s11 adwin+hedge acc=0.5502 resets=5 new_calls=119 time=0s
grid_c100_b500_s11 ph acc=0.5157 resets=7 new_calls=120 time=1s
grid_c100_b500_s11 ph+half acc=0.4570 resets=5 new_calls=129 time=6s
grid_c100_b500_s11 ph+hedge acc=0.5436 resets=4 new_calls=129 time=0s
grid_c100_b500_s11 kswin acc=0.6239 resets=9 new_calls=129 time=1s
grid_c100_b500_s11 kswin+half acc=0.4750 resets=4 new_calls=138 time=9s
grid_c100_b500_s11 kswin+hedge acc=0.6136 resets=11 new_calls=138 time=1s
STREAM_DONE 20:44:20 grid_c100_b500_s11_M2000
CHAIN_DONE 20:44:20
