Warning: You are sending unauthenticated requests to the HF Hub. Please set a HF_TOKEN to enable higher rate limits and faster downloads.
agrawal_s13 none acc=0.8615 resets=0 new_calls=239 time=200s
agrawal_s13 ddmM acc=0.9612 resets=17 new_calls=346 time=83s
agrawal_s13 ddm acc=0.9612 resets=17 new_calls=346 time=0s
agrawal_s13 ddm+half acc=0.8847 resets=11 new_calls=401 time=43s
agrawal_s13 ddm+hedge acc=0.9584 resets=15 new_calls=443 time=32s
agrawal_s13 eddm acc=0.9614 resets=13 new_calls=468 time=20s
agrawal_s13 eddm+half acc=0.9122 resets=29 new_calls=527 time=47s
agrawal_s13 eddm+hedge acc=0.9577 resets=12 new_calls=527 time=0s
agrawal_s13 fhddm acc=0.8620 resets=11 new_calls=617 time=70s
agrawal_s13 fhddm+half acc=0.8674 resets=11 new_calls=647 time=24s
agrawal_s13 fhddm+hedge acc=0.8642 resets=11 new_calls=647 time=0s
agrawal_s13 hddma acc=0.9633 resets=11 new_calls=647 time=1s
agrawal_s13 hddma+half acc=0.8825 resets=11 new_calls=655 time=7s
agrawal_s13 hddma+hedge acc=0.9588 resets=11 new_calls=655 time=1s
agrawal_s13 hddmw acc=0.9633 resets=11 new_calls=655 time=0s
agrawal_s13 hddmw+half acc=0.8825 resets=11 new_calls=655 time=1s
agrawal_s13 hddmw+hedge acc=0.9588 resets=11 new_calls=655 time=0s
agrawal_s13 adwin acc=0.9547 resets=15 new_calls=685 time=23s
agrawal_s13 adwin+half acc=0.8846 resets=22 new_calls=705 time=16s
agrawal_s13 adwin+hedge acc=0.9559 resets=20 new_calls=748 time=26s
agrawal_s13 ph acc=0.9467 resets=14 new_calls=805 time=28s
agrawal_s13 ph+half acc=0.8922 resets=22 new_calls=831 time=10s
agrawal_s13 ph+hedge acc=0.9481 resets=14 new_calls=846 time=6s
agrawal_s13 kswin acc=0.9541 resets=10 new_calls=846 time=18s
agrawal_s13 kswin+half acc=0.8818 resets=12 new_calls=846 time=18s
agrawal_s13 kswin+hedge acc=0.9501 resets=10 new_calls=846 time=19s
STREAM_DONE 19:37:29 agrawal_s13_tabdpt
rbf_s12 none acc=0.9156 resets=0 new_calls=179 time=163s
rbf_s12 ddmM acc=0.9206 resets=11 new_calls=254 time=64s
rbf_s12 ddm acc=0.9206 resets=11 new_calls=254 time=0s
rbf_s12 ddm+half acc=0.9175 resets=13 new_calls=302 time=40s
rbf_s12 ddm+hedge acc=0.9209 resets=16 new_calls=337 time=31s
rbf_s12 eddm acc=0.9162 resets=19 new_calls=387 time=46s
rbf_s12 eddm+half acc=0.9182 resets=15 new_calls=424 time=31s
rbf_s12 eddm+hedge acc=0.9199 resets=20 new_calls=463 time=31s
rbf_s12 fhddm acc=0.9182 resets=8 new_calls=518 time=36s
rbf_s12 fhddm+half acc=0.9174 resets=8 new_calls=557 time=21s
rbf_s12 fhddm+hedge acc=0.9192 resets=8 new_calls=557 time=0s
rbf_s12 hddma acc=0.9215 resets=8 new_calls=557 time=0s
rbf_s12 hddma+half acc=0.9176 resets=8 new_calls=561 time=5s
rbf_s12 hddma+hedge acc=0.9212 resets=8 new_calls=561 time=0s
rbf_s12 hddmw acc=0.9215 resets=8 new_calls=561 time=0s
rbf_s12 hddmw+half acc=0.9176 resets=8 new_calls=561 time=0s
rbf_s12 hddmw+hedge acc=0.9212 resets=8 new_calls=561 time=0s
rbf_s12 adwin acc=0.9215 resets=8 new_calls=561 time=0s
rbf_s12 adwin+half acc=0.9176 resets=8 new_calls=561 time=0s
rbf_s12 adwin+hedge acc=0.9212 resets=8 new_calls=561 time=0s
rbf_s12 ph acc=0.9215 resets=8 new_calls=561 time=0s
rbf_s12 ph+half acc=0.9176 resets=8 new_calls=561 time=0s
rbf_s12 ph+hedge acc=0.9212 resets=8 new_calls=561 time=0s
rbf_s12 kswin acc=0.9215 resets=8 new_calls=561 time=17s
rbf_s12 kswin+half acc=0.9176 resets=8 new_calls=561 time=16s
rbf_s12 kswin+hedge acc=0.9212 resets=8 new_calls=561 time=15s
STREAM_DONE 19:46:10 rbf_s12_tabdpt
Warning: You are sending unauthenticated requests to the HF Hub. Please set a HF_TOKEN to enable higher rate limits and faster downloads.
sea_s14 none acc=0.9716 resets=0 new_calls=179 time=135s
sea_s14 ddmM acc=0.9877 resets=44 new_calls=313 time=116s
sea_s14 ddm acc=0.9880 resets=39 new_calls=321 time=7s
sea_s14 ddm+half acc=0.9768 resets=18 new_calls=385 time=49s
sea_s14 ddm+hedge acc=0.9888 resets=18 new_calls=450 time=50s
sea_s14 eddm acc=0.9835 resets=8 new_calls=512 time=43s
sea_s14 eddm+half acc=0.9786 resets=8 new_calls=542 time=18s
sea_s14 eddm+hedge acc=0.9826 resets=8 new_calls=551 time=6s
sea_s14 fhddm acc=0.9716 resets=0 new_calls=551 time=0s
sea_s14 fhddm+half acc=0.9716 resets=0 new_calls=551 time=0s
sea_s14 fhddm+hedge acc=0.9716 resets=0 new_calls=551 time=0s
sea_s14 hddma acc=0.9808 resets=3 new_calls=556 time=5s
sea_s14 hddma+half acc=0.9749 resets=3 new_calls=565 time=9s
sea_s14 hddma+hedge acc=0.9803 resets=3 new_calls=565 time=1s
sea_s14 hddmw acc=0.9716 resets=0 new_calls=565 time=0s
sea_s14 hddmw+half acc=0.9716 resets=0 new_calls=565 time=0s
sea_s14 hddmw+hedge acc=0.9716 resets=0 new_calls=565 time=0s
sea_s14 adwin acc=0.9891 resets=8 new_calls=587 time=15s
sea_s14 adwin+half acc=0.9768 resets=11 new_calls=612 time=18s
sea_s14 adwin+hedge acc=0.9880 resets=8 new_calls=612 time=0s
sea_s14 ph acc=0.9749 resets=3 new_calls=630 time=14s
sea_s14 ph+half acc=0.9749 resets=3 new_calls=645 time=14s
sea_s14 ph+hedge acc=0.9751 resets=3 new_calls=645 time=0s
sea_s14 kswin acc=0.9716 resets=0 new_calls=645 time=14s
sea_s14 kswin+half acc=0.9716 resets=0 new_calls=645 time=14s
sea_s14 kswin+hedge acc=0.9716 resets=0 new_calls=645 time=14s
STREAM_DONE 19:55:18 sea_s14_tabdpt
stagger_s12 none acc=0.8578 resets=0 new_calls=179 time=104s
stagger_s12 ddmM acc=0.9734 resets=8 new_calls=251 time=53s
stagger_s12 ddm acc=0.9734 resets=8 new_calls=251 time=0s
stagger_s12 ddm+half acc=0.8827 resets=8 new_calls=291 time=32s
stagger_s12 ddm+hedge acc=0.9734 resets=8 new_calls=291 time=0s
stagger_s12 eddm acc=0.9734 resets=8 new_calls=291 time=0s
stagger_s12 eddm+half acc=0.9055 resets=15 new_calls=323 time=24s
stagger_s12 eddm+hedge acc=0.9734 resets=8 new_calls=323 time=0s
stagger_s12 fhddm acc=0.8585 resets=8 new_calls=395 time=47s
stagger_s12 fhddm+half acc=0.8585 resets=8 new_calls=435 time=27s
stagger_s12 fhddm+hedge acc=0.8585 resets=8 new_calls=435 time=0s
stagger_s12 hddma acc=0.9734 resets=8 new_calls=435 time=1s
stagger_s12 hddma+half acc=0.8827 resets=8 new_calls=435 time=1s
stagger_s12 hddma+hedge acc=0.9734 resets=8 new_calls=435 time=1s
stagger_s12 hddmw acc=0.9734 resets=8 new_calls=435 time=1s
stagger_s12 hddmw+half acc=0.8827 resets=8 new_calls=435 time=1s
stagger_s12 hddmw+hedge acc=0.9734 resets=8 new_calls=435 time=0s
stagger_s12 adwin acc=0.9734 resets=8 new_calls=435 time=0s
stagger_s12 adwin+half acc=0.8841 resets=16 new_calls=435 time=0s
stagger_s12 adwin+hedge acc=0.9734 resets=8 new_calls=435 time=0s
stagger_s12 ph acc=0.9643 resets=8 new_calls=447 time=8s
stagger_s12 ph+half acc=0.8930 resets=16 new_calls=465 time=12s
stagger_s12 ph+hedge acc=0.9643 resets=8 new_calls=465 time=0s
stagger_s12 kswin acc=0.9734 resets=8 new_calls=465 time=13s
stagger_s12 kswin+half acc=0.8834 resets=10 new_calls=465 time=16s
stagger_s12 kswin+hedge acc=0.9734 resets=8 new_calls=465 time=12s
STREAM_DONE 20:01:16 stagger_s12_tabdpt
Warning: You are sending unauthenticated requests to the HF Hub. Please set a HF_TOKEN to enable higher rate limits and faster downloads.
grid_c30_b2000_s10 none acc=0.8314 resets=0 new_calls=179 time=156s
grid_c30_b2000_s10 ddmM acc=0.9469 resets=12 new_calls=255 time=88s
grid_c30_b2000_s10 ddm acc=0.9469 resets=12 new_calls=255 time=0s
grid_c30_b2000_s10 ddm+half acc=0.8566 resets=8 new_calls=295 time=33s
grid_c30_b2000_s10 ddm+hedge acc=0.9412 resets=8 new_calls=319 time=21s
grid_c30_b2000_s10 eddm acc=0.9466 resets=9 new_calls=330 time=9s
grid_c30_b2000_s10 eddm+half acc=0.8840 resets=19 new_calls=366 time=32s
grid_c30_b2000_s10 eddm+hedge acc=0.9385 resets=11 new_calls=375 time=6s
grid_c30_b2000_s10 fhddm acc=0.8365 resets=8 new_calls=447 time=49s
grid_c30_b2000_s10 fhddm+half acc=0.8433 resets=8 new_calls=452 time=4s
grid_c30_b2000_s10 fhddm+hedge acc=0.8406 resets=8 new_calls=452 time=0s
grid_c30_b2000_s10 hddma acc=0.9493 resets=8 new_calls=452 time=1s
grid_c30_b2000_s10 hddma+half acc=0.8566 resets=8 new_calls=452 time=0s
grid_c30_b2000_s10 hddma+hedge acc=0.9412 resets=8 new_calls=452 time=0s
grid_c30_b2000_s10 hddmw acc=0.9493 resets=8 new_calls=452 time=0s
grid_c30_b2000_s10 hddmw+half acc=0.8566 resets=8 new_calls=452 time=0s
grid_c30_b2000_s10 hddmw+hedge acc=0.9412 resets=8 new_calls=452 time=0s
grid_c30_b2000_s10 adwin acc=0.9493 resets=8 new_calls=452 time=0s
grid_c30_b2000_s10 adwin+half acc=0.8631 resets=16 new_calls=472 time=19s
grid_c30_b2000_s10 adwin+hedge acc=0.9382 resets=16 new_calls=534 time=47s
grid_c30_b2000_s10 ph acc=0.9459 resets=8 new_calls=538 time=3s
grid_c30_b2000_s10 ph+half acc=0.8637 resets=16 new_calls=552 time=13s
grid_c30_b2000_s10 ph+hedge acc=0.9350 resets=13 new_calls=588 time=32s
grid_c30_b2000_s10 kswin acc=0.9493 resets=8 new_calls=588 time=13s
grid_c30_b2000_s10 kswin+half acc=0.8593 resets=9 new_calls=593 time=17s
grid_c30_b2000_s10 kswin+hedge acc=0.9407 resets=9 new_calls=593 time=14s
STREAM_DONE 20:10:38 grid_c30_b2000_s10_tabdpt
agrawal_s14 none acc=0.7450 resets=0 new_calls=229 time=178s
agrawal_s14 ddmM acc=0.9653 resets=14 new_calls=328 time=60s
agrawal_s14 ddm acc=0.9653 resets=14 new_calls=328 time=0s
agrawal_s14 ddm+half acc=0.7865 resets=13 new_calls=428 time=55s
agrawal_s14 ddm+hedge acc=0.9578 resets=15 new_calls=492 time=37s
agrawal_s14 eddm acc=0.9670 resets=11 new_calls=492 time=0s
agrawal_s14 eddm+half acc=0.8349 resets=44 new_calls=589 time=54s
agrawal_s14 eddm+hedge acc=0.9533 resets=15 new_calls=598 time=5s
agrawal_s14 fhddm acc=0.7799 resets=11 new_calls=745 time=74s
agrawal_s14 fhddm+half acc=0.7653 resets=11 new_calls=781 time=17s
agrawal_s14 fhddm+hedge acc=0.7731 resets=11 new_calls=811 time=12s
agrawal_s14 hddma acc=0.9670 resets=11 new_calls=811 time=1s
agrawal_s14 hddma+half acc=0.7713 resets=11 new_calls=870 time=25s
agrawal_s14 hddma+hedge acc=0.9588 resets=11 new_calls=870 time=0s
agrawal_s14 hddmw acc=0.9670 resets=11 new_calls=870 time=0s
agrawal_s14 hddmw+half acc=0.7718 resets=12 new_calls=870 time=0s
agrawal_s14 hddmw+hedge acc=0.9588 resets=11 new_calls=870 time=0s
agrawal_s14 adwin acc=0.9629 resets=14 new_calls=874 time=1s
agrawal_s14 adwin+half acc=0.7890 resets=22 new_calls=891 time=7s
agrawal_s14 adwin+hedge acc=0.9497 resets=22 new_calls=949 time=27s
agrawal_s14 ph acc=0.9557 resets=11 new_calls=949 time=0s
agrawal_s14 ph+half acc=0.7991 resets=22 new_calls=980 time=18s
agrawal_s14 ph+hedge acc=0.9417 resets=17 new_calls=1000 time=12s
agrawal_s14 kswin acc=0.9487 resets=10 new_calls=1000 time=11s
agrawal_s14 kswin+half acc=0.7726 resets=11 new_calls=1000 time=11s
agrawal_s14 kswin+hedge acc=0.9382 resets=12 new_calls=1016 time=23s
STREAM_DONE 20:21:10 agrawal_s14_M2000
rbf_s13 none acc=0.8737 resets=0 new_calls=169 time=174s
rbf_s13 ddmM acc=0.8947 resets=11 new_calls=245 time=57s
rbf_s13 ddm acc=0.8947 resets=11 new_calls=245 time=0s
rbf_s13 ddm+half acc=0.8743 resets=3 new_calls=254 time=6s
rbf_s13 ddm+hedge acc=0.8939 resets=11 new_calls=284 time=22s
rbf_s13 eddm acc=0.8770 resets=36 new_calls=284 time=0s
rbf_s13 eddm+half acc=0.8816 resets=26 new_calls=383 time=69s
rbf_s13 eddm+hedge acc=0.8905 resets=26 new_calls=406 time=14s
rbf_s13 fhddm acc=0.8884 resets=8 new_calls=445 time=29s
rbf_s13 fhddm+half acc=0.8783 resets=8 new_calls=508 time=45s
rbf_s13 fhddm+hedge acc=0.8885 resets=8 new_calls=508 time=0s
rbf_s13 hddma acc=0.8947 resets=8 new_calls=508 time=0s
rbf_s13 hddma+half acc=0.8778 resets=8 new_calls=551 time=26s
rbf_s13 hddma+hedge acc=0.8942 resets=8 new_calls=551 time=0s
rbf_s13 hddmw acc=0.8947 resets=8 new_calls=551 time=0s
rbf_s13 hddmw+half acc=0.8778 resets=8 new_calls=551 time=0s
rbf_s13 hddmw+hedge acc=0.8942 resets=8 new_calls=551 time=0s
rbf_s13 adwin acc=0.8947 resets=8 new_calls=551 time=0s
rbf_s13 adwin+half acc=0.8781 resets=9 new_calls=552 time=0s
rbf_s13 adwin+hedge acc=0.8942 resets=8 new_calls=552 time=0s
rbf_s13 ph acc=0.8947 resets=8 new_calls=552 time=0s
rbf_s13 ph+half acc=0.8783 resets=11 new_calls=570 time=7s
rbf_s13 ph+hedge acc=0.8942 resets=8 new_calls=570 time=0s
rbf_s13 kswin acc=0.8947 resets=8 new_calls=570 time=9s
rbf_s13 kswin+half acc=0.8778 resets=8 new_calls=570 time=10s
rbf_s13 kswin+hedge acc=0.8942 resets=8 new_calls=570 time=9s
STREAM_DONE 20:29:11 rbf_s13_M2000
sea_s14 none acc=0.9476 resets=0 new_calls=169 time=89s
sea_s14 ddmM acc=0.9880 resets=18 new_calls=240 time=27s
sea_s14 ddm acc=0.9880 resets=17 new_calls=249 time=4s
sea_s14 ddm+half acc=0.9561 resets=15 new_calls=297 time=20s
sea_s14 ddm+hedge acc=0.9864 resets=10 new_calls=338 time=18s
sea_s14 eddm acc=0.9834 resets=8 new_calls=383 time=18s
sea_s14 eddm+half acc=0.9618 resets=14 new_calls=457 time=33s
sea_s14 eddm+hedge acc=0.9831 resets=8 new_calls=479 time=9s
sea_s14 fhddm acc=0.9476 resets=0 new_calls=479 time=0s
sea_s14 fhddm+half acc=0.9476 resets=0 new_calls=479 time=0s
sea_s14 fhddm+hedge acc=0.9476 resets=0 new_calls=479 time=0s
sea_s14 hddma acc=0.9518 resets=2 new_calls=504 time=10s
sea_s14 hddma+half acc=0.9534 resets=3 new_calls=513 time=4s
sea_s14 hddma+hedge acc=0.9581 resets=3 new_calls=522 time=4s
sea_s14 hddmw acc=0.9476 resets=0 new_calls=522 time=0s
sea_s14 hddmw+half acc=0.9476 resets=0 new_calls=522 time=0s
sea_s14 hddmw+hedge acc=0.9476 resets=0 new_calls=522 time=0s
sea_s14 adwin acc=0.9874 resets=8 new_calls=540 time=8s
sea_s14 adwin+half acc=0.9530 resets=7 new_calls=588 time=18s
sea_s14 adwin+hedge acc=0.9836 resets=8 new_calls=601 time=5s
sea_s14 ph acc=0.9670 resets=4 new_calls=620 time=5s
sea_s14 ph+half acc=0.9524 resets=4 new_calls=653 time=8s
sea_s14 ph+hedge acc=0.9653 resets=4 new_calls=674 time=5s
sea_s14 kswin acc=0.9476 resets=0 new_calls=674 time=11s
sea_s14 kswin+half acc=0.9476 resets=0 new_calls=674 time=10s
sea_s14 kswin+hedge acc=0.9476 resets=0 new_calls=674 time=10s
STREAM_DONE 20:34:28 sea_s14_M2000
stagger_s11 none acc=0.7193 resets=0 new_calls=169 time=75s
stagger_s11 ddmM acc=0.9742 resets=8 new_calls=241 time=28s
stagger_s11 ddm acc=0.9742 resets=8 new_calls=241 time=0s
stagger_s11 ddm+half acc=0.7578 resets=8 new_calls=313 time=27s
stagger_s11 ddm+hedge acc=0.9735 resets=10 new_calls=335 time=8s
stagger_s11 eddm acc=0.9742 resets=8 new_calls=335 time=0s
stagger_s11 eddm+half acc=0.8198 resets=23 new_calls=403 time=25s
stagger_s11 eddm+hedge acc=0.9735 resets=8 new_calls=403 time=0s
stagger_s11 fhddm acc=0.7311 resets=8 new_calls=529 time=37s
stagger_s11 fhddm+half acc=0.7258 resets=8 new_calls=565 time=10s
stagger_s11 fhddm+hedge acc=0.7270 resets=8 new_calls=573 time=2s
stagger_s11 hddma acc=0.9742 resets=8 new_calls=573 time=0s
stagger_s11 hddma+half acc=0.7488 resets=8 new_calls=599 time=9s
stagger_s11 hddma+hedge acc=0.9735 resets=8 new_calls=599 time=0s
stagger_s11 hddmw acc=0.9742 resets=8 new_calls=599 time=0s
stagger_s11 hddmw+half acc=0.7697 resets=13 new_calls=625 time=9s
stagger_s11 hddmw+hedge acc=0.9735 resets=8 new_calls=625 time=0s
stagger_s11 adwin acc=0.9742 resets=8 new_calls=625 time=0s
stagger_s11 adwin+half acc=0.7479 resets=16 new_calls=642 time=6s
stagger_s11 adwin+hedge acc=0.9735 resets=8 new_calls=642 time=0s
stagger_s11 ph acc=0.9652 resets=8 new_calls=650 time=3s
stagger_s11 ph+half acc=0.7570 resets=16 new_calls=657 time=2s
stagger_s11 ph+hedge acc=0.9649 resets=8 new_calls=657 time=0s
stagger_s11 kswin acc=0.9742 resets=8 new_calls=657 time=9s
stagger_s11 kswin+half acc=0.7612 resets=12 new_calls=675 time=15s
stagger_s11 kswin+hedge acc=0.9735 resets=8 new_calls=675 time=9s
STREAM_DONE 20:39:06 stagger_s11_M2000
grid_c5_b500_s10 none acc=0.6180 resets=0 new_calls=34 time=23s
grid_c5_b500_s10 ddmM acc=0.8739 resets=9 new_calls=34 time=0s
grid_c5_b500_s10 ddm acc=0.8739 resets=9 new_calls=34 time=0s
grid_c5_b500_s10 ddm+half acc=0.6166 resets=2 new_calls=42 time=5s
grid_c5_b500_s10 ddm+hedge acc=0.8739 resets=9 new_calls=42 time=0s
grid_c5_b500_s10 eddm acc=0.8739 resets=8 new_calls=42 time=0s
grid_c5_b500_s10 eddm+half acc=0.6180 resets=2 new_calls=42 time=0s
grid_c5_b500_s10 eddm+hedge acc=0.8739 resets=8 new_calls=42 time=0s
grid_c5_b500_s10 fhddm acc=0.6266 resets=7 new_calls=42 time=0s
grid_c5_b500_s10 fhddm+half acc=0.5927 resets=6 new_calls=64 time=11s
grid_c5_b500_s10 fhddm+hedge acc=0.7323 resets=7 new_calls=68 time=2s
grid_c5_b500_s10 hddma acc=0.8739 resets=8 new_calls=68 time=0s
grid_c5_b500_s10 hddma+half acc=0.6316 resets=2 new_calls=77 time=5s
grid_c5_b500_s10 hddma+hedge acc=0.8739 resets=8 new_calls=77 time=0s
grid_c5_b500_s10 hddmw acc=0.8739 resets=8 new_calls=77 time=0s
grid_c5_b500_s10 hddmw+half acc=0.6120 resets=5 new_calls=99 time=12s
grid_c5_b500_s10 hddmw+hedge acc=0.8739 resets=8 new_calls=99 time=0s
grid_c5_b500_s10 adwin acc=0.8739 resets=8 new_calls=99 time=0s
grid_c5_b500_s10 adwin+half acc=0.6180 resets=5 new_calls=121 time=10s
grid_c5_b500_s10 adwin+hedge acc=0.8739 resets=8 new_calls=121 time=0s
grid_c5_b500_s10 ph acc=0.8502 resets=8 new_calls=121 time=0s
grid_c5_b500_s10 ph+half acc=0.6159 resets=5 new_calls=131 time=5s
grid_c5_b500_s10 ph+hedge acc=0.8566 resets=8 new_calls=131 time=0s
grid_c5_b500_s10 kswin acc=0.8739 resets=8 new_calls=131 time=1s
grid_c5_b500_s10 kswin+half acc=0.6066 resets=4 new_calls=136 time=4s
grid_c5_b500_s10 kswin+hedge acc=0.8739 resets=8 new_calls=136 time=1s
STREAM_DONE 20:40:28 grid_c5_b500_s10_M2000
grid_c5_b2000_s11 none acc=0.6554 resets=0 new_calls=169 time=132s
grid_c5_b2000_s11 ddmM acc=0.9583 resets=25 new_calls=216 time=32s
grid_c5_b2000_s11 ddm acc=0.9583 resets=25 new_calls=216 time=0s
grid_c5_b2000_s11 ddm+half acc=0.6813 resets=6 new_calls=261 time=32s
grid_c5_b2000_s11 ddm+hedge acc=0.9641 resets=23 new_calls=311 time=33s
grid_c5_b2000_s11 eddm acc=0.9657 resets=8 new_calls=356 time=28s
grid_c5_b2000_s11 eddm+half acc=0.7603 resets=17 new_calls=422 time=40s
grid_c5_b2000_s11 eddm+hedge acc=0.9651 resets=8 new_calls=422 time=0s
grid_c5_b2000_s11 fhddm acc=0.6702 resets=8 new_calls=534 time=54s
grid_c5_b2000_s11 fhddm+half acc=0.6585 resets=8 new_calls=578 time=22s
grid_c5_b2000_s11 fhddm+hedge acc=0.6651 resets=8 new_calls=595 time=6s
grid_c5_b2000_s11 hddma acc=0.9657 resets=8 new_calls=595 time=0s
grid_c5_b2000_s11 hddma+half acc=0.6813 resets=5 new_calls=595 time=0s
grid_c5_b2000_s11 hddma+hedge acc=0.9651 resets=8 new_calls=595 time=0s
grid_c5_b2000_s11 hddmw acc=0.9623 resets=8 new_calls=604 time=5s
grid_c5_b2000_s11 hddmw+half acc=0.6884 resets=8 new_calls=630 time=14s
grid_c5_b2000_s11 hddmw+hedge acc=0.9616 resets=8 new_calls=630 time=0s
grid_c5_b2000_s11 adwin acc=0.9657 resets=8 new_calls=630 time=0s
grid_c5_b2000_s11 adwin+half acc=0.7039 resets=16 new_calls=666 time=18s
grid_c5_b2000_s11 adwin+hedge acc=0.9651 resets=8 new_calls=666 time=0s
grid_c5_b2000_s11 ph acc=0.9602 resets=8 new_calls=666 time=0s
grid_c5_b2000_s11 ph+half acc=0.7011 resets=16 new_calls=681 time=7s
grid_c5_b2000_s11 ph+hedge acc=0.9598 resets=8 new_calls=681 time=0s
grid_c5_b2000_s11 kswin acc=0.9308 resets=6 new_calls=681 time=7s
grid_c5_b2000_s11 kswin+half acc=0.6907 resets=8 new_calls=681 time=7s
grid_c5_b2000_s11 kswin+hedge acc=0.9305 resets=6 new_calls=681 time=8s
STREAM_DONE 20:47:57 grid_c5_b2000_s11_M2000
CHAIN_DONE 20:47:57
