Warning: You are sending unauthenticated requests to the HF Hub. Please set a HF_TOKEN to enable higher rate limits and faster downloads.
agrawal_s14 none acc=0.8599 resets=0 new_calls=239 time=206s
agrawal_s14 ddmM acc=0.9601 resets=22 new_calls=349 time=81s
agrawal_s14 ddm acc=0.9607 resets=18 new_calls=357 time=8s
agrawal_s14 ddm+half acc=0.8824 resets=12 new_calls=413 time=44s
agrawal_s14 ddm+hedge acc=0.9564 resets=12 new_calls=446 time=27s
agrawal_s14 eddm acc=0.9601 resets=13 new_calls=464 time=14s
agrawal_s14 eddm+half acc=0.9015 resets=28 new_calls=512 time=36s
agrawal_s14 eddm+hedge acc=0.9535 resets=15 new_calls=539 time=21s
agrawal_s14 fhddm acc=0.8615 resets=11 new_calls=620 time=61s
agrawal_s14 fhddm+half acc=0.8674 resets=11 new_calls=655 time=29s
agrawal_s14 fhddm+hedge acc=0.8636 resets=11 new_calls=655 time=0s
agrawal_s14 hddma acc=0.9616 resets=11 new_calls=655 time=1s
agrawal_s14 hddma+half acc=0.8807 resets=11 new_calls=659 time=3s
agrawal_s14 hddma+hedge acc=0.9564 resets=11 new_calls=659 time=1s
agrawal_s14 hddmw acc=0.9616 resets=11 new_calls=659 time=0s
agrawal_s14 hddmw+half acc=0.8807 resets=11 new_calls=659 time=0s
agrawal_s14 hddmw+hedge acc=0.9564 resets=11 new_calls=659 time=0s
agrawal_s14 adwin acc=0.9576 resets=14 new_calls=681 time=17s
agrawal_s14 adwin+half acc=0.8841 resets=22 new_calls=711 time=22s
agrawal_s14 adwin+hedge acc=0.9534 resets=18 new_calls=757 time=26s
agrawal_s14 ph acc=0.9464 resets=13 new_calls=784 time=13s
agrawal_s14 ph+half acc=0.8903 resets=22 new_calls=818 time=13s
agrawal_s14 ph+hedge acc=0.9454 resets=15 new_calls=853 time=16s
agrawal_s14 kswin acc=0.9528 resets=10 new_calls=853 time=20s
agrawal_s14 kswin+half acc=0.8834 resets=14 new_calls=863 time=24s
agrawal_s14 kswin+hedge acc=0.9468 resets=11 new_calls=867 time=22s
STREAM_DONE 19:37:41 agrawal_s14_tabdpt
sea_s10 none acc=0.9703 resets=0 new_calls=179 time=171s
sea_s10 ddmM acc=0.9884 resets=44 new_calls=310 time=110s
sea_s10 ddm acc=0.9884 resets=42 new_calls=315 time=4s
sea_s10 ddm+half acc=0.9760 resets=17 new_calls=367 time=41s
sea_s10 ddm+hedge acc=0.9885 resets=12 new_calls=417 time=43s
sea_s10 eddm acc=0.9837 resets=8 new_calls=483 time=51s
sea_s10 eddm+half acc=0.9787 resets=10 new_calls=523 time=24s
sea_s10 eddm+hedge acc=0.9842 resets=8 new_calls=550 time=13s
sea_s10 fhddm acc=0.9703 resets=0 new_calls=550 time=0s
sea_s10 fhddm+half acc=0.9703 resets=0 new_calls=550 time=0s
sea_s10 fhddm+hedge acc=0.9703 resets=0 new_calls=550 time=0s
sea_s10 hddma acc=0.9777 resets=3 new_calls=559 time=4s
sea_s10 hddma+half acc=0.9751 resets=3 new_calls=564 time=3s
sea_s10 hddma+hedge acc=0.9777 resets=3 new_calls=564 time=1s
sea_s10 hddmw acc=0.9703 resets=0 new_calls=564 time=1s
sea_s10 hddmw+half acc=0.9703 resets=0 new_calls=564 time=0s
sea_s10 hddmw+hedge acc=0.9703 resets=0 new_calls=564 time=0s
sea_s10 adwin acc=0.9882 resets=8 new_calls=575 time=4s
sea_s10 adwin+half acc=0.9769 resets=11 new_calls=600 time=12s
sea_s10 adwin+hedge acc=0.9874 resets=8 new_calls=607 time=4s
sea_s10 ph acc=0.9739 resets=3 new_calls=629 time=10s
sea_s10 ph+half acc=0.9734 resets=3 new_calls=629 time=0s
sea_s10 ph+hedge acc=0.9738 resets=3 new_calls=629 time=0s
sea_s10 kswin acc=0.9703 resets=0 new_calls=629 time=16s
sea_s10 kswin+half acc=0.9703 resets=0 new_calls=629 time=16s
sea_s10 kswin+hedge acc=0.9703 resets=0 new_calls=629 time=17s
STREAM_DONE 19:46:52 sea_s10_tabdpt
Warning: You are sending unauthenticated requests to the HF Hub. Please set a HF_TOKEN to enable higher rate limits and faster downloads.
sine_s13 none acc=0.7749 resets=0 new_calls=239 time=199s
sine_s13 ddmM acc=0.9513 resets=23 new_calls=372 time=109s
sine_s13 ddm acc=0.9513 resets=23 new_calls=372 time=0s
sine_s13 ddm+half acc=0.8088 resets=12 new_calls=427 time=41s
sine_s13 ddm+hedge acc=0.9481 resets=21 new_calls=484 time=35s
sine_s13 eddm acc=0.9527 resets=11 new_calls=497 time=9s
sine_s13 eddm+half acc=0.8325 resets=18 new_calls=534 time=25s
sine_s13 eddm+hedge acc=0.9484 resets=12 new_calls=543 time=8s
sine_s13 fhddm acc=0.7815 resets=11 new_calls=633 time=61s
sine_s13 fhddm+half acc=0.7840 resets=11 new_calls=669 time=22s
sine_s13 fhddm+hedge acc=0.7820 resets=11 new_calls=669 time=0s
sine_s13 hddma acc=0.9527 resets=11 new_calls=669 time=1s
sine_s13 hddma+half acc=0.8088 resets=11 new_calls=669 time=1s
sine_s13 hddma+hedge acc=0.9487 resets=11 new_calls=669 time=2s
sine_s13 hddmw acc=0.9527 resets=11 new_calls=669 time=0s
sine_s13 hddmw+half acc=0.8113 resets=12 new_calls=674 time=4s
sine_s13 hddmw+hedge acc=0.9487 resets=11 new_calls=674 time=0s
sine_s13 adwin acc=0.9527 resets=11 new_calls=674 time=0s
sine_s13 adwin+half acc=0.8277 resets=22 new_calls=679 time=3s
sine_s13 adwin+hedge acc=0.9483 resets=14 new_calls=697 time=10s
sine_s13 ph acc=0.9527 resets=11 new_calls=697 time=0s
sine_s13 ph+half acc=0.8233 resets=22 new_calls=697 time=0s
sine_s13 ph+hedge acc=0.9481 resets=13 new_calls=715 time=13s
sine_s13 kswin acc=0.9527 resets=11 new_calls=715 time=19s
sine_s13 kswin+half acc=0.8154 resets=16 new_calls=725 time=26s
sine_s13 kswin+hedge acc=0.9487 resets=12 new_calls=729 time=23s
STREAM_DONE 19:57:05 sine_s13_tabdpt
Warning: You are sending unauthenticated requests to the HF Hub. Please set a HF_TOKEN to enable higher rate limits and faster downloads.
grid_c5_b500_s11 none acc=0.3868 resets=0 new_calls=44 time=52s
grid_c5_b500_s11 ddmM acc=0.8482 resets=13 new_calls=87 time=34s
grid_c5_b500_s11 ddm acc=0.8239 resets=11 new_calls=102 time=11s
grid_c5_b500_s11 ddm+half acc=0.4325 resets=5 new_calls=121 time=13s
grid_c5_b500_s11 ddm+hedge acc=0.8005 resets=12 new_calls=125 time=3s
grid_c5_b500_s11 eddm acc=0.8618 resets=8 new_calls=134 time=6s
grid_c5_b500_s11 eddm+half acc=0.4845 resets=9 new_calls=153 time=14s
grid_c5_b500_s11 eddm+hedge acc=0.8618 resets=8 new_calls=153 time=0s
grid_c5_b500_s11 fhddm acc=0.5584 resets=3 new_calls=165 time=8s
grid_c5_b500_s11 fhddm+half acc=0.3882 resets=6 new_calls=172 time=3s
grid_c5_b500_s11 fhddm+hedge acc=0.5573 resets=3 new_calls=172 time=0s
grid_c5_b500_s11 hddma acc=0.8618 resets=8 new_calls=172 time=0s
grid_c5_b500_s11 hddma+half acc=0.4225 resets=3 new_calls=172 time=0s
grid_c5_b500_s11 hddma+hedge acc=0.8618 resets=8 new_calls=172 time=0s
grid_c5_b500_s11 hddmw acc=0.8423 resets=8 new_calls=173 time=1s
grid_c5_b500_s11 hddmw+half acc=0.4048 resets=5 new_calls=174 time=1s
grid_c5_b500_s11 hddmw+hedge acc=0.8545 resets=8 new_calls=177 time=2s
grid_c5_b500_s11 adwin acc=0.8618 resets=8 new_calls=177 time=0s
grid_c5_b500_s11 adwin+half acc=0.3866 resets=8 new_calls=196 time=13s
grid_c5_b500_s11 adwin+hedge acc=0.8618 resets=8 new_calls=196 time=0s
grid_c5_b500_s11 ph acc=0.8345 resets=8 new_calls=200 time=3s
grid_c5_b500_s11 ph+half acc=0.4373 resets=8 new_calls=206 time=5s
grid_c5_b500_s11 ph+hedge acc=0.8345 resets=8 new_calls=206 time=0s
grid_c5_b500_s11 kswin acc=0.8323 resets=7 new_calls=206 time=3s
grid_c5_b500_s11 kswin+half acc=0.3966 resets=8 new_calls=210 time=6s
grid_c5_b500_s11 kswin+hedge acc=0.8323 resets=7 new_calls=210 time=3s
STREAM_DONE 20:00:13 grid_c5_b500_s11_tabdpt
Warning: You are sending unauthenticated requests to the HF Hub. Please set a HF_TOKEN to enable higher rate limits and faster downloads.
grid_c30_b500_s10 none acc=0.5061 resets=0 new_calls=44 time=39s
grid_c30_b500_s10 ddmM acc=0.8327 resets=10 new_calls=83 time=27s
grid_c30_b500_s10 ddm acc=0.8327 resets=10 new_calls=83 time=0s
grid_c30_b500_s10 ddm+half acc=0.5116 resets=1 new_calls=88 time=3s
grid_c30_b500_s10 ddm+hedge acc=0.8307 resets=8 new_calls=96 time=6s
grid_c30_b500_s10 eddm acc=0.8370 resets=8 new_calls=96 time=0s
grid_c30_b500_s10 eddm+half acc=0.5548 resets=9 new_calls=114 time=11s
grid_c30_b500_s10 eddm+hedge acc=0.8307 resets=8 new_calls=114 time=0s
grid_c30_b500_s10 fhddm acc=0.6159 resets=6 new_calls=138 time=14s
grid_c30_b500_s10 fhddm+half acc=0.5157 resets=4 new_calls=155 time=9s
grid_c30_b500_s10 fhddm+hedge acc=0.6091 resets=6 new_calls=165 time=5s
grid_c30_b500_s10 hddma acc=0.8370 resets=8 new_calls=165 time=0s
grid_c30_b500_s10 hddma+half acc=0.5202 resets=3 new_calls=170 time=3s
grid_c30_b500_s10 hddma+hedge acc=0.8307 resets=8 new_calls=170 time=0s
grid_c30_b500_s10 hddmw acc=0.8370 resets=8 new_calls=170 time=0s
grid_c30_b500_s10 hddmw+half acc=0.5370 resets=8 new_calls=193 time=16s
grid_c30_b500_s10 hddmw+hedge acc=0.8307 resets=8 new_calls=193 time=0s
grid_c30_b500_s10 adwin acc=0.8370 resets=8 new_calls=193 time=0s
grid_c30_b500_s10 adwin+half acc=0.5336 resets=4 new_calls=199 time=6s
grid_c30_b500_s10 adwin+hedge acc=0.8307 resets=8 new_calls=199 time=0s
grid_c30_b500_s10 ph acc=0.8066 resets=8 new_calls=207 time=8s
grid_c30_b500_s10 ph+half acc=0.5116 resets=1 new_calls=207 time=0s
grid_c30_b500_s10 ph+hedge acc=0.7998 resets=8 new_calls=207 time=0s
grid_c30_b500_s10 kswin acc=0.8370 resets=8 new_calls=207 time=3s
grid_c30_b500_s10 kswin+half acc=0.5198 resets=2 new_calls=208 time=5s
grid_c30_b500_s10 kswin+hedge acc=0.8307 resets=8 new_calls=208 time=2s
STREAM_DONE 20:02:55 grid_c30_b500_s10_tabdpt
grid_c100_b2000_s10 none acc=0.7580 resets=0 new_calls=179 time=201s
grid_c100_b2000_s10 ddmM acc=0.8565 resets=9 new_calls=252 time=53s
grid_c100_b2000_s10 ddm acc=0.8565 resets=9 new_calls=252 time=0s
grid_c100_b2000_s10 ddm+half acc=0.7766 resets=8 new_calls=292 time=24s
grid_c100_b2000_s10 ddm+hedge acc=0.8469 resets=8 new_calls=300 time=5s
grid_c100_b2000_s10 eddm acc=0.8368 resets=18 new_calls=361 time=47s
grid_c100_b2000_s10 eddm+half acc=0.7957 resets=30 new_calls=425 time=48s
grid_c100_b2000_s10 eddm+hedge acc=0.8152 resets=29 new_calls=475 time=44s
grid_c100_b2000_s10 fhddm acc=0.7215 resets=34 new_calls=613 time=106s
grid_c100_b2000_s10 fhddm+half acc=0.7819 resets=9 new_calls=618 time=5s
grid_c100_b2000_s10 fhddm+hedge acc=0.7688 resets=12 new_calls=683 time=80s
grid_c100_b2000_s10 hddma acc=0.8584 resets=8 new_calls=683 time=0s
grid_c100_b2000_s10 hddma+half acc=0.7756 resets=8 new_calls=687 time=6s
grid_c100_b2000_s10 hddma+hedge acc=0.8469 resets=8 new_calls=687 time=0s
grid_c100_b2000_s10 hddmw acc=0.8584 resets=8 new_calls=687 time=0s
grid_c100_b2000_s10 hddmw+half acc=0.7756 resets=8 new_calls=687 time=0s
grid_c100_b2000_s10 hddmw+hedge acc=0.8469 resets=8 new_calls=687 time=0s
grid_c100_b2000_s10 adwin acc=0.7902 resets=25 new_calls=783 time=127s
grid_c100_b2000_s10 adwin+half acc=0.7817 resets=17 new_calls=813 time=37s
grid_c100_b2000_s10 adwin+hedge acc=0.8296 resets=24 new_calls=874 time=73s
grid_c100_b2000_s10 ph acc=0.7851 resets=26 new_calls=958 time=90s
grid_c100_b2000_s10 ph+half acc=0.7863 resets=17 new_calls=977 time=12s
grid_c100_b2000_s10 ph+hedge acc=0.8309 resets=25 new_calls=1026 time=32s
grid_c100_b2000_s10 kswin acc=0.8561 resets=9 new_calls=1030 time=11s
grid_c100_b2000_s10 kswin+half acc=0.7756 resets=9 new_calls=1030 time=8s
grid_c100_b2000_s10 kswin+hedge acc=0.8345 resets=14 new_calls=1037 time=19s
STREAM_DONE 20:20:06 grid_c100_b2000_s10_tabdpt
hyperplane_s14 none acc=0.8485 resets=0 new_calls=169 time=165s
hyperplane_s14 ddmM acc=0.9182 resets=10 new_calls=266 time=77s
hyperplane_s14 ddm acc=0.9182 resets=10 new_calls=266 time=0s
hyperplane_s14 ddm+half acc=0.8609 resets=8 new_calls=329 time=48s
hyperplane_s14 ddm+hedge acc=0.9110 resets=10 new_calls=368 time=27s
hyperplane_s14 eddm acc=0.9126 resets=15 new_calls=414 time=34s
hyperplane_s14 eddm+half acc=0.8793 resets=33 new_calls=510 time=66s
hyperplane_s14 eddm+hedge acc=0.9079 resets=16 new_calls=539 time=20s
hyperplane_s14 fhddm acc=0.8597 resets=5 new_calls=589 time=33s
hyperplane_s14 fhddm+half acc=0.8554 resets=5 new_calls=621 time=21s
hyperplane_s14 fhddm+hedge acc=0.8587 resets=5 new_calls=630 time=5s
hyperplane_s14 hddma acc=0.9159 resets=8 new_calls=648 time=11s
hyperplane_s14 hddma+half acc=0.8599 resets=8 new_calls=692 time=19s
hyperplane_s14 hddma+hedge acc=0.9097 resets=8 new_calls=692 time=0s
hyperplane_s14 hddmw acc=0.8826 resets=4 new_calls=717 time=13s
hyperplane_s14 hddmw+half acc=0.8563 resets=4 new_calls=733 time=10s
hyperplane_s14 hddmw+hedge acc=0.8818 resets=4 new_calls=733 time=0s
hyperplane_s14 adwin acc=0.9171 resets=8 new_calls=733 time=0s
hyperplane_s14 adwin+half acc=0.8596 resets=10 new_calls=769 time=25s
hyperplane_s14 adwin+hedge acc=0.9090 resets=10 new_calls=780 time=6s
hyperplane_s14 ph acc=0.9009 resets=8 new_calls=798 time=12s
hyperplane_s14 ph+half acc=0.8646 resets=11 new_calls=837 time=23s
hyperplane_s14 ph+hedge acc=0.8961 resets=9 new_calls=843 time=2s
hyperplane_s14 kswin acc=0.8485 resets=0 new_calls=843 time=10s
hyperplane_s14 kswin+half acc=0.8485 resets=0 new_calls=843 time=10s
hyperplane_s14 kswin+hedge acc=0.8485 resets=0 new_calls=843 time=10s
STREAM_DONE 20:30:57 hyperplane_s14_M2000
sine_s11 none acc=0.5710 resets=0 new_calls=229 time=105s
sine_s11 ddmM acc=0.9501 resets=23 new_calls=323 time=39s
sine_s11 ddm acc=0.9501 resets=23 new_calls=323 time=0s
sine_s11 ddm+half acc=0.6269 resets=18 new_calls=427 time=31s
sine_s11 ddm+hedge acc=0.9428 resets=22 new_calls=475 time=12s
sine_s11 eddm acc=0.9512 resets=11 new_calls=484 time=2s
sine_s11 eddm+half acc=0.6690 resets=22 new_calls=547 time=16s
sine_s11 eddm+hedge acc=0.9432 resets=12 new_calls=547 time=0s
sine_s11 fhddm acc=0.6059 resets=11 new_calls=724 time=70s
sine_s11 fhddm+half acc=0.5939 resets=11 new_calls=787 time=25s
sine_s11 fhddm+hedge acc=0.6014 resets=11 new_calls=805 time=6s
sine_s11 hddma acc=0.9512 resets=11 new_calls=805 time=0s
sine_s11 hddma+half acc=0.6135 resets=11 new_calls=850 time=16s
sine_s11 hddma+hedge acc=0.9440 resets=11 new_calls=850 time=0s
sine_s11 hddmw acc=0.9512 resets=11 new_calls=850 time=0s
sine_s11 hddmw+half acc=0.6135 resets=11 new_calls=850 time=0s
sine_s11 hddmw+hedge acc=0.9440 resets=11 new_calls=850 time=0s
sine_s11 adwin acc=0.9512 resets=11 new_calls=850 time=0s
sine_s11 adwin+half acc=0.6554 resets=22 new_calls=904 time=21s
sine_s11 adwin+hedge acc=0.9419 resets=19 new_calls=976 time=26s
sine_s11 ph acc=0.9512 resets=11 new_calls=976 time=0s
sine_s11 ph+half acc=0.6476 resets=22 new_calls=985 time=3s
sine_s11 ph+hedge acc=0.9433 resets=14 new_calls=1011 time=9s
sine_s11 kswin acc=0.9512 resets=11 new_calls=1011 time=12s
sine_s11 kswin+half acc=0.6228 resets=14 new_calls=1011 time=11s
sine_s11 kswin+hedge acc=0.9437 resets=12 new_calls=1011 time=12s
STREAM_DONE 20:37:58 sine_s11_M2000
stagger_s13 none acc=0.7219 resets=0 new_calls=169 time=60s
stagger_s13 ddmM acc=0.9732 resets=8 new_calls=241 time=26s
stagger_s13 ddm acc=0.9732 resets=8 new_calls=241 time=0s
stagger_s13 ddm+half acc=0.7684 resets=9 new_calls=314 time=35s
stagger_s13 ddm+hedge acc=0.9732 resets=8 new_calls=314 time=0s
stagger_s13 eddm acc=0.9732 resets=8 new_calls=314 time=0s
stagger_s13 eddm+half acc=0.8375 resets=31 new_calls=389 time=28s
stagger_s13 eddm+hedge acc=0.9732 resets=8 new_calls=389 time=0s
stagger_s13 fhddm acc=0.7280 resets=8 new_calls=516 time=61s
stagger_s13 fhddm+half acc=0.7235 resets=8 new_calls=587 time=43s
stagger_s13 fhddm+hedge acc=0.7274 resets=8 new_calls=587 time=0s
stagger_s13 hddma acc=0.9732 resets=8 new_calls=587 time=0s
stagger_s13 hddma+half acc=0.7554 resets=9 new_calls=624 time=22s
stagger_s13 hddma+hedge acc=0.9732 resets=8 new_calls=624 time=0s
stagger_s13 hddmw acc=0.9732 resets=8 new_calls=624 time=0s
stagger_s13 hddmw+half acc=0.7474 resets=8 new_calls=641 time=10s
stagger_s13 hddmw+hedge acc=0.9732 resets=8 new_calls=641 time=0s
stagger_s13 adwin acc=0.9732 resets=8 new_calls=641 time=0s
stagger_s13 adwin+half acc=0.7504 resets=16 new_calls=641 time=0s
stagger_s13 adwin+hedge acc=0.9732 resets=8 new_calls=641 time=0s
stagger_s13 ph acc=0.9679 resets=8 new_calls=641 time=0s
stagger_s13 ph+half acc=0.7554 resets=16 new_calls=641 time=0s
stagger_s13 ph+hedge acc=0.9678 resets=8 new_calls=641 time=0s
stagger_s13 kswin acc=0.9732 resets=8 new_calls=641 time=8s
stagger_s13 kswin+half acc=0.7640 resets=13 new_calls=659 time=19s
stagger_s13 kswin+hedge acc=0.9732 resets=8 new_calls=659 time=8s
STREAM_DONE 20:43:22 stagger_s13_M2000
grid_c100_b2000_s10 none acc=0.6213 resets=0 new_calls=169 time=131s
grid_c100_b2000_s10 ddmM acc=0.8571 resets=8 new_calls=241 time=40s
grid_c100_b2000_s10 ddm acc=0.8571 resets=8 new_calls=241 time=0s
grid_c100_b2000_s10 ddm+half acc=0.6578 resets=8 new_calls=313 time=35s
grid_c100_b2000_s10 ddm+hedge acc=0.8460 resets=8 new_calls=313 time=0s
grid_c100_b2000_s10 eddm acc=0.7963 resets=32 new_calls=347 time=15s
grid_c100_b2000_s10 eddm+half acc=0.6898 resets=31 new_calls=428 time=37s
grid_c100_b2000_s10 eddm+hedge acc=0.7941 resets=28 new_calls=463 time=12s
grid_c100_b2000_s10 fhddm acc=0.6588 resets=55 new_calls=463 time=0s
grid_c100_b2000_s10 fhddm+half acc=0.6916 resets=10 new_calls=540 time=29s
grid_c100_b2000_s10 fhddm+hedge acc=0.6853 resets=23 new_calls=574 time=9s
grid_c100_b2000_s10 hddma acc=0.8571 resets=8 new_calls=574 time=0s
grid_c100_b2000_s10 hddma+half acc=0.6508 resets=8 new_calls=607 time=11s
grid_c100_b2000_s10 hddma+hedge acc=0.8460 resets=8 new_calls=607 time=0s
grid_c100_b2000_s10 hddmw acc=0.8571 resets=8 new_calls=607 time=0s
grid_c100_b2000_s10 hddmw+half acc=0.6647 resets=10 new_calls=607 time=0s
grid_c100_b2000_s10 hddmw+hedge acc=0.8460 resets=8 new_calls=607 time=0s
grid_c100_b2000_s10 adwin acc=0.7187 resets=34 new_calls=607 time=0s
grid_c100_b2000_s10 adwin+half acc=0.7030 resets=17 new_calls=625 time=6s
grid_c100_b2000_s10 adwin+hedge acc=0.7633 resets=36 new_calls=661 time=11s
grid_c100_b2000_s10 ph acc=0.7210 resets=33 new_calls=661 time=0s
grid_c100_b2000_s10 ph+half acc=0.7084 resets=17 new_calls=670 time=3s
grid_c100_b2000_s10 ph+hedge acc=0.7712 resets=33 new_calls=686 time=3s
grid_c100_b2000_s10 kswin acc=0.8135 resets=12 new_calls=703 time=12s
grid_c100_b2000_s10 kswin+half acc=0.6761 resets=13 new_calls=721 time=12s
grid_c100_b2000_s10 kswin+hedge acc=0.7688 resets=21 new_calls=741 time=11s
STREAM_DONE 20:49:43 grid_c100_b2000_s10_M2000
CHAIN_DONE 20:49:43
