Warning: You are sending unauthenticated requests to the HF Hub. Please set a HF_TOKEN to enable higher rate limits and faster downloads.
hyperplane_s10 none acc=0.9031 resets=0 new_calls=179 time=160s
hyperplane_s10 ddmM acc=0.9146 resets=9 new_calls=252 time=55s
hyperplane_s10 ddm acc=0.9146 resets=9 new_calls=252 time=0s
hyperplane_s10 ddm+half acc=0.9083 resets=6 new_calls=282 time=22s
hyperplane_s10 ddm+hedge acc=0.9159 resets=8 new_calls=309 time=22s
hyperplane_s10 eddm acc=0.9114 resets=19 new_calls=407 time=74s
hyperplane_s10 eddm+half acc=0.9129 resets=32 new_calls=515 time=86s
hyperplane_s10 eddm+hedge acc=0.9179 resets=15 new_calls=558 time=33s
hyperplane_s10 fhddm acc=0.9014 resets=3 new_calls=580 time=17s
hyperplane_s10 fhddm+half acc=0.9027 resets=3 new_calls=595 time=11s
hyperplane_s10 fhddm+hedge acc=0.9027 resets=3 new_calls=595 time=0s
hyperplane_s10 hddma acc=0.9141 resets=7 new_calls=604 time=8s
hyperplane_s10 hddma+half acc=0.9077 resets=6 new_calls=621 time=15s
hyperplane_s10 hddma+hedge acc=0.9152 resets=6 new_calls=621 time=1s
hyperplane_s10 hddmw acc=0.9031 resets=0 new_calls=621 time=0s
hyperplane_s10 hddmw+half acc=0.9031 resets=0 new_calls=621 time=0s
hyperplane_s10 hddmw+hedge acc=0.9031 resets=0 new_calls=621 time=0s
hyperplane_s10 adwin acc=0.9151 resets=6 new_calls=633 time=10s
hyperplane_s10 adwin+half acc=0.9082 resets=9 new_calls=647 time=10s
hyperplane_s10 adwin+hedge acc=0.9149 resets=7 new_calls=665 time=12s
hyperplane_s10 ph acc=0.9072 resets=6 new_calls=710 time=35s
hyperplane_s10 ph+half acc=0.9098 resets=6 new_calls=724 time=11s
hyperplane_s10 ph+hedge acc=0.9092 resets=6 new_calls=724 time=0s
hyperplane_s10 kswin acc=0.9031 resets=0 new_calls=724 time=16s
hyperplane_s10 kswin+half acc=0.9031 resets=0 new_calls=724 time=16s
hyperplane_s10 kswin+hedge acc=0.9031 resets=0 new_calls=724 time=16s
STREAM_DONE 19:36:29 hyperplane_s10_tabdpt
rbf_s10 none acc=0.9198 resets=0 new_calls=179 time=94s
rbf_s10 ddmM acc=0.9253 resets=17 new_calls=263 time=84s
rbf_s10 ddm acc=0.9253 resets=17 new_calls=263 time=0s
rbf_s10 ddm+half acc=0.9222 resets=18 new_calls=318 time=47s
rbf_s10 ddm+hedge acc=0.9254 resets=19 new_calls=348 time=22s
rbf_s10 eddm acc=0.9253 resets=18 new_calls=445 time=79s
rbf_s10 eddm+half acc=0.9220 resets=22 new_calls=514 time=55s
rbf_s10 eddm+hedge acc=0.9246 resets=20 new_calls=567 time=42s
rbf_s10 fhddm acc=0.9236 resets=8 new_calls=604 time=31s
rbf_s10 fhddm+half acc=0.9211 resets=8 new_calls=629 time=20s
rbf_s10 fhddm+hedge acc=0.9232 resets=8 new_calls=629 time=0s
rbf_s10 hddma acc=0.9279 resets=8 new_calls=629 time=0s
rbf_s10 hddma+half acc=0.9211 resets=8 new_calls=629 time=0s
rbf_s10 hddma+hedge acc=0.9260 resets=8 new_calls=629 time=0s
rbf_s10 hddmw acc=0.9279 resets=8 new_calls=629 time=0s
rbf_s10 hddmw+half acc=0.9211 resets=8 new_calls=629 time=0s
rbf_s10 hddmw+hedge acc=0.9260 resets=8 new_calls=629 time=0s
rbf_s10 adwin acc=0.9279 resets=8 new_calls=629 time=0s
rbf_s10 adwin+half acc=0.9211 resets=8 new_calls=629 time=0s
rbf_s10 adwin+hedge acc=0.9260 resets=8 new_calls=629 time=0s
rbf_s10 ph acc=0.9279 resets=8 new_calls=629 time=0s
rbf_s10 ph+half acc=0.9211 resets=8 new_calls=629 time=0s
rbf_s10 ph+hedge acc=0.9260 resets=8 new_calls=629 time=0s
rbf_s10 kswin acc=0.9279 resets=8 new_calls=629 time=15s
rbf_s10 kswin+half acc=0.9211 resets=8 new_calls=629 time=14s
rbf_s10 kswin+hedge acc=0.9260 resets=8 new_calls=629 time=14s
STREAM_DONE 19:45:12 rbf_s10_tabdpt
sea_s11 none acc=0.9715 resets=0 new_calls=179 time=91s
sea_s11 ddmM acc=0.9910 resets=22 new_calls=285 time=86s
sea_s11 ddm acc=0.9910 resets=22 new_calls=285 time=0s
sea_s11 ddm+half acc=0.9763 resets=17 new_calls=331 time=39s
sea_s11 ddm+hedge acc=0.9905 resets=16 new_calls=354 time=19s
sea_s11 eddm acc=0.9835 resets=8 new_calls=423 time=57s
sea_s11 eddm+half acc=0.9782 resets=9 new_calls=453 time=25s
sea_s11 eddm+hedge acc=0.9832 resets=8 new_calls=471 time=14s
sea_s11 fhddm acc=0.9715 resets=0 new_calls=471 time=0s
sea_s11 fhddm+half acc=0.9715 resets=0 new_calls=471 time=0s
sea_s11 fhddm+hedge acc=0.9715 resets=0 new_calls=471 time=0s
sea_s11 hddma acc=0.9781 resets=3 new_calls=489 time=16s
sea_s11 hddma+half acc=0.9754 resets=3 new_calls=504 time=14s
sea_s11 hddma+hedge acc=0.9780 resets=3 new_calls=504 time=1s
sea_s11 hddmw acc=0.9715 resets=0 new_calls=504 time=0s
sea_s11 hddmw+half acc=0.9715 resets=0 new_calls=504 time=0s
sea_s11 hddmw+hedge acc=0.9715 resets=0 new_calls=504 time=0s
sea_s11 adwin acc=0.9888 resets=8 new_calls=520 time=14s
sea_s11 adwin+half acc=0.9760 resets=10 new_calls=545 time=19s
sea_s11 adwin+hedge acc=0.9875 resets=8 new_calls=545 time=0s
sea_s11 ph acc=0.9742 resets=3 new_calls=563 time=15s
sea_s11 ph+half acc=0.9744 resets=3 new_calls=573 time=10s
sea_s11 ph+hedge acc=0.9739 resets=3 new_calls=573 time=0s
sea_s11 kswin acc=0.9715 resets=0 new_calls=573 time=15s
sea_s11 kswin+half acc=0.9715 resets=0 new_calls=573 time=14s
sea_s11 kswin+hedge acc=0.9715 resets=0 new_calls=573 time=15s
STREAM_DONE 19:53:02 sea_s11_tabdpt
Warning: You are sending unauthenticated requests to the HF Hub. Please set a HF_TOKEN to enable higher rate limits and faster downloads.
sine_s14 none acc=0.7751 resets=0 new_calls=239 time=163s
sine_s14 ddmM acc=0.9507 resets=28 new_calls=372 time=85s
sine_s14 ddm acc=0.9507 resets=28 new_calls=372 time=0s
sine_s14 ddm+half acc=0.8111 resets=16 new_calls=438 time=52s
sine_s14 ddm+hedge acc=0.9472 resets=31 new_calls=488 time=39s
sine_s14 eddm acc=0.9520 resets=11 new_calls=519 time=22s
sine_s14 eddm+half acc=0.8297 resets=16 new_calls=547 time=21s
sine_s14 eddm+hedge acc=0.9483 resets=12 new_calls=556 time=5s
sine_s14 fhddm acc=0.7828 resets=11 new_calls=655 time=63s
sine_s14 fhddm+half acc=0.7857 resets=11 new_calls=690 time=23s
sine_s14 fhddm+hedge acc=0.7828 resets=11 new_calls=690 time=0s
sine_s14 hddma acc=0.9520 resets=11 new_calls=690 time=1s
sine_s14 hddma+half acc=0.8111 resets=11 new_calls=690 time=0s
sine_s14 hddma+hedge acc=0.9485 resets=11 new_calls=690 time=1s
sine_s14 hddmw acc=0.9520 resets=11 new_calls=690 time=1s
sine_s14 hddmw+half acc=0.8111 resets=11 new_calls=690 time=1s
sine_s14 hddmw+hedge acc=0.9485 resets=11 new_calls=690 time=1s
sine_s14 adwin acc=0.9520 resets=11 new_calls=690 time=0s
sine_s14 adwin+half acc=0.8318 resets=22 new_calls=710 time=14s
sine_s14 adwin+hedge acc=0.9485 resets=12 new_calls=719 time=7s
sine_s14 ph acc=0.9520 resets=11 new_calls=719 time=0s
sine_s14 ph+half acc=0.8242 resets=22 new_calls=719 time=0s
sine_s14 ph+hedge acc=0.9483 resets=12 new_calls=728 time=8s
sine_s14 kswin acc=0.9520 resets=11 new_calls=728 time=19s
sine_s14 kswin+half acc=0.8284 resets=19 new_calls=728 time=17s
sine_s14 kswin+hedge acc=0.9486 resets=12 new_calls=737 time=27s
STREAM_DONE 20:02:35 sine_s14_tabdpt
grid_c100_b500_s10 none acc=0.4427 resets=0 new_calls=44 time=60s
grid_c100_b500_s10 ddmM acc=0.6745 resets=8 new_calls=83 time=51s
grid_c100_b500_s10 ddm acc=0.6745 resets=8 new_calls=83 time=0s
grid_c100_b500_s10 ddm+half acc=0.4911 resets=8 new_calls=117 time=37s
grid_c100_b500_s10 ddm+hedge acc=0.6568 resets=8 new_calls=117 time=0s
grid_c100_b500_s10 eddm acc=0.6282 resets=18 new_calls=136 time=20s
grid_c100_b500_s10 eddm+half acc=0.5089 resets=18 new_calls=166 time=26s
grid_c100_b500_s10 eddm+hedge acc=0.6361 resets=13 new_calls=169 time=2s
grid_c100_b500_s10 fhddm acc=0.5477 resets=9 new_calls=199 time=23s
grid_c100_b500_s10 fhddm+half acc=0.4707 resets=7 new_calls=225 time=21s
grid_c100_b500_s10 fhddm+hedge acc=0.5302 resets=8 new_calls=235 time=9s
grid_c100_b500_s10 hddma acc=0.6745 resets=8 new_calls=235 time=0s
grid_c100_b500_s10 hddma+half acc=0.4850 resets=8 new_calls=240 time=4s
grid_c100_b500_s10 hddma+hedge acc=0.6568 resets=8 new_calls=240 time=0s
grid_c100_b500_s10 hddmw acc=0.6745 resets=8 new_calls=240 time=0s
grid_c100_b500_s10 hddmw+half acc=0.4848 resets=8 new_calls=242 time=1s
grid_c100_b500_s10 hddmw+hedge acc=0.6568 resets=8 new_calls=242 time=0s
grid_c100_b500_s10 adwin acc=0.6745 resets=8 new_calls=242 time=0s
grid_c100_b500_s10 adwin+half acc=0.4455 resets=1 new_calls=242 time=0s
grid_c100_b500_s10 adwin+hedge acc=0.6514 resets=10 new_calls=242 time=0s
grid_c100_b500_s10 ph acc=0.5714 resets=8 new_calls=257 time=13s
grid_c100_b500_s10 ph+half acc=0.4961 resets=7 new_calls=269 time=9s
grid_c100_b500_s10 ph+hedge acc=0.5616 resets=8 new_calls=273 time=4s
grid_c100_b500_s10 kswin acc=0.6745 resets=8 new_calls=273 time=2s
grid_c100_b500_s10 kswin+half acc=0.4502 resets=3 new_calls=273 time=3s
grid_c100_b500_s10 kswin+hedge acc=0.6514 resets=9 new_calls=273 time=2s
STREAM_DONE 20:07:28 grid_c100_b500_s10_tabdpt
agrawal_s11 none acc=0.7467 resets=0 new_calls=229 time=182s
agrawal_s11 ddmM acc=0.9645 resets=24 new_calls=320 time=65s
agrawal_s11 ddm acc=0.9645 resets=24 new_calls=320 time=0s
agrawal_s11 ddm+half acc=0.7812 resets=11 new_calls=419 time=61s
agrawal_s11 ddm+hedge acc=0.9561 resets=17 new_calls=462 time=27s
agrawal_s11 eddm acc=0.9668 resets=11 new_calls=480 time=12s
agrawal_s11 eddm+half acc=0.8262 resets=39 new_calls=570 time=55s
agrawal_s11 eddm+hedge acc=0.9546 resets=14 new_calls=582 time=6s
agrawal_s11 fhddm acc=0.7864 resets=12 new_calls=706 time=67s
agrawal_s11 fhddm+half acc=0.7708 resets=11 new_calls=771 time=38s
agrawal_s11 fhddm+hedge acc=0.7680 resets=11 new_calls=854 time=43s
agrawal_s11 hddma acc=0.9668 resets=11 new_calls=854 time=0s
agrawal_s11 hddma+half acc=0.7736 resets=11 new_calls=908 time=31s
agrawal_s11 hddma+hedge acc=0.9588 resets=11 new_calls=908 time=0s
agrawal_s11 hddmw acc=0.9668 resets=11 new_calls=908 time=0s
agrawal_s11 hddmw+half acc=0.7800 resets=13 new_calls=935 time=15s
agrawal_s11 hddmw+hedge acc=0.9588 resets=11 new_calls=935 time=0s
agrawal_s11 adwin acc=0.9589 resets=14 new_calls=940 time=3s
agrawal_s11 adwin+half acc=0.7892 resets=22 new_calls=975 time=19s
agrawal_s11 adwin+hedge acc=0.9492 resets=23 new_calls=1029 time=24s
agrawal_s11 ph acc=0.9503 resets=12 new_calls=1054 time=13s
agrawal_s11 ph+half acc=0.7968 resets=22 new_calls=1066 time=5s
agrawal_s11 ph+hedge acc=0.9398 resets=17 new_calls=1087 time=8s
agrawal_s11 kswin acc=0.9300 resets=10 new_calls=1096 time=15s
agrawal_s11 kswin+half acc=0.7757 resets=12 new_calls=1107 time=19s
agrawal_s11 kswin+hedge acc=0.9223 resets=11 new_calls=1107 time=13s
STREAM_DONE 20:19:33 agrawal_s11_M2000
hyperplane_s13 none acc=0.8338 resets=0 new_calls=169 time=147s
hyperplane_s13 ddmM acc=0.9047 resets=10 new_calls=251 time=69s
hyperplane_s13 ddm acc=0.9053 resets=9 new_calls=251 time=0s
hyperplane_s13 ddm+half acc=0.8458 resets=5 new_calls=296 time=36s
hyperplane_s13 ddm+hedge acc=0.9020 resets=9 new_calls=314 time=15s
hyperplane_s13 eddm acc=0.8988 resets=23 new_calls=329 time=10s
hyperplane_s13 eddm+half acc=0.8546 resets=21 new_calls=386 time=43s
hyperplane_s13 eddm+hedge acc=0.8963 resets=23 new_calls=409 time=14s
hyperplane_s13 fhddm acc=0.8535 resets=6 new_calls=478 time=47s
hyperplane_s13 fhddm+half acc=0.8398 resets=8 new_calls=534 time=41s
hyperplane_s13 fhddm+hedge acc=0.8512 resets=8 new_calls=604 time=47s
hyperplane_s13 hddma acc=0.9131 resets=8 new_calls=622 time=13s
hyperplane_s13 hddma+half acc=0.8403 resets=4 new_calls=648 time=18s
hyperplane_s13 hddma+hedge acc=0.9064 resets=8 new_calls=648 time=0s
hyperplane_s13 hddmw acc=0.8987 resets=6 new_calls=657 time=6s
hyperplane_s13 hddmw+half acc=0.8436 resets=6 new_calls=684 time=18s
hyperplane_s13 hddmw+hedge acc=0.8944 resets=6 new_calls=684 time=0s
hyperplane_s13 adwin acc=0.9131 resets=8 new_calls=684 time=0s
hyperplane_s13 adwin+half acc=0.8440 resets=12 new_calls=730 time=22s
hyperplane_s13 adwin+hedge acc=0.9048 resets=10 new_calls=734 time=1s
hyperplane_s13 ph acc=0.8974 resets=8 new_calls=801 time=32s
hyperplane_s13 ph+half acc=0.8497 resets=10 new_calls=864 time=44s
hyperplane_s13 ph+hedge acc=0.8915 resets=8 new_calls=879 time=10s
hyperplane_s13 kswin acc=0.8465 resets=1 new_calls=879 time=9s
hyperplane_s13 kswin+half acc=0.8354 resets=1 new_calls=879 time=10s
hyperplane_s13 kswin+hedge acc=0.8454 resets=1 new_calls=879 time=10s
STREAM_DONE 20:30:38 hyperplane_s13_M2000
sine_s10 none acc=0.5746 resets=0 new_calls=229 time=103s
sine_s10 ddmM acc=0.9485 resets=26 new_calls=311 time=36s
sine_s10 ddm acc=0.9488 resets=25 new_calls=320 time=3s
sine_s10 ddm+half acc=0.6277 resets=11 new_calls=419 time=39s
sine_s10 ddm+hedge acc=0.9441 resets=13 new_calls=477 time=15s
sine_s10 eddm acc=0.9510 resets=11 new_calls=486 time=3s
sine_s10 eddm+half acc=0.6714 resets=19 new_calls=549 time=14s
sine_s10 eddm+hedge acc=0.9449 resets=11 new_calls=549 time=0s
sine_s10 fhddm acc=0.6072 resets=11 new_calls=726 time=64s
sine_s10 fhddm+half acc=0.5951 resets=11 new_calls=779 time=21s
sine_s10 fhddm+hedge acc=0.6017 resets=11 new_calls=836 time=22s
sine_s10 hddma acc=0.9510 resets=11 new_calls=836 time=0s
sine_s10 hddma+half acc=0.6151 resets=11 new_calls=881 time=18s
sine_s10 hddma+hedge acc=0.9449 resets=11 new_calls=881 time=0s
sine_s10 hddmw acc=0.9510 resets=11 new_calls=881 time=0s
sine_s10 hddmw+half acc=0.6151 resets=11 new_calls=881 time=0s
sine_s10 hddmw+hedge acc=0.9449 resets=11 new_calls=881 time=0s
sine_s10 adwin acc=0.9510 resets=11 new_calls=881 time=0s
sine_s10 adwin+half acc=0.6643 resets=22 new_calls=944 time=24s
sine_s10 adwin+hedge acc=0.9402 resets=19 new_calls=1014 time=25s
sine_s10 ph acc=0.9510 resets=11 new_calls=1014 time=0s
sine_s10 ph+half acc=0.6509 resets=22 new_calls=1041 time=9s
sine_s10 ph+hedge acc=0.9437 resets=14 new_calls=1067 time=9s
sine_s10 kswin acc=0.9510 resets=11 new_calls=1067 time=11s
sine_s10 kswin+half acc=0.6347 resets=18 new_calls=1093 time=21s
sine_s10 kswin+hedge acc=0.9449 resets=11 new_calls=1093 time=11s
STREAM_DONE 20:38:08 sine_s10_M2000
stagger_s14 none acc=0.7221 resets=0 new_calls=169 time=61s
stagger_s14 ddmM acc=0.9736 resets=8 new_calls=241 time=34s
stagger_s14 ddm acc=0.9736 resets=8 new_calls=241 time=0s
stagger_s14 ddm+half acc=0.7721 resets=9 new_calls=315 time=33s
stagger_s14 ddm+hedge acc=0.9731 resets=9 new_calls=324 time=3s
stagger_s14 eddm acc=0.9736 resets=8 new_calls=324 time=0s
stagger_s14 eddm+half acc=0.8199 resets=26 new_calls=381 time=19s
stagger_s14 eddm+hedge acc=0.9731 resets=8 new_calls=381 time=0s
stagger_s14 fhddm acc=0.7351 resets=8 new_calls=499 time=65s
stagger_s14 fhddm+half acc=0.7238 resets=8 new_calls=561 time=38s
stagger_s14 fhddm+hedge acc=0.7331 resets=8 new_calls=603 time=26s
stagger_s14 hddma acc=0.9736 resets=8 new_calls=603 time=0s
stagger_s14 hddma+half acc=0.7539 resets=8 new_calls=628 time=15s
stagger_s14 hddma+hedge acc=0.9731 resets=8 new_calls=628 time=0s
stagger_s14 hddmw acc=0.9736 resets=8 new_calls=628 time=0s
stagger_s14 hddmw+half acc=0.7740 resets=12 new_calls=669 time=23s
stagger_s14 hddmw+hedge acc=0.9731 resets=8 new_calls=669 time=0s
stagger_s14 adwin acc=0.9736 resets=8 new_calls=669 time=0s
stagger_s14 adwin+half acc=0.7546 resets=16 new_calls=690 time=13s
stagger_s14 adwin+hedge acc=0.9731 resets=8 new_calls=690 time=0s
stagger_s14 ph acc=0.9653 resets=8 new_calls=690 time=0s
stagger_s14 ph+half acc=0.7651 resets=16 new_calls=705 time=9s
stagger_s14 ph+hedge acc=0.9649 resets=8 new_calls=705 time=0s
stagger_s14 kswin acc=0.9475 resets=7 new_calls=705 time=8s
stagger_s14 kswin+half acc=0.7488 resets=9 new_calls=705 time=8s
stagger_s14 kswin+hedge acc=0.9470 resets=7 new_calls=705 time=8s
STREAM_DONE 20:44:15 stagger_s14_M2000
CHAIN_DONE 20:44:15
