Warning: You are sending unauthenticated requests to the HF Hub. Please set a HF_TOKEN to enable higher rate limits and faster downloads.
hyperplane_s11 none acc=0.9124 resets=0 new_calls=179 time=158s
hyperplane_s11 ddmM acc=0.9194 resets=10 new_calls=255 time=61s
hyperplane_s11 ddm acc=0.9194 resets=10 new_calls=255 time=0s
hyperplane_s11 ddm+half acc=0.9177 resets=10 new_calls=297 time=40s
hyperplane_s11 ddm+hedge acc=0.9212 resets=10 new_calls=333 time=28s
hyperplane_s11 eddm acc=0.9179 resets=19 new_calls=442 time=87s
hyperplane_s11 eddm+half acc=0.9177 resets=23 new_calls=523 time=62s
hyperplane_s11 eddm+hedge acc=0.9239 resets=23 new_calls=604 time=60s
hyperplane_s11 fhddm acc=0.9122 resets=1 new_calls=613 time=7s
hyperplane_s11 fhddm+half acc=0.9125 resets=1 new_calls=618 time=4s
hyperplane_s11 fhddm+hedge acc=0.9126 resets=1 new_calls=618 time=0s
hyperplane_s11 hddma acc=0.9153 resets=3 new_calls=623 time=4s
hyperplane_s11 hddma+half acc=0.9142 resets=2 new_calls=624 time=1s
hyperplane_s11 hddma+hedge acc=0.9148 resets=2 new_calls=624 time=0s
hyperplane_s11 hddmw acc=0.9124 resets=0 new_calls=624 time=0s
hyperplane_s11 hddmw+half acc=0.9124 resets=0 new_calls=624 time=0s
hyperplane_s11 hddmw+hedge acc=0.9124 resets=0 new_calls=624 time=0s
hyperplane_s11 adwin acc=0.9175 resets=8 new_calls=629 time=4s
hyperplane_s11 adwin+half acc=0.9175 resets=8 new_calls=635 time=5s
hyperplane_s11 adwin+hedge acc=0.9190 resets=7 new_calls=647 time=8s
hyperplane_s11 ph acc=0.9159 resets=4 new_calls=674 time=23s
hyperplane_s11 ph+half acc=0.9154 resets=5 new_calls=684 time=9s
hyperplane_s11 ph+hedge acc=0.9151 resets=4 new_calls=702 time=16s
hyperplane_s11 kswin acc=0.9124 resets=0 new_calls=702 time=16s
hyperplane_s11 kswin+half acc=0.9124 resets=0 new_calls=702 time=17s
hyperplane_s11 kswin+hedge acc=0.9124 resets=0 new_calls=702 time=17s
STREAM_DONE 19:36:28 hyperplane_s11_tabdpt
Warning: You are sending unauthenticated requests to the HF Hub. Please set a HF_TOKEN to enable higher rate limits and faster downloads.
hyperplane_s14 none acc=0.8928 resets=0 new_calls=179 time=103s
hyperplane_s14 ddmM acc=0.9186 resets=17 new_calls=270 time=94s
hyperplane_s14 ddm acc=0.9186 resets=17 new_calls=270 time=0s
hyperplane_s14 ddm+half acc=0.9003 resets=8 new_calls=301 time=27s
hyperplane_s14 ddm+hedge acc=0.9222 resets=9 new_calls=333 time=27s
hyperplane_s14 eddm acc=0.9146 resets=22 new_calls=413 time=69s
hyperplane_s14 eddm+half acc=0.9050 resets=25 new_calls=493 time=66s
hyperplane_s14 eddm+hedge acc=0.9198 resets=19 new_calls=549 time=45s
hyperplane_s14 fhddm acc=0.8891 resets=5 new_calls=594 time=40s
hyperplane_s14 fhddm+half acc=0.8922 resets=5 new_calls=613 time=15s
hyperplane_s14 fhddm+hedge acc=0.8923 resets=5 new_calls=617 time=3s
hyperplane_s14 hddma acc=0.9217 resets=8 new_calls=630 time=7s
hyperplane_s14 hddma+half acc=0.9007 resets=8 new_calls=640 time=6s
hyperplane_s14 hddma+hedge acc=0.9208 resets=8 new_calls=640 time=0s
hyperplane_s14 hddmw acc=0.9071 resets=4 new_calls=649 time=6s
hyperplane_s14 hddmw+half acc=0.8978 resets=4 new_calls=649 time=0s
hyperplane_s14 hddmw+hedge acc=0.9079 resets=4 new_calls=649 time=0s
hyperplane_s14 adwin acc=0.9217 resets=8 new_calls=649 time=0s
hyperplane_s14 adwin+half acc=0.9016 resets=12 new_calls=680 time=17s
hyperplane_s14 adwin+hedge acc=0.9205 resets=9 new_calls=685 time=2s
hyperplane_s14 ph acc=0.9053 resets=8 new_calls=742 time=24s
hyperplane_s14 ph+half acc=0.9032 resets=9 new_calls=759 time=8s
hyperplane_s14 ph+hedge acc=0.9072 resets=8 new_calls=759 time=0s
hyperplane_s14 kswin acc=0.8928 resets=0 new_calls=759 time=16s
hyperplane_s14 kswin+half acc=0.8928 resets=0 new_calls=759 time=16s
hyperplane_s14 kswin+hedge acc=0.8928 resets=0 new_calls=759 time=16s
STREAM_DONE 19:46:41 hyperplane_s14_tabdpt
sine_s12 none acc=0.7774 resets=0 new_calls=239 time=200s
sine_s12 ddmM acc=0.9476 resets=28 new_calls=360 time=96s
sine_s12 ddm acc=0.9476 resets=28 new_calls=360 time=0s
sine_s12 ddm+half acc=0.8103 resets=11 new_calls=415 time=42s
sine_s12 ddm+hedge acc=0.9487 resets=22 new_calls=468 time=35s
sine_s12 eddm acc=0.9518 resets=11 new_calls=483 time=11s
sine_s12 eddm+half acc=0.8489 resets=25 new_calls=523 time=26s
sine_s12 eddm+hedge acc=0.9497 resets=11 new_calls=523 time=0s
sine_s12 fhddm acc=0.7836 resets=11 new_calls=616 time=62s
sine_s12 fhddm+half acc=0.7866 resets=11 new_calls=651 time=22s
sine_s12 fhddm+hedge acc=0.7846 resets=11 new_calls=651 time=0s
sine_s12 hddma acc=0.9518 resets=11 new_calls=651 time=1s
sine_s12 hddma+half acc=0.8103 resets=11 new_calls=651 time=1s
sine_s12 hddma+hedge acc=0.9497 resets=11 new_calls=651 time=1s
sine_s12 hddmw acc=0.9518 resets=11 new_calls=651 time=0s
sine_s12 hddmw+half acc=0.8103 resets=11 new_calls=651 time=0s
sine_s12 hddmw+hedge acc=0.9497 resets=11 new_calls=651 time=1s
sine_s12 adwin acc=0.9518 resets=11 new_calls=651 time=0s
sine_s12 adwin+half acc=0.8285 resets=22 new_calls=666 time=9s
sine_s12 adwin+hedge acc=0.9490 resets=13 new_calls=675 time=6s
sine_s12 ph acc=0.9518 resets=11 new_calls=675 time=0s
sine_s12 ph+half acc=0.8205 resets=22 new_calls=675 time=0s
sine_s12 ph+hedge acc=0.9497 resets=12 new_calls=683 time=5s
sine_s12 kswin acc=0.9518 resets=11 new_calls=683 time=19s
sine_s12 kswin+half acc=0.8264 resets=19 new_calls=683 time=17s
sine_s12 kswin+hedge acc=0.9497 resets=11 new_calls=683 time=19s
STREAM_DONE 19:56:18 sine_s12_tabdpt
stagger_s14 none acc=0.8582 resets=0 new_calls=179 time=140s
stagger_s14 ddmM acc=0.9736 resets=8 new_calls=251 time=48s
stagger_s14 ddm acc=0.9736 resets=8 new_calls=251 time=0s
stagger_s14 ddm+half acc=0.8841 resets=8 new_calls=291 time=26s
stagger_s14 ddm+hedge acc=0.9736 resets=8 new_calls=291 time=0s
stagger_s14 eddm acc=0.9736 resets=8 new_calls=291 time=0s
stagger_s14 eddm+half acc=0.9068 resets=19 new_calls=328 time=22s
stagger_s14 eddm+hedge acc=0.9736 resets=8 new_calls=328 time=0s
stagger_s14 fhddm acc=0.8593 resets=8 new_calls=400 time=50s
stagger_s14 fhddm+half acc=0.8593 resets=8 new_calls=440 time=27s
stagger_s14 fhddm+hedge acc=0.8593 resets=8 new_calls=440 time=0s
stagger_s14 hddma acc=0.9736 resets=8 new_calls=440 time=1s
stagger_s14 hddma+half acc=0.8820 resets=8 new_calls=444 time=4s
stagger_s14 hddma+hedge acc=0.9736 resets=8 new_calls=444 time=1s
stagger_s14 hddmw acc=0.9736 resets=8 new_calls=444 time=1s
stagger_s14 hddmw+half acc=0.8820 resets=8 new_calls=444 time=1s
stagger_s14 hddmw+hedge acc=0.9736 resets=8 new_calls=444 time=0s
stagger_s14 adwin acc=0.9736 resets=8 new_calls=444 time=0s
stagger_s14 adwin+half acc=0.8837 resets=16 new_calls=449 time=3s
stagger_s14 adwin+hedge acc=0.9736 resets=8 new_calls=449 time=0s
stagger_s14 ph acc=0.9653 resets=8 new_calls=461 time=7s
stagger_s14 ph+half acc=0.8932 resets=16 new_calls=475 time=9s
stagger_s14 ph+hedge acc=0.9653 resets=8 new_calls=475 time=0s
stagger_s14 kswin acc=0.9623 resets=8 new_calls=475 time=16s
stagger_s14 kswin+half acc=0.8813 resets=12 new_calls=475 time=13s
stagger_s14 kswin+hedge acc=0.9623 resets=8 new_calls=475 time=14s
STREAM_DONE 20:02:44 stagger_s14_tabdpt
grid_c100_b500_s11 none acc=0.4020 resets=0 new_calls=44 time=65s
grid_c100_b500_s11 ddmM acc=0.6670 resets=8 new_calls=83 time=51s
grid_c100_b500_s11 ddm acc=0.6670 resets=8 new_calls=83 time=0s
grid_c100_b500_s11 ddm+half acc=0.4616 resets=8 new_calls=118 time=34s
grid_c100_b500_s11 ddm+hedge acc=0.6489 resets=8 new_calls=118 time=0s
grid_c100_b500_s11 eddm acc=0.5905 resets=25 new_calls=141 time=25s
grid_c100_b500_s11 eddm+half acc=0.4884 resets=19 new_calls=170 time=22s
grid_c100_b500_s11 eddm+hedge acc=0.6193 resets=13 new_calls=176 time=5s
grid_c100_b500_s11 fhddm acc=0.5100 resets=9 new_calls=202 time=20s
grid_c100_b500_s11 fhddm+half acc=0.4395 resets=6 new_calls=225 time=18s
grid_c100_b500_s11 fhddm+hedge acc=0.5032 resets=10 new_calls=234 time=8s
grid_c100_b500_s11 hddma acc=0.6670 resets=8 new_calls=234 time=0s
grid_c100_b500_s11 hddma+half acc=0.4582 resets=8 new_calls=249 time=13s
grid_c100_b500_s11 hddma+hedge acc=0.6489 resets=8 new_calls=249 time=0s
grid_c100_b500_s11 hddmw acc=0.6670 resets=8 new_calls=249 time=0s
grid_c100_b500_s11 hddmw+half acc=0.4536 resets=8 new_calls=249 time=0s
grid_c100_b500_s11 hddmw+hedge acc=0.6489 resets=8 new_calls=249 time=0s
grid_c100_b500_s11 adwin acc=0.6205 resets=8 new_calls=255 time=5s
grid_c100_b500_s11 adwin+half acc=0.4068 resets=1 new_calls=255 time=0s
grid_c100_b500_s11 adwin+hedge acc=0.5500 resets=9 new_calls=265 time=7s
grid_c100_b500_s11 ph acc=0.5805 resets=8 new_calls=280 time=10s
grid_c100_b500_s11 ph+half acc=0.4068 resets=1 new_calls=280 time=0s
grid_c100_b500_s11 ph+hedge acc=0.5673 resets=9 new_calls=286 time=4s
grid_c100_b500_s11 kswin acc=0.6607 resets=9 new_calls=286 time=2s
grid_c100_b500_s11 kswin+half acc=0.4455 resets=7 new_calls=286 time=2s
grid_c100_b500_s11 kswin+hedge acc=0.6409 resets=9 new_calls=288 time=4s
STREAM_DONE 20:07:43 grid_c100_b500_s11_tabdpt
agrawal_s12 none acc=0.7508 resets=0 new_calls=229 time=184s
agrawal_s12 ddmM acc=0.9653 resets=13 new_calls=326 time=70s
agrawal_s12 ddm acc=0.9653 resets=13 new_calls=326 time=0s
agrawal_s12 ddm+half acc=0.7853 resets=13 new_calls=425 time=59s
agrawal_s12 ddm+hedge acc=0.9568 resets=11 new_calls=443 time=12s
agrawal_s12 eddm acc=0.9658 resets=11 new_calls=443 time=0s
agrawal_s12 eddm+half acc=0.8296 resets=36 new_calls=544 time=62s
agrawal_s12 eddm+hedge acc=0.9527 resets=14 new_calls=551 time=4s
agrawal_s12 fhddm acc=0.7872 resets=12 new_calls=714 time=86s
agrawal_s12 fhddm+half acc=0.7766 resets=11 new_calls=785 time=40s
agrawal_s12 fhddm+hedge acc=0.7805 resets=11 new_calls=827 time=22s
agrawal_s12 hddma acc=0.9658 resets=11 new_calls=827 time=0s
agrawal_s12 hddma+half acc=0.7730 resets=11 new_calls=873 time=27s
agrawal_s12 hddma+hedge acc=0.9568 resets=11 new_calls=873 time=0s
agrawal_s12 hddmw acc=0.9658 resets=11 new_calls=873 time=0s
agrawal_s12 hddmw+half acc=0.7730 resets=11 new_calls=873 time=0s
agrawal_s12 hddmw+hedge acc=0.9568 resets=11 new_calls=873 time=0s
agrawal_s12 adwin acc=0.9645 resets=12 new_calls=873 time=0s
agrawal_s12 adwin+half acc=0.7849 resets=22 new_calls=922 time=28s
agrawal_s12 adwin+hedge acc=0.9464 resets=24 new_calls=1004 time=38s
agrawal_s12 ph acc=0.9572 resets=11 new_calls=1013 time=5s
agrawal_s12 ph+half acc=0.7911 resets=22 new_calls=1024 time=6s
agrawal_s12 ph+hedge acc=0.9407 resets=18 new_calls=1042 time=8s
agrawal_s12 kswin acc=0.9658 resets=11 new_calls=1042 time=11s
agrawal_s12 kswin+half acc=0.7730 resets=11 new_calls=1042 time=11s
agrawal_s12 kswin+hedge acc=0.9534 resets=13 new_calls=1058 time=18s
STREAM_DONE 20:19:18 agrawal_s12_M2000
hyperplane_s12 none acc=0.8666 resets=0 new_calls=169 time=135s
hyperplane_s12 ddmM acc=0.9084 resets=13 new_calls=229 time=53s
hyperplane_s12 ddm acc=0.9084 resets=13 new_calls=229 time=0s
hyperplane_s12 ddm+half acc=0.8773 resets=7 new_calls=275 time=39s
hyperplane_s12 ddm+hedge acc=0.8997 resets=10 new_calls=316 time=32s
hyperplane_s12 eddm acc=0.8998 resets=25 new_calls=335 time=15s
hyperplane_s12 eddm+half acc=0.8792 resets=17 new_calls=385 time=37s
hyperplane_s12 eddm+hedge acc=0.9013 resets=25 new_calls=439 time=35s
hyperplane_s12 fhddm acc=0.8774 resets=4 new_calls=477 time=27s
hyperplane_s12 fhddm+half acc=0.8689 resets=4 new_calls=509 time=24s
hyperplane_s12 fhddm+hedge acc=0.8746 resets=4 new_calls=515 time=5s
hyperplane_s12 hddma acc=0.9051 resets=6 new_calls=529 time=10s
hyperplane_s12 hddma+half acc=0.8722 resets=3 new_calls=547 time=13s
hyperplane_s12 hddma+hedge acc=0.8989 resets=6 new_calls=547 time=0s
hyperplane_s12 hddmw acc=0.8740 resets=1 new_calls=556 time=7s
hyperplane_s12 hddmw+half acc=0.8707 resets=2 new_calls=568 time=8s
hyperplane_s12 hddmw+hedge acc=0.8732 resets=1 new_calls=568 time=0s
hyperplane_s12 adwin acc=0.9048 resets=6 new_calls=583 time=10s
hyperplane_s12 adwin+half acc=0.8761 resets=8 new_calls=635 time=39s
hyperplane_s12 adwin+hedge acc=0.8959 resets=7 new_calls=644 time=7s
hyperplane_s12 ph acc=0.8944 resets=6 new_calls=687 time=29s
hyperplane_s12 ph+half acc=0.8773 resets=8 new_calls=728 time=26s
hyperplane_s12 ph+hedge acc=0.8893 resets=6 new_calls=737 time=4s
hyperplane_s12 kswin acc=0.8666 resets=0 new_calls=737 time=10s
hyperplane_s12 kswin+half acc=0.8666 resets=0 new_calls=737 time=9s
hyperplane_s12 kswin+hedge acc=0.8666 resets=0 new_calls=737 time=10s
STREAM_DONE 20:29:04 hyperplane_s12_M2000
sea_s13 none acc=0.9467 resets=0 new_calls=169 time=90s
sea_s13 ddmM acc=0.9873 resets=26 new_calls=225 time=21s
sea_s13 ddm acc=0.9873 resets=26 new_calls=225 time=0s
sea_s13 ddm+half acc=0.9562 resets=12 new_calls=286 time=25s
sea_s13 ddm+hedge acc=0.9843 resets=16 new_calls=333 time=21s
sea_s13 eddm acc=0.9825 resets=8 new_calls=404 time=31s
sea_s13 eddm+half acc=0.9635 resets=15 new_calls=486 time=36s
sea_s13 eddm+hedge acc=0.9816 resets=8 new_calls=495 time=4s
sea_s13 fhddm acc=0.9467 resets=0 new_calls=495 time=0s
sea_s13 fhddm+half acc=0.9467 resets=0 new_calls=495 time=0s
sea_s13 fhddm+hedge acc=0.9467 resets=0 new_calls=495 time=0s
sea_s13 hddma acc=0.9591 resets=3 new_calls=527 time=13s
sea_s13 hddma+half acc=0.9547 resets=3 new_calls=545 time=7s
sea_s13 hddma+hedge acc=0.9579 resets=3 new_calls=562 time=7s
sea_s13 hddmw acc=0.9467 resets=0 new_calls=562 time=0s
sea_s13 hddmw+half acc=0.9467 resets=0 new_calls=562 time=0s
sea_s13 hddmw+hedge acc=0.9467 resets=0 new_calls=562 time=0s
sea_s13 adwin acc=0.9859 resets=8 new_calls=584 time=9s
sea_s13 adwin+half acc=0.9531 resets=7 new_calls=627 time=13s
sea_s13 adwin+hedge acc=0.9830 resets=8 new_calls=627 time=0s
sea_s13 ph acc=0.9650 resets=5 new_calls=664 time=11s
sea_s13 ph+half acc=0.9560 resets=4 new_calls=673 time=2s
sea_s13 ph+hedge acc=0.9636 resets=5 new_calls=691 time=4s
sea_s13 kswin acc=0.9467 resets=0 new_calls=691 time=9s
sea_s13 kswin+half acc=0.9467 resets=0 new_calls=691 time=9s
sea_s13 kswin+hedge acc=0.9467 resets=0 new_calls=691 time=10s
STREAM_DONE 20:34:31 sea_s13_M2000
stagger_s12 none acc=0.7193 resets=0 new_calls=169 time=74s
stagger_s12 ddmM acc=0.9734 resets=8 new_calls=241 time=28s
stagger_s12 ddm acc=0.9734 resets=8 new_calls=241 time=0s
stagger_s12 ddm+half acc=0.7591 resets=8 new_calls=313 time=30s
stagger_s12 ddm+hedge acc=0.9732 resets=9 new_calls=322 time=4s
stagger_s12 eddm acc=0.9734 resets=8 new_calls=322 time=0s
stagger_s12 eddm+half acc=0.8218 resets=24 new_calls=385 time=23s
stagger_s12 eddm+hedge acc=0.9732 resets=8 new_calls=385 time=0s
stagger_s12 fhddm acc=0.7286 resets=8 new_calls=511 time=40s
stagger_s12 fhddm+half acc=0.7220 resets=8 new_calls=573 time=19s
stagger_s12 fhddm+hedge acc=0.7242 resets=8 new_calls=591 time=8s
stagger_s12 hddma acc=0.9734 resets=8 new_calls=591 time=0s
stagger_s12 hddma+half acc=0.7570 resets=9 new_calls=627 time=14s
stagger_s12 hddma+hedge acc=0.9732 resets=8 new_calls=627 time=0s
stagger_s12 hddmw acc=0.9734 resets=8 new_calls=627 time=0s
stagger_s12 hddmw+half acc=0.7554 resets=9 new_calls=636 time=4s
stagger_s12 hddmw+hedge acc=0.9732 resets=8 new_calls=636 time=0s
stagger_s12 adwin acc=0.9734 resets=8 new_calls=636 time=0s
stagger_s12 adwin+half acc=0.7483 resets=16 new_calls=645 time=3s
stagger_s12 adwin+hedge acc=0.9732 resets=8 new_calls=645 time=0s
stagger_s12 ph acc=0.9643 resets=8 new_calls=645 time=0s
stagger_s12 ph+half acc=0.7603 resets=16 new_calls=661 time=5s
stagger_s12 ph+hedge acc=0.9642 resets=8 new_calls=661 time=0s
stagger_s12 kswin acc=0.9734 resets=8 new_calls=661 time=8s
stagger_s12 kswin+half acc=0.7566 resets=13 new_calls=661 time=8s
stagger_s12 kswin+hedge acc=0.9732 resets=8 new_calls=661 time=10s
STREAM_DONE 20:39:12 stagger_s12_M2000
grid_c5_b2000_s10 none acc=0.6928 resets=0 new_calls=169 time=98s
grid_c5_b2000_s10 ddmM acc=0.9697 resets=14 new_calls=223 time=33s
grid_c5_b2000_s10 ddm acc=0.9697 resets=14 new_calls=223 time=0s
grid_c5_b2000_s10 ddm+half acc=0.7364 resets=9 new_calls=295 time=51s
grid_c5_b2000_s10 ddm+hedge acc=0.9695 resets=15 new_calls=338 time=29s
grid_c5_b2000_s10 eddm acc=0.9698 resets=8 new_calls=352 time=11s
grid_c5_b2000_s10 eddm+half acc=0.7898 resets=24 new_calls=406 time=38s
grid_c5_b2000_s10 eddm+hedge acc=0.9695 resets=8 new_calls=406 time=0s
grid_c5_b2000_s10 fhddm acc=0.7064 resets=8 new_calls=524 time=71s
grid_c5_b2000_s10 fhddm+half acc=0.6932 resets=8 new_calls=574 time=32s
grid_c5_b2000_s10 fhddm+hedge acc=0.7004 resets=8 new_calls=598 time=12s
grid_c5_b2000_s10 hddma acc=0.9698 resets=8 new_calls=598 time=0s
grid_c5_b2000_s10 hddma+half acc=0.7207 resets=8 new_calls=643 time=27s
grid_c5_b2000_s10 hddma+hedge acc=0.9695 resets=8 new_calls=643 time=0s
grid_c5_b2000_s10 hddmw acc=0.9698 resets=8 new_calls=643 time=0s
grid_c5_b2000_s10 hddmw+half acc=0.7531 resets=11 new_calls=661 time=11s
grid_c5_b2000_s10 hddmw+hedge acc=0.9695 resets=8 new_calls=661 time=0s
grid_c5_b2000_s10 adwin acc=0.9698 resets=8 new_calls=661 time=0s
grid_c5_b2000_s10 adwin+half acc=0.7225 resets=16 new_calls=670 time=5s
grid_c5_b2000_s10 adwin+hedge acc=0.9695 resets=8 new_calls=670 time=0s
grid_c5_b2000_s10 ph acc=0.9698 resets=8 new_calls=670 time=0s
grid_c5_b2000_s10 ph+half acc=0.7225 resets=16 new_calls=670 time=0s
grid_c5_b2000_s10 ph+hedge acc=0.9695 resets=8 new_calls=670 time=0s
grid_c5_b2000_s10 kswin acc=0.9698 resets=8 new_calls=670 time=8s
grid_c5_b2000_s10 kswin+half acc=0.7344 resets=14 new_calls=688 time=18s
grid_c5_b2000_s10 kswin+hedge acc=0.9695 resets=8 new_calls=688 time=8s
STREAM_DONE 20:46:46 grid_c5_b2000_s10_M2000
CHAIN_DONE 20:46:46
