Warning: You are sending unauthenticated requests to the HF Hub. Please set a HF_TOKEN to enable higher rate limits and faster downloads.
hyperplane_s12 none acc=0.9026 resets=0 new_calls=179 time=160s
hyperplane_s12 ddmM acc=0.9166 resets=19 new_calls=264 time=65s
hyperplane_s12 ddm acc=0.9166 resets=19 new_calls=264 time=0s
hyperplane_s12 ddm+half acc=0.9088 resets=11 new_calls=296 time=23s
hyperplane_s12 ddm+hedge acc=0.9179 resets=12 new_calls=346 time=39s
hyperplane_s12 eddm acc=0.9103 resets=22 new_calls=425 time=61s
hyperplane_s12 eddm+half acc=0.9126 resets=33 new_calls=528 time=84s
hyperplane_s12 eddm+hedge acc=0.9175 resets=25 new_calls=606 time=64s
hyperplane_s12 fhddm acc=0.8989 resets=4 new_calls=630 time=17s
hyperplane_s12 fhddm+half acc=0.9023 resets=4 new_calls=641 time=8s
hyperplane_s12 fhddm+hedge acc=0.9027 resets=4 new_calls=641 time=0s
hyperplane_s12 hddma acc=0.9142 resets=6 new_calls=653 time=10s
hyperplane_s12 hddma+half acc=0.9064 resets=5 new_calls=659 time=5s
hyperplane_s12 hddma+hedge acc=0.9154 resets=6 new_calls=659 time=0s
hyperplane_s12 hddmw acc=0.9069 resets=2 new_calls=668 time=7s
hyperplane_s12 hddmw+half acc=0.9071 resets=2 new_calls=669 time=1s
hyperplane_s12 hddmw+hedge acc=0.9066 resets=2 new_calls=669 time=0s
hyperplane_s12 adwin acc=0.9147 resets=7 new_calls=678 time=8s
hyperplane_s12 adwin+half acc=0.9065 resets=9 new_calls=693 time=11s
hyperplane_s12 adwin+hedge acc=0.9163 resets=6 new_calls=693 time=0s
hyperplane_s12 ph acc=0.9083 resets=3 new_calls=702 time=6s
hyperplane_s12 ph+half acc=0.9088 resets=3 new_calls=707 time=4s
hyperplane_s12 ph+hedge acc=0.9078 resets=3 new_calls=707 time=0s
hyperplane_s12 kswin acc=0.9026 resets=0 new_calls=707 time=14s
hyperplane_s12 kswin+half acc=0.9026 resets=0 new_calls=707 time=17s
hyperplane_s12 kswin+hedge acc=0.9026 resets=0 new_calls=707 time=17s
STREAM_DONE 19:36:26 hyperplane_s12_tabdpt
Warning: You are sending unauthenticated requests to the HF Hub. Please set a HF_TOKEN to enable higher rate limits and faster downloads.
hyperplane_s13 none acc=0.8863 resets=0 new_calls=179 time=86s
hyperplane_s13 ddmM acc=0.9196 resets=10 new_calls=253 time=69s
hyperplane_s13 ddm acc=0.9196 resets=10 new_calls=253 time=0s
hyperplane_s13 ddm+half acc=0.8954 resets=11 new_calls=290 time=37s
hyperplane_s13 ddm+hedge acc=0.9158 resets=8 new_calls=307 time=17s
hyperplane_s13 eddm acc=0.9088 resets=20 new_calls=372 time=51s
hyperplane_s13 eddm+half acc=0.8983 resets=27 new_calls=447 time=63s
hyperplane_s13 eddm+hedge acc=0.9140 resets=15 new_calls=510 time=52s
hyperplane_s13 fhddm acc=0.8782 resets=8 new_calls=574 time=52s
hyperplane_s13 fhddm+half acc=0.8858 resets=8 new_calls=609 time=31s
hyperplane_s13 fhddm+hedge acc=0.8858 resets=8 new_calls=609 time=0s
hyperplane_s13 hddma acc=0.9196 resets=8 new_calls=609 time=0s
hyperplane_s13 hddma+half acc=0.8928 resets=7 new_calls=622 time=12s
hyperplane_s13 hddma+hedge acc=0.9173 resets=8 new_calls=622 time=0s
hyperplane_s13 hddmw acc=0.9126 resets=6 new_calls=631 time=7s
hyperplane_s13 hddmw+half acc=0.8935 resets=6 new_calls=636 time=4s
hyperplane_s13 hddmw+hedge acc=0.9109 resets=6 new_calls=636 time=0s
hyperplane_s13 adwin acc=0.9196 resets=8 new_calls=636 time=0s
hyperplane_s13 adwin+half acc=0.8933 resets=13 new_calls=657 time=14s
hyperplane_s13 adwin+hedge acc=0.9171 resets=9 new_calls=661 time=3s
hyperplane_s13 ph acc=0.9044 resets=8 new_calls=696 time=20s
hyperplane_s13 ph+half acc=0.8958 resets=10 new_calls=719 time=12s
hyperplane_s13 ph+hedge acc=0.9035 resets=8 new_calls=719 time=0s
hyperplane_s13 kswin acc=0.8863 resets=0 new_calls=719 time=18s
hyperplane_s13 kswin+half acc=0.8863 resets=0 new_calls=719 time=16s
hyperplane_s13 kswin+hedge acc=0.8863 resets=0 new_calls=719 time=18s
STREAM_DONE 19:46:14 hyperplane_s13_tabdpt
sine_s10 none acc=0.7761 resets=0 new_calls=239 time=188s
sine_s10 ddmM acc=0.9505 resets=25 new_calls=362 time=96s
sine_s10 ddm acc=0.9505 resets=25 new_calls=362 time=0s
sine_s10 ddm+half acc=0.8137 resets=11 new_calls=417 time=44s
sine_s10 ddm+hedge acc=0.9488 resets=17 new_calls=467 time=39s
sine_s10 eddm acc=0.9521 resets=11 new_calls=490 time=16s
sine_s10 eddm+half acc=0.8428 resets=21 new_calls=533 time=27s
sine_s10 eddm+hedge acc=0.9497 resets=11 new_calls=533 time=0s
sine_s10 fhddm acc=0.7853 resets=11 new_calls=631 time=66s
sine_s10 fhddm+half acc=0.7879 resets=11 new_calls=661 time=21s
sine_s10 fhddm+hedge acc=0.7858 resets=11 new_calls=661 time=0s
sine_s10 hddma acc=0.9521 resets=11 new_calls=661 time=1s
sine_s10 hddma+half acc=0.8137 resets=11 new_calls=661 time=1s
sine_s10 hddma+hedge acc=0.9497 resets=11 new_calls=661 time=1s
sine_s10 hddmw acc=0.9521 resets=11 new_calls=661 time=0s
sine_s10 hddmw+half acc=0.8137 resets=11 new_calls=661 time=0s
sine_s10 hddmw+hedge acc=0.9497 resets=11 new_calls=661 time=0s
sine_s10 adwin acc=0.9521 resets=11 new_calls=661 time=0s
sine_s10 adwin+half acc=0.8326 resets=22 new_calls=666 time=4s
sine_s10 adwin+hedge acc=0.9495 resets=12 new_calls=675 time=6s
sine_s10 ph acc=0.9521 resets=11 new_calls=675 time=0s
sine_s10 ph+half acc=0.8287 resets=22 new_calls=675 time=0s
sine_s10 ph+hedge acc=0.9497 resets=11 new_calls=675 time=0s
sine_s10 kswin acc=0.9521 resets=11 new_calls=675 time=19s
sine_s10 kswin+half acc=0.8257 resets=17 new_calls=685 time=25s
sine_s10 kswin+hedge acc=0.9497 resets=11 new_calls=685 time=21s
STREAM_DONE 19:55:55 sine_s10_tabdpt
Warning: You are sending unauthenticated requests to the HF Hub. Please set a HF_TOKEN to enable higher rate limits and faster downloads.
stagger_s13 none acc=0.8573 resets=0 new_calls=179 time=128s
stagger_s13 ddmM acc=0.9732 resets=8 new_calls=251 time=55s
stagger_s13 ddm acc=0.9732 resets=8 new_calls=251 time=0s
stagger_s13 ddm+half acc=0.8864 resets=9 new_calls=292 time=28s
stagger_s13 ddm+hedge acc=0.9732 resets=8 new_calls=292 time=0s
stagger_s13 eddm acc=0.9732 resets=8 new_calls=292 time=0s
stagger_s13 eddm+half acc=0.9160 resets=22 new_calls=333 time=28s
stagger_s13 eddm+hedge acc=0.9732 resets=8 new_calls=333 time=0s
stagger_s13 fhddm acc=0.8593 resets=8 new_calls=405 time=47s
stagger_s13 fhddm+half acc=0.8593 resets=8 new_calls=440 time=26s
stagger_s13 fhddm+hedge acc=0.8593 resets=8 new_calls=440 time=0s
stagger_s13 hddma acc=0.9732 resets=8 new_calls=440 time=1s
stagger_s13 hddma+half acc=0.8856 resets=9 new_calls=444 time=3s
stagger_s13 hddma+hedge acc=0.9732 resets=8 new_calls=444 time=1s
stagger_s13 hddmw acc=0.9732 resets=8 new_calls=444 time=0s
stagger_s13 hddmw+half acc=0.8823 resets=8 new_calls=444 time=0s
stagger_s13 hddmw+hedge acc=0.9732 resets=8 new_calls=444 time=0s
stagger_s13 adwin acc=0.9732 resets=8 new_calls=444 time=0s
stagger_s13 adwin+half acc=0.8834 resets=16 new_calls=449 time=4s
stagger_s13 adwin+hedge acc=0.9732 resets=8 new_calls=449 time=0s
stagger_s13 ph acc=0.9679 resets=8 new_calls=457 time=6s
stagger_s13 ph+half acc=0.8879 resets=16 new_calls=460 time=2s
stagger_s13 ph+hedge acc=0.9679 resets=8 new_calls=460 time=0s
stagger_s13 kswin acc=0.9732 resets=8 new_calls=460 time=14s
stagger_s13 kswin+half acc=0.8855 resets=13 new_calls=465 time=17s
stagger_s13 kswin+hedge acc=0.9732 resets=8 new_calls=465 time=13s
STREAM_DONE 20:02:14 stagger_s13_tabdpt
grid_c30_b2000_s11 none acc=0.7865 resets=0 new_calls=179 time=206s
grid_c30_b2000_s11 ddmM acc=0.9373 resets=15 new_calls=267 time=67s
grid_c30_b2000_s11 ddm acc=0.9373 resets=15 new_calls=267 time=0s
grid_c30_b2000_s11 ddm+half acc=0.8165 resets=14 new_calls=316 time=35s
grid_c30_b2000_s11 ddm+hedge acc=0.9312 resets=13 new_calls=341 time=14s
grid_c30_b2000_s11 eddm acc=0.9361 resets=12 new_calls=381 time=31s
grid_c30_b2000_s11 eddm+half acc=0.8453 resets=18 new_calls=421 time=30s
grid_c30_b2000_s11 eddm+hedge acc=0.9313 resets=10 new_calls=433 time=8s
grid_c30_b2000_s11 fhddm acc=0.7948 resets=8 new_calls=505 time=57s
grid_c30_b2000_s11 fhddm+half acc=0.7993 resets=8 new_calls=530 time=23s
grid_c30_b2000_s11 fhddm+hedge acc=0.7971 resets=8 new_calls=530 time=0s
grid_c30_b2000_s11 hddma acc=0.9389 resets=8 new_calls=530 time=1s
grid_c30_b2000_s11 hddma+half acc=0.8169 resets=8 new_calls=530 time=0s
grid_c30_b2000_s11 hddma+hedge acc=0.9321 resets=8 new_calls=530 time=0s
grid_c30_b2000_s11 hddmw acc=0.9389 resets=8 new_calls=530 time=0s
grid_c30_b2000_s11 hddmw+half acc=0.8169 resets=8 new_calls=530 time=0s
grid_c30_b2000_s11 hddmw+hedge acc=0.9321 resets=8 new_calls=530 time=0s
grid_c30_b2000_s11 adwin acc=0.9389 resets=8 new_calls=530 time=0s
grid_c30_b2000_s11 adwin+half acc=0.8307 resets=16 new_calls=540 time=8s
grid_c30_b2000_s11 adwin+hedge acc=0.9298 resets=16 new_calls=601 time=47s
grid_c30_b2000_s11 ph acc=0.9389 resets=8 new_calls=601 time=0s
grid_c30_b2000_s11 ph+half acc=0.8292 resets=16 new_calls=601 time=0s
grid_c30_b2000_s11 ph+hedge acc=0.9289 resets=14 new_calls=656 time=43s
grid_c30_b2000_s11 kswin acc=0.9389 resets=8 new_calls=656 time=11s
grid_c30_b2000_s11 kswin+half acc=0.8213 resets=10 new_calls=661 time=15s
grid_c30_b2000_s11 kswin+hedge acc=0.9321 resets=8 new_calls=661 time=8s
STREAM_DONE 20:12:24 grid_c30_b2000_s11_tabdpt
hyperplane_s10 none acc=0.8704 resets=0 new_calls=169 time=136s
hyperplane_s10 ddmM acc=0.9112 resets=9 new_calls=242 time=42s
hyperplane_s10 ddm acc=0.9112 resets=9 new_calls=242 time=0s
hyperplane_s10 ddm+half acc=0.8807 resets=8 new_calls=296 time=33s
hyperplane_s10 ddm+hedge acc=0.9055 resets=12 new_calls=328 time=17s
hyperplane_s10 eddm acc=0.9004 resets=27 new_calls=364 time=20s
hyperplane_s10 eddm+half acc=0.8903 resets=35 new_calls=453 time=49s
hyperplane_s10 eddm+hedge acc=0.9016 resets=21 new_calls=503 time=26s
hyperplane_s10 fhddm acc=0.8727 resets=3 new_calls=537 time=17s
hyperplane_s10 fhddm+half acc=0.8737 resets=3 new_calls=561 time=13s
hyperplane_s10 fhddm+hedge acc=0.8726 resets=3 new_calls=561 time=0s
hyperplane_s10 hddma acc=0.8992 resets=6 new_calls=584 time=12s
hyperplane_s10 hddma+half acc=0.8783 resets=6 new_calls=625 time=19s
hyperplane_s10 hddma+hedge acc=0.9021 resets=6 new_calls=625 time=0s
hyperplane_s10 hddmw acc=0.8740 resets=1 new_calls=627 time=1s
hyperplane_s10 hddmw+half acc=0.8729 resets=1 new_calls=633 time=2s
hyperplane_s10 hddmw+hedge acc=0.8735 resets=1 new_calls=633 time=0s
hyperplane_s10 adwin acc=0.9097 resets=8 new_calls=654 time=7s
hyperplane_s10 adwin+half acc=0.8793 resets=8 new_calls=677 time=11s
hyperplane_s10 adwin+hedge acc=0.9035 resets=9 new_calls=693 time=6s
hyperplane_s10 ph acc=0.8959 resets=6 new_calls=742 time=21s
hyperplane_s10 ph+half acc=0.8808 resets=6 new_calls=784 time=26s
hyperplane_s10 ph+hedge acc=0.8940 resets=9 new_calls=826 time=25s
hyperplane_s10 kswin acc=0.8704 resets=0 new_calls=826 time=9s
hyperplane_s10 kswin+half acc=0.8704 resets=0 new_calls=826 time=9s
hyperplane_s10 kswin+hedge acc=0.8704 resets=0 new_calls=826 time=9s
STREAM_DONE 20:20:57 hyperplane_s10_M2000
rbf_s12 none acc=0.8911 resets=0 new_calls=169 time=175s
rbf_s12 ddmM acc=0.9054 resets=10 new_calls=230 time=47s
rbf_s12 ddm acc=0.9076 resets=12 new_calls=248 time=14s
rbf_s12 ddm+half acc=0.8930 resets=10 new_calls=323 time=56s
rbf_s12 ddm+hedge acc=0.9074 resets=11 new_calls=323 time=0s
rbf_s12 eddm acc=0.9004 resets=23 new_calls=342 time=14s
rbf_s12 eddm+half acc=0.8953 resets=25 new_calls=402 time=39s
rbf_s12 eddm+hedge acc=0.9058 resets=20 new_calls=415 time=9s
rbf_s12 fhddm acc=0.9030 resets=8 new_calls=468 time=40s
rbf_s12 fhddm+half acc=0.8935 resets=8 new_calls=532 time=45s
rbf_s12 fhddm+hedge acc=0.9037 resets=8 new_calls=532 time=0s
rbf_s12 hddma acc=0.9088 resets=8 new_calls=532 time=0s
rbf_s12 hddma+half acc=0.8922 resets=8 new_calls=538 time=4s
rbf_s12 hddma+hedge acc=0.9076 resets=8 new_calls=538 time=0s
rbf_s12 hddmw acc=0.9088 resets=8 new_calls=538 time=0s
rbf_s12 hddmw+half acc=0.8922 resets=8 new_calls=538 time=0s
rbf_s12 hddmw+hedge acc=0.9076 resets=8 new_calls=538 time=0s
rbf_s12 adwin acc=0.9088 resets=8 new_calls=538 time=0s
rbf_s12 adwin+half acc=0.8916 resets=9 new_calls=539 time=1s
rbf_s12 adwin+hedge acc=0.9076 resets=8 new_calls=539 time=0s
rbf_s12 ph acc=0.9088 resets=8 new_calls=539 time=0s
rbf_s12 ph+half acc=0.8919 resets=10 new_calls=552 time=8s
rbf_s12 ph+hedge acc=0.9076 resets=8 new_calls=552 time=0s
rbf_s12 kswin acc=0.9088 resets=8 new_calls=552 time=9s
rbf_s12 kswin+half acc=0.8922 resets=8 new_calls=552 time=9s
rbf_s12 kswin+hedge acc=0.9076 resets=8 new_calls=552 time=8s
STREAM_DONE 20:28:58 rbf_s12_M2000
sea_s12 none acc=0.9468 resets=0 new_calls=169 time=91s
sea_s12 ddmM acc=0.9871 resets=36 new_calls=222 time=20s
sea_s12 ddm acc=0.9871 resets=36 new_calls=222 time=0s
sea_s12 ddm+half acc=0.9540 resets=13 new_calls=268 time=18s
sea_s12 ddm+hedge acc=0.9850 resets=22 new_calls=327 time=25s
sea_s12 eddm acc=0.9828 resets=8 new_calls=381 time=24s
sea_s12 eddm+half acc=0.9591 resets=13 new_calls=466 time=36s
sea_s12 eddm+hedge acc=0.9825 resets=8 new_calls=490 time=11s
sea_s12 fhddm acc=0.9472 resets=1 new_calls=507 time=7s
sea_s12 fhddm+half acc=0.9472 resets=1 new_calls=516 time=4s
sea_s12 fhddm+hedge acc=0.9470 resets=1 new_calls=516 time=0s
sea_s12 hddma acc=0.9613 resets=3 new_calls=535 time=8s
sea_s12 hddma+half acc=0.9540 resets=3 new_calls=551 time=7s
sea_s12 hddma+hedge acc=0.9577 resets=3 new_calls=571 time=9s
sea_s12 hddmw acc=0.9527 resets=1 new_calls=571 time=0s
sea_s12 hddmw+half acc=0.9490 resets=1 new_calls=571 time=0s
sea_s12 hddmw+hedge acc=0.9525 resets=1 new_calls=571 time=0s
sea_s12 adwin acc=0.9869 resets=8 new_calls=589 time=7s
sea_s12 adwin+half acc=0.9556 resets=9 new_calls=645 time=17s
sea_s12 adwin+hedge acc=0.9823 resets=8 new_calls=646 time=0s
sea_s12 ph acc=0.9692 resets=5 new_calls=684 time=10s
sea_s12 ph+half acc=0.9542 resets=5 new_calls=702 time=5s
sea_s12 ph+hedge acc=0.9680 resets=5 new_calls=702 time=0s
sea_s12 kswin acc=0.9468 resets=0 new_calls=702 time=10s
sea_s12 kswin+half acc=0.9468 resets=0 new_calls=702 time=9s
sea_s12 kswin+hedge acc=0.9468 resets=0 new_calls=702 time=10s
STREAM_DONE 20:34:28 sea_s12_M2000
stagger_s10 none acc=0.7211 resets=0 new_calls=169 time=76s
stagger_s10 ddmM acc=0.9732 resets=8 new_calls=241 time=28s
stagger_s10 ddm acc=0.9732 resets=8 new_calls=241 time=0s
stagger_s10 ddm+half acc=0.7613 resets=8 new_calls=313 time=28s
stagger_s10 ddm+hedge acc=0.9731 resets=9 new_calls=322 time=3s
stagger_s10 eddm acc=0.9732 resets=8 new_calls=322 time=0s
stagger_s10 eddm+half acc=0.7996 resets=19 new_calls=378 time=21s
stagger_s10 eddm+hedge acc=0.9731 resets=8 new_calls=378 time=0s
stagger_s10 fhddm acc=0.7498 resets=8 new_calls=497 time=39s
stagger_s10 fhddm+half acc=0.7425 resets=8 new_calls=568 time=21s
stagger_s10 fhddm+hedge acc=0.7460 resets=8 new_calls=585 time=6s
stagger_s10 hddma acc=0.9732 resets=8 new_calls=585 time=0s
stagger_s10 hddma+half acc=0.7497 resets=8 new_calls=612 time=10s
stagger_s10 hddma+hedge acc=0.9731 resets=8 new_calls=612 time=0s
stagger_s10 hddmw acc=0.9732 resets=8 new_calls=612 time=0s
stagger_s10 hddmw+half acc=0.7600 resets=10 new_calls=639 time=11s
stagger_s10 hddmw+hedge acc=0.9731 resets=8 new_calls=639 time=0s
stagger_s10 adwin acc=0.9732 resets=8 new_calls=639 time=0s
stagger_s10 adwin+half acc=0.7535 resets=16 new_calls=657 time=7s
stagger_s10 adwin+hedge acc=0.9731 resets=8 new_calls=657 time=0s
stagger_s10 ph acc=0.9683 resets=8 new_calls=657 time=0s
stagger_s10 ph+half acc=0.7598 resets=16 new_calls=666 time=3s
stagger_s10 ph+hedge acc=0.9681 resets=8 new_calls=666 time=0s
stagger_s10 kswin acc=0.9626 resets=8 new_calls=671 time=10s
stagger_s10 kswin+half acc=0.7741 resets=14 new_calls=678 time=10s
stagger_s10 kswin+hedge acc=0.9624 resets=8 new_calls=678 time=9s
STREAM_DONE 20:39:11 stagger_s10_M2000
grid_c5_b500_s11 none acc=0.5582 resets=0 new_calls=34 time=25s
grid_c5_b500_s11 ddmM acc=0.8036 resets=12 new_calls=35 time=1s
grid_c5_b500_s11 ddm acc=0.8036 resets=12 new_calls=35 time=0s
grid_c5_b500_s11 ddm+half acc=0.5523 resets=3 new_calls=44 time=5s
grid_c5_b500_s11 ddm+hedge acc=0.7600 resets=12 new_calls=44 time=0s
grid_c5_b500_s11 eddm acc=0.8618 resets=8 new_calls=44 time=0s
grid_c5_b500_s11 eddm+half acc=0.4830 resets=11 new_calls=59 time=8s
grid_c5_b500_s11 eddm+hedge acc=0.8625 resets=8 new_calls=59 time=0s
grid_c5_b500_s11 fhddm acc=0.5625 resets=3 new_calls=64 time=3s
grid_c5_b500_s11 fhddm+half acc=0.4532 resets=9 new_calls=87 time=11s
grid_c5_b500_s11 fhddm+hedge acc=0.6236 resets=7 new_calls=99 time=4s
grid_c5_b500_s11 hddma acc=0.8618 resets=8 new_calls=99 time=0s
grid_c5_b500_s11 hddma+half acc=0.5573 resets=3 new_calls=108 time=4s
grid_c5_b500_s11 hddma+hedge acc=0.8625 resets=8 new_calls=108 time=0s
grid_c5_b500_s11 hddmw acc=0.8425 resets=8 new_calls=108 time=0s
grid_c5_b500_s11 hddmw+half acc=0.5268 resets=5 new_calls=112 time=2s
grid_c5_b500_s11 hddmw+hedge acc=0.8336 resets=7 new_calls=112 time=0s
grid_c5_b500_s11 adwin acc=0.8618 resets=8 new_calls=112 time=0s
grid_c5_b500_s11 adwin+half acc=0.4532 resets=8 new_calls=123 time=4s
grid_c5_b500_s11 adwin+hedge acc=0.8625 resets=8 new_calls=123 time=0s
grid_c5_b500_s11 ph acc=0.8357 resets=8 new_calls=123 time=0s
grid_c5_b500_s11 ph+half acc=0.4664 resets=8 new_calls=127 time=2s
grid_c5_b500_s11 ph+hedge acc=0.8368 resets=8 new_calls=127 time=0s
grid_c5_b500_s11 kswin acc=0.8318 resets=7 new_calls=127 time=2s
grid_c5_b500_s11 kswin+half acc=0.4814 resets=7 new_calls=137 time=6s
grid_c5_b500_s11 kswin+hedge acc=0.8323 resets=7 new_calls=137 time=2s
STREAM_DONE 20:40:30 grid_c5_b500_s11_M2000
grid_c30_b500_s10 none acc=0.6300 resets=0 new_calls=34 time=22s
grid_c30_b500_s10 ddmM acc=0.8266 resets=11 new_calls=34 time=0s
grid_c30_b500_s10 ddm acc=0.8266 resets=11 new_calls=34 time=0s
grid_c30_b500_s10 ddm+half acc=0.6300 resets=2 new_calls=34 time=0s
grid_c30_b500_s10 ddm+hedge acc=0.8320 resets=10 new_calls=34 time=0s
grid_c30_b500_s10 eddm acc=0.8325 resets=8 new_calls=34 time=0s
grid_c30_b500_s10 eddm+half acc=0.6211 resets=4 new_calls=43 time=6s
grid_c30_b500_s10 eddm+hedge acc=0.8327 resets=8 new_calls=43 time=0s
grid_c30_b500_s10 fhddm acc=0.6430 resets=7 new_calls=43 time=0s
grid_c30_b500_s10 fhddm+half acc=0.5545 resets=6 new_calls=67 time=14s
grid_c30_b500_s10 fhddm+hedge acc=0.6916 resets=7 new_calls=75 time=4s
grid_c30_b500_s10 hddma acc=0.8325 resets=8 new_calls=75 time=0s
grid_c30_b500_s10 hddma+half acc=0.6109 resets=3 new_calls=92 time=12s
grid_c30_b500_s10 hddma+hedge acc=0.8327 resets=8 new_calls=92 time=0s
grid_c30_b500_s10 hddmw acc=0.8325 resets=8 new_calls=92 time=0s
grid_c30_b500_s10 hddmw+half acc=0.6109 resets=3 new_calls=92 time=0s
grid_c30_b500_s10 hddmw+hedge acc=0.8327 resets=8 new_calls=92 time=0s
grid_c30_b500_s10 adwin acc=0.8325 resets=8 new_calls=92 time=0s
grid_c30_b500_s10 adwin+half acc=0.5914 resets=4 new_calls=108 time=12s
grid_c30_b500_s10 adwin+hedge acc=0.8327 resets=8 new_calls=108 time=0s
grid_c30_b500_s10 ph acc=0.8014 resets=8 new_calls=108 time=0s
grid_c30_b500_s10 ph+half acc=0.5873 resets=4 new_calls=122 time=10s
grid_c30_b500_s10 ph+hedge acc=0.8011 resets=8 new_calls=122 time=0s
grid_c30_b500_s10 kswin acc=0.8325 resets=8 new_calls=122 time=1s
grid_c30_b500_s10 kswin+half acc=0.5955 resets=4 new_calls=133 time=10s
grid_c30_b500_s10 kswin+hedge acc=0.8327 resets=8 new_calls=133 time=2s
STREAM_DONE 20:42:05 grid_c30_b500_s10_M2000
grid_c100_b500_s10 none acc=0.5439 resets=0 new_calls=34 time=31s
grid_c100_b500_s10 ddmM acc=0.6486 resets=8 new_calls=34 time=0s
grid_c100_b500_s10 ddm acc=0.6486 resets=8 new_calls=34 time=0s
grid_c100_b500_s10 ddm+half acc=0.5439 resets=1 new_calls=34 time=0s
grid_c100_b500_s10 ddm+hedge acc=0.6607 resets=8 new_calls=34 time=0s
grid_c100_b500_s10 eddm acc=0.5643 resets=19 new_calls=34 time=0s
grid_c100_b500_s10 eddm+half acc=0.5061 resets=13 new_calls=47 time=9s
grid_c100_b500_s10 eddm+hedge acc=0.6245 resets=22 new_calls=47 time=0s
grid_c100_b500_s10 fhddm acc=0.4980 resets=10 new_calls=47 time=0s
grid_c100_b500_s10 fhddm+half acc=0.4682 resets=6 new_calls=72 time=16s
grid_c100_b500_s10 fhddm+hedge acc=0.5745 resets=9 new_calls=72 time=0s
grid_c100_b500_s10 hddma acc=0.6486 resets=8 new_calls=72 time=0s
grid_c100_b500_s10 hddma+half acc=0.5300 resets=2 new_calls=72 time=0s
grid_c100_b500_s10 hddma+hedge acc=0.6607 resets=8 new_calls=72 time=0s
grid_c100_b500_s10 hddmw acc=0.6486 resets=8 new_calls=72 time=0s
grid_c100_b500_s10 hddmw+half acc=0.4957 resets=5 new_calls=94 time=15s
grid_c100_b500_s10 hddmw+hedge acc=0.6607 resets=8 new_calls=94 time=0s
grid_c100_b500_s10 adwin acc=0.5618 resets=9 new_calls=94 time=0s
grid_c100_b500_s10 adwin+half acc=0.5018 resets=5 new_calls=112 time=12s
grid_c100_b500_s10 adwin+hedge acc=0.6609 resets=9 new_calls=112 time=0s
grid_c100_b500_s10 ph acc=0.5309 resets=7 new_calls=112 time=0s
grid_c100_b500_s10 ph+half acc=0.5009 resets=5 new_calls=121 time=7s
grid_c100_b500_s10 ph+hedge acc=0.5634 resets=3 new_calls=130 time=7s
grid_c100_b500_s10 kswin acc=0.6443 resets=9 new_calls=130 time=1s
grid_c100_b500_s10 kswin+half acc=0.4977 resets=5 new_calls=133 time=3s
grid_c100_b500_s10 kswin+hedge acc=0.6611 resets=9 new_calls=133 time=2s
STREAM_DONE 20:43:51 grid_c100_b500_s10_M2000
grid_c100_b2000_s11 none acc=0.6015 resets=0 new_calls=169 time=125s
grid_c100_b2000_s11 ddmM acc=0.8506 resets=8 new_calls=241 time=37s
grid_c100_b2000_s11 ddm acc=0.8506 resets=8 new_calls=241 time=0s
grid_c100_b2000_s11 ddm+half acc=0.6393 resets=8 new_calls=313 time=33s
grid_c100_b2000_s11 ddm+hedge acc=0.8387 resets=8 new_calls=313 time=0s
grid_c100_b2000_s11 eddm acc=0.7739 resets=42 new_calls=345 time=14s
grid_c100_b2000_s11 eddm+half acc=0.6682 resets=18 new_calls=390 time=19s
grid_c100_b2000_s11 eddm+hedge acc=0.7979 resets=19 new_calls=425 time=13s
grid_c100_b2000_s11 fhddm acc=0.6431 resets=59 new_calls=425 time=0s
grid_c100_b2000_s11 fhddm+half acc=0.6698 resets=9 new_calls=488 time=27s
grid_c100_b2000_s11 fhddm+hedge acc=0.6871 resets=32 new_calls=536 time=14s
grid_c100_b2000_s11 hddma acc=0.8506 resets=8 new_calls=536 time=0s
grid_c100_b2000_s11 hddma+half acc=0.6298 resets=8 new_calls=581 time=17s
grid_c100_b2000_s11 hddma+hedge acc=0.8387 resets=8 new_calls=581 time=0s
grid_c100_b2000_s11 hddmw acc=0.8506 resets=8 new_calls=581 time=0s
grid_c100_b2000_s11 hddmw+half acc=0.6363 resets=9 new_calls=581 time=0s
grid_c100_b2000_s11 hddmw+hedge acc=0.8387 resets=8 new_calls=581 time=0s
grid_c100_b2000_s11 adwin acc=0.7303 resets=36 new_calls=581 time=0s
grid_c100_b2000_s11 adwin+half acc=0.6887 resets=17 new_calls=608 time=10s
grid_c100_b2000_s11 adwin+hedge acc=0.7387 resets=40 new_calls=616 time=2s
grid_c100_b2000_s11 ph acc=0.7025 resets=34 new_calls=616 time=0s
grid_c100_b2000_s11 ph+half acc=0.6982 resets=17 new_calls=652 time=10s
grid_c100_b2000_s11 ph+hedge acc=0.7550 resets=34 new_calls=684 time=7s
grid_c100_b2000_s11 kswin acc=0.8348 resets=12 new_calls=690 time=9s
grid_c100_b2000_s11 kswin+half acc=0.6522 resets=12 new_calls=699 time=9s
grid_c100_b2000_s11 kswin+hedge acc=0.7588 resets=28 new_calls=758 time=17s
STREAM_DONE 20:49:56 grid_c100_b2000_s11_M2000
CHAIN_DONE 20:49:57
