RESTART 06:11:32
gas ddm+half acc=0.8561 resets=47 new_calls=119 time=270s
gas ddm+hedge acc=0.8562 resets=44 new_calls=203 time=93s
gas eddm acc=0.8099 resets=41 new_calls=248 time=60s
gas eddm+half acc=0.8547 resets=32 new_calls=283 time=103s
gas eddm+hedge acc=0.8620 resets=31 new_calls=293 time=18s
gas fhddm acc=0.7982 resets=28 new_calls=400 time=137s
gas fhddm+half acc=0.8712 resets=20 new_calls=472 time=178s
gas fhddm+hedge acc=0.8588 resets=22 new_calls=491 time=42s
gas hddma acc=0.8267 resets=47 new_calls=496 time=7s
gas hddma+half acc=0.8553 resets=39 new_calls=499 time=7s
gas hddma+hedge acc=0.8510 resets=39 new_calls=499 time=0s
gas hddmw acc=0.8236 resets=39 new_calls=502 time=4s
gas hddmw+half acc=0.8601 resets=34 new_calls=507 time=14s
gas hddmw+hedge acc=0.8610 resets=35 new_calls=507 time=0s
gas adwin acc=0.8165 resets=39 new_calls=527 time=19s
gas adwin+half acc=0.8606 resets=34 new_calls=546 time=46s
gas adwin+hedge acc=0.8599 resets=33 new_calls=552 time=7s
gas ph acc=0.8107 resets=20 new_calls=571 time=31s
gas ph+half acc=0.8751 resets=14 new_calls=589 time=48s
gas ph+hedge acc=0.8683 resets=14 new_calls=593 time=9s
gas kswin acc=0.8161 resets=40 new_calls=594 time=7s
gas kswin+half acc=0.8543 resets=35 new_calls=596 time=9s
gas kswin+hedge acc=0.8623 resets=34 new_calls=597 time=6s
STREAM_DONE 06:30:10 gas_s1
h4_airlines_e none acc=0.6551 resets=0 new_calls=999 time=533s
h4_airlines_e ddmM acc=0.6543 resets=4 new_calls=1035 time=16s
h4_airlines_e ddm acc=0.6543 resets=4 new_calls=1035 time=0s
h4_airlines_e ddm+half acc=0.6550 resets=3 new_calls=1050 time=7s
h4_airlines_e ddm+hedge acc=0.6549 resets=5 new_calls=1068 time=8s
h4_airlines_e eddm acc=0.6511 resets=47 new_calls=1149 time=37s
h4_airlines_e eddm+half acc=0.6546 resets=30 new_calls=1191 time=20s
h4_airlines_e eddm+hedge acc=0.6547 resets=32 new_calls=1243 time=26s
h4_airlines_e fhddm acc=0.6467 resets=44 new_calls=1592 time=135s
h4_airlines_e fhddm+half acc=0.6539 resets=34 new_calls=1761 time=64s
h4_airlines_e fhddm+hedge acc=0.6537 resets=32 new_calls=1819 time=21s
h4_airlines_e hddma acc=0.6542 resets=8 new_calls=1873 time=19s
h4_airlines_e hddma+half acc=0.6548 resets=7 new_calls=1897 time=8s
h4_airlines_e hddma+hedge acc=0.6548 resets=12 new_calls=1958 time=19s
h4_airlines_e hddmw acc=0.6325 resets=125 new_calls=2611 time=271s
h4_airlines_e hddmw+half acc=0.6514 resets=112 new_calls=3016 time=206s
h4_airlines_e hddmw+hedge acc=0.6514 resets=111 new_calls=3302 time=140s
h4_airlines_e adwin acc=0.6543 resets=10 new_calls=3368 time=26s
h4_airlines_e adwin+half acc=0.6547 resets=10 new_calls=3412 time=18s
h4_airlines_e adwin+hedge acc=0.6550 resets=10 new_calls=3448 time=13s
h4_airlines_e ph acc=0.6484 resets=35 new_calls=3673 time=82s
h4_airlines_e ph+half acc=0.6551 resets=24 new_calls=3754 time=30s
h4_airlines_e ph+hedge acc=0.6549 resets=23 new_calls=3821 time=24s
h4_airlines_e kswin acc=0.6448 resets=58 new_calls=4038 time=139s
h4_airlines_e kswin+half acc=0.6525 resets=52 new_calls=4167 time=107s
h4_airlines_e kswin+hedge acc=0.6526 resets=50 new_calls=4270 time=93s
STREAM_DONE 07:04:33 h4_airlines_e_s2
h3_insects_c none acc=0.8534 resets=0 new_calls=999 time=866s
h3_insects_c ddmM acc=0.8536 resets=3 new_calls=1026 time=19s
h3_insects_c ddm acc=0.8536 resets=3 new_calls=1026 time=0s
h3_insects_c ddm+half acc=0.8536 resets=2 new_calls=1036 time=8s
h3_insects_c ddm+hedge acc=0.8538 resets=2 new_calls=1036 time=0s
h3_insects_c eddm acc=0.8528 resets=9 new_calls=1075 time=25s
h3_insects_c eddm+half acc=0.8540 resets=59 new_calls=1266 time=134s
h3_insects_c eddm+hedge acc=0.8544 resets=38 new_calls=1408 time=71s
h3_insects_c fhddm acc=0.8535 resets=3 new_calls=1424 time=8s
h3_insects_c fhddm+half acc=0.8535 resets=3 new_calls=1434 time=7s
h3_insects_c fhddm+hedge acc=0.8535 resets=3 new_calls=1434 time=0s
h3_insects_c hddma acc=0.8544 resets=3 new_calls=1455 time=12s
h3_insects_c hddma+half acc=0.8538 resets=3 new_calls=1469 time=11s
h3_insects_c hddma+hedge acc=0.8542 resets=3 new_calls=1469 time=0s
h3_insects_c hddmw acc=0.8547 resets=4 new_calls=1496 time=17s
h3_insects_c hddmw+half acc=0.8541 resets=4 new_calls=1511 time=10s
h3_insects_c hddmw+hedge acc=0.8547 resets=4 new_calls=1511 time=0s
h3_insects_c adwin acc=0.8545 resets=5 new_calls=1537 time=15s
h3_insects_c adwin+half acc=0.8539 resets=5 new_calls=1554 time=10s
h3_insects_c adwin+hedge acc=0.8544 resets=5 new_calls=1554 time=0s
h3_insects_c ph acc=0.8542 resets=7 new_calls=1601 time=23s
h3_insects_c ph+half acc=0.8541 resets=8 new_calls=1634 time=23s
h3_insects_c ph+hedge acc=0.8545 resets=7 new_calls=1661 time=17s
h3_insects_c kswin acc=0.8547 resets=3 new_calls=1670 time=66s
h3_insects_c kswin+half acc=0.8541 resets=3 new_calls=1675 time=66s
h3_insects_c kswin+hedge acc=0.8545 resets=3 new_calls=1675 time=61s
STREAM_DONE 07:29:07 h3_insects_c_s2
h2_airlines none acc=0.6907 resets=0 new_calls=999 time=375s
h2_airlines ddmM acc=0.6906 resets=3 new_calls=1011 time=5s
h2_airlines ddm acc=0.6906 resets=3 new_calls=1011 time=0s
h2_airlines ddm+half acc=0.6905 resets=7 new_calls=1041 time=11s
h2_airlines ddm+hedge acc=0.6906 resets=3 new_calls=1041 time=0s
h2_airlines eddm acc=0.6903 resets=20 new_calls=1084 time=16s
h2_airlines eddm+half acc=0.6905 resets=20 new_calls=1118 time=12s
h2_airlines eddm+hedge acc=0.6904 resets=20 new_calls=1118 time=0s
h2_airlines fhddm acc=0.6869 resets=31 new_calls=1364 time=84s
h2_airlines fhddm+half acc=0.6902 resets=21 new_calls=1464 time=30s
h2_airlines fhddm+hedge acc=0.6901 resets=24 new_calls=1505 time=13s
h2_airlines hddma acc=0.6899 resets=17 new_calls=1627 time=35s
h2_airlines hddma+half acc=0.6911 resets=10 new_calls=1667 time=11s
h2_airlines hddma+hedge acc=0.6905 resets=14 new_calls=1694 time=8s
