insects_gradual_imbalanced none acc=0.8160 resets=0 new_calls=1432 time=1383s
insects_gradual_imbalanced ddmM acc=0.8162 resets=4 new_calls=1460 time=15s
insects_gradual_imbalanced ddm acc=0.8162 resets=4 new_calls=1460 time=0s
insects_gradual_imbalanced ddm+half acc=0.8162 resets=8 new_calls=1480 time=11s
insects_gradual_imbalanced ddm+hedge acc=0.8165 resets=9 new_calls=1529 time=24s
insects_gradual_imbalanced eddm acc=0.8161 resets=10 new_calls=1574 time=21s
insects_gradual_imbalanced eddm+half acc=0.8158 resets=48 new_calls=1708 time=69s
insects_gradual_imbalanced eddm+hedge acc=0.8152 resets=103 new_calls=2028 time=132s
insects_gradual_imbalanced fhddm acc=0.8159 resets=8 new_calls=2096 time=36s
insects_gradual_imbalanced fhddm+half acc=0.8163 resets=7 new_calls=2131 time=22s
insects_gradual_imbalanced fhddm+hedge acc=0.8163 resets=7 new_calls=2131 time=0s
insects_gradual_imbalanced hddma acc=0.8163 resets=6 new_calls=2171 time=21s
insects_gradual_imbalanced hddma+half acc=0.8163 resets=7 new_calls=2194 time=15s
insects_gradual_imbalanced hddma+hedge acc=0.8167 resets=6 new_calls=2194 time=1s
insects_gradual_imbalanced hddmw acc=0.8166 resets=12 new_calls=2275 time=45s
insects_gradual_imbalanced hddmw+half acc=0.8162 resets=13 new_calls=2323 time=31s
insects_gradual_imbalanced hddmw+hedge acc=0.8171 resets=13 new_calls=2341 time=10s
insects_gradual_imbalanced adwin acc=0.8171 resets=8 new_calls=2381 time=18s
insects_gradual_imbalanced adwin+half acc=0.8164 resets=10 new_calls=2416 time=18s
insects_gradual_imbalanced adwin+hedge acc=0.8174 resets=8 new_calls=2425 time=4s
insects_gradual_imbalanced ph acc=0.8160 resets=15 new_calls=2511 time=38s
insects_gradual_imbalanced ph+half acc=0.8164 resets=15 new_calls=2553 time=21s
insects_gradual_imbalanced ph+hedge acc=0.8170 resets=14 new_calls=2616 time=30s
insects_gradual_imbalanced kswin acc=0.8175 resets=3 new_calls=2622 time=84s
insects_gradual_imbalanced kswin+half acc=0.8164 resets=5 new_calls=2637 time=90s
insects_gradual_imbalanced kswin+hedge acc=0.8173 resets=3 new_calls=2637 time=81s
STREAM_DONE 02:47:18 insects_gradual_imbalanced_s1
h3_poker_b none acc=0.9327 resets=0 new_calls=999 time=382s
h3_poker_b ddmM acc=0.8431 resets=410 new_calls=1815 time=329s
h3_poker_b ddm acc=0.8450 resets=393 new_calls=1853 time=18s
h3_poker_b ddm+half acc=0.9126 resets=299 new_calls=2525 time=354s
h3_poker_b ddm+hedge acc=0.9263 resets=206 new_calls=2919 time=213s
h3_poker_b eddm acc=0.8185 resets=330 new_calls=3418 time=267s
h3_poker_b eddm+half acc=0.9230 resets=132 new_calls=3655 time=95s
h3_poker_b eddm+hedge acc=0.9294 resets=123 new_calls=3899 time=106s
h3_poker_b fhddm acc=0.8640 resets=146 new_calls=4385 time=191s
h3_poker_b fhddm+half acc=0.9259 resets=92 new_calls=4675 time=101s
h3_poker_b fhddm+hedge acc=0.9304 resets=85 new_calls=4798 time=43s
h3_poker_b hddma acc=0.8140 resets=518 new_calls=4977 time=69s
h3_poker_b hddma+half acc=0.9230 resets=200 new_calls=5026 time=18s
h3_poker_b hddma+hedge acc=0.9242 resets=205 new_calls=5123 time=32s
h3_poker_b hddmw acc=0.8483 resets=254 new_calls=5223 time=34s
h3_poker_b hddmw+half acc=0.9238 resets=135 new_calls=5256 time=13s
h3_poker_b hddmw+hedge acc=0.9294 resets=120 new_calls=5289 time=12s
h3_poker_b adwin acc=0.8464 resets=227 new_calls=5631 time=127s
h3_poker_b adwin+half acc=0.9188 resets=143 new_calls=5752 time=50s
h3_poker_b adwin+hedge acc=0.9303 resets=134 new_calls=5860 time=44s
h3_poker_b ph acc=0.8759 resets=121 new_calls=6080 time=82s
h3_poker_b ph+half acc=0.9276 resets=81 new_calls=6174 time=32s
h3_poker_b ph+hedge acc=0.9331 resets=75 new_calls=6255 time=33s
h3_poker_b kswin acc=0.8477 resets=224 new_calls=6309 time=59s
h3_poker_b kswin+half acc=0.9262 resets=118 new_calls=6317 time=48s
h3_poker_b kswin+hedge acc=0.9315 resets=106 new_calls=6324 time=47s
STREAM_DONE 03:34:00 h3_poker_b_s1
insects_incremental_balanced none acc=0.6738 resets=0 new_calls=569 time=568s
insects_incremental_balanced ddmM acc=0.6738 resets=2 new_calls=587 time=13s
insects_incremental_balanced ddm acc=0.6738 resets=2 new_calls=587 time=0s
insects_incremental_balanced ddm+half acc=0.6735 resets=2 new_calls=597 time=9s
insects_incremental_balanced ddm+hedge acc=0.6746 resets=2 new_calls=606 time=6s
insects_incremental_balanced eddm acc=0.6729 resets=5 new_calls=618 time=8s
insects_incremental_balanced eddm+half acc=0.6721 resets=25 new_calls=662 time=28s
insects_incremental_balanced eddm+hedge acc=0.6731 resets=44 new_calls=726 time=32s
insects_incremental_balanced fhddm acc=0.6695 resets=13 new_calls=829 time=62s
insects_incremental_balanced fhddm+half acc=0.6730 resets=12 new_calls=887 time=41s
insects_incremental_balanced fhddm+hedge acc=0.6734 resets=12 new_calls=917 time=16s
insects_incremental_balanced hddma acc=0.6733 resets=3 new_calls=944 time=17s
insects_incremental_balanced hddma+half acc=0.6745 resets=3 new_calls=954 time=7s
insects_incremental_balanced hddma+hedge acc=0.6740 resets=3 new_calls=954 time=0s
insects_incremental_balanced hddmw acc=0.6653 resets=27 new_calls=1160 time=131s
insects_incremental_balanced hddmw+half acc=0.6728 resets=31 new_calls=1281 time=93s
insects_incremental_balanced hddmw+hedge acc=0.6741 resets=28 new_calls=1321 time=26s
insects_incremental_balanced adwin acc=0.6731 resets=4 new_calls=1348 time=18s
insects_incremental_balanced adwin+half acc=0.6741 resets=4 new_calls=1368 time=15s
insects_incremental_balanced adwin+hedge acc=0.6740 resets=4 new_calls=1368 time=0s
insects_incremental_balanced ph acc=0.6702 resets=11 new_calls=1418 time=33s
insects_incremental_balanced ph+half acc=0.6732 resets=10 new_calls=1463 time=35s
insects_incremental_balanced ph+hedge acc=0.6737 resets=10 new_calls=1530 time=43s
insects_incremental_balanced kswin acc=0.6705 resets=11 new_calls=1593 time=69s
insects_incremental_balanced kswin+half acc=0.6734 resets=7 new_calls=1606 time=40s
insects_incremental_balanced kswin+hedge acc=0.6735 resets=7 new_calls=1632 time=46s
STREAM_DONE 03:56:42 insects_incremental_balanced_s1
occupancy none acc=0.9612 resets=0 new_calls=204 time=79s
occupancy ddmM acc=0.9485 resets=29 new_calls=322 time=66s
occupancy ddm acc=0.9485 resets=29 new_calls=322 time=0s
occupancy ddm+half acc=0.9510 resets=35 new_calls=412 time=39s
occupancy ddm+hedge acc=0.9494 resets=37 new_calls=457 time=18s
occupancy eddm acc=0.9557 resets=16 new_calls=504 time=19s
occupancy eddm+half acc=0.9645 resets=14 new_calls=524 time=9s
occupancy eddm+hedge acc=0.9567 resets=16 new_calls=530 time=3s
occupancy fhddm acc=0.9321 resets=17 new_calls=611 time=13s
occupancy fhddm+half acc=0.9573 resets=13 new_calls=652 time=18s
occupancy fhddm+hedge acc=0.9470 resets=15 new_calls=667 time=6s
occupancy hddma acc=0.9550 resets=25 new_calls=680 time=5s
occupancy hddma+half acc=0.9592 resets=26 new_calls=688 time=4s
occupancy hddma+hedge acc=0.9601 resets=23 new_calls=696 time=4s
occupancy hddmw acc=0.9511 resets=20 new_calls=697 time=1s
occupancy hddmw+half acc=0.9617 resets=18 new_calls=703 time=3s
occupancy hddmw+hedge acc=0.9574 resets=18 new_calls=703 time=0s
occupancy adwin acc=0.9501 resets=20 new_calls=714 time=6s
occupancy adwin+half acc=0.9592 resets=19 new_calls=720 time=3s
occupancy adwin+hedge acc=0.9568 resets=17 new_calls=720 time=0s
occupancy ph acc=0.9575 resets=11 new_calls=749 time=6s
occupancy ph+half acc=0.9565 resets=10 new_calls=755 time=1s
occupancy ph+hedge acc=0.9602 resets=9 new_calls=758 time=0s
occupancy kswin acc=0.9452 resets=24 new_calls=778 time=15s
occupancy kswin+half acc=0.9593 resets=20 new_calls=778 time=9s
occupancy kswin+hedge acc=0.9539 resets=19 new_calls=778 time=9s
STREAM_DONE 04:02:17 occupancy_s1
h2_phishing none acc=0.9466 resets=0 new_calls=109 time=101s
h2_phishing ddmM acc=0.9466 resets=0 new_calls=109 time=0s
h2_phishing ddm acc=0.9466 resets=0 new_calls=109 time=0s
h2_phishing ddm+half acc=0.9466 resets=0 new_calls=109 time=0s
h2_phishing ddm+hedge acc=0.9466 resets=0 new_calls=109 time=0s
h2_phishing eddm acc=0.9466 resets=0 new_calls=109 time=0s
h2_phishing eddm+half acc=0.9466 resets=0 new_calls=109 time=0s
h2_phishing eddm+hedge acc=0.9466 resets=0 new_calls=109 time=0s
h2_phishing fhddm acc=0.9466 resets=0 new_calls=109 time=0s
h2_phishing fhddm+half acc=0.9466 resets=0 new_calls=109 time=0s
h2_phishing fhddm+hedge acc=0.9466 resets=0 new_calls=109 time=0s
h2_phishing hddma acc=0.9466 resets=0 new_calls=109 time=0s
h2_phishing hddma+half acc=0.9466 resets=0 new_calls=109 time=0s
h2_phishing hddma+hedge acc=0.9466 resets=0 new_calls=109 time=0s
h2_phishing hddmw acc=0.9466 resets=0 new_calls=109 time=0s
h2_phishing hddmw+half acc=0.9466 resets=0 new_calls=109 time=0s
h2_phishing hddmw+hedge acc=0.9466 resets=0 new_calls=109 time=0s
h2_phishing adwin acc=0.9466 resets=0 new_calls=109 time=0s
h2_phishing adwin+half acc=0.9466 resets=0 new_calls=109 time=0s
h2_phishing adwin+hedge acc=0.9466 resets=0 new_calls=109 time=0s
h2_phishing ph acc=0.9466 resets=0 new_calls=109 time=0s
h2_phishing ph+half acc=0.9466 resets=0 new_calls=109 time=0s
h2_phishing ph+hedge acc=0.9466 resets=0 new_calls=109 time=0s
h2_phishing kswin acc=0.9466 resets=0 new_calls=109 time=5s
h2_phishing kswin+half acc=0.9466 resets=0 new_calls=109 time=5s
h2_phishing kswin+hedge acc=0.9466 resets=0 new_calls=109 time=5s
STREAM_DONE 04:04:17 h2_phishing_s1
h2_spam none acc=0.9434 resets=0 new_calls=61 time=528s
