covertype none acc=0.9475 resets=0 new_calls=1499 time=1109s
covertype ddmM acc=0.9418 resets=48 new_calls=1633 time=76s
covertype ddm acc=0.9418 resets=45 new_calls=1641 time=5s
covertype ddm+half acc=0.9471 resets=175 new_calls=1973 time=180s
covertype ddm+hedge acc=0.9478 resets=70 new_calls=2133 time=79s
covertype eddm acc=0.8885 resets=269 new_calls=2600 time=197s
covertype eddm+half acc=0.9476 resets=180 new_calls=3164 time=277s
covertype eddm+hedge acc=0.9482 resets=186 new_calls=3908 time=270s
covertype fhddm acc=0.9098 resets=110 new_calls=4205 time=116s
covertype fhddm+half acc=0.9476 resets=21 new_calls=4268 time=33s
covertype fhddm+hedge acc=0.9479 resets=20 new_calls=4292 time=10s
covertype hddma acc=0.8048 resets=587 new_calls=4959 time=254s
covertype hddma+half acc=0.9475 resets=88 new_calls=5109 time=68s
covertype hddma+hedge acc=0.9475 resets=95 new_calls=5273 time=75s
covertype hddmw acc=0.9179 resets=125 new_calls=5340 time=30s
covertype hddmw+half acc=0.9476 resets=43 new_calls=5379 time=21s
covertype hddmw+hedge acc=0.9481 resets=41 new_calls=5410 time=14s
covertype adwin acc=0.8774 resets=198 new_calls=5757 time=150s
covertype adwin+half acc=0.9471 resets=33 new_calls=5833 time=45s
covertype adwin+hedge acc=0.9471 resets=37 new_calls=5932 time=57s
covertype ph acc=0.8898 resets=141 new_calls=6277 time=180s
covertype ph+half acc=0.9472 resets=26 new_calls=6344 time=43s
covertype ph+hedge acc=0.9478 resets=25 new_calls=6422 time=49s
covertype kswin acc=0.9217 resets=96 new_calls=6451 time=88s
covertype kswin+half acc=0.9471 resets=34 new_calls=6460 time=84s
covertype kswin+hedge acc=0.9477 resets=32 new_calls=6461 time=77s
STREAM_DONE 03:10:02 covertype_s1
h2_poker none acc=0.9282 resets=0 new_calls=999 time=448s
h2_poker ddmM acc=0.8472 resets=481 new_calls=1866 time=316s
h2_poker ddm acc=0.8478 resets=472 new_calls=1884 time=7s
h2_poker ddm+half acc=0.8957 resets=379 new_calls=2591 time=243s
h2_poker ddm+hedge acc=0.9161 resets=290 new_calls=2943 time=142s
h2_poker eddm acc=0.8418 resets=297 new_calls=3389 time=172s
h2_poker eddm+half acc=0.9169 resets=146 new_calls=3669 time=106s
h2_poker eddm+hedge acc=0.9234 resets=131 new_calls=3901 time=143s
h2_poker fhddm acc=0.8673 resets=140 new_calls=4385 time=325s
h2_poker fhddm+half acc=0.9202 resets=86 new_calls=4660 time=159s
h2_poker fhddm+hedge acc=0.9243 resets=81 new_calls=4740 time=41s
h2_poker hddma acc=0.8305 resets=535 new_calls=4879 time=80s
h2_poker hddma+half acc=0.9045 resets=283 new_calls=4991 time=58s
h2_poker hddma+hedge acc=0.9128 resets=280 new_calls=5059 time=41s
h2_poker hddmw acc=0.8498 resets=268 new_calls=5178 time=70s
h2_poker hddmw+half acc=0.9175 resets=149 new_calls=5249 time=42s
h2_poker hddmw+hedge acc=0.9243 resets=137 new_calls=5291 time=27s
h2_poker adwin acc=0.8582 resets=204 new_calls=5539 time=150s
h2_poker adwin+half acc=0.9153 resets=150 new_calls=5676 time=77s
h2_poker adwin+hedge acc=0.9239 resets=136 new_calls=5768 time=50s
h2_poker ph acc=0.8865 resets=106 new_calls=6016 time=137s
h2_poker ph+half acc=0.9207 resets=79 new_calls=6115 time=55s
h2_poker ph+hedge acc=0.9261 resets=70 new_calls=6176 time=36s
h2_poker kswin acc=0.8726 resets=185 new_calls=6212 time=57s
h2_poker kswin+half acc=0.9215 resets=118 new_calls=6218 time=47s
h2_poker kswin+hedge acc=0.9258 resets=117 new_calls=6230 time=51s
STREAM_DONE 04:01:23 h2_poker_s1
eeg none acc=0.8191 resets=0 new_calls=148 time=78s
eeg ddmM acc=0.8886 resets=33 new_calls=268 time=19s
eeg ddm acc=0.8895 resets=32 new_calls=280 time=4s
eeg ddm+half acc=0.8318 resets=68 new_calls=392 time=49s
eeg ddm+hedge acc=0.8880 resets=35 new_calls=416 time=5s
eeg eddm acc=0.8876 resets=25 new_calls=438 time=8s
eeg eddm+half acc=0.8255 resets=42 new_calls=466 time=13s
eeg eddm+hedge acc=0.8844 resets=25 new_calls=472 time=3s
eeg fhddm acc=0.8513 resets=18 new_calls=545 time=10s
eeg fhddm+half acc=0.8210 resets=21 new_calls=607 time=36s
eeg fhddm+hedge acc=0.8604 resets=18 new_calls=613 time=2s
eeg hddma acc=0.8866 resets=33 new_calls=615 time=2s
eeg hddma+half acc=0.8253 resets=54 new_calls=621 time=1s
eeg hddma+hedge acc=0.8845 resets=32 new_calls=625 time=0s
eeg hddmw acc=0.8843 resets=26 new_calls=638 time=7s
eeg hddmw+half acc=0.8215 resets=48 new_calls=649 time=5s
eeg hddmw+hedge acc=0.8759 resets=27 new_calls=660 time=2s
eeg adwin acc=0.8809 resets=29 new_calls=682 time=4s
eeg adwin+half acc=0.8230 resets=39 new_calls=693 time=8s
eeg adwin+hedge acc=0.8789 resets=29 new_calls=702 time=0s
eeg ph acc=0.8837 resets=19 new_calls=708 time=1s
eeg ph+half acc=0.8226 resets=26 new_calls=761 time=29s
eeg ph+hedge acc=0.8798 resets=18 new_calls=763 time=1s
eeg kswin acc=0.8839 resets=28 new_calls=767 time=5s
eeg kswin+half acc=0.8227 resets=40 new_calls=770 time=7s
eeg kswin+hedge acc=0.8792 resets=29 new_calls=770 time=5s
STREAM_DONE 04:06:29 eeg_s1
