h4_covertype_e none acc=0.9720 resets=0 new_calls=999 time=790s
h4_covertype_e ddmM acc=0.9676 resets=7 new_calls=1016 time=10s
h4_covertype_e ddm acc=0.9676 resets=7 new_calls=1016 time=0s
h4_covertype_e ddm+half acc=0.9717 resets=20 new_calls=1056 time=25s
h4_covertype_e ddm+hedge acc=0.9714 resets=64 new_calls=1230 time=96s
h4_covertype_e eddm acc=0.6086 resets=643 new_calls=2035 time=377s
h4_covertype_e eddm+half acc=0.9710 resets=40 new_calls=2211 time=89s
h4_covertype_e eddm+hedge acc=0.9715 resets=49 new_calls=2512 time=156s
h4_covertype_e fhddm acc=0.6674 resets=273 new_calls=3084 time=222s
h4_covertype_e fhddm+half acc=0.9720 resets=1 new_calls=3084 time=0s
h4_covertype_e fhddm+hedge acc=0.9720 resets=1 new_calls=3084 time=0s
h4_covertype_e hddma acc=0.6674 resets=618 new_calls=3324 time=76s
h4_covertype_e hddma+half acc=0.9687 resets=73 new_calls=3540 time=91s
h4_covertype_e hddma+hedge acc=0.9712 resets=62 new_calls=3736 time=89s
h4_covertype_e hddmw acc=0.7347 resets=353 new_calls=3846 time=50s
h4_covertype_e hddmw+half acc=0.9716 resets=16 new_calls=3866 time=9s
h4_covertype_e hddmw+hedge acc=0.9719 resets=15 new_calls=3879 time=6s
h4_covertype_e adwin acc=0.6247 resets=389 new_calls=4215 time=133s
h4_covertype_e adwin+half acc=0.9706 resets=26 new_calls=4282 time=30s
h4_covertype_e adwin+hedge acc=0.9716 resets=21 new_calls=4334 time=22s
h4_covertype_e ph acc=0.6824 resets=233 new_calls=4716 time=155s
h4_covertype_e ph+half acc=0.9719 resets=7 new_calls=4736 time=10s
h4_covertype_e ph+hedge acc=0.9712 resets=9 new_calls=4767 time=15s
h4_covertype_e kswin acc=0.7519 resets=279 new_calls=4796 time=46s
h4_covertype_e kswin+half acc=0.9720 resets=7 new_calls=4796 time=54s
h4_covertype_e kswin+hedge acc=0.9720 resets=7 new_calls=4797 time=54s
STREAM_DONE 02:58:28 h4_covertype_e_s1
h3_insects_b none acc=0.8145 resets=0 new_calls=999 time=833s
h3_insects_b ddmM acc=0.8143 resets=3 new_calls=1026 time=15s
h3_insects_b ddm acc=0.8143 resets=3 new_calls=1026 time=0s
h3_insects_b ddm+half acc=0.8143 resets=3 new_calls=1041 time=10s
h3_insects_b ddm+hedge acc=0.8145 resets=3 new_calls=1059 time=9s
h3_insects_b eddm acc=0.8116 resets=34 new_calls=1152 time=36s
h3_insects_b eddm+half acc=0.8143 resets=15 new_calls=1194 time=21s
h3_insects_b eddm+hedge acc=0.8139 resets=42 new_calls=1286 time=36s
h3_insects_b fhddm acc=0.8144 resets=6 new_calls=1340 time=25s
h3_insects_b fhddm+half acc=0.8147 resets=7 new_calls=1369 time=16s
h3_insects_b fhddm+hedge acc=0.8146 resets=6 new_calls=1369 time=0s
h3_insects_b hddma acc=0.8156 resets=4 new_calls=1404 time=17s
h3_insects_b hddma+half acc=0.8149 resets=4 new_calls=1424 time=12s
h3_insects_b hddma+hedge acc=0.8158 resets=4 new_calls=1424 time=1s
h3_insects_b hddmw acc=0.8145 resets=11 new_calls=1523 time=48s
h3_insects_b hddmw+half acc=0.8144 resets=11 new_calls=1573 time=27s
h3_insects_b hddmw+hedge acc=0.8154 resets=11 new_calls=1573 time=0s
h3_insects_b adwin acc=0.8151 resets=6 new_calls=1609 time=18s
h3_insects_b adwin+half acc=0.8147 resets=7 new_calls=1629 time=11s
h3_insects_b adwin+hedge acc=0.8157 resets=6 new_calls=1638 time=5s
h3_insects_b ph acc=0.8144 resets=10 new_calls=1696 time=25s
h3_insects_b ph+half acc=0.8150 resets=10 new_calls=1741 time=25s
h3_insects_b ph+hedge acc=0.8156 resets=8 new_calls=1768 time=13s
h3_insects_b kswin acc=0.8149 resets=8 new_calls=1802 time=70s
h3_insects_b kswin+half acc=0.8147 resets=8 new_calls=1822 time=65s
h3_insects_b kswin+hedge acc=0.8154 resets=8 new_calls=1833 time=59s
STREAM_DONE 03:21:50 h3_insects_b_s1
chest none acc=0.9701 resets=0 new_calls=999 time=31s
chest ddmM acc=0.9903 resets=9 new_calls=1072 time=20s
chest ddm acc=0.9903 resets=9 new_calls=1072 time=0s
chest ddm+half acc=0.9764 resets=15 new_calls=1123 time=15s
chest ddm+hedge acc=0.9877 resets=10 new_calls=1141 time=1s
chest eddm acc=0.9913 resets=10 new_calls=1172 time=0s
chest eddm+half acc=0.9775 resets=16 new_calls=1196 time=7s
chest eddm+hedge acc=0.9902 resets=10 new_calls=1205 time=0s
chest fhddm acc=0.9774 resets=8 new_calls=1273 time=0s
chest fhddm+half acc=0.9737 resets=11 new_calls=1288 time=6s
chest fhddm+hedge acc=0.9774 resets=8 new_calls=1288 time=0s
chest hddma acc=0.9902 resets=11 new_calls=1301 time=4s
chest hddma+half acc=0.9761 resets=12 new_calls=1310 time=6s
chest hddma+hedge acc=0.9875 resets=10 new_calls=1310 time=2s
chest hddmw acc=0.9907 resets=12 new_calls=1310 time=0s
chest hddmw+half acc=0.9761 resets=15 new_calls=1322 time=5s
chest hddmw+hedge acc=0.9878 resets=10 new_calls=1322 time=1s
chest adwin acc=0.9909 resets=12 new_calls=1331 time=0s
chest adwin+half acc=0.9768 resets=19 new_calls=1334 time=1s
chest adwin+hedge acc=0.9896 resets=12 new_calls=1343 time=0s
chest ph acc=0.9910 resets=10 new_calls=1361 time=0s
chest ph+half acc=0.9762 resets=16 new_calls=1367 time=2s
chest ph+hedge acc=0.9900 resets=10 new_calls=1367 time=0s
chest kswin acc=0.9907 resets=12 new_calls=1376 time=51s
chest kswin+half acc=0.9768 resets=20 new_calls=1376 time=51s
chest kswin+hedge acc=0.9894 resets=13 new_calls=1376 time=51s
STREAM_DONE 03:26:07 chest_s1
h2_rialto none acc=0.7750 resets=0 new_calls=821 time=361s
h2_rialto ddmM acc=0.7819 resets=149 new_calls=1172 time=144s
h2_rialto ddm acc=0.7804 resets=127 new_calls=1179 time=4s
h2_rialto ddm+half acc=0.7774 resets=113 new_calls=1413 time=150s
h2_rialto ddm+hedge acc=0.7888 resets=185 new_calls=1585 time=113s
h2_rialto eddm acc=0.7896 resets=256 new_calls=2086 time=306s
h2_rialto eddm+half acc=0.7826 resets=298 new_calls=2583 time=258s
h2_rialto eddm+hedge acc=0.7985 resets=248 new_calls=2840 time=148s
h2_rialto fhddm acc=0.7857 resets=95 new_calls=3231 time=225s
h2_rialto fhddm+half acc=0.7780 resets=100 new_calls=3542 time=172s
h2_rialto fhddm+hedge acc=0.7930 resets=87 new_calls=3650 time=62s
h2_rialto hddma acc=0.7820 resets=122 new_calls=3818 time=82s
h2_rialto hddma+half acc=0.7793 resets=128 new_calls=3947 time=61s
h2_rialto hddma+hedge acc=0.7898 resets=126 new_calls=4003 time=26s
h2_rialto hddmw acc=0.7849 resets=147 new_calls=4114 time=61s
h2_rialto hddmw+half acc=0.7803 resets=146 new_calls=4191 time=46s
h2_rialto hddmw+hedge acc=0.7935 resets=144 new_calls=4243 time=27s
h2_rialto adwin acc=0.7792 resets=122 new_calls=4521 time=169s
h2_rialto adwin+half acc=0.7782 resets=122 new_calls=4728 time=168s
h2_rialto adwin+hedge acc=0.7907 resets=115 new_calls=4856 time=99s
h2_rialto ph acc=0.7817 resets=89 new_calls=5071 time=165s
