insects_abrupt_imbalanced none acc=0.7940 resets=0 new_calls=1499 time=1430s
insects_abrupt_imbalanced ddmM acc=0.7965 resets=5 new_calls=1544 time=23s
insects_abrupt_imbalanced ddm acc=0.7965 resets=5 new_calls=1544 time=0s
insects_abrupt_imbalanced ddm+half acc=0.7948 resets=5 new_calls=1569 time=15s
insects_abrupt_imbalanced ddm+hedge acc=0.7965 resets=5 new_calls=1569 time=0s
insects_abrupt_imbalanced eddm acc=0.7931 resets=15 new_calls=1621 time=23s
insects_abrupt_imbalanced eddm+half acc=0.7940 resets=15 new_calls=1652 time=16s
insects_abrupt_imbalanced eddm+hedge acc=0.7937 resets=32 new_calls=1701 time=19s
insects_abrupt_imbalanced fhddm acc=0.7948 resets=9 new_calls=1764 time=30s
insects_abrupt_imbalanced fhddm+half acc=0.7951 resets=10 new_calls=1809 time=25s
insects_abrupt_imbalanced fhddm+hedge acc=0.7952 resets=9 new_calls=1809 time=0s
insects_abrupt_imbalanced hddma acc=0.7970 resets=6 new_calls=1845 time=17s
insects_abrupt_imbalanced hddma+half acc=0.7952 resets=6 new_calls=1865 time=11s
insects_abrupt_imbalanced hddma+hedge acc=0.7972 resets=6 new_calls=1865 time=1s
insects_abrupt_imbalanced hddmw acc=0.7971 resets=17 new_calls=1992 time=61s
insects_abrupt_imbalanced hddmw+half acc=0.7946 resets=16 new_calls=2066 time=44s
insects_abrupt_imbalanced hddmw+hedge acc=0.7978 resets=17 new_calls=2066 time=1s
insects_abrupt_imbalanced adwin acc=0.7979 resets=7 new_calls=2084 time=10s
insects_abrupt_imbalanced adwin+half acc=0.7952 resets=9 new_calls=2094 time=7s
insects_abrupt_imbalanced adwin+hedge acc=0.7977 resets=8 new_calls=2121 time=15s
insects_abrupt_imbalanced ph acc=0.7959 resets=19 new_calls=2254 time=71s
insects_abrupt_imbalanced ph+half acc=0.7948 resets=18 new_calls=2309 time=36s
insects_abrupt_imbalanced ph+hedge acc=0.7971 resets=17 new_calls=2354 time=22s
insects_abrupt_imbalanced kswin acc=0.7974 resets=11 new_calls=2408 time=110s
insects_abrupt_imbalanced kswin+half acc=0.7949 resets=11 new_calls=2438 time=99s
insects_abrupt_imbalanced kswin+hedge acc=0.7975 resets=13 new_calls=2447 time=87s
STREAM_DONE 02:45:59 insects_abrupt_imbalanced_s1
h3_poker_c none acc=0.9080 resets=0 new_calls=999 time=375s
h3_poker_c ddmM acc=0.8321 resets=455 new_calls=1905 time=350s
h3_poker_c ddm acc=0.8303 resets=455 new_calls=1929 time=8s
h3_poker_c ddm+half acc=0.8891 resets=356 new_calls=2676 time=371s
h3_poker_c ddm+hedge acc=0.8991 resets=300 new_calls=3073 time=223s
h3_poker_c eddm acc=0.8193 resets=330 new_calls=3527 time=255s
h3_poker_c eddm+half acc=0.8984 resets=185 new_calls=3851 time=131s
h3_poker_c eddm+hedge acc=0.9047 resets=167 new_calls=4130 time=118s
h3_poker_c fhddm acc=0.8494 resets=163 new_calls=4654 time=205s
h3_poker_c fhddm+half acc=0.8971 resets=116 new_calls=4975 time=109s
h3_poker_c fhddm+hedge acc=0.9066 resets=102 new_calls=5120 time=53s
h3_poker_c hddma acc=0.8233 resets=457 new_calls=5248 time=47s
h3_poker_c hddma+half acc=0.8894 resets=303 new_calls=5358 time=38s
h3_poker_c hddma+hedge acc=0.8990 resets=282 new_calls=5430 time=25s
h3_poker_c hddmw acc=0.8422 resets=261 new_calls=5489 time=20s
h3_poker_c hddmw+half acc=0.9002 resets=172 new_calls=5546 time=21s
h3_poker_c hddmw+hedge acc=0.9049 resets=158 new_calls=5587 time=15s
h3_poker_c adwin acc=0.8360 resets=233 new_calls=5836 time=89s
h3_poker_c adwin+half acc=0.9015 resets=165 new_calls=5940 time=39s
h3_poker_c adwin+hedge acc=0.9039 resets=162 new_calls=6066 time=53s
h3_poker_c ph acc=0.8607 resets=129 new_calls=6281 time=79s
h3_poker_c ph+half acc=0.9034 resets=101 new_calls=6394 time=41s
h3_poker_c ph+hedge acc=0.9087 resets=88 new_calls=6466 time=27s
h3_poker_c kswin acc=0.8382 resets=255 new_calls=6517 time=56s
h3_poker_c kswin+half acc=0.9002 resets=166 new_calls=6522 time=43s
h3_poker_c kswin+hedge acc=0.9060 resets=158 new_calls=6523 time=42s
STREAM_DONE 03:33:14 h3_poker_c_s1
insects_incremental_abrupt_balanced none acc=0.7666 resets=0 new_calls=798 time=689s
insects_incremental_abrupt_balanced ddmM acc=0.7768 resets=19 new_calls=943 time=85s
insects_incremental_abrupt_balanced ddm acc=0.7768 resets=19 new_calls=943 time=0s
insects_incremental_abrupt_balanced ddm+half acc=0.7693 resets=14 new_calls=1008 time=46s
insects_incremental_abrupt_balanced ddm+hedge acc=0.7741 resets=11 new_calls=1051 time=25s
insects_incremental_abrupt_balanced eddm acc=0.7726 resets=46 new_calls=1174 time=72s
insects_incremental_abrupt_balanced eddm+half acc=0.7683 resets=122 new_calls=1407 time=158s
insects_incremental_abrupt_balanced eddm+hedge acc=0.7734 resets=76 new_calls=1571 time=97s
insects_incremental_abrupt_balanced fhddm acc=0.7688 resets=25 new_calls=1747 time=114s
insects_incremental_abrupt_balanced fhddm+half acc=0.7694 resets=23 new_calls=1837 time=66s
insects_incremental_abrupt_balanced fhddm+hedge acc=0.7704 resets=22 new_calls=1872 time=22s
insects_incremental_abrupt_balanced hddma acc=0.7856 resets=21 new_calls=1968 time=60s
insects_incremental_abrupt_balanced hddma+half acc=0.7715 resets=18 new_calls=2028 time=44s
insects_incremental_abrupt_balanced hddma+hedge acc=0.7849 resets=21 new_calls=2028 time=1s
insects_incremental_abrupt_balanced hddmw acc=0.7853 resets=27 new_calls=2094 time=42s
insects_incremental_abrupt_balanced hddmw+half acc=0.7709 resets=26 new_calls=2132 time=28s
insects_incremental_abrupt_balanced hddmw+hedge acc=0.7847 resets=29 new_calls=2137 time=4s
insects_incremental_abrupt_balanced adwin acc=0.7847 resets=21 new_calls=2181 time=24s
insects_incremental_abrupt_balanced adwin+half acc=0.7717 resets=26 new_calls=2237 time=31s
insects_incremental_abrupt_balanced adwin+hedge acc=0.7845 resets=21 new_calls=2245 time=4s
insects_incremental_abrupt_balanced ph acc=0.7788 resets=24 new_calls=2343 time=49s
insects_incremental_abrupt_balanced ph+half acc=0.7708 resets=31 new_calls=2405 time=36s
insects_incremental_abrupt_balanced ph+hedge acc=0.7808 resets=26 new_calls=2478 time=48s
insects_incremental_abrupt_balanced kswin acc=0.7809 resets=16 new_calls=2485 time=44s
insects_incremental_abrupt_balanced kswin+half acc=0.7710 resets=17 new_calls=2491 time=44s
insects_incremental_abrupt_balanced kswin+hedge acc=0.7805 resets=15 new_calls=2491 time=41s
STREAM_DONE 04:04:31 insects_incremental_abrupt_balanced_s1
wall none acc=0.9315 resets=0 new_calls=53 time=51s
wall ddmM acc=0.8994 resets=2 new_calls=68 time=11s
wall ddm acc=0.8994 resets=2 new_calls=68 time=0s
wall ddm+half acc=0.8728 resets=20 new_calls=91 time=16s
wall ddm+hedge acc=0.9108 resets=17 new_calls=117 time=19s
wall eddm acc=0.6106 resets=38 new_calls=153 time=25s
wall eddm+half acc=0.8668 resets=15 new_calls=185 time=29s
wall eddm+hedge acc=0.9208 resets=10 new_calls=210 time=21s
wall fhddm acc=0.9092 resets=3 new_calls=218 time=7s
wall fhddm+half acc=0.9279 resets=3 new_calls=221 time=3s
wall fhddm+hedge acc=0.9319 resets=2 new_calls=223 time=2s
wall hddma acc=0.5819 resets=45 new_calls=232 time=6s
wall hddma+half acc=0.8540 resets=24 new_calls=245 time=12s
wall hddma+hedge acc=0.9162 resets=17 new_calls=273 time=23s
wall hddmw acc=0.6685 resets=24 new_calls=285 time=10s
wall hddmw+half acc=0.9275 resets=4 new_calls=285 time=0s
wall hddmw+hedge acc=0.9196 resets=4 new_calls=286 time=1s
wall adwin acc=0.7485 resets=13 new_calls=303 time=13s
wall adwin+half acc=0.8998 resets=8 new_calls=311 time=7s
wall adwin+hedge acc=0.9266 resets=4 new_calls=313 time=2s
wall ph acc=0.8094 resets=7 new_calls=333 time=16s
wall ph+half acc=0.8877 resets=6 new_calls=338 time=5s
wall ph+hedge acc=0.9268 resets=3 new_calls=348 time=8s
wall kswin acc=0.6889 resets=24 new_calls=352 time=4s
wall kswin+half acc=0.9275 resets=4 new_calls=352 time=2s
wall kswin+hedge acc=0.9274 resets=3 new_calls=352 time=2s
STREAM_DONE 04:09:28 wall_s1
home none acc=0.9702 resets=0 new_calls=999 time=168s
home ddmM acc=0.9837 resets=34 new_calls=1231 time=82s
home ddm acc=0.9837 resets=34 new_calls=1231 time=0s
