RESTART 06:11:22
STREAM_DONE 06:11:24 covertype_s1
STREAM_DONE 06:11:25 kdd_s1
STREAM_DONE 06:11:27 h4_poker_d_s1
STREAM_DONE 06:11:28 h4_airlines_d_s1
STREAM_DONE 06:11:29 h3_covertype_c_s1
STREAM_DONE 06:11:30 h2_poker_s1
STREAM_DONE 06:11:31 elec2_s1
STREAM_DONE 06:11:33 insects_gradual_balanced_s1
h2_spam ddmM acc=0.9205 resets=11 new_calls=61 time=354s
h2_spam ddm acc=0.9205 resets=11 new_calls=61 time=0s
h2_spam ddm+half acc=0.9418 resets=4 new_calls=94 time=277s
h2_spam ddm+hedge acc=0.9416 resets=4 new_calls=107 time=82s
h2_spam eddm acc=0.9192 resets=10 new_calls=150 time=134s
h2_spam eddm+half acc=0.9408 resets=7 new_calls=175 time=158s
h2_spam eddm+hedge acc=0.9431 resets=7 new_calls=208 time=142s
h2_spam fhddm acc=0.9392 resets=2 new_calls=220 time=49s
h2_spam fhddm+half acc=0.9448 resets=1 new_calls=225 time=30s
h2_spam fhddm+hedge acc=0.9421 resets=2 new_calls=225 time=0s
h2_spam hddma acc=0.9351 resets=7 new_calls=234 time=22s
h2_spam hddma+half acc=0.9421 resets=6 new_calls=240 time=34s
h2_spam hddma+hedge acc=0.9408 resets=6 new_calls=244 time=12s
h2_spam hddmw acc=0.9356 resets=3 new_calls=244 time=0s
h2_spam hddmw+half acc=0.9430 resets=2 new_calls=244 time=0s
h2_spam hddmw+hedge acc=0.9389 resets=3 new_calls=244 time=0s
h2_spam adwin acc=0.9372 resets=2 new_calls=244 time=0s
h2_spam adwin+half acc=0.9430 resets=2 new_calls=244 time=0s
h2_spam adwin+hedge acc=0.9415 resets=2 new_calls=256 time=52s
h2_spam ph acc=0.9369 resets=2 new_calls=266 time=44s
h2_spam ph+half acc=0.9420 resets=2 new_calls=273 time=39s
h2_spam ph+hedge acc=0.9410 resets=2 new_calls=279 time=22s
h2_spam kswin acc=0.9344 resets=3 new_calls=281 time=7s
h2_spam kswin+half acc=0.9430 resets=2 new_calls=281 time=3s
h2_spam kswin+hedge acc=0.9367 resets=3 new_calls=281 time=3s
STREAM_DONE 06:35:59 h2_spam_s1
h4_airlines_d none acc=0.6588 resets=0 new_calls=999 time=427s
h4_airlines_d ddmM acc=0.6582 resets=3 new_calls=1026 time=10s
h4_airlines_d ddm acc=0.6582 resets=3 new_calls=1026 time=0s
h4_airlines_d ddm+half acc=0.6586 resets=3 new_calls=1037 time=5s
h4_airlines_d ddm+hedge acc=0.6584 resets=5 new_calls=1061 time=9s
h4_airlines_d eddm acc=0.6580 resets=7 new_calls=1077 time=7s
h4_airlines_d eddm+half acc=0.6567 resets=99 new_calls=1218 time=51s
h4_airlines_d eddm+hedge acc=0.6586 resets=7 new_calls=1218 time=0s
h4_airlines_d fhddm acc=0.6526 resets=42 new_calls=1558 time=105s
h4_airlines_d fhddm+half acc=0.6582 resets=33 new_calls=1722 time=59s
h4_airlines_d fhddm+hedge acc=0.6575 resets=34 new_calls=1782 time=22s
h4_airlines_d hddma acc=0.6554 resets=15 new_calls=1896 time=61s
h4_airlines_d hddma+half acc=0.6585 resets=10 new_calls=1941 time=22s
h4_airlines_d hddma+hedge acc=0.6583 resets=15 new_calls=1995 time=28s
h4_airlines_d hddmw acc=0.6308 resets=161 new_calls=2727 time=380s
h4_airlines_d hddmw+half acc=0.6532 resets=158 new_calls=3228 time=186s
h4_airlines_d hddmw+hedge acc=0.6516 resets=163 new_calls=3616 time=137s
h4_airlines_d adwin acc=0.6574 resets=12 new_calls=3669 time=19s
h4_airlines_d adwin+half acc=0.6587 resets=11 new_calls=3684 time=6s
h4_airlines_d adwin+hedge acc=0.6586 resets=11 new_calls=3693 time=4s
h4_airlines_d ph acc=0.6525 resets=33 new_calls=3899 time=77s
h4_airlines_d ph+half acc=0.6581 resets=27 new_calls=3971 time=26s
h4_airlines_d ph+hedge acc=0.6584 resets=24 new_calls=4084 time=38s
h4_airlines_d kswin acc=0.6445 resets=91 new_calls=4367 time=172s
h4_airlines_d kswin+half acc=0.6546 resets=89 new_calls=4562 time=157s
h4_airlines_d kswin+hedge acc=0.6542 resets=91 new_calls=4699 time=118s
STREAM_DONE 07:11:27 h4_airlines_d_s2
h3_airlines_c none acc=0.6517 resets=0 new_calls=999 time=603s
h3_airlines_c ddmM acc=0.6506 resets=5 new_calls=1044 time=25s
h3_airlines_c ddm acc=0.6506 resets=5 new_calls=1044 time=0s
h3_airlines_c ddm+half acc=0.6513 resets=8 new_calls=1076 time=16s
h3_airlines_c ddm+hedge acc=0.6514 resets=8 new_calls=1099 time=11s
h3_airlines_c eddm acc=0.6514 resets=3 new_calls=1110 time=5s
h3_airlines_c eddm+half acc=0.6517 resets=3 new_calls=1110 time=0s
h3_airlines_c eddm+hedge acc=0.6503 resets=120 new_calls=1339 time=116s
h3_airlines_c fhddm acc=0.6458 resets=41 new_calls=1670 time=163s
h3_airlines_c fhddm+half acc=0.6508 resets=36 new_calls=1844 time=73s
h3_airlines_c fhddm+hedge acc=0.6507 resets=36 new_calls=1907 time=23s
h3_airlines_c hddma acc=0.6501 resets=16 new_calls=2018 time=44s
h3_airlines_c hddma+half acc=0.6519 resets=16 new_calls=2093 time=31s
h3_airlines_c hddma+hedge acc=0.6515 resets=19 new_calls=2154 time=26s
h3_airlines_c hddmw acc=0.6344 resets=129 new_calls=2795 time=237s
h3_airlines_c hddmw+half acc=0.6486 resets=127 new_calls=3198 time=147s
h3_airlines_c hddmw+hedge acc=0.6481 resets=137 new_calls=3467 time=85s
h3_airlines_c adwin acc=0.6511 resets=11 new_calls=3546 time=22s
h3_airlines_c adwin+half acc=0.6517 resets=11 new_calls=3581 time=9s
h3_airlines_c adwin+hedge acc=0.6517 resets=11 new_calls=3585 time=1s
h3_airlines_c ph acc=0.6469 resets=33 new_calls=3784 time=62s
h3_airlines_c ph+half acc=0.6512 resets=23 new_calls=3837 time=21s
h3_airlines_c ph+hedge acc=0.6507 resets=25 new_calls=3923 time=47s
h3_airlines_c kswin acc=0.6436 resets=71 new_calls=4151 time=218s
h3_airlines_c kswin+half acc=0.6502 resets=68 new_calls=4287 time=144s
h3_airlines_c kswin+hedge acc=0.6501 resets=75 new_calls=4393 time=121s
STREAM_DONE 07:49:01 h3_airlines_c_s2
insects_abrupt_balanced none acc=0.7643 resets=0 new_calls=527 time=543s
insects_abrupt_balanced ddmM acc=0.7774 resets=10 new_calls=598 time=53s
insects_abrupt_balanced ddm acc=0.7774 resets=10 new_calls=598 time=0s
insects_abrupt_balanced ddm+half acc=0.7691 resets=8 new_calls=638 time=31s
insects_abrupt_balanced ddm+hedge acc=0.7770 resets=10 new_calls=638 time=0s
insects_abrupt_balanced eddm acc=0.7676 resets=27 new_calls=713 time=48s
insects_abrupt_balanced eddm+half acc=0.7660 resets=59 new_calls=831 time=91s
insects_abrupt_balanced eddm+hedge acc=0.7691 resets=31 new_calls=873 time=19s
insects_abrupt_balanced fhddm acc=0.7695 resets=14 new_calls=981 time=48s
insects_abrupt_balanced fhddm+half acc=0.7690 resets=13 new_calls=1040 time=34s
insects_abrupt_balanced fhddm+hedge acc=0.7716 resets=12 new_calls=1049 time=5s
insects_abrupt_balanced hddma acc=0.7823 resets=9 new_calls=1092 time=17s
insects_abrupt_balanced hddma+half acc=0.7706 resets=10 new_calls=1127 time=24s
insects_abrupt_balanced hddma+hedge acc=0.7806 resets=9 new_calls=1127 time=0s
insects_abrupt_balanced hddmw acc=0.7819 resets=16 new_calls=1183 time=29s
insects_abrupt_balanced hddmw+half acc=0.7698 resets=15 new_calls=1213 time=17s
insects_abrupt_balanced hddmw+hedge acc=0.7816 resets=16 new_calls=1226 time=7s
insects_abrupt_balanced adwin acc=0.7824 resets=12 new_calls=1247 time=10s
insects_abrupt_balanced adwin+half acc=0.7715 resets=17 new_calls=1275 time=16s
insects_abrupt_balanced adwin+hedge acc=0.7810 resets=12 new_calls=1284 time=4s
insects_abrupt_balanced ph acc=0.7785 resets=16 new_calls=1332 time=21s
insects_abrupt_balanced ph+half acc=0.7696 resets=22 new_calls=1372 time=19s
insects_abrupt_balanced ph+hedge acc=0.7798 resets=16 new_calls=1416 time=20s
insects_abrupt_balanced kswin acc=0.7828 resets=9 new_calls=1416 time=30s
insects_abrupt_balanced kswin+half acc=0.7714 resets=13 new_calls=1421 time=31s
insects_abrupt_balanced kswin+hedge acc=0.7810 resets=10 new_calls=1421 time=30s
STREAM_DONE 08:08:09 insects_abrupt_balanced_s2
bank none acc=0.8989 resets=0 new_calls=410 time=157s
bank ddmM acc=0.8987 resets=9 new_calls=464 time=20s
bank ddm acc=0.8987 resets=9 new_calls=464 time=0s
bank ddm+half acc=0.8992 resets=9 new_calls=498 time=13s
bank ddm+hedge acc=0.8988 resets=9 new_calls=498 time=0s
bank eddm acc=0.8988 resets=59 new_calls=816 time=146s
bank eddm+half acc=0.8985 resets=66 new_calls=1037 time=96s
bank eddm+hedge acc=0.8994 resets=47 new_calls=1058 time=8s
bank fhddm acc=0.8988 resets=5 new_calls=1096 time=15s
bank fhddm+half acc=0.8991 resets=5 new_calls=1116 time=9s
bank fhddm+hedge acc=0.8990 resets=5 new_calls=1116 time=0s
bank hddma acc=0.8989 resets=5 new_calls=1143 time=12s
bank hddma+half acc=0.8987 resets=5 new_calls=1160 time=8s
bank hddma+hedge acc=0.8991 resets=6 new_calls=1174 time=6s
bank hddmw acc=0.8986 resets=10 new_calls=1213 time=16s
bank hddmw+half acc=0.8989 resets=9 new_calls=1225 time=5s
bank hddmw+hedge acc=0.8993 resets=8 new_calls=1228 time=2s
bank adwin acc=0.8997 resets=9 new_calls=1282 time=20s
bank adwin+half acc=0.8993 resets=9 new_calls=1302 time=8s
bank adwin+hedge acc=0.8996 resets=9 new_calls=1312 time=4s
bank ph acc=0.8992 resets=11 new_calls=1346 time=13s
bank ph+half acc=0.8988 resets=11 new_calls=1375 time=11s
bank ph+hedge acc=0.8997 resets=12 new_calls=1393 time=5s
bank kswin acc=0.8990 resets=6 new_calls=1402 time=27s
bank kswin+half acc=0.8989 resets=5 new_calls=1407 time=25s
bank kswin+hedge acc=0.8991 resets=4 new_calls=1407 time=22s
STREAM_DONE 08:19:01 bank_s2
room none acc=0.9611 resets=0 new_calls=100 time=34s
room ddmM acc=0.9290 resets=17 new_calls=147 time=24s
room ddm acc=0.9290 resets=17 new_calls=147 time=0s
room ddm+half acc=0.9616 resets=16 new_calls=176 time=12s
room ddm+hedge acc=0.9377 resets=18 new_calls=177 time=0s
room eddm acc=0.9345 resets=11 new_calls=183 time=2s
room eddm+half acc=0.9614 resets=7 new_calls=189 time=3s
room eddm+hedge acc=0.9421 resets=10 new_calls=197 time=3s
room fhddm acc=0.9360 resets=5 new_calls=212 time=2s
room fhddm+half acc=0.9613 resets=3 new_calls=222 time=5s
room fhddm+hedge acc=0.9475 resets=5 new_calls=223 time=0s
room hddma acc=0.9290 resets=17 new_calls=223 time=0s
room hddma+half acc=0.9615 resets=12 new_calls=226 time=2s
room hddma+hedge acc=0.9377 resets=17 new_calls=226 time=0s
room hddmw acc=0.9337 resets=13 new_calls=226 time=0s
room hddmw+half acc=0.9614 resets=8 new_calls=226 time=0s
room hddmw+hedge acc=0.9417 resets=13 new_calls=226 time=0s
room adwin acc=0.9345 resets=11 new_calls=235 time=0s
room adwin+half acc=0.9614 resets=7 new_calls=240 time=0s
room adwin+hedge acc=0.9421 resets=10 new_calls=249 time=0s
room ph acc=0.9330 resets=8 new_calls=265 time=3s
room ph+half acc=0.9616 resets=5 new_calls=271 time=3s
room ph+hedge acc=0.9519 resets=7 new_calls=280 time=0s
room kswin acc=0.9339 resets=13 new_calls=280 time=4s
room kswin+half acc=0.9614 resets=8 new_calls=280 time=4s
room kswin+hedge acc=0.9418 resets=13 new_calls=280 time=4s
STREAM_DONE 08:20:50 room_s2
wall none acc=0.9351 resets=0 new_calls=53 time=42s
wall ddmM acc=0.9000 resets=2 new_calls=68 time=9s
wall ddm acc=0.9000 resets=2 new_calls=68 time=0s
wall ddm+half acc=0.9142 resets=13 new_calls=82 time=8s
wall ddm+hedge acc=0.9153 resets=12 new_calls=108 time=14s
wall eddm acc=0.6155 resets=34 new_calls=151 time=24s
wall eddm+half acc=0.8823 resets=13 new_calls=180 time=20s
wall eddm+hedge acc=0.9211 resets=8 new_calls=209 time=17s
wall fhddm acc=0.9102 resets=3 new_calls=217 time=6s
wall fhddm+half acc=0.9351 resets=2 new_calls=222 time=3s
wall fhddm+hedge acc=0.9357 resets=3 new_calls=230 time=6s
wall hddma acc=0.6028 resets=41 new_calls=241 time=6s
wall hddma+half acc=0.8598 resets=25 new_calls=259 time=12s
wall hddma+hedge acc=0.9160 resets=18 new_calls=274 time=9s
wall hddmw acc=0.7085 resets=20 new_calls=282 time=4s
wall hddmw+half acc=0.8953 resets=11 new_calls=286 time=3s
wall hddmw+hedge acc=0.9206 resets=7 new_calls=293 time=4s
wall adwin acc=0.7023 resets=18 new_calls=311 time=10s
wall adwin+half acc=0.8862 resets=9 new_calls=326 time=9s
wall adwin+hedge acc=0.9323 resets=4 new_calls=326 time=0s
wall ph acc=0.7734 resets=10 new_calls=339 time=7s
wall ph+half acc=0.9332 resets=2 new_calls=339 time=0s
wall ph+hedge acc=0.9343 resets=2 new_calls=339 time=0s
wall kswin acc=0.6628 resets=25 new_calls=348 time=5s
wall kswin+half acc=0.8972 resets=11 new_calls=348 time=2s
wall kswin+hedge acc=0.9332 resets=5 new_calls=349 time=3s
STREAM_DONE 08:24:34 wall_s2
agrawal_s12 none acc=0.8664 resets=0 new_calls=239 time=123s
agrawal_s12 ddmM acc=0.9644 resets=14 new_calls=351 time=50s
agrawal_s12 ddm acc=0.9644 resets=14 new_calls=351 time=0s
agrawal_s12 ddm+half acc=0.8866 resets=13 new_calls=407 time=24s
agrawal_s12 ddm+hedge acc=0.9584 resets=13 new_calls=430 time=9s
agrawal_s12 eddm acc=0.9651 resets=11 new_calls=430 time=0s
agrawal_s12 eddm+half acc=0.9092 resets=26 new_calls=475 time=21s
agrawal_s12 eddm+hedge acc=0.9580 resets=12 new_calls=484 time=4s
agrawal_s12 fhddm acc=0.8682 resets=11 new_calls=583 time=42s
agrawal_s12 fhddm+half acc=0.8737 resets=11 new_calls=618 time=13s
agrawal_s12 fhddm+hedge acc=0.8703 resets=11 new_calls=618 time=0s
agrawal_s12 hddma acc=0.9651 resets=11 new_calls=618 time=0s
agrawal_s12 hddma+half acc=0.8843 resets=11 new_calls=622 time=2s
agrawal_s12 hddma+hedge acc=0.9586 resets=11 new_calls=622 time=0s
agrawal_s12 hddmw acc=0.9651 resets=11 new_calls=622 time=0s
agrawal_s12 hddmw+half acc=0.8843 resets=11 new_calls=622 time=0s
agrawal_s12 hddmw+hedge acc=0.9586 resets=11 new_calls=622 time=0s
agrawal_s12 adwin acc=0.9640 resets=12 new_calls=630 time=3s
agrawal_s12 adwin+half acc=0.8870 resets=22 new_calls=660 time=13s
agrawal_s12 adwin+hedge acc=0.9536 resets=21 new_calls=737 time=35s
agrawal_s12 ph acc=0.9567 resets=11 new_calls=741 time=2s
agrawal_s12 ph+half acc=0.8923 resets=22 new_calls=781 time=17s
agrawal_s12 ph+hedge acc=0.9500 resets=13 new_calls=790 time=4s
agrawal_s12 kswin acc=0.9572 resets=10 new_calls=790 time=12s
agrawal_s12 kswin+half acc=0.8837 resets=12 new_calls=790 time=11s
agrawal_s12 kswin+hedge acc=0.9496 resets=11 new_calls=799 time=16s
STREAM_DONE 08:31:19 agrawal_s12_s1
hyperplane_s12 none acc=0.8977 resets=0 new_calls=179 time=90s
hyperplane_s12 ddmM acc=0.9086 resets=15 new_calls=252 time=33s
hyperplane_s12 ddm acc=0.9086 resets=15 new_calls=252 time=0s
hyperplane_s12 ddm+half acc=0.9035 resets=6 new_calls=279 time=11s
hyperplane_s12 ddm+hedge acc=0.9100 resets=9 new_calls=322 time=18s
hyperplane_s12 eddm acc=0.9039 resets=23 new_calls=421 time=40s
hyperplane_s12 eddm+half acc=0.9076 resets=29 new_calls=516 time=37s
hyperplane_s12 eddm+hedge acc=0.9102 resets=25 new_calls=584 time=26s
hyperplane_s12 fhddm acc=0.8949 resets=3 new_calls=611 time=10s
hyperplane_s12 fhddm+half acc=0.8967 resets=3 new_calls=626 time=5s
hyperplane_s12 fhddm+hedge acc=0.8967 resets=4 new_calls=635 time=3s
hyperplane_s12 hddma acc=0.9079 resets=5 new_calls=644 time=3s
hyperplane_s12 hddma+half acc=0.9025 resets=5 new_calls=659 time=8s
hyperplane_s12 hddma+hedge acc=0.9076 resets=5 new_calls=668 time=4s
hyperplane_s12 hddmw acc=0.8992 resets=1 new_calls=677 time=4s
hyperplane_s12 hddmw+half acc=0.8993 resets=1 new_calls=682 time=2s
hyperplane_s12 hddmw+hedge acc=0.8994 resets=1 new_calls=682 time=0s
hyperplane_s12 adwin acc=0.9115 resets=6 new_calls=690 time=3s
hyperplane_s12 adwin+half acc=0.9016 resets=9 new_calls=698 time=4s
hyperplane_s12 adwin+hedge acc=0.9108 resets=6 new_calls=698 time=0s
hyperplane_s12 ph acc=0.9033 resets=3 new_calls=712 time=7s
hyperplane_s12 ph+half acc=0.9028 resets=3 new_calls=717 time=2s
hyperplane_s12 ph+hedge acc=0.9021 resets=3 new_calls=717 time=0s
hyperplane_s12 kswin acc=0.8977 resets=0 new_calls=717 time=10s
hyperplane_s12 kswin+half acc=0.8977 resets=0 new_calls=717 time=11s
hyperplane_s12 kswin+hedge acc=0.8977 resets=0 new_calls=717 time=10s
STREAM_DONE 08:37:01 hyperplane_s12_s1
rbf_s14 none acc=0.9013 resets=0 new_calls=179 time=70s
rbf_s14 ddmM acc=0.9133 resets=10 new_calls=253 time=24s
rbf_s14 ddm acc=0.9133 resets=10 new_calls=253 time=0s
rbf_s14 ddm+half acc=0.9048 resets=8 new_calls=293 time=13s
rbf_s14 ddm+hedge acc=0.9118 resets=14 new_calls=323 time=9s
rbf_s14 eddm acc=0.9083 resets=18 new_calls=385 time=21s
rbf_s14 eddm+half acc=0.9046 resets=20 new_calls=435 time=16s
rbf_s14 eddm+hedge acc=0.9107 resets=20 new_calls=474 time=9s
rbf_s14 fhddm acc=0.9078 resets=8 new_calls=535 time=14s
rbf_s14 fhddm+half acc=0.9043 resets=8 new_calls=575 time=10s
rbf_s14 fhddm+hedge acc=0.9089 resets=8 new_calls=575 time=0s
rbf_s14 hddma acc=0.9141 resets=8 new_calls=575 time=0s
rbf_s14 hddma+half acc=0.9048 resets=8 new_calls=575 time=0s
rbf_s14 hddma+hedge acc=0.9121 resets=8 new_calls=575 time=0s
rbf_s14 hddmw acc=0.9141 resets=8 new_calls=575 time=0s
rbf_s14 hddmw+half acc=0.9048 resets=8 new_calls=575 time=0s
rbf_s14 hddmw+hedge acc=0.9121 resets=8 new_calls=575 time=0s
rbf_s14 adwin acc=0.9141 resets=8 new_calls=575 time=0s
rbf_s14 adwin+half acc=0.9039 resets=10 new_calls=580 time=1s
rbf_s14 adwin+hedge acc=0.9121 resets=8 new_calls=580 time=0s
rbf_s14 ph acc=0.9141 resets=8 new_calls=580 time=0s
rbf_s14 ph+half acc=0.9046 resets=11 new_calls=590 time=2s
rbf_s14 ph+hedge acc=0.9121 resets=8 new_calls=590 time=0s
