RESTART 06:11:20
STREAM_DONE 06:11:22 insects_abrupt_imbalanced_s1
STREAM_DONE 06:11:24 insects_gradual_imbalanced_s1
STREAM_DONE 06:11:25 home_s1
STREAM_DONE 06:11:27 h4_covertype_e_s1
STREAM_DONE 06:11:28 h3_poker_c_s1
STREAM_DONE 06:11:29 h3_covertype_b_s1
STREAM_DONE 06:11:30 chest_s1
STREAM_DONE 06:11:32 insects_abrupt_balanced_s1
STREAM_DONE 06:11:33 h2_weather_s1
STREAM_DONE 06:11:34 wall_s1
kdd none acc=0.9895 resets=0 new_calls=199 time=64s
kdd ddmM acc=0.9868 resets=61 new_calls=470 time=161s
kdd ddm acc=0.9868 resets=60 new_calls=471 time=1s
kdd ddm+half acc=0.9891 resets=51 new_calls=649 time=143s
kdd ddm+hedge acc=0.9887 resets=55 new_calls=686 time=22s
kdd eddm acc=0.9876 resets=21 new_calls=751 time=59s
kdd eddm+half acc=0.9891 resets=21 new_calls=779 time=30s
kdd eddm+hedge acc=0.9893 resets=19 new_calls=790 time=10s
kdd fhddm acc=0.9863 resets=20 new_calls=884 time=28s
kdd fhddm+half acc=0.9894 resets=14 new_calls=935 time=49s
kdd fhddm+hedge acc=0.9870 resets=18 new_calls=945 time=10s
kdd hddma acc=0.9881 resets=34 new_calls=952 time=8s
kdd hddma+half acc=0.9890 resets=31 new_calls=956 time=6s
kdd hddma+hedge acc=0.9894 resets=30 new_calls=956 time=2s
kdd hddmw acc=0.9880 resets=28 new_calls=971 time=9s
kdd hddmw+half acc=0.9890 resets=24 new_calls=976 time=5s
kdd hddmw+hedge acc=0.9894 resets=23 new_calls=976 time=1s
kdd adwin acc=0.9880 resets=31 new_calls=1039 time=7s
kdd adwin+half acc=0.9890 resets=28 new_calls=1059 time=14s
kdd adwin+hedge acc=0.9894 resets=27 new_calls=1059 time=0s
kdd ph acc=0.9897 resets=12 new_calls=1109 time=5s
kdd ph+half acc=0.9894 resets=12 new_calls=1126 time=3s
kdd ph+hedge acc=0.9898 resets=12 new_calls=1135 time=0s
kdd kswin acc=0.9879 resets=24 new_calls=1135 time=45s
kdd kswin+half acc=0.9891 resets=21 new_calls=1135 time=45s
kdd kswin+hedge acc=0.9894 resets=20 new_calls=1135 time=45s
STREAM_DONE 06:24:26 kdd_s2
h4_covertype_d none acc=0.9621 resets=0 new_calls=999 time=841s
h4_covertype_d ddmM acc=0.9377 resets=26 new_calls=1048 time=24s
h4_covertype_d ddm acc=0.9377 resets=26 new_calls=1048 time=0s
h4_covertype_d ddm+half acc=0.9609 resets=6 new_calls=1058 time=6s
h4_covertype_d ddm+hedge acc=0.9610 resets=90 new_calls=1316 time=125s
h4_covertype_d eddm acc=0.5138 resets=744 new_calls=2211 time=326s
h4_covertype_d eddm+half acc=0.9287 resets=84 new_calls=2395 time=89s
h4_covertype_d eddm+hedge acc=0.9611 resets=85 new_calls=2872 time=282s
h4_covertype_d fhddm acc=0.6269 resets=275 new_calls=3373 time=242s
h4_covertype_d fhddm+half acc=0.9606 resets=4 new_calls=3379 time=3s
h4_covertype_d fhddm+hedge acc=0.9621 resets=2 new_calls=3385 time=3s
h4_covertype_d hddma acc=0.5542 resets=684 new_calls=3572 time=75s
h4_covertype_d hddma+half acc=0.8407 resets=295 new_calls=3908 time=147s
h4_covertype_d hddma+hedge acc=0.9607 resets=74 new_calls=4112 time=90s
h4_covertype_d hddmw acc=0.5716 resets=566 new_calls=4206 time=40s
h4_covertype_d hddmw+half acc=0.9366 resets=58 new_calls=4235 time=14s
h4_covertype_d hddmw+hedge acc=0.9618 resets=21 new_calls=4243 time=6s
h4_covertype_d adwin acc=0.5522 resets=458 new_calls=4505 time=97s
h4_covertype_d adwin+half acc=0.9216 resets=90 new_calls=4653 time=77s
h4_covertype_d adwin+hedge acc=0.9619 resets=20 new_calls=4696 time=24s
h4_covertype_d ph acc=0.6023 resets=246 new_calls=5057 time=202s
h4_covertype_d ph+half acc=0.9402 resets=46 new_calls=5160 time=60s
h4_covertype_d ph+hedge acc=0.9607 resets=10 new_calls=5191 time=18s
h4_covertype_d kswin acc=0.6025 resets=456 new_calls=5237 time=43s
h4_covertype_d kswin+half acc=0.9359 resets=51 new_calls=5256 time=67s
h4_covertype_d kswin+hedge acc=0.9619 resets=14 new_calls=5256 time=56s
STREAM_DONE 07:13:45 h4_covertype_d_s2
h2_poker none acc=0.9269 resets=0 new_calls=999 time=596s
h2_poker ddmM acc=0.8469 resets=460 new_calls=1858 time=407s
h2_poker ddm acc=0.8466 resets=460 new_calls=1886 time=13s
h2_poker ddm+half acc=0.8959 resets=355 new_calls=2575 time=258s
h2_poker ddm+hedge acc=0.9165 resets=270 new_calls=2908 time=128s
h2_poker eddm acc=0.8449 resets=289 new_calls=3360 time=142s
h2_poker eddm+half acc=0.9089 resets=163 new_calls=3697 time=164s
h2_poker eddm+hedge acc=0.9197 resets=144 new_calls=3916 time=178s
h2_poker fhddm acc=0.8701 resets=132 new_calls=4414 time=345s
h2_poker fhddm+half acc=0.9214 resets=82 new_calls=4676 time=179s
h2_poker fhddm+hedge acc=0.9236 resets=78 new_calls=4734 time=34s
h2_poker hddma acc=0.8311 resets=536 new_calls=4892 time=115s
h2_poker hddma+half acc=0.8980 resets=311 new_calls=5030 time=91s
h2_poker hddma+hedge acc=0.9136 resets=271 new_calls=5120 time=66s
h2_poker hddmw acc=0.8546 resets=257 new_calls=5230 time=71s
h2_poker hddmw+half acc=0.9152 resets=147 new_calls=5274 time=32s
h2_poker hddmw+hedge acc=0.9215 resets=134 new_calls=5328 time=37s
h2_poker adwin acc=0.8650 resets=196 new_calls=5585 time=125s
h2_poker adwin+half acc=0.9136 resets=146 new_calls=5706 time=58s
h2_poker adwin+hedge acc=0.9224 resets=130 new_calls=5830 time=55s
h2_poker ph acc=0.8918 resets=100 new_calls=5969 time=60s
h2_poker ph+half acc=0.9195 resets=77 new_calls=6038 time=25s
h2_poker ph+hedge acc=0.9239 resets=74 new_calls=6138 time=33s
h2_poker kswin acc=0.8797 resets=167 new_calls=6175 time=57s
h2_poker kswin+half acc=0.9163 resets=124 new_calls=6196 time=57s
h2_poker kswin+hedge acc=0.9241 resets=112 new_calls=6203 time=51s
STREAM_DONE 08:10:05 h2_poker_s2
news none acc=0.6605 resets=0 new_calls=395 time=381s
news ddmM acc=0.6605 resets=0 new_calls=395 time=0s
news ddm acc=0.6605 resets=0 new_calls=395 time=0s
news ddm+half acc=0.6605 resets=0 new_calls=395 time=0s
news ddm+hedge acc=0.6605 resets=0 new_calls=395 time=0s
news eddm acc=0.6516 resets=47 new_calls=477 time=38s
news eddm+half acc=0.6583 resets=66 new_calls=582 time=57s
news eddm+hedge acc=0.6597 resets=48 new_calls=663 time=39s
news fhddm acc=0.6543 resets=21 new_calls=822 time=114s
news fhddm+half acc=0.6595 resets=16 new_calls=892 time=69s
news fhddm+hedge acc=0.6592 resets=18 new_calls=922 time=26s
news hddma acc=0.6596 resets=2 new_calls=938 time=14s
news hddma+half acc=0.6598 resets=3 new_calls=951 time=15s
news hddma+hedge acc=0.6607 resets=2 new_calls=960 time=8s
news hddmw acc=0.6461 resets=31 new_calls=1135 time=135s
news hddmw+half acc=0.6581 resets=34 new_calls=1239 time=98s
news hddmw+hedge acc=0.6592 resets=31 new_calls=1296 time=42s
news adwin acc=0.6590 resets=4 new_calls=1325 time=22s
news adwin+half acc=0.6604 resets=4 new_calls=1333 time=7s
news adwin+hedge acc=0.6606 resets=3 new_calls=1344 time=8s
news ph acc=0.6561 resets=10 new_calls=1400 time=42s
news ph+half acc=0.6596 resets=8 new_calls=1418 time=15s
news ph+hedge acc=0.6602 resets=7 new_calls=1436 time=12s
news kswin acc=0.6555 resets=12 new_calls=1454 time=34s
news kswin+half acc=0.6611 resets=9 new_calls=1461 time=27s
news kswin+hedge acc=0.6600 resets=8 new_calls=1479 time=36s
STREAM_DONE 08:30:47 news_s2
hyperplane_s11 none acc=0.9094 resets=0 new_calls=179 time=86s
hyperplane_s11 ddmM acc=0.9117 resets=2 new_calls=197 time=9s
hyperplane_s11 ddm acc=0.9117 resets=2 new_calls=197 time=0s
hyperplane_s11 ddm+half acc=0.9119 resets=8 new_calls=230 time=16s
hyperplane_s11 ddm+hedge acc=0.9156 resets=10 new_calls=282 time=24s
hyperplane_s11 eddm acc=0.9106 resets=19 new_calls=403 time=52s
hyperplane_s11 eddm+half acc=0.9130 resets=25 new_calls=490 time=34s
hyperplane_s11 eddm+hedge acc=0.9130 resets=11 new_calls=536 time=18s
hyperplane_s11 fhddm acc=0.9081 resets=2 new_calls=553 time=6s
hyperplane_s11 fhddm+half acc=0.9091 resets=2 new_calls=558 time=2s
hyperplane_s11 fhddm+hedge acc=0.9091 resets=2 new_calls=558 time=0s
hyperplane_s11 hddma acc=0.9141 resets=2 new_calls=558 time=0s
hyperplane_s11 hddma+half acc=0.9110 resets=3 new_calls=563 time=2s
hyperplane_s11 hddma+hedge acc=0.9129 resets=3 new_calls=572 time=4s
hyperplane_s11 hddmw acc=0.9094 resets=0 new_calls=572 time=0s
hyperplane_s11 hddmw+half acc=0.9094 resets=0 new_calls=572 time=0s
hyperplane_s11 hddmw+hedge acc=0.9094 resets=0 new_calls=572 time=0s
hyperplane_s11 adwin acc=0.9154 resets=6 new_calls=580 time=4s
hyperplane_s11 adwin+half acc=0.9124 resets=6 new_calls=585 time=2s
hyperplane_s11 adwin+hedge acc=0.9147 resets=6 new_calls=585 time=0s
hyperplane_s11 ph acc=0.9116 resets=3 new_calls=598 time=4s
hyperplane_s11 ph+half acc=0.9108 resets=4 new_calls=603 time=2s
hyperplane_s11 ph+hedge acc=0.9123 resets=3 new_calls=612 time=3s
hyperplane_s11 kswin acc=0.9094 resets=0 new_calls=612 time=10s
hyperplane_s11 kswin+half acc=0.9094 resets=0 new_calls=612 time=9s
hyperplane_s11 kswin+hedge acc=0.9094 resets=0 new_calls=612 time=10s
STREAM_DONE 08:35:47 hyperplane_s11_s1
rbf_s10 none acc=0.9060 resets=0 new_calls=179 time=73s
rbf_s10 ddmM acc=0.9134 resets=15 new_calls=269 time=32s
rbf_s10 ddm acc=0.9134 resets=15 new_calls=269 time=0s
rbf_s10 ddm+half acc=0.9084 resets=12 new_calls=311 time=15s
rbf_s10 ddm+hedge acc=0.9129 resets=15 new_calls=336 time=9s
rbf_s10 eddm acc=0.9093 resets=24 new_calls=424 time=30s
rbf_s10 eddm+half acc=0.9067 resets=21 new_calls=482 time=20s
rbf_s10 eddm+hedge acc=0.9145 resets=17 new_calls=533 time=15s
rbf_s10 fhddm acc=0.9094 resets=8 new_calls=594 time=20s
rbf_s10 fhddm+half acc=0.9081 resets=8 new_calls=624 time=9s
rbf_s10 fhddm+hedge acc=0.9103 resets=8 new_calls=624 time=0s
rbf_s10 hddma acc=0.9155 resets=8 new_calls=627 time=1s
rbf_s10 hddma+half acc=0.9084 resets=8 new_calls=628 time=0s
rbf_s10 hddma+hedge acc=0.9144 resets=8 new_calls=628 time=0s
rbf_s10 hddmw acc=0.9155 resets=8 new_calls=628 time=0s
rbf_s10 hddmw+half acc=0.9084 resets=8 new_calls=628 time=0s
rbf_s10 hddmw+hedge acc=0.9144 resets=8 new_calls=628 time=0s
rbf_s10 adwin acc=0.9155 resets=8 new_calls=628 time=0s
rbf_s10 adwin+half acc=0.9084 resets=8 new_calls=628 time=0s
rbf_s10 adwin+hedge acc=0.9144 resets=8 new_calls=628 time=0s
rbf_s10 ph acc=0.9155 resets=8 new_calls=628 time=0s
rbf_s10 ph+half acc=0.9084 resets=8 new_calls=628 time=0s
rbf_s10 ph+hedge acc=0.9144 resets=8 new_calls=628 time=0s
rbf_s10 kswin acc=0.9155 resets=8 new_calls=628 time=10s
rbf_s10 kswin+half acc=0.9084 resets=8 new_calls=628 time=10s
rbf_s10 kswin+hedge acc=0.9144 resets=8 new_calls=628 time=11s
STREAM_DONE 08:40:07 rbf_s10_s1
sea_s11 none acc=0.9705 resets=0 new_calls=179 time=47s
sea_s11 ddmM acc=0.9898 resets=21 new_calls=279 time=29s
sea_s11 ddm acc=0.9898 resets=21 new_calls=279 time=0s
sea_s11 ddm+half acc=0.9755 resets=15 new_calls=320 time=11s
sea_s11 ddm+hedge acc=0.9892 resets=13 new_calls=363 time=11s
sea_s11 eddm acc=0.9835 resets=8 new_calls=424 time=17s
sea_s11 eddm+half acc=0.9766 resets=10 new_calls=462 time=10s
sea_s11 eddm+hedge acc=0.9834 resets=8 new_calls=486 time=6s
sea_s11 fhddm acc=0.9705 resets=0 new_calls=486 time=0s
sea_s11 fhddm+half acc=0.9705 resets=0 new_calls=486 time=0s
sea_s11 fhddm+hedge acc=0.9705 resets=0 new_calls=486 time=0s
sea_s11 hddma acc=0.9730 resets=1 new_calls=495 time=2s
sea_s11 hddma+half acc=0.9730 resets=2 new_calls=500 time=1s
sea_s11 hddma+hedge acc=0.9759 resets=2 new_calls=500 time=0s
sea_s11 hddmw acc=0.9705 resets=0 new_calls=500 time=0s
sea_s11 hddmw+half acc=0.9705 resets=0 new_calls=500 time=0s
sea_s11 hddmw+hedge acc=0.9705 resets=0 new_calls=500 time=0s
sea_s11 adwin acc=0.9877 resets=8 new_calls=527 time=7s
sea_s11 adwin+half acc=0.9745 resets=10 new_calls=557 time=8s
sea_s11 adwin+hedge acc=0.9865 resets=8 new_calls=566 time=2s
sea_s11 ph acc=0.9732 resets=3 new_calls=592 time=5s
sea_s11 ph+half acc=0.9735 resets=3 new_calls=597 time=1s
sea_s11 ph+hedge acc=0.9736 resets=3 new_calls=606 time=2s
sea_s11 kswin acc=0.9705 resets=0 new_calls=606 time=10s
sea_s11 kswin+half acc=0.9705 resets=0 new_calls=606 time=11s
sea_s11 kswin+hedge acc=0.9705 resets=0 new_calls=606 time=11s
STREAM_DONE 08:43:21 sea_s11_s1
sine_s14 none acc=0.7750 resets=0 new_calls=239 time=60s
sine_s14 ddmM acc=0.9489 resets=24 new_calls=364 time=31s
sine_s14 ddm acc=0.9489 resets=24 new_calls=364 time=0s
sine_s14 ddm+half acc=0.8096 resets=14 new_calls=424 time=16s
sine_s14 ddm+hedge acc=0.9447 resets=22 new_calls=468 time=11s
sine_s14 eddm acc=0.9503 resets=11 new_calls=491 time=6s
sine_s14 eddm+half acc=0.8358 resets=17 new_calls=524 time=8s
sine_s14 eddm+hedge acc=0.9457 resets=12 new_calls=533 time=2s
sine_s14 fhddm acc=0.7804 resets=11 new_calls=632 time=23s
sine_s14 fhddm+half acc=0.7839 resets=11 new_calls=667 time=7s
sine_s14 fhddm+hedge acc=0.7813 resets=11 new_calls=667 time=0s
sine_s14 hddma acc=0.9503 resets=11 new_calls=667 time=1s
sine_s14 hddma+half acc=0.8095 resets=11 new_calls=667 time=0s
sine_s14 hddma+hedge acc=0.9460 resets=11 new_calls=667 time=0s
sine_s14 hddmw acc=0.9503 resets=11 new_calls=667 time=0s
sine_s14 hddmw+half acc=0.8095 resets=11 new_calls=667 time=0s
sine_s14 hddmw+hedge acc=0.9460 resets=11 new_calls=667 time=0s
sine_s14 adwin acc=0.9503 resets=11 new_calls=667 time=0s
sine_s14 adwin+half acc=0.8230 resets=22 new_calls=677 time=2s
sine_s14 adwin+hedge acc=0.9455 resets=14 new_calls=704 time=6s
sine_s14 ph acc=0.9503 resets=11 new_calls=704 time=0s
sine_s14 ph+half acc=0.8200 resets=22 new_calls=704 time=0s
sine_s14 ph+hedge acc=0.9457 resets=12 new_calls=713 time=2s
sine_s14 kswin acc=0.9503 resets=11 new_calls=713 time=13s
sine_s14 kswin+half acc=0.8193 resets=19 new_calls=718 time=12s
sine_s14 kswin+hedge acc=0.9458 resets=12 new_calls=727 time=15s
STREAM_DONE 08:47:01 sine_s14_s1
grid_c30_b500_s10 none acc=0.5159 resets=0 new_calls=44 time=19s
grid_c30_b500_s10 ddmM acc=0.8341 resets=10 new_calls=83 time=14s
grid_c30_b500_s10 ddm acc=0.8341 resets=10 new_calls=83 time=0s
grid_c30_b500_s10 ddm+half acc=0.5191 resets=1 new_calls=88 time=2s
grid_c30_b500_s10 ddm+hedge acc=0.8234 resets=9 new_calls=92 time=2s
grid_c30_b500_s10 eddm acc=0.8377 resets=8 new_calls=96 time=1s
grid_c30_b500_s10 eddm+half acc=0.6043 resets=20 new_calls=132 time=13s
grid_c30_b500_s10 eddm+hedge acc=0.8257 resets=8 new_calls=132 time=0s
grid_c30_b500_s10 fhddm acc=0.6477 resets=7 new_calls=155 time=7s
grid_c30_b500_s10 fhddm+half acc=0.5357 resets=5 new_calls=171 time=6s
grid_c30_b500_s10 fhddm+hedge acc=0.6166 resets=6 new_calls=182 time=4s
grid_c30_b500_s10 hddma acc=0.8377 resets=8 new_calls=182 time=0s
grid_c30_b500_s10 hddma+half acc=0.5432 resets=5 new_calls=192 time=4s
grid_c30_b500_s10 hddma+hedge acc=0.8257 resets=8 new_calls=192 time=0s
grid_c30_b500_s10 hddmw acc=0.8377 resets=8 new_calls=192 time=0s
grid_c30_b500_s10 hddmw+half acc=0.5575 resets=8 new_calls=206 time=5s
grid_c30_b500_s10 hddmw+hedge acc=0.8257 resets=8 new_calls=206 time=0s
grid_c30_b500_s10 adwin acc=0.8377 resets=8 new_calls=206 time=0s
grid_c30_b500_s10 adwin+half acc=0.5482 resets=5 new_calls=213 time=2s
grid_c30_b500_s10 adwin+hedge acc=0.8257 resets=8 new_calls=213 time=0s
grid_c30_b500_s10 ph acc=0.8080 resets=8 new_calls=222 time=3s
grid_c30_b500_s10 ph+half acc=0.5411 resets=4 new_calls=229 time=2s
grid_c30_b500_s10 ph+hedge acc=0.7932 resets=8 new_calls=229 time=0s
grid_c30_b500_s10 kswin acc=0.8377 resets=8 new_calls=229 time=2s
grid_c30_b500_s10 kswin+half acc=0.5273 resets=2 new_calls=229 time=2s
grid_c30_b500_s10 kswin+hedge acc=0.8257 resets=8 new_calls=229 time=2s
STREAM_DONE 08:48:32 grid_c30_b500_s10_s1
grid_c100_b500_s10 none acc=0.4425 resets=0 new_calls=44 time=16s
grid_c100_b500_s10 ddmM acc=0.6557 resets=8 new_calls=83 time=12s
grid_c100_b500_s10 ddm acc=0.6557 resets=8 new_calls=83 time=0s
grid_c100_b500_s10 ddm+half acc=0.4759 resets=7 new_calls=114 time=10s
grid_c100_b500_s10 ddm+hedge acc=0.6434 resets=8 new_calls=114 time=0s
grid_c100_b500_s10 eddm acc=0.5882 resets=19 new_calls=135 time=7s
grid_c100_b500_s10 eddm+half acc=0.5145 resets=22 new_calls=164 time=11s
grid_c100_b500_s10 eddm+hedge acc=0.6157 resets=14 new_calls=174 time=4s
grid_c100_b500_s10 fhddm acc=0.5066 resets=11 new_calls=207 time=11s
grid_c100_b500_s10 fhddm+half acc=0.4698 resets=7 new_calls=232 time=8s
grid_c100_b500_s10 fhddm+hedge acc=0.5032 resets=8 new_calls=238 time=2s
grid_c100_b500_s10 hddma acc=0.6557 resets=8 new_calls=238 time=0s
grid_c100_b500_s10 hddma+half acc=0.4759 resets=7 new_calls=238 time=0s
grid_c100_b500_s10 hddma+hedge acc=0.6434 resets=8 new_calls=238 time=0s
grid_c100_b500_s10 hddmw acc=0.6557 resets=8 new_calls=238 time=0s
grid_c100_b500_s10 hddmw+half acc=0.4734 resets=8 new_calls=250 time=4s
grid_c100_b500_s10 hddmw+hedge acc=0.6434 resets=8 new_calls=250 time=0s
grid_c100_b500_s10 adwin acc=0.5745 resets=8 new_calls=268 time=5s
grid_c100_b500_s10 adwin+half acc=0.4455 resets=1 new_calls=268 time=0s
grid_c100_b500_s10 adwin+hedge acc=0.5177 resets=5 new_calls=270 time=1s
grid_c100_b500_s10 ph acc=0.5239 resets=6 new_calls=277 time=2s
grid_c100_b500_s10 ph+half acc=0.4893 resets=6 new_calls=295 time=5s
grid_c100_b500_s10 ph+hedge acc=0.5300 resets=7 new_calls=308 time=3s
grid_c100_b500_s10 kswin acc=0.6557 resets=8 new_calls=308 time=2s
grid_c100_b500_s10 kswin+half acc=0.4598 resets=5 new_calls=308 time=2s
grid_c100_b500_s10 kswin+hedge acc=0.6245 resets=10 new_calls=311 time=2s
STREAM_DONE 08:50:22 grid_c100_b500_s10_s1
agrawal_s10 none acc=0.8623 resets=0 new_calls=239 time=83s
agrawal_s10 ddmM acc=0.9641 resets=14 new_calls=342 time=33s
agrawal_s10 ddm acc=0.9641 resets=14 new_calls=342 time=0s
agrawal_s10 ddm+half acc=0.8844 resets=11 new_calls=397 time=19s
agrawal_s10 ddm+hedge acc=0.9602 resets=11 new_calls=420 time=8s
agrawal_s10 eddm acc=0.9643 resets=12 new_calls=420 time=0s
agrawal_s10 eddm+half acc=0.9141 resets=31 new_calls=475 time=18s
agrawal_s10 eddm+hedge acc=0.9600 resets=12 new_calls=475 time=0s
agrawal_s10 fhddm acc=0.8635 resets=11 new_calls=574 time=31s
agrawal_s10 fhddm+half acc=0.8685 resets=11 new_calls=614 time=12s
agrawal_s10 fhddm+hedge acc=0.8650 resets=11 new_calls=614 time=0s
agrawal_s10 hddma acc=0.9652 resets=11 new_calls=614 time=0s
agrawal_s10 hddma+half acc=0.8830 resets=11 new_calls=618 time=1s
agrawal_s10 hddma+hedge acc=0.9602 resets=11 new_calls=618 time=0s
agrawal_s10 hddmw acc=0.9652 resets=11 new_calls=618 time=0s
agrawal_s10 hddmw+half acc=0.8830 resets=11 new_calls=618 time=0s
agrawal_s10 hddmw+hedge acc=0.9602 resets=11 new_calls=618 time=0s
agrawal_s10 adwin acc=0.9619 resets=14 new_calls=645 time=9s
agrawal_s10 adwin+half acc=0.8855 resets=22 new_calls=680 time=11s
agrawal_s10 adwin+hedge acc=0.9585 resets=18 new_calls=720 time=12s
agrawal_s10 ph acc=0.9457 resets=13 new_calls=773 time=16s
agrawal_s10 ph+half acc=0.8974 resets=22 new_calls=806 time=11s
agrawal_s10 ph+hedge acc=0.9491 resets=14 new_calls=829 time=7s
agrawal_s10 kswin acc=0.9556 resets=11 new_calls=829 time=13s
agrawal_s10 kswin+half acc=0.8813 resets=12 new_calls=829 time=12s
agrawal_s10 kswin+hedge acc=0.9515 resets=11 new_calls=829 time=13s
STREAM_DONE 08:55:34 agrawal_s10_s2
hyperplane_s11 none acc=0.9089 resets=0 new_calls=179 time=58s
hyperplane_s11 ddmM acc=0.9148 resets=11 new_calls=256 time=29s
hyperplane_s11 ddm acc=0.9148 resets=11 new_calls=256 time=0s
hyperplane_s11 ddm+half acc=0.9128 resets=7 new_calls=286 time=12s
hyperplane_s11 ddm+hedge acc=0.9145 resets=8 new_calls=296 time=4s
hyperplane_s11 eddm acc=0.9138 resets=17 new_calls=393 time=34s
hyperplane_s11 eddm+half acc=0.9117 resets=13 new_calls=436 time=13s
hyperplane_s11 eddm+hedge acc=0.9180 resets=21 new_calls=516 time=26s
hyperplane_s11 fhddm acc=0.9070 resets=2 new_calls=531 time=5s
hyperplane_s11 fhddm+half acc=0.9088 resets=2 new_calls=541 time=3s
hyperplane_s11 fhddm+hedge acc=0.9089 resets=2 new_calls=541 time=0s
hyperplane_s11 hddma acc=0.9133 resets=2 new_calls=541 time=0s
hyperplane_s11 hddma+half acc=0.9108 resets=3 new_calls=546 time=2s
hyperplane_s11 hddma+hedge acc=0.9118 resets=2 new_calls=555 time=3s
hyperplane_s11 hddmw acc=0.9089 resets=0 new_calls=555 time=0s
hyperplane_s11 hddmw+half acc=0.9089 resets=0 new_calls=555 time=0s
hyperplane_s11 hddmw+hedge acc=0.9089 resets=0 new_calls=555 time=0s
hyperplane_s11 adwin acc=0.9153 resets=6 new_calls=564 time=3s
hyperplane_s11 adwin+half acc=0.9117 resets=6 new_calls=569 time=2s
hyperplane_s11 adwin+hedge acc=0.9149 resets=5 new_calls=569 time=0s
hyperplane_s11 ph acc=0.9108 resets=4 new_calls=605 time=12s
hyperplane_s11 ph+half acc=0.9109 resets=3 new_calls=615 time=3s
hyperplane_s11 ph+hedge acc=0.9111 resets=4 new_calls=624 time=3s
hyperplane_s11 kswin acc=0.9089 resets=0 new_calls=624 time=10s
hyperplane_s11 kswin+half acc=0.9089 resets=0 new_calls=624 time=11s
hyperplane_s11 kswin+hedge acc=0.9089 resets=0 new_calls=624 time=11s
STREAM_DONE 08:59:39 hyperplane_s11_s2
rbf_s12 none acc=0.8998 resets=0 new_calls=179 time=52s
rbf_s12 ddmM acc=0.9089 resets=8 new_calls=251 time=20s
rbf_s12 ddm acc=0.9089 resets=8 new_calls=251 time=0s
rbf_s12 ddm+half acc=0.9022 resets=9 new_calls=292 time=12s
rbf_s12 ddm+hedge acc=0.9090 resets=10 new_calls=310 time=6s
rbf_s12 eddm acc=0.9047 resets=16 new_calls=364 time=16s
rbf_s12 eddm+half acc=0.9016 resets=13 new_calls=402 time=12s
rbf_s12 eddm+hedge acc=0.9084 resets=27 new_calls=449 time=14s
rbf_s12 fhddm acc=0.9038 resets=8 new_calls=498 time=14s
rbf_s12 fhddm+half acc=0.9018 resets=8 new_calls=533 time=10s
rbf_s12 fhddm+hedge acc=0.9060 resets=8 new_calls=533 time=0s
rbf_s12 hddma acc=0.9089 resets=8 new_calls=533 time=0s
rbf_s12 hddma+half acc=0.9020 resets=8 new_calls=533 time=0s
rbf_s12 hddma+hedge acc=0.9092 resets=8 new_calls=533 time=0s
rbf_s12 hddmw acc=0.9089 resets=8 new_calls=533 time=0s
rbf_s12 hddmw+half acc=0.9020 resets=8 new_calls=533 time=0s
rbf_s12 hddmw+hedge acc=0.9092 resets=8 new_calls=533 time=0s
rbf_s12 adwin acc=0.9089 resets=8 new_calls=533 time=0s
rbf_s12 adwin+half acc=0.9020 resets=8 new_calls=533 time=0s
rbf_s12 adwin+hedge acc=0.9092 resets=8 new_calls=533 time=0s
rbf_s12 ph acc=0.9089 resets=8 new_calls=533 time=0s
rbf_s12 ph+half acc=0.9021 resets=9 new_calls=541 time=2s
rbf_s12 ph+hedge acc=0.9092 resets=8 new_calls=541 time=0s
rbf_s12 kswin acc=0.9089 resets=8 new_calls=541 time=9s
rbf_s12 kswin+half acc=0.9020 resets=8 new_calls=541 time=10s
rbf_s12 kswin+hedge acc=0.9092 resets=8 new_calls=541 time=10s
STREAM_DONE 09:02:51 rbf_s12_s2
sea_s14 none acc=0.9716 resets=0 new_calls=179 time=44s
sea_s14 ddmM acc=0.9880 resets=19 new_calls=276 time=21s
sea_s14 ddm acc=0.9880 resets=18 new_calls=284 time=2s
sea_s14 ddm+half acc=0.9775 resets=17 new_calls=333 time=12s
sea_s14 ddm+hedge acc=0.9861 resets=14 new_calls=384 time=14s
sea_s14 eddm acc=0.9830 resets=8 new_calls=443 time=17s
sea_s14 eddm+half acc=0.9766 resets=10 new_calls=467 time=7s
sea_s14 eddm+hedge acc=0.9821 resets=8 new_calls=467 time=0s
sea_s14 fhddm acc=0.9716 resets=0 new_calls=467 time=0s
sea_s14 fhddm+half acc=0.9716 resets=0 new_calls=467 time=0s
sea_s14 fhddm+hedge acc=0.9716 resets=0 new_calls=467 time=0s
sea_s14 hddma acc=0.9807 resets=3 new_calls=467 time=0s
sea_s14 hddma+half acc=0.9740 resets=3 new_calls=475 time=2s
sea_s14 hddma+hedge acc=0.9789 resets=3 new_calls=484 time=3s
sea_s14 hddmw acc=0.9716 resets=0 new_calls=484 time=0s
sea_s14 hddmw+half acc=0.9716 resets=0 new_calls=484 time=0s
sea_s14 hddmw+hedge acc=0.9716 resets=0 new_calls=484 time=0s
sea_s14 adwin acc=0.9868 resets=8 new_calls=492 time=3s
sea_s14 adwin+half acc=0.9754 resets=9 new_calls=512 time=6s
sea_s14 adwin+hedge acc=0.9843 resets=8 new_calls=530 time=5s
sea_s14 ph acc=0.9735 resets=2 new_calls=548 time=4s
sea_s14 ph+half acc=0.9739 resets=2 new_calls=553 time=1s
sea_s14 ph+hedge acc=0.9734 resets=2 new_calls=553 time=0s
sea_s14 kswin acc=0.9716 resets=0 new_calls=553 time=11s
sea_s14 kswin+half acc=0.9716 resets=0 new_calls=553 time=10s
sea_s14 kswin+hedge acc=0.9716 resets=0 new_calls=553 time=11s
STREAM_DONE 09:05:46 sea_s14_s2
stagger_s11 none acc=0.8540 resets=0 new_calls=179 time=52s
stagger_s11 ddmM acc=0.9742 resets=8 new_calls=251 time=15s
stagger_s11 ddm acc=0.9742 resets=8 new_calls=251 time=0s
stagger_s11 ddm+half acc=0.8778 resets=8 new_calls=291 time=8s
stagger_s11 ddm+hedge acc=0.9732 resets=10 new_calls=309 time=4s
stagger_s11 eddm acc=0.9742 resets=8 new_calls=309 time=0s
stagger_s11 eddm+half acc=0.9065 resets=15 new_calls=341 time=7s
stagger_s11 eddm+hedge acc=0.9732 resets=8 new_calls=341 time=0s
stagger_s11 fhddm acc=0.8552 resets=8 new_calls=413 time=15s
stagger_s11 fhddm+half acc=0.8552 resets=8 new_calls=448 time=9s
stagger_s11 fhddm+hedge acc=0.8552 resets=8 new_calls=448 time=0s
stagger_s11 hddma acc=0.9742 resets=8 new_calls=448 time=0s
stagger_s11 hddma+half acc=0.8778 resets=8 new_calls=448 time=0s
stagger_s11 hddma+hedge acc=0.9732 resets=8 new_calls=448 time=0s
stagger_s11 hddmw acc=0.9742 resets=8 new_calls=448 time=0s
stagger_s11 hddmw+half acc=0.8867 resets=11 new_calls=458 time=3s
stagger_s11 hddmw+hedge acc=0.9732 resets=8 new_calls=458 time=0s
stagger_s11 adwin acc=0.9742 resets=8 new_calls=458 time=0s
stagger_s11 adwin+half acc=0.8806 resets=16 new_calls=463 time=1s
stagger_s11 adwin+hedge acc=0.9732 resets=8 new_calls=463 time=0s
stagger_s11 ph acc=0.9652 resets=8 new_calls=475 time=3s
stagger_s11 ph+half acc=0.8874 resets=16 new_calls=486 time=3s
stagger_s11 ph+hedge acc=0.9646 resets=8 new_calls=486 time=0s
stagger_s11 kswin acc=0.9742 resets=8 new_calls=486 time=9s
stagger_s11 kswin+half acc=0.8873 resets=12 new_calls=486 time=8s
stagger_s11 kswin+hedge acc=0.9732 resets=8 new_calls=486 time=9s
STREAM_DONE 09:08:18 stagger_s11_s2
grid_c5_b2000_s11 none acc=0.8184 resets=0 new_calls=179 time=59s
grid_c5_b2000_s11 ddmM acc=0.9615 resets=27 new_calls=302 time=31s
grid_c5_b2000_s11 ddm acc=0.9615 resets=27 new_calls=302 time=0s
grid_c5_b2000_s11 ddm+half acc=0.8576 resets=10 new_calls=346 time=12s
grid_c5_b2000_s11 ddm+hedge acc=0.9579 resets=32 new_calls=421 time=24s
grid_c5_b2000_s11 eddm acc=0.9656 resets=8 new_calls=456 time=12s
grid_c5_b2000_s11 eddm+half acc=0.8811 resets=16 new_calls=486 time=9s
grid_c5_b2000_s11 eddm+hedge acc=0.9655 resets=8 new_calls=486 time=0s
grid_c5_b2000_s11 fhddm acc=0.8187 resets=8 new_calls=558 time=25s
grid_c5_b2000_s11 fhddm+half acc=0.8193 resets=8 new_calls=588 time=11s
grid_c5_b2000_s11 fhddm+hedge acc=0.8188 resets=8 new_calls=588 time=0s
grid_c5_b2000_s11 hddma acc=0.9656 resets=8 new_calls=588 time=0s
grid_c5_b2000_s11 hddma+half acc=0.8547 resets=8 new_calls=600 time=5s
grid_c5_b2000_s11 hddma+hedge acc=0.9655 resets=8 new_calls=600 time=0s
grid_c5_b2000_s11 hddmw acc=0.9622 resets=8 new_calls=609 time=3s
grid_c5_b2000_s11 hddmw+half acc=0.8531 resets=8 new_calls=614 time=2s
grid_c5_b2000_s11 hddmw+hedge acc=0.9620 resets=8 new_calls=614 time=0s
grid_c5_b2000_s11 adwin acc=0.9656 resets=8 new_calls=614 time=0s
grid_c5_b2000_s11 adwin+half acc=0.8540 resets=16 new_calls=623 time=3s
grid_c5_b2000_s11 adwin+hedge acc=0.9655 resets=8 new_calls=623 time=0s
grid_c5_b2000_s11 ph acc=0.9602 resets=8 new_calls=632 time=3s
grid_c5_b2000_s11 ph+half acc=0.8560 resets=16 new_calls=637 time=2s
grid_c5_b2000_s11 ph+hedge acc=0.9599 resets=8 new_calls=637 time=0s
grid_c5_b2000_s11 kswin acc=0.9482 resets=6 new_calls=637 time=9s
grid_c5_b2000_s11 kswin+half acc=0.8491 resets=11 new_calls=637 time=9s
grid_c5_b2000_s11 kswin+hedge acc=0.9481 resets=6 new_calls=637 time=9s
STREAM_DONE 09:12:09 grid_c5_b2000_s11_s2
CHAIN_DONE 09:12:09
