h4_poker_d none acc=0.9425 resets=0 new_calls=999 time=637s
h4_poker_d ddmM acc=0.8509 resets=441 new_calls=1802 time=502s
h4_poker_d ddm acc=0.8511 resets=438 new_calls=1807 time=3s
h4_poker_d ddm+half acc=0.9148 resets=302 new_calls=2411 time=285s
h4_poker_d ddm+hedge acc=0.9304 resets=236 new_calls=2807 time=171s
h4_poker_d eddm acc=0.8250 resets=326 new_calls=3320 time=235s
h4_poker_d eddm+half acc=0.9312 resets=125 new_calls=3552 time=88s
h4_poker_d eddm+hedge acc=0.9380 resets=115 new_calls=3767 time=69s
h4_poker_d fhddm acc=0.8716 resets=143 new_calls=4217 time=148s
h4_poker_d fhddm+half acc=0.9342 resets=82 new_calls=4458 time=94s
h4_poker_d fhddm+hedge acc=0.9379 resets=79 new_calls=4585 time=50s
h4_poker_d hddma acc=0.8258 resets=496 new_calls=4740 time=63s
h4_poker_d hddma+half acc=0.9206 resets=223 new_calls=4844 time=41s
h4_poker_d hddma+hedge acc=0.9320 resets=188 new_calls=4903 time=23s
h4_poker_d hddmw acc=0.8568 resets=246 new_calls=5023 time=47s
h4_poker_d hddmw+half acc=0.9318 resets=133 new_calls=5059 time=14s
h4_poker_d hddmw+hedge acc=0.9369 resets=121 new_calls=5090 time=13s
h4_poker_d adwin acc=0.8589 resets=208 new_calls=5406 time=118s
h4_poker_d adwin+half acc=0.9294 resets=135 new_calls=5561 time=62s
h4_poker_d adwin+hedge acc=0.9371 resets=119 new_calls=5686 time=49s
h4_poker_d ph acc=0.8853 resets=113 new_calls=5942 time=98s
h4_poker_d ph+half acc=0.9342 resets=74 new_calls=6036 time=40s
h4_poker_d ph+hedge acc=0.9416 resets=63 new_calls=6107 time=35s
h4_poker_d kswin acc=0.8663 resets=195 new_calls=6148 time=57s
h4_poker_d kswin+half acc=0.9349 resets=106 new_calls=6161 time=50s
h4_poker_d kswin+hedge acc=0.9388 resets=96 new_calls=6163 time=46s
STREAM_DONE 03:02:03 h4_poker_d_s1
h3_covertype_b none acc=0.9661 resets=0 new_calls=999 time=658s
h3_covertype_b ddmM acc=0.9563 resets=24 new_calls=1055 time=22s
h3_covertype_b ddm acc=0.9563 resets=24 new_calls=1055 time=0s
h3_covertype_b ddm+half acc=0.9660 resets=105 new_calls=1259 time=90s
h3_covertype_b ddm+hedge acc=0.9654 resets=78 new_calls=1526 time=124s
h3_covertype_b eddm acc=0.9041 resets=121 new_calls=1682 time=65s
h3_covertype_b eddm+half acc=0.9653 resets=62 new_calls=1946 time=114s
h3_covertype_b eddm+hedge acc=0.9661 resets=39 new_calls=2198 time=93s
h3_covertype_b fhddm acc=0.9561 resets=22 new_calls=2237 time=14s
h3_covertype_b fhddm+half acc=0.9661 resets=1 new_calls=2237 time=0s
h3_covertype_b fhddm+hedge acc=0.9661 resets=1 new_calls=2244 time=3s
h3_covertype_b hddma acc=0.7355 resets=467 new_calls=2745 time=176s
h3_covertype_b hddma+half acc=0.9652 resets=75 new_calls=2956 time=88s
h3_covertype_b hddma+hedge acc=0.9655 resets=68 new_calls=3262 time=136s
h3_covertype_b hddmw acc=0.8407 resets=175 new_calls=3438 time=71s
h3_covertype_b hddmw+half acc=0.9659 resets=16 new_calls=3452 time=7s
h3_covertype_b hddmw+hedge acc=0.9660 resets=16 new_calls=3470 time=8s
h3_covertype_b adwin acc=0.6723 resets=366 new_calls=4025 time=217s
h3_covertype_b adwin+half acc=0.9659 resets=21 new_calls=4040 time=8s
h3_covertype_b adwin+hedge acc=0.9659 resets=19 new_calls=4061 time=10s
h3_covertype_b ph acc=0.7333 resets=246 new_calls=4570 time=321s
h3_covertype_b ph+half acc=0.9661 resets=10 new_calls=4598 time=21s
h3_covertype_b ph+hedge acc=0.9659 resets=9 new_calls=4626 time=20s
h3_covertype_b kswin acc=0.9360 resets=63 new_calls=4663 time=71s
h3_covertype_b kswin+half acc=0.9662 resets=8 new_calls=4663 time=52s
h3_covertype_b kswin+hedge acc=0.9661 resets=8 new_calls=4663 time=51s
STREAM_DONE 03:42:45 h3_covertype_b_s1
bank none acc=0.8984 resets=0 new_calls=410 time=239s
bank ddmM acc=0.8987 resets=10 new_calls=465 time=29s
bank ddm acc=0.8987 resets=10 new_calls=465 time=0s
bank ddm+half acc=0.8986 resets=10 new_calls=500 time=19s
bank ddm+hedge acc=0.8987 resets=10 new_calls=500 time=0s
bank eddm acc=0.8981 resets=48 new_calls=776 time=163s
bank eddm+half acc=0.8981 resets=47 new_calls=971 time=117s
bank eddm+hedge acc=0.8990 resets=59 new_calls=1050 time=47s
bank fhddm acc=0.8979 resets=6 new_calls=1098 time=31s
bank fhddm+half acc=0.8984 resets=6 new_calls=1122 time=13s
bank fhddm+hedge acc=0.8983 resets=6 new_calls=1122 time=0s
bank hddma acc=0.8988 resets=6 new_calls=1152 time=16s
bank hddma+half acc=0.8988 resets=6 new_calls=1175 time=13s
bank hddma+hedge acc=0.8987 resets=9 new_calls=1198 time=12s
bank hddmw acc=0.8984 resets=10 new_calls=1216 time=11s
bank hddmw+half acc=0.8984 resets=12 new_calls=1233 time=10s
bank hddmw+hedge acc=0.8990 resets=10 new_calls=1257 time=14s
bank adwin acc=0.8993 resets=9 new_calls=1306 time=29s
bank adwin+half acc=0.8989 resets=9 new_calls=1325 time=12s
bank adwin+hedge acc=0.8992 resets=9 new_calls=1335 time=6s
bank ph acc=0.8990 resets=12 new_calls=1372 time=19s
bank ph+half acc=0.8985 resets=11 new_calls=1396 time=14s
bank ph+hedge acc=0.8991 resets=12 new_calls=1408 time=6s
bank kswin acc=0.8989 resets=6 new_calls=1408 time=21s
bank kswin+half acc=0.8986 resets=5 new_calls=1408 time=21s
bank kswin+hedge acc=0.8988 resets=5 new_calls=1408 time=21s
STREAM_DONE 03:57:30 bank_s1
h2_weather none acc=0.8116 resets=0 new_calls=180 time=103s
h2_weather ddmM acc=0.8074 resets=4 new_calls=192 time=5s
h2_weather ddm acc=0.8074 resets=4 new_calls=192 time=0s
h2_weather ddm+half acc=0.8116 resets=1 new_calls=197 time=2s
h2_weather ddm+hedge acc=0.8111 resets=1 new_calls=205 time=4s
h2_weather eddm acc=0.7375 resets=85 new_calls=381 time=79s
h2_weather eddm+half acc=0.8074 resets=46 new_calls=500 time=52s
h2_weather eddm+hedge acc=0.8062 resets=25 new_calls=545 time=27s
h2_weather fhddm acc=0.7974 resets=15 new_calls=630 time=50s
h2_weather fhddm+half acc=0.8104 resets=7 new_calls=659 time=15s
h2_weather fhddm+hedge acc=0.8088 resets=9 new_calls=697 time=19s
h2_weather hddma acc=0.8088 resets=1 new_calls=706 time=4s
h2_weather hddma+half acc=0.8115 resets=1 new_calls=711 time=3s
h2_weather hddma+hedge acc=0.8112 resets=1 new_calls=711 time=0s
h2_weather hddmw acc=0.7942 resets=10 new_calls=756 time=24s
h2_weather hddmw+half acc=0.8119 resets=9 new_calls=786 time=14s
h2_weather hddmw+hedge acc=0.8099 resets=9 new_calls=795 time=4s
h2_weather adwin acc=0.8116 resets=0 new_calls=795 time=0s
h2_weather adwin+half acc=0.8116 resets=0 new_calls=795 time=0s
h2_weather adwin+hedge acc=0.8116 resets=0 new_calls=795 time=0s
h2_weather ph acc=0.8078 resets=3 new_calls=804 time=4s
h2_weather ph+half acc=0.8112 resets=4 new_calls=813 time=4s
h2_weather ph+hedge acc=0.8109 resets=4 new_calls=826 time=7s
h2_weather kswin acc=0.8116 resets=0 new_calls=826 time=9s
h2_weather kswin+half acc=0.8116 resets=0 new_calls=826 time=9s
h2_weather kswin+hedge acc=0.8116 resets=0 new_calls=826 time=9s
STREAM_DONE 04:04:58 h2_weather_s1
