home none acc=0.9693 resets=0 new_calls=999 time=149s
home ddmM acc=0.9824 resets=33 new_calls=1219 time=64s
home ddm acc=0.9824 resets=33 new_calls=1219 time=0s
home ddm+half acc=0.9767 resets=41 new_calls=1362 time=73s
home ddm+hedge acc=0.9805 resets=36 new_calls=1420 time=6s
home eddm acc=0.9826 resets=24 new_calls=1454 time=5s
home eddm+half acc=0.9742 resets=37 new_calls=1489 time=23s
home eddm+hedge acc=0.9819 resets=26 new_calls=1489 time=0s
home fhddm acc=0.9786 resets=20 new_calls=1636 time=0s
home fhddm+half acc=0.9735 resets=27 new_calls=1721 time=48s
home fhddm+hedge acc=0.9786 resets=20 new_calls=1721 time=0s
home hddma acc=0.9842 resets=29 new_calls=1730 time=2s
home hddma+half acc=0.9763 resets=42 new_calls=1730 time=2s
home hddma+hedge acc=0.9822 resets=32 new_calls=1730 time=2s
home hddmw acc=0.9830 resets=28 new_calls=1734 time=3s
home hddmw+half acc=0.9753 resets=38 new_calls=1734 time=1s
home hddmw+hedge acc=0.9821 resets=29 new_calls=1734 time=1s
home adwin acc=0.9835 resets=28 new_calls=1756 time=0s
home adwin+half acc=0.9744 resets=38 new_calls=1769 time=5s
home adwin+hedge acc=0.9826 resets=29 new_calls=1778 time=0s
home ph acc=0.9808 resets=22 new_calls=1811 time=1s
home ph+half acc=0.9757 resets=28 new_calls=1839 time=12s
home ph+hedge acc=0.9802 resets=23 new_calls=1866 time=0s
home kswin acc=0.9825 resets=28 new_calls=1877 time=48s
home kswin+half acc=0.9754 resets=38 new_calls=1877 time=45s
home kswin+hedge acc=0.9809 resets=29 new_calls=1887 time=46s
STREAM_DONE 02:20:20 home_s1
h4_airlines_e none acc=0.6547 resets=0 new_calls=999 time=572s
h4_airlines_e ddmM acc=0.6542 resets=4 new_calls=1035 time=18s
h4_airlines_e ddm acc=0.6542 resets=4 new_calls=1035 time=0s
h4_airlines_e ddm+half acc=0.6546 resets=4 new_calls=1055 time=10s
h4_airlines_e ddm+hedge acc=0.6546 resets=4 new_calls=1077 time=11s
h4_airlines_e eddm acc=0.6478 resets=78 new_calls=1229 time=82s
h4_airlines_e eddm+half acc=0.6542 resets=38 new_calls=1291 time=31s
h4_airlines_e eddm+hedge acc=0.6538 resets=100 new_calls=1417 time=66s
h4_airlines_e fhddm acc=0.6484 resets=40 new_calls=1725 time=128s
h4_airlines_e fhddm+half acc=0.6545 resets=27 new_calls=1853 time=48s
h4_airlines_e fhddm+hedge acc=0.6544 resets=26 new_calls=1901 time=20s
h4_airlines_e hddma acc=0.6524 resets=13 new_calls=1973 time=30s
h4_airlines_e hddma+half acc=0.6542 resets=9 new_calls=2013 time=16s
h4_airlines_e hddma+hedge acc=0.6545 resets=7 new_calls=2035 time=9s
h4_airlines_e hddmw acc=0.6345 resets=125 new_calls=2680 time=286s
h4_airlines_e hddmw+half acc=0.6517 resets=114 new_calls=3093 time=135s
h4_airlines_e hddmw+hedge acc=0.6515 resets=107 new_calls=3377 time=83s
h4_airlines_e adwin acc=0.6536 resets=12 new_calls=3442 time=22s
h4_airlines_e adwin+half acc=0.6546 resets=10 new_calls=3467 time=8s
h4_airlines_e adwin+hedge acc=0.6545 resets=10 new_calls=3485 time=8s
h4_airlines_e ph acc=0.6504 resets=29 new_calls=3664 time=66s
h4_airlines_e ph+half acc=0.6542 resets=22 new_calls=3733 time=25s
h4_airlines_e ph+hedge acc=0.6543 resets=23 new_calls=3799 time=27s
h4_airlines_e kswin acc=0.6472 resets=49 new_calls=3984 time=123s
h4_airlines_e kswin+half acc=0.6525 resets=49 new_calls=4110 time=100s
h4_airlines_e kswin+hedge acc=0.6530 resets=39 new_calls=4204 time=88s
STREAM_DONE 02:53:53 h4_airlines_e_s1
h3_insects_c none acc=0.8539 resets=0 new_calls=999 time=734s
h3_insects_c ddmM acc=0.8545 resets=2 new_calls=1017 time=11s
h3_insects_c ddm acc=0.8545 resets=2 new_calls=1017 time=0s
h3_insects_c ddm+half acc=0.8542 resets=3 new_calls=1032 time=11s
h3_insects_c ddm+hedge acc=0.8544 resets=2 new_calls=1032 time=0s
h3_insects_c eddm acc=0.8531 resets=23 new_calls=1120 time=46s
h3_insects_c eddm+half acc=0.8539 resets=12 new_calls=1158 time=25s
h3_insects_c eddm+hedge acc=0.8548 resets=48 new_calls=1305 time=75s
h3_insects_c fhddm acc=0.8538 resets=3 new_calls=1330 time=15s
h3_insects_c fhddm+half acc=0.8541 resets=3 new_calls=1345 time=10s
h3_insects_c fhddm+hedge acc=0.8541 resets=3 new_calls=1345 time=0s
h3_insects_c hddma acc=0.8548 resets=3 new_calls=1362 time=11s
h3_insects_c hddma+half acc=0.8543 resets=3 new_calls=1372 time=7s
h3_insects_c hddma+hedge acc=0.8545 resets=3 new_calls=1372 time=0s
h3_insects_c hddmw acc=0.8553 resets=4 new_calls=1399 time=17s
h3_insects_c hddmw+half acc=0.8546 resets=4 new_calls=1414 time=11s
h3_insects_c hddmw+hedge acc=0.8552 resets=4 new_calls=1414 time=0s
h3_insects_c adwin acc=0.8547 resets=5 new_calls=1438 time=16s
h3_insects_c adwin+half acc=0.8545 resets=5 new_calls=1457 time=15s
h3_insects_c adwin+hedge acc=0.8547 resets=5 new_calls=1457 time=0s
h3_insects_c ph acc=0.8541 resets=9 new_calls=1514 time=36s
h3_insects_c ph+half acc=0.8546 resets=9 new_calls=1549 time=26s
h3_insects_c ph+hedge acc=0.8551 resets=8 new_calls=1592 time=30s
h3_insects_c kswin acc=0.8554 resets=2 new_calls=1592 time=53s
h3_insects_c kswin+half acc=0.8547 resets=2 new_calls=1592 time=55s
h3_insects_c kswin+hedge acc=0.8552 resets=2 new_calls=1592 time=54s
STREAM_DONE 03:14:53 h3_insects_c_s1
h2_airlines none acc=0.6907 resets=0 new_calls=999 time=367s
h2_airlines ddmM acc=0.6906 resets=3 new_calls=1011 time=4s
h2_airlines ddm acc=0.6906 resets=3 new_calls=1011 time=0s
h2_airlines ddm+half acc=0.6904 resets=6 new_calls=1037 time=8s
h2_airlines ddm+hedge acc=0.6906 resets=3 new_calls=1037 time=0s
h2_airlines eddm acc=0.6903 resets=23 new_calls=1080 time=14s
h2_airlines eddm+half acc=0.6905 resets=20 new_calls=1115 time=12s
h2_airlines eddm+hedge acc=0.6904 resets=19 new_calls=1120 time=1s
h2_airlines fhddm acc=0.6885 resets=23 new_calls=1317 time=69s
h2_airlines fhddm+half acc=0.6906 resets=19 new_calls=1407 time=31s
h2_airlines fhddm+hedge acc=0.6904 resets=20 new_calls=1466 time=21s
h2_airlines hddma acc=0.6901 resets=12 new_calls=1552 time=26s
h2_airlines hddma+half acc=0.6911 resets=9 new_calls=1592 time=13s
h2_airlines hddma+hedge acc=0.6907 resets=10 new_calls=1598 time=2s
h2_airlines hddmw acc=0.6802 resets=73 new_calls=2079 time=166s
h2_airlines hddmw+half acc=0.6891 resets=72 new_calls=2375 time=113s
h2_airlines hddmw+hedge acc=0.6888 resets=82 new_calls=2574 time=72s
h2_airlines adwin acc=0.6903 resets=12 new_calls=2660 time=29s
h2_airlines adwin+half acc=0.6906 resets=12 new_calls=2702 time=14s
h2_airlines adwin+hedge acc=0.6906 resets=12 new_calls=2720 time=7s
h2_airlines ph acc=0.6898 resets=24 new_calls=2866 time=58s
h2_airlines ph+half acc=0.6911 resets=22 new_calls=2951 time=32s
h2_airlines ph+hedge acc=0.6902 resets=22 new_calls=3047 time=34s
h2_airlines kswin acc=0.6883 resets=28 new_calls=3155 time=100s
h2_airlines kswin+half acc=0.6904 resets=26 new_calls=3215 time=87s
h2_airlines kswin+hedge acc=0.6903 resets=26 new_calls=3243 time=69s
STREAM_DONE 03:37:23 h2_airlines_s1
elec2 none acc=0.8100 resets=0 new_calls=452 time=276s
elec2 ddmM acc=0.7944 resets=230 new_calls=824 time=219s
elec2 ddm acc=0.7987 resets=205 new_calls=833 time=5s
elec2 ddm+half acc=0.8110 resets=183 new_calls=1136 time=156s
elec2 ddm+hedge acc=0.8050 resets=232 new_calls=1276 time=81s
elec2 eddm acc=0.7913 resets=203 new_calls=1523 time=152s
elec2 eddm+half acc=0.8078 resets=189 new_calls=1822 time=160s
elec2 eddm+hedge acc=0.8054 resets=189 new_calls=1896 time=43s
elec2 fhddm acc=0.8003 resets=72 new_calls=2139 time=128s
elec2 fhddm+half acc=0.8085 resets=66 new_calls=2326 time=98s
elec2 fhddm+hedge acc=0.8096 resets=67 new_calls=2404 time=33s
elec2 hddma acc=0.7916 resets=218 new_calls=2482 time=33s
elec2 hddma+half acc=0.8073 resets=207 new_calls=2587 time=45s
elec2 hddma+hedge acc=0.8038 resets=219 new_calls=2631 time=20s
elec2 hddmw acc=0.7911 resets=163 new_calls=2678 time=28s
elec2 hddmw+half acc=0.8076 resets=146 new_calls=2733 time=32s
elec2 hddmw+hedge acc=0.8077 resets=147 new_calls=2764 time=20s
elec2 adwin acc=0.7970 resets=60 new_calls=2886 time=63s
elec2 adwin+half acc=0.8079 resets=54 new_calls=2954 time=31s
elec2 adwin+hedge acc=0.8104 resets=54 new_calls=3006 time=32s
elec2 ph acc=0.8019 resets=38 new_calls=3076 time=49s
elec2 ph+half acc=0.8082 resets=35 new_calls=3138 time=42s
elec2 ph+hedge acc=0.8097 resets=40 new_calls=3201 time=51s
elec2 kswin acc=0.7956 resets=123 new_calls=3232 time=39s
elec2 kswin+half acc=0.8083 resets=113 new_calls=3275 time=48s
elec2 kswin+hedge acc=0.8067 resets=118 new_calls=3289 time=25s
STREAM_DONE 04:09:16 elec2_s1
