RESTART 06:11:34
home ddm+half acc=0.9757 resets=45 new_calls=151 time=93s
home ddm+hedge acc=0.9809 resets=36 new_calls=243 time=16s
home eddm acc=0.9823 resets=24 new_calls=280 time=14s
home eddm+half acc=0.9741 resets=37 new_calls=304 time=13s
home eddm+hedge acc=0.9820 resets=25 new_calls=304 time=0s
home fhddm acc=0.9788 resets=20 new_calls=446 time=0s
home fhddm+half acc=0.9739 resets=27 new_calls=536 time=57s
home fhddm+hedge acc=0.9788 resets=20 new_calls=536 time=0s
home hddma acc=0.9847 resets=30 new_calls=545 time=2s
home hddma+half acc=0.9751 resets=43 new_calls=547 time=3s
home hddma+hedge acc=0.9827 resets=31 new_calls=547 time=2s
home hddmw acc=0.9834 resets=27 new_calls=547 time=1s
home hddmw+half acc=0.9750 resets=38 new_calls=548 time=1s
home hddmw+hedge acc=0.9827 resets=28 new_calls=548 time=1s
home adwin acc=0.9834 resets=27 new_calls=557 time=0s
home adwin+half acc=0.9742 resets=39 new_calls=575 time=6s
home adwin+hedge acc=0.9827 resets=28 new_calls=584 time=0s
home ph acc=0.9815 resets=19 new_calls=604 time=2s
home ph+half acc=0.9759 resets=28 new_calls=643 time=17s
home ph+hedge acc=0.9809 resets=21 new_calls=656 time=0s
home kswin acc=0.9830 resets=27 new_calls=667 time=45s
home kswin+half acc=0.9750 resets=38 new_calls=667 time=44s
home kswin+hedge acc=0.9813 resets=28 new_calls=677 time=45s
STREAM_DONE 06:17:38 home_s2
h4_poker_d none acc=0.9411 resets=0 new_calls=999 time=731s
h4_poker_d ddmM acc=0.8593 resets=393 new_calls=1741 time=457s
h4_poker_d ddm acc=0.8597 resets=389 new_calls=1746 time=3s
h4_poker_d ddm+half acc=0.9142 resets=301 new_calls=2347 time=272s
h4_poker_d ddm+hedge acc=0.9292 resets=239 new_calls=2768 time=164s
h4_poker_d eddm acc=0.8317 resets=319 new_calls=3269 time=175s
h4_poker_d eddm+half acc=0.9310 resets=120 new_calls=3508 time=119s
h4_poker_d eddm+hedge acc=0.9353 resets=115 new_calls=3725 time=116s
h4_poker_d fhddm acc=0.8721 resets=139 new_calls=4185 time=239s
h4_poker_d fhddm+half acc=0.9294 resets=89 new_calls=4444 time=106s
h4_poker_d fhddm+hedge acc=0.9366 resets=81 new_calls=4567 time=44s
h4_poker_d hddma acc=0.8296 resets=499 new_calls=4757 time=74s
h4_poker_d hddma+half acc=0.9201 resets=226 new_calls=4863 time=39s
h4_poker_d hddma+hedge acc=0.9304 resets=189 new_calls=4907 time=18s
h4_poker_d hddmw acc=0.8512 resets=268 new_calls=5042 time=52s
h4_poker_d hddmw+half acc=0.9318 resets=132 new_calls=5063 time=10s
h4_poker_d hddmw+hedge acc=0.9342 resets=131 new_calls=5104 time=18s
h4_poker_d adwin acc=0.8653 resets=192 new_calls=5457 time=134s
h4_poker_d adwin+half acc=0.9299 resets=127 new_calls=5573 time=38s
h4_poker_d adwin+hedge acc=0.9361 resets=118 new_calls=5685 time=45s
h4_poker_d ph acc=0.8837 resets=116 new_calls=5973 time=147s
h4_poker_d ph+half acc=0.9334 resets=72 new_calls=6041 time=40s
h4_poker_d ph+hedge acc=0.9405 resets=61 new_calls=6110 time=35s
h4_poker_d kswin acc=0.8766 resets=178 new_calls=6176 time=77s
h4_poker_d kswin+half acc=0.9330 resets=107 new_calls=6185 time=53s
h4_poker_d kswin+hedge acc=0.9366 resets=101 new_calls=6193 time=53s
STREAM_DONE 07:11:57 h4_poker_d_s2
h3_airlines_b none acc=0.7063 resets=0 new_calls=999 time=604s
h3_airlines_b ddmM acc=0.7064 resets=2 new_calls=1017 time=9s
h3_airlines_b ddm acc=0.7064 resets=2 new_calls=1017 time=0s
h3_airlines_b ddm+half acc=0.7063 resets=2 new_calls=1027 time=6s
h3_airlines_b ddm+hedge acc=0.7063 resets=2 new_calls=1027 time=0s
h3_airlines_b eddm acc=0.7044 resets=57 new_calls=1193 time=79s
h3_airlines_b eddm+half acc=0.7051 resets=106 new_calls=1385 time=93s
h3_airlines_b eddm+hedge acc=0.7053 resets=75 new_calls=1491 time=57s
h3_airlines_b fhddm acc=0.7037 resets=24 new_calls=1687 time=95s
h3_airlines_b fhddm+half acc=0.7059 resets=19 new_calls=1777 time=36s
h3_airlines_b fhddm+hedge acc=0.7063 resets=18 new_calls=1803 time=10s
h3_airlines_b hddma acc=0.7050 resets=13 new_calls=1904 time=38s
h3_airlines_b hddma+half acc=0.7063 resets=8 new_calls=1940 time=16s
h3_airlines_b hddma+hedge acc=0.7062 resets=13 new_calls=1968 time=13s
h3_airlines_b hddmw acc=0.6946 resets=82 new_calls=2436 time=184s
h3_airlines_b hddmw+half acc=0.7037 resets=80 new_calls=2724 time=106s
h3_airlines_b hddmw+hedge acc=0.7044 resets=84 new_calls=2911 time=74s
h3_airlines_b adwin acc=0.7061 resets=14 new_calls=3004 time=35s
h3_airlines_b adwin+half acc=0.7064 resets=14 new_calls=3059 time=20s
h3_airlines_b adwin+hedge acc=0.7065 resets=14 new_calls=3080 time=7s
h3_airlines_b ph acc=0.7036 resets=33 new_calls=3240 time=51s
h3_airlines_b ph+half acc=0.7061 resets=30 new_calls=3333 time=29s
h3_airlines_b ph+hedge acc=0.7057 resets=29 new_calls=3412 time=23s
