RESTART 06:11:28
STREAM_DONE 06:11:29 h3_insects_b_s1
STREAM_DONE 06:11:30 h2_airlines_s1
STREAM_DONE 06:11:32 insects_incremental_balanced_s1
STREAM_DONE 06:11:33 occupancy_s1
STREAM_DONE 06:11:34 room_s1
insects_gradual_imbalanced none acc=0.8157 resets=0 new_calls=1232 time=1419s
insects_gradual_imbalanced ddmM acc=0.8161 resets=8 new_calls=1288 time=35s
insects_gradual_imbalanced ddm acc=0.8161 resets=8 new_calls=1288 time=0s
insects_gradual_imbalanced ddm+half acc=0.8161 resets=9 new_calls=1325 time=23s
insects_gradual_imbalanced ddm+hedge acc=0.8159 resets=3 new_calls=1337 time=7s
insects_gradual_imbalanced eddm acc=0.8146 resets=21 new_calls=1423 time=43s
insects_gradual_imbalanced eddm+half acc=0.8152 resets=66 new_calls=1581 time=93s
insects_gradual_imbalanced eddm+hedge acc=0.8152 resets=86 new_calls=1812 time=104s
insects_gradual_imbalanced fhddm acc=0.8158 resets=7 new_calls=1872 time=32s
insects_gradual_imbalanced fhddm+half acc=0.8160 resets=8 new_calls=1907 time=21s
insects_gradual_imbalanced fhddm+hedge acc=0.8162 resets=7 new_calls=1907 time=0s
insects_gradual_imbalanced hddma acc=0.8161 resets=6 new_calls=1947 time=18s
insects_gradual_imbalanced hddma+half acc=0.8159 resets=6 new_calls=1975 time=14s
insects_gradual_imbalanced hddma+hedge acc=0.8165 resets=6 new_calls=1984 time=5s
insects_gradual_imbalanced hddmw acc=0.8162 resets=14 new_calls=2073 time=39s
insects_gradual_imbalanced hddmw+half acc=0.8157 resets=16 new_calls=2129 time=29s
insects_gradual_imbalanced hddmw+hedge acc=0.8169 resets=16 new_calls=2156 time=12s
insects_gradual_imbalanced adwin acc=0.8169 resets=8 new_calls=2192 time=16s
insects_gradual_imbalanced adwin+half acc=0.8160 resets=10 new_calls=2217 time=14s
insects_gradual_imbalanced adwin+hedge acc=0.8170 resets=8 new_calls=2235 time=8s
insects_gradual_imbalanced ph acc=0.8159 resets=16 new_calls=2327 time=41s
insects_gradual_imbalanced ph+half acc=0.8159 resets=17 new_calls=2385 time=26s
insects_gradual_imbalanced ph+hedge acc=0.8169 resets=15 new_calls=2448 time=23s
insects_gradual_imbalanced kswin acc=0.8171 resets=3 new_calls=2454 time=82s
insects_gradual_imbalanced kswin+half acc=0.8161 resets=5 new_calls=2469 time=91s
insects_gradual_imbalanced kswin+hedge acc=0.8170 resets=3 new_calls=2469 time=89s
STREAM_DONE 06:49:43 insects_gradual_imbalanced_s2
h3_poker_b none acc=0.9314 resets=0 new_calls=999 time=476s
h3_poker_b ddmM acc=0.8407 resets=407 new_calls=1817 time=300s
h3_poker_b ddm acc=0.8420 resets=399 new_calls=1832 time=6s
h3_poker_b ddm+half acc=0.9115 resets=265 new_calls=2445 time=240s
h3_poker_b ddm+hedge acc=0.9241 resets=224 new_calls=2851 time=218s
h3_poker_b eddm acc=0.8258 resets=327 new_calls=3381 time=309s
h3_poker_b eddm+half acc=0.9217 resets=138 new_calls=3635 time=181s
h3_poker_b eddm+hedge acc=0.9284 resets=120 new_calls=3884 time=156s
h3_poker_b fhddm acc=0.8620 resets=150 new_calls=4420 time=279s
h3_poker_b fhddm+half acc=0.9246 resets=88 new_calls=4716 time=141s
h3_poker_b fhddm+hedge acc=0.9295 resets=83 new_calls=4871 time=59s
h3_poker_b hddma acc=0.8129 resets=536 new_calls=5038 time=77s
h3_poker_b hddma+half acc=0.9197 resets=203 new_calls=5119 time=38s
h3_poker_b hddma+hedge acc=0.9229 resets=210 new_calls=5218 time=37s
h3_poker_b hddmw acc=0.8419 resets=271 new_calls=5321 time=41s
h3_poker_b hddmw+half acc=0.9229 resets=135 new_calls=5347 time=11s
h3_poker_b hddmw+hedge acc=0.9260 resets=135 new_calls=5389 time=17s
h3_poker_b adwin acc=0.8543 resets=222 new_calls=5727 time=130s
h3_poker_b adwin+half acc=0.9207 resets=144 new_calls=5831 time=43s
h3_poker_b adwin+hedge acc=0.9280 resets=136 new_calls=5977 time=55s
h3_poker_b ph acc=0.8797 resets=117 new_calls=6228 time=88s
h3_poker_b ph+half acc=0.9262 resets=81 new_calls=6300 time=22s
h3_poker_b ph+hedge acc=0.9303 resets=81 new_calls=6400 time=29s
h3_poker_b kswin acc=0.8593 resets=210 new_calls=6451 time=61s
h3_poker_b kswin+half acc=0.9251 resets=121 new_calls=6460 time=54s
h3_poker_b kswin+hedge acc=0.9285 resets=118 new_calls=6469 time=52s
STREAM_DONE 07:41:48 h3_poker_b_s2
insects_incremental_abrupt_balanced none acc=0.7663 resets=0 new_calls=798 time=788s
insects_incremental_abrupt_balanced ddmM acc=0.7757 resets=20 new_calls=912 time=86s
insects_incremental_abrupt_balanced ddm acc=0.7757 resets=20 new_calls=912 time=0s
insects_incremental_abrupt_balanced ddm+half acc=0.7695 resets=17 new_calls=985 time=59s
insects_incremental_abrupt_balanced ddm+hedge acc=0.7762 resets=13 new_calls=1047 time=47s
insects_incremental_abrupt_balanced eddm acc=0.7698 resets=28 new_calls=1143 time=69s
insects_incremental_abrupt_balanced eddm+half acc=0.7679 resets=119 new_calls=1388 time=171s
insects_incremental_abrupt_balanced eddm+hedge acc=0.7754 resets=51 new_calls=1521 time=67s
insects_incremental_abrupt_balanced fhddm acc=0.7680 resets=24 new_calls=1702 time=97s
insects_incremental_abrupt_balanced fhddm+half acc=0.7700 resets=22 new_calls=1794 time=51s
insects_incremental_abrupt_balanced fhddm+hedge acc=0.7721 resets=23 new_calls=1795 time=0s
insects_incremental_abrupt_balanced hddma acc=0.7850 resets=19 new_calls=1886 time=44s
insects_incremental_abrupt_balanced hddma+half acc=0.7710 resets=17 new_calls=1942 time=24s
insects_incremental_abrupt_balanced hddma+hedge acc=0.7849 resets=20 new_calls=1951 time=4s
insects_incremental_abrupt_balanced hddmw acc=0.7832 resets=32 new_calls=2051 time=38s
insects_incremental_abrupt_balanced hddmw+half acc=0.7704 resets=30 new_calls=2113 time=25s
insects_incremental_abrupt_balanced hddmw+hedge acc=0.7839 resets=31 new_calls=2125 time=5s
insects_incremental_abrupt_balanced adwin acc=0.7828 resets=21 new_calls=2161 time=12s
insects_incremental_abrupt_balanced adwin+half acc=0.7715 resets=27 new_calls=2228 time=29s
insects_incremental_abrupt_balanced adwin+hedge acc=0.7825 resets=22 new_calls=2247 time=6s
insects_incremental_abrupt_balanced ph acc=0.7802 resets=25 new_calls=2335 time=29s
insects_incremental_abrupt_balanced ph+half acc=0.7703 resets=33 new_calls=2399 time=25s
insects_incremental_abrupt_balanced ph+hedge acc=0.7795 resets=26 new_calls=2452 time=23s
insects_incremental_abrupt_balanced kswin acc=0.7807 resets=19 new_calls=2477 time=57s
insects_incremental_abrupt_balanced kswin+half acc=0.7714 resets=20 new_calls=2488 time=51s
insects_incremental_abrupt_balanced kswin+hedge acc=0.7810 resets=21 new_calls=2497 time=48s
STREAM_DONE 08:12:44 insects_incremental_abrupt_balanced_s2
occupancy none acc=0.9542 resets=0 new_calls=204 time=67s
occupancy ddmM acc=0.9426 resets=37 new_calls=349 time=58s
occupancy ddm acc=0.9426 resets=37 new_calls=349 time=0s
occupancy ddm+half acc=0.9544 resets=35 new_calls=443 time=36s
occupancy ddm+hedge acc=0.9477 resets=37 new_calls=474 time=11s
occupancy eddm acc=0.9490 resets=18 new_calls=533 time=23s
occupancy eddm+half acc=0.9512 resets=19 new_calls=558 time=10s
occupancy eddm+hedge acc=0.9558 resets=16 new_calls=561 time=1s
occupancy fhddm acc=0.9231 resets=19 new_calls=657 time=14s
occupancy fhddm+half acc=0.9516 resets=15 new_calls=709 time=19s
occupancy fhddm+hedge acc=0.9277 resets=18 new_calls=709 time=0s
occupancy hddma acc=0.9507 resets=26 new_calls=721 time=4s
occupancy hddma+half acc=0.9507 resets=29 new_calls=730 time=4s
occupancy hddma+hedge acc=0.9534 resets=27 new_calls=730 time=0s
occupancy hddmw acc=0.9451 resets=22 new_calls=732 time=1s
occupancy hddmw+half acc=0.9501 resets=22 new_calls=744 time=4s
occupancy hddmw+hedge acc=0.9482 resets=23 new_calls=746 time=1s
occupancy adwin acc=0.9530 resets=23 new_calls=764 time=4s
occupancy adwin+half acc=0.9459 resets=23 new_calls=770 time=2s
occupancy adwin+hedge acc=0.9514 resets=21 new_calls=787 time=4s
occupancy ph acc=0.9438 resets=13 new_calls=802 time=2s
occupancy ph+half acc=0.9510 resets=12 new_calls=815 time=4s
occupancy ph+hedge acc=0.9483 resets=12 new_calls=825 time=0s
occupancy kswin acc=0.9451 resets=25 new_calls=836 time=10s
occupancy kswin+half acc=0.9467 resets=23 new_calls=842 time=11s
occupancy kswin+hedge acc=0.9443 resets=25 new_calls=842 time=9s
STREAM_DONE 08:17:49 occupancy_s2
eeg none acc=0.8107 resets=0 new_calls=148 time=44s
eeg ddmM acc=0.8903 resets=32 new_calls=270 time=17s
eeg ddm acc=0.8903 resets=32 new_calls=270 time=0s
eeg ddm+half acc=0.8232 resets=61 new_calls=383 time=49s
eeg ddm+hedge acc=0.8814 resets=35 new_calls=423 time=7s
eeg eddm acc=0.8872 resets=26 new_calls=452 time=10s
eeg eddm+half acc=0.8259 resets=42 new_calls=485 time=14s
eeg eddm+hedge acc=0.8836 resets=25 new_calls=490 time=2s
eeg fhddm acc=0.8459 resets=18 new_calls=568 time=8s
eeg fhddm+half acc=0.8186 resets=21 new_calls=625 time=24s
eeg fhddm+hedge acc=0.8548 resets=18 new_calls=634 time=1s
eeg hddma acc=0.8899 resets=33 new_calls=635 time=0s
eeg hddma+half acc=0.8257 resets=55 new_calls=636 time=1s
eeg hddma+hedge acc=0.8862 resets=33 new_calls=636 time=0s
eeg hddmw acc=0.8841 resets=25 new_calls=645 time=5s
eeg hddmw+half acc=0.8221 resets=47 new_calls=656 time=6s
eeg hddmw+hedge acc=0.8774 resets=27 new_calls=656 time=0s
eeg adwin acc=0.8810 resets=28 new_calls=672 time=2s
eeg adwin+half acc=0.8239 resets=38 new_calls=683 time=6s
eeg adwin+hedge acc=0.8759 resets=29 new_calls=694 time=0s
eeg ph acc=0.8792 resets=19 new_calls=711 time=3s
eeg ph+half acc=0.8256 resets=26 new_calls=744 time=18s
eeg ph+hedge acc=0.8770 resets=20 new_calls=755 time=1s
eeg kswin acc=0.8836 resets=28 new_calls=759 time=5s
eeg kswin+half acc=0.8224 resets=39 new_calls=766 time=8s
eeg kswin+hedge acc=0.8775 resets=28 new_calls=773 time=5s
STREAM_DONE 08:21:48 eeg_s2
agrawal_s11 none acc=0.8638 resets=0 new_calls=239 time=137s
agrawal_s11 ddmM acc=0.9635 resets=22 new_calls=350 time=54s
agrawal_s11 ddm acc=0.9635 resets=22 new_calls=350 time=0s
agrawal_s11 ddm+half acc=0.8838 resets=11 new_calls=405 time=25s
agrawal_s11 ddm+hedge acc=0.9599 resets=15 new_calls=448 time=21s
agrawal_s11 eddm acc=0.9654 resets=11 new_calls=456 time=4s
agrawal_s11 eddm+half acc=0.9024 resets=23 new_calls=507 time=25s
agrawal_s11 eddm+hedge acc=0.9568 resets=14 new_calls=526 time=10s
agrawal_s11 fhddm acc=0.8648 resets=11 new_calls=625 time=46s
agrawal_s11 fhddm+half acc=0.8699 resets=11 new_calls=665 time=18s
agrawal_s11 fhddm+hedge acc=0.8669 resets=11 new_calls=665 time=0s
agrawal_s11 hddma acc=0.9654 resets=11 new_calls=665 time=0s
agrawal_s11 hddma+half acc=0.8821 resets=11 new_calls=668 time=2s
agrawal_s11 hddma+hedge acc=0.9603 resets=11 new_calls=668 time=0s
agrawal_s11 hddmw acc=0.9654 resets=11 new_calls=668 time=0s
agrawal_s11 hddmw+half acc=0.8854 resets=12 new_calls=668 time=0s
agrawal_s11 hddmw+hedge acc=0.9603 resets=11 new_calls=668 time=0s
agrawal_s11 adwin acc=0.9629 resets=13 new_calls=683 time=7s
agrawal_s11 adwin+half acc=0.8853 resets=22 new_calls=718 time=17s
agrawal_s11 adwin+hedge acc=0.9567 resets=19 new_calls=772 time=24s
agrawal_s11 ph acc=0.9495 resets=12 new_calls=810 time=20s
agrawal_s11 ph+half acc=0.8927 resets=22 new_calls=834 time=10s
agrawal_s11 ph+hedge acc=0.9475 resets=14 new_calls=843 time=4s
agrawal_s11 kswin acc=0.9473 resets=9 new_calls=843 time=12s
agrawal_s11 kswin+half acc=0.8817 resets=10 new_calls=846 time=13s
agrawal_s11 kswin+hedge acc=0.9435 resets=9 new_calls=846 time=12s
STREAM_DONE 08:29:32 agrawal_s11_s1
hyperplane_s10 none acc=0.8997 resets=0 new_calls=179 time=84s
hyperplane_s10 ddmM acc=0.9112 resets=10 new_calls=261 time=36s
hyperplane_s10 ddm acc=0.9112 resets=10 new_calls=261 time=0s
hyperplane_s10 ddm+half acc=0.9045 resets=10 new_calls=294 time=16s
hyperplane_s10 ddm+hedge acc=0.9104 resets=11 new_calls=325 time=15s
hyperplane_s10 eddm acc=0.8991 resets=27 new_calls=432 time=50s
hyperplane_s10 eddm+half acc=0.9006 resets=10 new_calls=465 time=15s
hyperplane_s10 eddm+hedge acc=0.9099 resets=27 new_calls=545 time=35s
hyperplane_s10 fhddm acc=0.8982 resets=2 new_calls=563 time=8s
hyperplane_s10 fhddm+half acc=0.8995 resets=2 new_calls=568 time=2s
hyperplane_s10 fhddm+hedge acc=0.8996 resets=2 new_calls=568 time=0s
hyperplane_s10 hddma acc=0.9113 resets=6 new_calls=577 time=4s
hyperplane_s10 hddma+half acc=0.9033 resets=5 new_calls=585 time=3s
hyperplane_s10 hddma+hedge acc=0.9114 resets=6 new_calls=585 time=0s
hyperplane_s10 hddmw acc=0.8997 resets=0 new_calls=585 time=0s
hyperplane_s10 hddmw+half acc=0.8997 resets=0 new_calls=585 time=0s
hyperplane_s10 hddmw+hedge acc=0.8997 resets=0 new_calls=585 time=0s
hyperplane_s10 adwin acc=0.9111 resets=6 new_calls=594 time=4s
hyperplane_s10 adwin+half acc=0.9037 resets=9 new_calls=624 time=12s
hyperplane_s10 adwin+hedge acc=0.9102 resets=6 new_calls=624 time=0s
hyperplane_s10 ph acc=0.9026 resets=5 new_calls=660 time=14s
hyperplane_s10 ph+half acc=0.9044 resets=5 new_calls=685 time=10s
hyperplane_s10 ph+hedge acc=0.9050 resets=5 new_calls=703 time=7s
hyperplane_s10 kswin acc=0.8997 resets=0 new_calls=703 time=10s
hyperplane_s10 kswin+half acc=0.8997 resets=0 new_calls=703 time=10s
hyperplane_s10 kswin+hedge acc=0.8997 resets=0 new_calls=703 time=10s
STREAM_DONE 08:35:20 hyperplane_s10_s1
hyperplane_s14 none acc=0.8889 resets=0 new_calls=179 time=78s
hyperplane_s14 ddmM acc=0.9124 resets=13 new_calls=265 time=28s
hyperplane_s14 ddm acc=0.9124 resets=13 new_calls=265 time=0s
hyperplane_s14 ddm+half acc=0.8978 resets=10 new_calls=306 time=16s
hyperplane_s14 ddm+hedge acc=0.9102 resets=10 new_calls=339 time=13s
hyperplane_s14 eddm acc=0.9040 resets=26 new_calls=447 time=38s
hyperplane_s14 eddm+half acc=0.9020 resets=36 new_calls=556 time=35s
hyperplane_s14 eddm+hedge acc=0.9099 resets=23 new_calls=620 time=21s
hyperplane_s14 fhddm acc=0.8855 resets=5 new_calls=661 time=13s
hyperplane_s14 fhddm+half acc=0.8885 resets=5 new_calls=681 time=6s
hyperplane_s14 fhddm+hedge acc=0.8888 resets=5 new_calls=681 time=0s
hyperplane_s14 hddma acc=0.9127 resets=8 new_calls=698 time=5s
hyperplane_s14 hddma+half acc=0.8958 resets=7 new_calls=706 time=2s
hyperplane_s14 hddma+hedge acc=0.9076 resets=8 new_calls=710 time=1s
hyperplane_s14 hddmw acc=0.8980 resets=3 new_calls=719 time=2s
hyperplane_s14 hddmw+half acc=0.8928 resets=3 new_calls=724 time=1s
hyperplane_s14 hddmw+hedge acc=0.8978 resets=3 new_calls=724 time=0s
hyperplane_s14 adwin acc=0.9136 resets=8 new_calls=724 time=0s
hyperplane_s14 adwin+half acc=0.8955 resets=12 new_calls=742 time=4s
hyperplane_s14 adwin+hedge acc=0.9110 resets=9 new_calls=752 time=2s
hyperplane_s14 ph acc=0.9006 resets=8 new_calls=777 time=5s
hyperplane_s14 ph+half acc=0.8980 resets=8 new_calls=797 time=5s
hyperplane_s14 ph+hedge acc=0.8995 resets=8 new_calls=806 time=2s
hyperplane_s14 kswin acc=0.8889 resets=0 new_calls=806 time=11s
hyperplane_s14 kswin+half acc=0.8889 resets=0 new_calls=806 time=12s
hyperplane_s14 kswin+hedge acc=0.8889 resets=0 new_calls=806 time=12s
STREAM_DONE 08:40:34 hyperplane_s14_s1
sea_s14 none acc=0.9713 resets=0 new_calls=179 time=51s
sea_s14 ddmM acc=0.9875 resets=21 new_calls=277 time=27s
sea_s14 ddm acc=0.9875 resets=20 new_calls=285 time=2s
sea_s14 ddm+half acc=0.9746 resets=10 new_calls=320 time=9s
sea_s14 ddm+hedge acc=0.9871 resets=15 new_calls=357 time=10s
sea_s14 eddm acc=0.9831 resets=8 new_calls=416 time=15s
sea_s14 eddm+half acc=0.9766 resets=10 new_calls=448 time=8s
sea_s14 eddm+hedge acc=0.9823 resets=8 new_calls=466 time=4s
sea_s14 fhddm acc=0.9713 resets=0 new_calls=466 time=0s
sea_s14 fhddm+half acc=0.9713 resets=0 new_calls=466 time=0s
sea_s14 fhddm+hedge acc=0.9713 resets=0 new_calls=466 time=0s
sea_s14 hddma acc=0.9796 resets=3 new_calls=475 time=2s
sea_s14 hddma+half acc=0.9739 resets=3 new_calls=483 time=2s
sea_s14 hddma+hedge acc=0.9785 resets=3 new_calls=483 time=0s
sea_s14 hddmw acc=0.9713 resets=0 new_calls=483 time=0s
sea_s14 hddmw+half acc=0.9713 resets=0 new_calls=483 time=0s
sea_s14 hddmw+hedge acc=0.9713 resets=0 new_calls=483 time=0s
sea_s14 adwin acc=0.9875 resets=8 new_calls=501 time=4s
sea_s14 adwin+half acc=0.9743 resets=9 new_calls=531 time=7s
sea_s14 adwin+hedge acc=0.9851 resets=8 new_calls=540 time=2s
sea_s14 ph acc=0.9728 resets=2 new_calls=558 time=4s
sea_s14 ph+half acc=0.9734 resets=2 new_calls=563 time=1s
sea_s14 ph+hedge acc=0.9728 resets=2 new_calls=563 time=0s
sea_s14 kswin acc=0.9713 resets=0 new_calls=563 time=10s
sea_s14 kswin+half acc=0.9713 resets=0 new_calls=563 time=10s
sea_s14 kswin+hedge acc=0.9713 resets=0 new_calls=563 time=10s
STREAM_DONE 08:43:37 sea_s14_s1
stagger_s11 none acc=0.8535 resets=0 new_calls=179 time=48s
stagger_s11 ddmM acc=0.9742 resets=8 new_calls=251 time=19s
stagger_s11 ddm acc=0.9742 resets=8 new_calls=251 time=0s
stagger_s11 ddm+half acc=0.8765 resets=8 new_calls=291 time=12s
stagger_s11 ddm+hedge acc=0.9735 resets=9 new_calls=300 time=3s
stagger_s11 eddm acc=0.9742 resets=8 new_calls=300 time=0s
stagger_s11 eddm+half acc=0.9056 resets=15 new_calls=332 time=9s
stagger_s11 eddm+hedge acc=0.9735 resets=8 new_calls=332 time=0s
stagger_s11 fhddm acc=0.8549 resets=8 new_calls=404 time=20s
stagger_s11 fhddm+half acc=0.8549 resets=8 new_calls=439 time=10s
stagger_s11 fhddm+hedge acc=0.8549 resets=8 new_calls=439 time=0s
stagger_s11 hddma acc=0.9742 resets=8 new_calls=439 time=0s
stagger_s11 hddma+half acc=0.8765 resets=8 new_calls=439 time=0s
stagger_s11 hddma+hedge acc=0.9735 resets=8 new_calls=439 time=0s
stagger_s11 hddmw acc=0.9742 resets=8 new_calls=439 time=0s
stagger_s11 hddmw+half acc=0.8858 resets=11 new_calls=449 time=3s
stagger_s11 hddmw+hedge acc=0.9735 resets=8 new_calls=449 time=0s
stagger_s11 adwin acc=0.9742 resets=8 new_calls=449 time=0s
stagger_s11 adwin+half acc=0.8796 resets=16 new_calls=459 time=2s
stagger_s11 adwin+hedge acc=0.9735 resets=8 new_calls=459 time=0s
stagger_s11 ph acc=0.9652 resets=8 new_calls=471 time=3s
stagger_s11 ph+half acc=0.8875 resets=16 new_calls=482 time=3s
stagger_s11 ph+hedge acc=0.9650 resets=8 new_calls=482 time=0s
stagger_s11 kswin acc=0.9742 resets=8 new_calls=482 time=9s
stagger_s11 kswin+half acc=0.8853 resets=11 new_calls=482 time=9s
stagger_s11 kswin+hedge acc=0.9735 resets=8 new_calls=482 time=9s
STREAM_DONE 08:46:18 stagger_s11_s1
grid_c5_b500_s10 none acc=0.4882 resets=0 new_calls=44 time=14s
grid_c5_b500_s10 ddmM acc=0.8736 resets=8 new_calls=83 time=8s
grid_c5_b500_s10 ddm acc=0.8736 resets=8 new_calls=83 time=0s
grid_c5_b500_s10 ddm+half acc=0.5064 resets=3 new_calls=96 time=3s
grid_c5_b500_s10 ddm+hedge acc=0.8732 resets=10 new_calls=104 time=2s
grid_c5_b500_s10 eddm acc=0.8736 resets=8 new_calls=104 time=0s
grid_c5_b500_s10 eddm+half acc=0.5398 resets=8 new_calls=114 time=2s
grid_c5_b500_s10 eddm+hedge acc=0.8732 resets=8 new_calls=114 time=0s
grid_c5_b500_s10 fhddm acc=0.6173 resets=6 new_calls=141 time=6s
grid_c5_b500_s10 fhddm+half acc=0.4402 resets=7 new_calls=162 time=5s
grid_c5_b500_s10 fhddm+hedge acc=0.6216 resets=5 new_calls=176 time=3s
grid_c5_b500_s10 hddma acc=0.8736 resets=8 new_calls=176 time=0s
grid_c5_b500_s10 hddma+half acc=0.4777 resets=5 new_calls=189 time=4s
grid_c5_b500_s10 hddma+hedge acc=0.8732 resets=8 new_calls=189 time=0s
grid_c5_b500_s10 hddmw acc=0.8736 resets=8 new_calls=189 time=0s
grid_c5_b500_s10 hddmw+half acc=0.4736 resets=7 new_calls=190 time=0s
grid_c5_b500_s10 hddmw+hedge acc=0.8732 resets=8 new_calls=190 time=0s
grid_c5_b500_s10 adwin acc=0.8736 resets=8 new_calls=190 time=0s
grid_c5_b500_s10 adwin+half acc=0.5084 resets=4 new_calls=196 time=2s
grid_c5_b500_s10 adwin+hedge acc=0.8732 resets=8 new_calls=196 time=0s
grid_c5_b500_s10 ph acc=0.8500 resets=8 new_calls=201 time=1s
grid_c5_b500_s10 ph+half acc=0.5052 resets=8 new_calls=205 time=1s
grid_c5_b500_s10 ph+hedge acc=0.8523 resets=8 new_calls=205 time=0s
grid_c5_b500_s10 kswin acc=0.8736 resets=8 new_calls=205 time=1s
grid_c5_b500_s10 kswin+half acc=0.5207 resets=9 new_calls=210 time=3s
grid_c5_b500_s10 kswin+hedge acc=0.8732 resets=8 new_calls=210 time=2s
STREAM_DONE 08:47:18 grid_c5_b500_s10_s1
grid_c30_b2000_s10 none acc=0.8294 resets=0 new_calls=179 time=67s
grid_c30_b2000_s10 ddmM acc=0.9453 resets=12 new_calls=255 time=22s
grid_c30_b2000_s10 ddm acc=0.9453 resets=12 new_calls=255 time=0s
grid_c30_b2000_s10 ddm+half acc=0.8521 resets=8 new_calls=295 time=12s
grid_c30_b2000_s10 ddm+hedge acc=0.9373 resets=9 new_calls=311 time=5s
grid_c30_b2000_s10 eddm acc=0.9461 resets=9 new_calls=328 time=6s
grid_c30_b2000_s10 eddm+half acc=0.8774 resets=21 new_calls=364 time=12s
grid_c30_b2000_s10 eddm+hedge acc=0.9351 resets=11 new_calls=381 time=6s
grid_c30_b2000_s10 fhddm acc=0.8422 resets=8 new_calls=453 time=23s
grid_c30_b2000_s10 fhddm+half acc=0.8478 resets=8 new_calls=468 time=5s
grid_c30_b2000_s10 fhddm+hedge acc=0.8456 resets=8 new_calls=468 time=0s
grid_c30_b2000_s10 hddma acc=0.9472 resets=8 new_calls=468 time=0s
grid_c30_b2000_s10 hddma+half acc=0.8521 resets=8 new_calls=468 time=0s
grid_c30_b2000_s10 hddma+hedge acc=0.9382 resets=8 new_calls=468 time=0s
grid_c30_b2000_s10 hddmw acc=0.9472 resets=8 new_calls=468 time=0s
grid_c30_b2000_s10 hddmw+half acc=0.8521 resets=8 new_calls=468 time=0s
grid_c30_b2000_s10 hddmw+hedge acc=0.9382 resets=8 new_calls=468 time=0s
grid_c30_b2000_s10 adwin acc=0.9472 resets=8 new_calls=468 time=0s
grid_c30_b2000_s10 adwin+half acc=0.8565 resets=16 new_calls=503 time=10s
grid_c30_b2000_s10 adwin+hedge acc=0.9345 resets=16 new_calls=566 time=17s
grid_c30_b2000_s10 ph acc=0.9440 resets=8 new_calls=570 time=1s
grid_c30_b2000_s10 ph+half acc=0.8603 resets=16 new_calls=589 time=7s
grid_c30_b2000_s10 ph+hedge acc=0.9336 resets=15 new_calls=639 time=16s
grid_c30_b2000_s10 kswin acc=0.9472 resets=8 new_calls=639 time=9s
grid_c30_b2000_s10 kswin+half acc=0.8521 resets=8 new_calls=639 time=9s
grid_c30_b2000_s10 kswin+hedge acc=0.9377 resets=9 new_calls=643 time=11s
STREAM_DONE 08:51:21 grid_c30_b2000_s10_s1
agrawal_s13 none acc=0.8621 resets=0 new_calls=239 time=88s
agrawal_s13 ddmM acc=0.9632 resets=16 new_calls=344 time=33s
agrawal_s13 ddm acc=0.9632 resets=16 new_calls=344 time=0s
agrawal_s13 ddm+half acc=0.8856 resets=11 new_calls=399 time=16s
agrawal_s13 ddm+hedge acc=0.9596 resets=13 new_calls=432 time=11s
agrawal_s13 eddm acc=0.9654 resets=11 new_calls=432 time=0s
agrawal_s13 eddm+half acc=0.9106 resets=28 new_calls=494 time=19s
agrawal_s13 eddm+hedge acc=0.9590 resets=12 new_calls=494 time=0s
agrawal_s13 fhddm acc=0.8631 resets=11 new_calls=584 time=28s
agrawal_s13 fhddm+half acc=0.8688 resets=11 new_calls=619 time=11s
agrawal_s13 fhddm+hedge acc=0.8661 resets=11 new_calls=619 time=0s
agrawal_s13 hddma acc=0.9654 resets=11 new_calls=619 time=1s
agrawal_s13 hddma+half acc=0.8830 resets=11 new_calls=627 time=3s
agrawal_s13 hddma+hedge acc=0.9602 resets=11 new_calls=627 time=0s
agrawal_s13 hddmw acc=0.9654 resets=11 new_calls=627 time=0s
agrawal_s13 hddmw+half acc=0.8830 resets=11 new_calls=627 time=0s
agrawal_s13 hddmw+hedge acc=0.9602 resets=11 new_calls=627 time=0s
agrawal_s13 adwin acc=0.9641 resets=13 new_calls=642 time=3s
agrawal_s13 adwin+half acc=0.8859 resets=22 new_calls=677 time=8s
agrawal_s13 adwin+hedge acc=0.9572 resets=19 new_calls=734 time=13s
agrawal_s13 ph acc=0.9549 resets=12 new_calls=760 time=6s
agrawal_s13 ph+half acc=0.8942 resets=22 new_calls=774 time=3s
agrawal_s13 ph+hedge acc=0.9500 resets=15 new_calls=808 time=8s
agrawal_s13 kswin acc=0.9564 resets=10 new_calls=808 time=12s
agrawal_s13 kswin+half acc=0.8825 resets=12 new_calls=813 time=14s
agrawal_s13 kswin+hedge acc=0.9517 resets=10 new_calls=813 time=13s
STREAM_DONE 08:56:16 agrawal_s13_s2
hyperplane_s14 none acc=0.8893 resets=0 new_calls=179 time=70s
hyperplane_s14 ddmM acc=0.9132 resets=12 new_calls=263 time=30s
hyperplane_s14 ddm acc=0.9132 resets=12 new_calls=263 time=0s
hyperplane_s14 ddm+half acc=0.8989 resets=11 new_calls=306 time=13s
hyperplane_s14 ddm+hedge acc=0.9108 resets=13 new_calls=342 time=13s
hyperplane_s14 eddm acc=0.9044 resets=24 new_calls=442 time=33s
hyperplane_s14 eddm+half acc=0.9005 resets=25 new_calls=509 time=20s
hyperplane_s14 eddm+hedge acc=0.9074 resets=18 new_calls=571 time=16s
hyperplane_s14 fhddm acc=0.8858 resets=5 new_calls=610 time=11s
hyperplane_s14 fhddm+half acc=0.8891 resets=5 new_calls=630 time=6s
hyperplane_s14 fhddm+hedge acc=0.8893 resets=5 new_calls=630 time=0s
hyperplane_s14 hddma acc=0.9130 resets=8 new_calls=651 time=5s
hyperplane_s14 hddma+half acc=0.8960 resets=7 new_calls=660 time=2s
hyperplane_s14 hddma+hedge acc=0.9078 resets=8 new_calls=664 time=1s
hyperplane_s14 hddmw acc=0.8979 resets=3 new_calls=673 time=2s
hyperplane_s14 hddmw+half acc=0.8931 resets=3 new_calls=673 time=0s
hyperplane_s14 hddmw+hedge acc=0.8980 resets=3 new_calls=673 time=0s
hyperplane_s14 adwin acc=0.9141 resets=8 new_calls=679 time=2s
hyperplane_s14 adwin+half acc=0.8949 resets=12 new_calls=692 time=4s
hyperplane_s14 adwin+hedge acc=0.9108 resets=9 new_calls=700 time=2s
hyperplane_s14 ph acc=0.8979 resets=8 new_calls=736 time=9s
hyperplane_s14 ph+half acc=0.8981 resets=8 new_calls=752 time=5s
hyperplane_s14 ph+hedge acc=0.9001 resets=8 new_calls=752 time=0s
hyperplane_s14 kswin acc=0.8893 resets=0 new_calls=752 time=10s
hyperplane_s14 kswin+half acc=0.8893 resets=0 new_calls=752 time=11s
hyperplane_s14 kswin+hedge acc=0.8893 resets=0 new_calls=752 time=10s
STREAM_DONE 09:00:54 hyperplane_s14_s2
sea_s12 none acc=0.9687 resets=0 new_calls=179 time=57s
sea_s12 ddmM acc=0.9878 resets=28 new_calls=287 time=30s
sea_s12 ddm acc=0.9882 resets=25 new_calls=295 time=2s
sea_s12 ddm+half acc=0.9770 resets=30 new_calls=371 time=20s
sea_s12 ddm+hedge acc=0.9857 resets=24 new_calls=451 time=21s
sea_s12 eddm acc=0.9832 resets=8 new_calls=488 time=9s
sea_s12 eddm+half acc=0.9766 resets=11 new_calls=519 time=7s
sea_s12 eddm+hedge acc=0.9822 resets=8 new_calls=543 time=5s
sea_s12 fhddm acc=0.9683 resets=1 new_calls=552 time=2s
sea_s12 fhddm+half acc=0.9685 resets=1 new_calls=557 time=1s
sea_s12 fhddm+hedge acc=0.9685 resets=1 new_calls=557 time=0s
sea_s12 hddma acc=0.9731 resets=2 new_calls=573 time=3s
sea_s12 hddma+half acc=0.9715 resets=2 new_calls=578 time=1s
sea_s12 hddma+hedge acc=0.9729 resets=2 new_calls=578 time=0s
sea_s12 hddmw acc=0.9687 resets=0 new_calls=578 time=0s
sea_s12 hddmw+half acc=0.9687 resets=0 new_calls=578 time=0s
sea_s12 hddmw+hedge acc=0.9687 resets=0 new_calls=578 time=0s
sea_s12 adwin acc=0.9864 resets=8 new_calls=587 time=2s
sea_s12 adwin+half acc=0.9736 resets=9 new_calls=615 time=5s
sea_s12 adwin+hedge acc=0.9841 resets=8 new_calls=615 time=0s
sea_s12 ph acc=0.9733 resets=3 new_calls=632 time=3s
sea_s12 ph+half acc=0.9721 resets=3 new_calls=636 time=1s
sea_s12 ph+hedge acc=0.9731 resets=3 new_calls=636 time=0s
sea_s12 kswin acc=0.9687 resets=0 new_calls=636 time=10s
sea_s12 kswin+half acc=0.9687 resets=0 new_calls=636 time=10s
sea_s12 kswin+hedge acc=0.9687 resets=0 new_calls=636 time=10s
STREAM_DONE 09:04:16 sea_s12_s2
stagger_s10 none acc=0.8538 resets=0 new_calls=179 time=55s
stagger_s10 ddmM acc=0.9732 resets=8 new_calls=251 time=18s
stagger_s10 ddm acc=0.9732 resets=8 new_calls=251 time=0s
stagger_s10 ddm+half acc=0.8813 resets=8 new_calls=291 time=11s
stagger_s10 ddm+hedge acc=0.9731 resets=9 new_calls=300 time=2s
stagger_s10 eddm acc=0.9732 resets=8 new_calls=300 time=0s
stagger_s10 eddm+half acc=0.8992 resets=15 new_calls=323 time=6s
stagger_s10 eddm+hedge acc=0.9731 resets=8 new_calls=323 time=0s
stagger_s10 fhddm acc=0.8557 resets=8 new_calls=395 time=20s
stagger_s10 fhddm+half acc=0.8557 resets=8 new_calls=430 time=10s
stagger_s10 fhddm+hedge acc=0.8557 resets=8 new_calls=430 time=0s
stagger_s10 hddma acc=0.9732 resets=8 new_calls=430 time=0s
stagger_s10 hddma+half acc=0.8792 resets=8 new_calls=435 time=2s
stagger_s10 hddma+hedge acc=0.9731 resets=8 new_calls=435 time=0s
stagger_s10 hddmw acc=0.9732 resets=8 new_calls=435 time=0s
stagger_s10 hddmw+half acc=0.8792 resets=8 new_calls=435 time=0s
stagger_s10 hddmw+hedge acc=0.9731 resets=8 new_calls=435 time=0s
stagger_s10 adwin acc=0.9732 resets=8 new_calls=435 time=0s
stagger_s10 adwin+half acc=0.8809 resets=16 new_calls=435 time=0s
stagger_s10 adwin+hedge acc=0.9731 resets=8 new_calls=435 time=0s
stagger_s10 ph acc=0.9683 resets=8 new_calls=443 time=2s
stagger_s10 ph+half acc=0.8855 resets=16 new_calls=451 time=2s
stagger_s10 ph+hedge acc=0.9681 resets=8 new_calls=451 time=0s
stagger_s10 kswin acc=0.9628 resets=8 new_calls=460 time=11s
stagger_s10 kswin+half acc=0.8796 resets=13 new_calls=460 time=9s
stagger_s10 kswin+hedge acc=0.9627 resets=8 new_calls=460 time=9s
STREAM_DONE 09:06:57 stagger_s10_s2
stagger_s12 none acc=0.8559 resets=0 new_calls=179 time=45s
stagger_s12 ddmM acc=0.9734 resets=8 new_calls=251 time=21s
stagger_s12 ddm acc=0.9734 resets=8 new_calls=251 time=0s
stagger_s12 ddm+half acc=0.8833 resets=9 new_calls=292 time=12s
stagger_s12 ddm+hedge acc=0.9732 resets=9 new_calls=301 time=3s
stagger_s12 eddm acc=0.9734 resets=8 new_calls=301 time=0s
stagger_s12 eddm+half acc=0.9021 resets=16 new_calls=332 time=10s
stagger_s12 eddm+hedge acc=0.9732 resets=8 new_calls=332 time=0s
stagger_s12 fhddm acc=0.8570 resets=8 new_calls=404 time=21s
stagger_s12 fhddm+half acc=0.8570 resets=8 new_calls=439 time=12s
stagger_s12 fhddm+hedge acc=0.8570 resets=8 new_calls=439 time=0s
stagger_s12 hddma acc=0.9734 resets=8 new_calls=439 time=0s
stagger_s12 hddma+half acc=0.8774 resets=8 new_calls=444 time=2s
stagger_s12 hddma+hedge acc=0.9732 resets=8 new_calls=444 time=0s
stagger_s12 hddmw acc=0.9734 resets=8 new_calls=444 time=0s
stagger_s12 hddmw+half acc=0.8774 resets=8 new_calls=444 time=0s
stagger_s12 hddmw+hedge acc=0.9732 resets=8 new_calls=444 time=0s
stagger_s12 adwin acc=0.9734 resets=8 new_calls=444 time=0s
stagger_s12 adwin+half acc=0.8789 resets=16 new_calls=444 time=0s
stagger_s12 adwin+hedge acc=0.9732 resets=8 new_calls=444 time=0s
stagger_s12 ph acc=0.9643 resets=8 new_calls=456 time=4s
stagger_s12 ph+half acc=0.8861 resets=16 new_calls=469 time=4s
stagger_s12 ph+hedge acc=0.9642 resets=8 new_calls=469 time=0s
stagger_s12 kswin acc=0.9734 resets=8 new_calls=469 time=9s
stagger_s12 kswin+half acc=0.8797 resets=11 new_calls=469 time=9s
stagger_s12 kswin+hedge acc=0.9732 resets=8 new_calls=469 time=9s
STREAM_DONE 09:09:39 stagger_s12_s2
grid_c30_b2000_s10 none acc=0.8291 resets=0 new_calls=179 time=60s
grid_c30_b2000_s10 ddmM acc=0.9425 resets=16 new_calls=259 time=27s
grid_c30_b2000_s10 ddm acc=0.9435 resets=15 new_calls=267 time=3s
grid_c30_b2000_s10 ddm+half acc=0.8509 resets=8 new_calls=307 time=15s
grid_c30_b2000_s10 ddm+hedge acc=0.9373 resets=9 new_calls=339 time=12s
grid_c30_b2000_s10 eddm acc=0.9459 resets=9 new_calls=355 time=5s
grid_c30_b2000_s10 eddm+half acc=0.8813 resets=24 new_calls=397 time=10s
grid_c30_b2000_s10 eddm+hedge acc=0.9358 resets=11 new_calls=414 time=4s
grid_c30_b2000_s10 fhddm acc=0.8418 resets=8 new_calls=486 time=17s
grid_c30_b2000_s10 fhddm+half acc=0.8464 resets=8 new_calls=496 time=2s
grid_c30_b2000_s10 fhddm+hedge acc=0.8449 resets=8 new_calls=496 time=0s
grid_c30_b2000_s10 hddma acc=0.9466 resets=8 new_calls=496 time=0s
grid_c30_b2000_s10 hddma+half acc=0.8509 resets=8 new_calls=496 time=0s
grid_c30_b2000_s10 hddma+hedge acc=0.9383 resets=8 new_calls=496 time=0s
grid_c30_b2000_s10 hddmw acc=0.9466 resets=8 new_calls=496 time=0s
grid_c30_b2000_s10 hddmw+half acc=0.8509 resets=8 new_calls=496 time=0s
grid_c30_b2000_s10 hddmw+hedge acc=0.9383 resets=8 new_calls=496 time=0s
grid_c30_b2000_s10 adwin acc=0.9444 resets=10 new_calls=510 time=4s
grid_c30_b2000_s10 adwin+half acc=0.8572 resets=16 new_calls=530 time=5s
grid_c30_b2000_s10 adwin+hedge acc=0.9350 resets=16 new_calls=597 time=16s
grid_c30_b2000_s10 ph acc=0.9430 resets=8 new_calls=597 time=0s
grid_c30_b2000_s10 ph+half acc=0.8594 resets=16 new_calls=606 time=2s
grid_c30_b2000_s10 ph+hedge acc=0.9347 resets=15 new_calls=663 time=13s
grid_c30_b2000_s10 kswin acc=0.9466 resets=8 new_calls=663 time=9s
grid_c30_b2000_s10 kswin+half acc=0.8559 resets=9 new_calls=663 time=10s
grid_c30_b2000_s10 kswin+hedge acc=0.9375 resets=9 new_calls=663 time=9s
STREAM_DONE 09:13:25 grid_c30_b2000_s10_s2
CHAIN_DONE 09:13:25
