RESTART 06:11:30
STREAM_DONE 06:11:31 insects_incremental_abrupt_balanced_s1
STREAM_DONE 06:11:32 news_s1
STREAM_DONE 06:11:34 h2_phishing_s1
covertype none acc=0.9479 resets=0 new_calls=1099 time=909s
covertype ddmM acc=0.9414 resets=61 new_calls=1258 time=121s
covertype ddm acc=0.9414 resets=60 new_calls=1259 time=1s
covertype ddm+half acc=0.9478 resets=118 new_calls=1486 time=165s
covertype ddm+hedge acc=0.9482 resets=84 new_calls=1692 time=132s
covertype eddm acc=0.8925 resets=256 new_calls=2118 time=230s
covertype eddm+half acc=0.9477 resets=159 new_calls=2585 time=236s
covertype eddm+hedge acc=0.9482 resets=178 new_calls=3347 time=290s
covertype fhddm acc=0.9346 resets=54 new_calls=3514 time=64s
covertype fhddm+half acc=0.9473 resets=20 new_calls=3579 time=40s
covertype fhddm+hedge acc=0.9482 resets=19 new_calls=3594 time=9s
covertype hddma acc=0.8002 resets=593 new_calls=4302 time=375s
covertype hddma+half acc=0.9481 resets=98 new_calls=4521 time=118s
covertype hddma+hedge acc=0.9483 resets=93 new_calls=4715 time=84s
covertype hddmw acc=0.9299 resets=94 new_calls=4783 time=29s
covertype hddmw+half acc=0.9482 resets=49 new_calls=4832 time=24s
covertype hddmw+hedge acc=0.9489 resets=41 new_calls=4853 time=9s
covertype adwin acc=0.8465 resets=265 new_calls=5281 time=162s
covertype adwin+half acc=0.9474 resets=37 new_calls=5351 time=31s
covertype adwin+hedge acc=0.9480 resets=35 new_calls=5413 time=26s
covertype ph acc=0.8971 resets=125 new_calls=5721 time=117s
covertype ph+half acc=0.9476 resets=23 new_calls=5773 time=23s
covertype ph+hedge acc=0.9482 resets=25 new_calls=5854 time=40s
covertype kswin acc=0.9213 resets=96 new_calls=5912 time=110s
covertype kswin+half acc=0.9475 resets=31 new_calls=5920 time=92s
covertype kswin+hedge acc=0.9484 resets=31 new_calls=5923 time=90s
STREAM_DONE 07:10:23 covertype_s2
h3_covertype_c none acc=0.9570 resets=0 new_calls=999 time=850s
h3_covertype_c ddmM acc=0.9185 resets=64 new_calls=1097 time=45s
h3_covertype_c ddm acc=0.9185 resets=64 new_calls=1097 time=0s
h3_covertype_c ddm+half acc=0.9548 resets=56 new_calls=1223 time=79s
h3_covertype_c ddm+hedge acc=0.9558 resets=127 new_calls=1554 time=153s
h3_covertype_c eddm acc=0.4704 resets=760 new_calls=2382 time=334s
h3_covertype_c eddm+half acc=0.9346 resets=94 new_calls=2668 time=146s
h3_covertype_c eddm+hedge acc=0.9564 resets=22 new_calls=2787 time=50s
