h4_covertype_d none acc=0.9620 resets=0 new_calls=999 time=827s
h4_covertype_d ddmM acc=0.9202 resets=58 new_calls=1086 time=47s
h4_covertype_d ddm acc=0.9202 resets=58 new_calls=1086 time=0s
h4_covertype_d ddm+half acc=0.9478 resets=35 new_calls=1137 time=31s
h4_covertype_d ddm+hedge acc=0.9613 resets=42 new_calls=1253 time=66s
h4_covertype_d eddm acc=0.5154 resets=727 new_calls=2164 time=404s
h4_covertype_d eddm+half acc=0.9594 resets=7 new_calls=2170 time=3s
h4_covertype_d eddm+hedge acc=0.9602 resets=110 new_calls=2833 time=319s
h4_covertype_d fhddm acc=0.6235 resets=281 new_calls=3352 time=175s
h4_covertype_d fhddm+half acc=0.9571 resets=13 new_calls=3381 time=12s
h4_covertype_d fhddm+hedge acc=0.9615 resets=4 new_calls=3392 time=5s
h4_covertype_d hddma acc=0.5668 resets=661 new_calls=3592 time=81s
h4_covertype_d hddma+half acc=0.8308 resets=320 new_calls=3993 time=181s
h4_covertype_d hddma+hedge acc=0.9601 resets=76 new_calls=4192 time=93s
h4_covertype_d hddmw acc=0.5525 resets=590 new_calls=4308 time=45s
h4_covertype_d hddmw+half acc=0.9137 resets=99 new_calls=4358 time=22s
h4_covertype_d hddmw+hedge acc=0.9617 resets=20 new_calls=4362 time=3s
h4_covertype_d adwin acc=0.5502 resets=457 new_calls=4608 time=105s
h4_covertype_d adwin+half acc=0.8611 resets=178 new_calls=4804 time=92s
h4_covertype_d adwin+hedge acc=0.9617 resets=19 new_calls=4847 time=20s
h4_covertype_d ph acc=0.6286 resets=215 new_calls=5152 time=141s
h4_covertype_d ph+half acc=0.9318 resets=53 new_calls=5256 time=67s
h4_covertype_d ph+hedge acc=0.9618 resets=7 new_calls=5295 time=24s
h4_covertype_d kswin acc=0.6052 resets=445 new_calls=5346 time=42s
h4_covertype_d kswin+half acc=0.9108 resets=88 new_calls=5376 time=64s
h4_covertype_d kswin+hedge acc=0.9617 resets=11 new_calls=5377 time=51s
STREAM_DONE 03:04:12 h4_covertype_d_s1
h3_airlines_c none acc=0.6534 resets=0 new_calls=999 time=510s
h3_airlines_c ddmM acc=0.6525 resets=6 new_calls=1037 time=17s
h3_airlines_c ddm acc=0.6525 resets=6 new_calls=1037 time=0s
h3_airlines_c ddm+half acc=0.6530 resets=4 new_calls=1055 time=6s
h3_airlines_c ddm+hedge acc=0.6531 resets=5 new_calls=1091 time=12s
h3_airlines_c eddm acc=0.6530 resets=3 new_calls=1102 time=4s
h3_airlines_c eddm+half acc=0.6519 resets=77 new_calls=1219 time=46s
h3_airlines_c eddm+hedge acc=0.6532 resets=4 new_calls=1227 time=3s
h3_airlines_c fhddm acc=0.6493 resets=38 new_calls=1540 time=130s
h3_airlines_c fhddm+half acc=0.6522 resets=34 new_calls=1693 time=65s
h3_airlines_c fhddm+hedge acc=0.6525 resets=32 new_calls=1762 time=25s
h3_airlines_c hddma acc=0.6521 resets=12 new_calls=1855 time=37s
h3_airlines_c hddma+half acc=0.6534 resets=14 new_calls=1910 time=20s
h3_airlines_c hddma+hedge acc=0.6530 resets=15 new_calls=1956 time=16s
h3_airlines_c hddmw acc=0.6371 resets=131 new_calls=2644 time=237s
h3_airlines_c hddmw+half acc=0.6494 resets=136 new_calls=3096 time=144s
h3_airlines_c hddmw+hedge acc=0.6492 resets=130 new_calls=3351 time=94s
h3_airlines_c adwin acc=0.6526 resets=13 new_calls=3431 time=30s
h3_airlines_c adwin+half acc=0.6530 resets=12 new_calls=3474 time=17s
h3_airlines_c adwin+hedge acc=0.6533 resets=12 new_calls=3501 time=10s
h3_airlines_c ph acc=0.6511 resets=25 new_calls=3597 time=39s
h3_airlines_c ph+half acc=0.6533 resets=22 new_calls=3670 time=28s
h3_airlines_c ph+hedge acc=0.6533 resets=23 new_calls=3751 time=29s
h3_airlines_c kswin acc=0.6471 resets=65 new_calls=3928 time=116s
h3_airlines_c kswin+half acc=0.6512 resets=65 new_calls=4048 time=97s
h3_airlines_c kswin+hedge acc=0.6514 resets=63 new_calls=4093 time=67s
STREAM_DONE 03:34:12 h3_airlines_c_s1
insects_abrupt_balanced none acc=0.7648 resets=0 new_calls=527 time=522s
insects_abrupt_balanced ddmM acc=0.7776 resets=10 new_calls=598 time=46s
insects_abrupt_balanced ddm acc=0.7776 resets=10 new_calls=598 time=0s
insects_abrupt_balanced ddm+half acc=0.7695 resets=8 new_calls=638 time=32s
insects_abrupt_balanced ddm+hedge acc=0.7775 resets=10 new_calls=638 time=0s
insects_abrupt_balanced eddm acc=0.7642 resets=39 new_calls=730 time=50s
insects_abrupt_balanced eddm+half acc=0.7643 resets=87 new_calls=889 time=98s
insects_abrupt_balanced eddm+hedge acc=0.7701 resets=65 new_calls=1012 time=64s
insects_abrupt_balanced fhddm acc=0.7698 resets=15 new_calls=1112 time=56s
insects_abrupt_balanced fhddm+half acc=0.7689 resets=15 new_calls=1175 time=46s
insects_abrupt_balanced fhddm+hedge acc=0.7716 resets=14 new_calls=1183 time=5s
insects_abrupt_balanced hddma acc=0.7835 resets=10 new_calls=1238 time=32s
insects_abrupt_balanced hddma+half acc=0.7706 resets=10 new_calls=1276 time=30s
insects_abrupt_balanced hddma+hedge acc=0.7820 resets=10 new_calls=1276 time=0s
insects_abrupt_balanced hddmw acc=0.7822 resets=17 new_calls=1333 time=39s
insects_abrupt_balanced hddmw+half acc=0.7702 resets=16 new_calls=1360 time=21s
insects_abrupt_balanced hddmw+hedge acc=0.7821 resets=16 new_calls=1366 time=4s
insects_abrupt_balanced adwin acc=0.7831 resets=13 new_calls=1404 time=25s
insects_abrupt_balanced adwin+half acc=0.7712 resets=18 new_calls=1430 time=20s
insects_abrupt_balanced adwin+hedge acc=0.7813 resets=12 new_calls=1439 time=6s
insects_abrupt_balanced ph acc=0.7776 resets=17 new_calls=1486 time=29s
insects_abrupt_balanced ph+half acc=0.7704 resets=21 new_calls=1518 time=21s
insects_abrupt_balanced ph+hedge acc=0.7798 resets=16 new_calls=1534 time=12s
insects_abrupt_balanced kswin acc=0.7833 resets=11 new_calls=1538 time=26s
insects_abrupt_balanced kswin+half acc=0.7723 resets=17 new_calls=1561 time=44s
insects_abrupt_balanced kswin+hedge acc=0.7820 resets=12 new_calls=1561 time=25s
STREAM_DONE 03:55:07 insects_abrupt_balanced_s1
insects_gradual_balanced none acc=0.7913 resets=0 new_calls=240 time=201s
insects_gradual_balanced ddmM acc=0.8000 resets=4 new_calls=274 time=18s
insects_gradual_balanced ddm acc=0.8000 resets=4 new_calls=274 time=0s
insects_gradual_balanced ddm+half acc=0.7948 resets=11 new_calls=298 time=15s
insects_gradual_balanced ddm+hedge acc=0.7975 resets=4 new_calls=298 time=0s
insects_gradual_balanced eddm acc=0.7934 resets=15 new_calls=341 time=22s
insects_gradual_balanced eddm+half acc=0.7938 resets=20 new_calls=380 time=22s
insects_gradual_balanced eddm+hedge acc=0.7980 resets=18 new_calls=442 time=28s
insects_gradual_balanced fhddm acc=0.7988 resets=7 new_calls=488 time=19s
insects_gradual_balanced fhddm+half acc=0.7955 resets=7 new_calls=514 time=15s
insects_gradual_balanced fhddm+hedge acc=0.7981 resets=7 new_calls=514 time=0s
insects_gradual_balanced hddma acc=0.8062 resets=5 new_calls=524 time=5s
insects_gradual_balanced hddma+half acc=0.7945 resets=5 new_calls=536 time=8s
insects_gradual_balanced hddma+hedge acc=0.8030 resets=5 new_calls=536 time=0s
insects_gradual_balanced hddmw acc=0.8039 resets=10 new_calls=582 time=22s
insects_gradual_balanced hddmw+half acc=0.7939 resets=9 new_calls=606 time=15s
insects_gradual_balanced hddmw+hedge acc=0.8046 resets=10 new_calls=625 time=13s
insects_gradual_balanced adwin acc=0.8052 resets=7 new_calls=644 time=7s
insects_gradual_balanced adwin+half acc=0.7951 resets=8 new_calls=667 time=14s
insects_gradual_balanced adwin+hedge acc=0.8031 resets=7 new_calls=676 time=0s
insects_gradual_balanced ph acc=0.8017 resets=7 new_calls=710 time=20s
insects_gradual_balanced ph+half acc=0.7954 resets=8 new_calls=724 time=12s
insects_gradual_balanced ph+hedge acc=0.8017 resets=8 new_calls=741 time=9s
insects_gradual_balanced kswin acc=0.8092 resets=6 new_calls=741 time=13s
insects_gradual_balanced kswin+half acc=0.7942 resets=7 new_calls=741 time=12s
insects_gradual_balanced kswin+hedge acc=0.8061 resets=6 new_calls=741 time=12s
STREAM_DONE 04:03:31 insects_gradual_balanced_s1
room none acc=0.9610 resets=0 new_calls=100 time=34s
room ddmM acc=0.9276 resets=18 new_calls=147 time=24s
room ddm acc=0.9276 resets=18 new_calls=147 time=0s
room ddm+half acc=0.9614 resets=16 new_calls=176 time=17s
room ddm+hedge acc=0.9411 resets=18 new_calls=176 time=0s
room eddm acc=0.9347 resets=11 new_calls=182 time=4s
room eddm+half acc=0.9617 resets=7 new_calls=190 time=5s
room eddm+hedge acc=0.9461 resets=10 new_calls=191 time=1s
room fhddm acc=0.9370 resets=5 new_calls=206 time=3s
room fhddm+half acc=0.9608 resets=3 new_calls=214 time=6s
room fhddm+hedge acc=0.9474 resets=5 new_calls=215 time=1s
room hddma acc=0.9276 resets=17 new_calls=216 time=1s
room hddma+half acc=0.9616 resets=11 new_calls=219 time=2s
room hddma+hedge acc=0.9412 resets=16 new_calls=220 time=1s
room hddmw acc=0.9335 resets=13 new_calls=220 time=0s
room hddmw+half acc=0.9617 resets=8 new_calls=220 time=0s
room hddmw+hedge acc=0.9460 resets=12 new_calls=227 time=5s
room adwin acc=0.9347 resets=11 new_calls=236 time=0s
room adwin+half acc=0.9617 resets=7 new_calls=251 time=7s
room adwin+hedge acc=0.9460 resets=10 new_calls=274 time=3s
room ph acc=0.9331 resets=8 new_calls=290 time=4s
room ph+half acc=0.9616 resets=5 new_calls=296 time=5s
room ph+hedge acc=0.9530 resets=6 new_calls=296 time=0s
room kswin acc=0.9337 resets=13 new_calls=296 time=4s
room kswin+half acc=0.9617 resets=8 new_calls=296 time=4s
room kswin+hedge acc=0.9461 resets=12 new_calls=296 time=4s
STREAM_DONE 04:05:48 room_s1
