h4_poker_e none acc=0.9170 resets=0 new_calls=999 time=639s
h4_poker_e ddmM acc=0.8368 resets=393 new_calls=1824 time=500s
h4_poker_e ddm acc=0.8357 resets=389 new_calls=1842 time=10s
h4_poker_e ddm+half acc=0.8958 resets=308 new_calls=2503 time=303s
h4_poker_e ddm+hedge acc=0.9070 resets=308 new_calls=2969 time=205s
h4_poker_e eddm acc=0.8091 resets=364 new_calls=3433 time=203s
h4_poker_e eddm+half acc=0.9031 resets=169 new_calls=3752 time=110s
h4_poker_e eddm+hedge acc=0.9142 resets=161 new_calls=4025 time=83s
h4_poker_e fhddm acc=0.8368 resets=190 new_calls=4590 time=212s
h4_poker_e fhddm+half acc=0.9032 resets=115 new_calls=4957 time=138s
h4_poker_e fhddm+hedge acc=0.9134 resets=105 new_calls=5144 time=71s
h4_poker_e hddma acc=0.8145 resets=467 new_calls=5238 time=34s
h4_poker_e hddma+half acc=0.8954 resets=269 new_calls=5336 time=35s
h4_poker_e hddma+hedge acc=0.9095 resets=252 new_calls=5383 time=19s
h4_poker_e hddmw acc=0.8303 resets=288 new_calls=5475 time=39s
h4_poker_e hddmw+half acc=0.9053 resets=167 new_calls=5507 time=15s
h4_poker_e hddmw+hedge acc=0.9136 resets=161 new_calls=5538 time=15s
h4_poker_e adwin acc=0.8282 resets=255 new_calls=5826 time=118s
h4_poker_e adwin+half acc=0.8990 resets=180 new_calls=5950 time=46s
h4_poker_e adwin+hedge acc=0.9151 resets=162 new_calls=6070 time=47s
h4_poker_e ph acc=0.8572 resets=138 new_calls=6335 time=132s
h4_poker_e ph+half acc=0.9065 resets=99 new_calls=6448 time=58s
h4_poker_e ph+hedge acc=0.9164 resets=93 new_calls=6582 time=70s
h4_poker_e kswin acc=0.8350 resets=253 new_calls=6626 time=56s
h4_poker_e kswin+half acc=0.9062 resets=153 new_calls=6632 time=42s
h4_poker_e kswin+hedge acc=0.9161 resets=136 new_calls=6641 time=44s
STREAM_DONE 03:05:29 h4_poker_e_s1
h3_airlines_b none acc=0.7064 resets=0 new_calls=999 time=491s
h3_airlines_b ddmM acc=0.7063 resets=3 new_calls=1026 time=12s
h3_airlines_b ddm acc=0.7063 resets=3 new_calls=1026 time=0s
h3_airlines_b ddm+half acc=0.7059 resets=12 new_calls=1077 time=19s
h3_airlines_b ddm+hedge acc=0.7063 resets=4 new_calls=1080 time=2s
h3_airlines_b eddm acc=0.7019 resets=49 new_calls=1172 time=38s
h3_airlines_b eddm+half acc=0.7060 resets=12 new_calls=1193 time=9s
h3_airlines_b eddm+hedge acc=0.7062 resets=6 new_calls=1200 time=3s
h3_airlines_b fhddm acc=0.7041 resets=25 new_calls=1398 time=82s
h3_airlines_b fhddm+half acc=0.7056 resets=22 new_calls=1501 time=42s
h3_airlines_b fhddm+hedge acc=0.7059 resets=24 new_calls=1574 time=31s
h3_airlines_b hddma acc=0.7049 resets=17 new_calls=1706 time=51s
h3_airlines_b hddma+half acc=0.7062 resets=16 new_calls=1783 time=26s
h3_airlines_b hddma+hedge acc=0.7060 resets=16 new_calls=1826 time=15s
h3_airlines_b hddmw acc=0.6958 resets=81 new_calls=2324 time=165s
h3_airlines_b hddmw+half acc=0.7047 resets=88 new_calls=2644 time=110s
h3_airlines_b hddmw+hedge acc=0.7047 resets=87 new_calls=2769 time=40s
h3_airlines_b adwin acc=0.7056 resets=16 new_calls=2856 time=28s
h3_airlines_b adwin+half acc=0.7064 resets=15 new_calls=2895 time=12s
h3_airlines_b adwin+hedge acc=0.7063 resets=15 new_calls=2926 time=10s
h3_airlines_b ph acc=0.7039 resets=29 new_calls=3090 time=54s
h3_airlines_b ph+half acc=0.7060 resets=28 new_calls=3182 time=34s
h3_airlines_b ph+hedge acc=0.7060 resets=28 new_calls=3211 time=12s
h3_airlines_b kswin acc=0.7018 resets=37 new_calls=3330 time=103s
h3_airlines_b kswin+half acc=0.7057 resets=32 new_calls=3378 time=72s
h3_airlines_b kswin+hedge acc=0.7059 resets=29 new_calls=3400 time=63s
STREAM_DONE 03:30:53 h3_airlines_b_s1
insects_incremental_reoccurring_balanced none acc=0.7919 resets=0 new_calls=798 time=629s
insects_incremental_reoccurring_balanced ddmM acc=0.8036 resets=15 new_calls=910 time=73s
insects_incremental_reoccurring_balanced ddm acc=0.8036 resets=15 new_calls=910 time=0s
insects_incremental_reoccurring_balanced ddm+half acc=0.7962 resets=14 new_calls=977 time=53s
insects_incremental_reoccurring_balanced ddm+hedge acc=0.8000 resets=13 new_calls=1041 time=43s
insects_incremental_reoccurring_balanced eddm acc=0.7940 resets=23 new_calls=1110 time=38s
insects_incremental_reoccurring_balanced eddm+half acc=0.7940 resets=77 new_calls=1273 time=100s
insects_incremental_reoccurring_balanced eddm+hedge acc=0.8052 resets=146 new_calls=1629 time=195s
insects_incremental_reoccurring_balanced fhddm acc=0.7985 resets=19 new_calls=1762 time=92s
insects_incremental_reoccurring_balanced fhddm+half acc=0.7964 resets=19 new_calls=1832 time=52s
insects_incremental_reoccurring_balanced fhddm+hedge acc=0.7980 resets=20 new_calls=1868 time=24s
insects_incremental_reoccurring_balanced hddma acc=0.8086 resets=16 new_calls=1928 time=39s
insects_incremental_reoccurring_balanced hddma+half acc=0.7957 resets=14 new_calls=1980 time=40s
insects_incremental_reoccurring_balanced hddma+hedge acc=0.8077 resets=16 new_calls=1989 time=7s
insects_incremental_reoccurring_balanced hddmw acc=0.8073 resets=27 new_calls=2090 time=63s
insects_incremental_reoccurring_balanced hddmw+half acc=0.7961 resets=27 new_calls=2141 time=39s
insects_incremental_reoccurring_balanced hddmw+hedge acc=0.8084 resets=24 new_calls=2153 time=9s
insects_incremental_reoccurring_balanced adwin acc=0.8068 resets=20 new_calls=2212 time=34s
insects_incremental_reoccurring_balanced adwin+half acc=0.7966 resets=24 new_calls=2257 time=31s
insects_incremental_reoccurring_balanced adwin+hedge acc=0.8060 resets=18 new_calls=2266 time=5s
insects_incremental_reoccurring_balanced ph acc=0.8052 resets=22 new_calls=2336 time=42s
insects_incremental_reoccurring_balanced ph+half acc=0.7963 resets=27 new_calls=2391 time=43s
insects_incremental_reoccurring_balanced ph+hedge acc=0.8042 resets=25 new_calls=2469 time=50s
insects_incremental_reoccurring_balanced kswin acc=0.8034 resets=10 new_calls=2483 time=53s
insects_incremental_reoccurring_balanced kswin+half acc=0.7957 resets=12 new_calls=2483 time=43s
insects_incremental_reoccurring_balanced kswin+hedge acc=0.8027 resets=10 new_calls=2483 time=43s
STREAM_DONE 04:01:33 insects_incremental_reoccurring_balanced_s1
gas none acc=0.8751 resets=0 new_calls=138 time=423s
gas ddmM acc=0.8157 resets=52 new_calls=275 time=157s
gas ddm acc=0.8157 resets=52 new_calls=275 time=0s
