kdd none acc=0.9895 resets=0 new_calls=999 time=281s
kdd ddmM acc=0.9866 resets=60 new_calls=1270 time=149s
kdd ddm acc=0.9866 resets=59 new_calls=1271 time=1s
kdd ddm+half acc=0.9887 resets=53 new_calls=1451 time=137s
kdd ddm+hedge acc=0.9885 resets=54 new_calls=1495 time=27s
kdd eddm acc=0.9877 resets=22 new_calls=1537 time=33s
kdd eddm+half acc=0.9888 resets=21 new_calls=1570 time=30s
kdd eddm+hedge acc=0.9893 resets=21 new_calls=1587 time=13s
kdd fhddm acc=0.9865 resets=18 new_calls=1668 time=20s
kdd fhddm+half acc=0.9893 resets=15 new_calls=1724 time=43s
kdd fhddm+hedge acc=0.9872 resets=17 new_calls=1731 time=5s
kdd hddma acc=0.9880 resets=35 new_calls=1731 time=2s
kdd hddma+half acc=0.9888 resets=33 new_calls=1736 time=7s
kdd hddma+hedge acc=0.9893 resets=32 new_calls=1736 time=2s
kdd hddmw acc=0.9880 resets=26 new_calls=1743 time=6s
kdd hddmw+half acc=0.9888 resets=24 new_calls=1746 time=4s
kdd hddmw+hedge acc=0.9893 resets=24 new_calls=1746 time=1s
kdd adwin acc=0.9879 resets=31 new_calls=1809 time=8s
kdd adwin+half acc=0.9888 resets=29 new_calls=1834 time=11s
kdd adwin+hedge acc=0.9893 resets=28 new_calls=1843 time=0s
kdd ph acc=0.9896 resets=11 new_calls=1884 time=4s
kdd ph+half acc=0.9893 resets=11 new_calls=1896 time=2s
kdd ph+hedge acc=0.9898 resets=11 new_calls=1905 time=0s
kdd kswin acc=0.9877 resets=25 new_calls=1905 time=47s
kdd kswin+half acc=0.9888 resets=22 new_calls=1905 time=48s
kdd kswin+hedge acc=0.9893 resets=22 new_calls=1905 time=48s
STREAM_DONE 02:26:19 kdd_s1
h4_airlines_d none acc=0.6585 resets=0 new_calls=999 time=496s
h4_airlines_d ddmM acc=0.6576 resets=4 new_calls=1022 time=10s
h4_airlines_d ddm acc=0.6576 resets=4 new_calls=1022 time=0s
h4_airlines_d ddm+half acc=0.6585 resets=4 new_calls=1038 time=7s
h4_airlines_d ddm+hedge acc=0.6585 resets=3 new_calls=1047 time=4s
h4_airlines_d eddm acc=0.6499 resets=114 new_calls=1216 time=73s
h4_airlines_d eddm+half acc=0.6563 resets=112 new_calls=1380 time=63s
h4_airlines_d eddm+hedge acc=0.6571 resets=102 new_calls=1442 time=26s
h4_airlines_d fhddm acc=0.6548 resets=33 new_calls=1703 time=122s
h4_airlines_d fhddm+half acc=0.6577 resets=30 new_calls=1847 time=66s
h4_airlines_d fhddm+hedge acc=0.6576 resets=31 new_calls=1894 time=20s
h4_airlines_d hddma acc=0.6559 resets=13 new_calls=2004 time=43s
h4_airlines_d hddma+half acc=0.6586 resets=2 new_calls=2014 time=4s
h4_airlines_d hddma+hedge acc=0.6585 resets=2 new_calls=2014 time=0s
h4_airlines_d hddmw acc=0.6335 resets=150 new_calls=2705 time=226s
h4_airlines_d hddmw+half acc=0.6542 resets=153 new_calls=3234 time=189s
h4_airlines_d hddmw+hedge acc=0.6541 resets=159 new_calls=3630 time=154s
h4_airlines_d adwin acc=0.6576 resets=10 new_calls=3688 time=20s
h4_airlines_d adwin+half acc=0.6583 resets=10 new_calls=3712 time=9s
h4_airlines_d adwin+hedge acc=0.6586 resets=9 new_calls=3721 time=3s
h4_airlines_d ph acc=0.6541 resets=25 new_calls=3833 time=40s
h4_airlines_d ph+half acc=0.6577 resets=24 new_calls=3911 time=26s
h4_airlines_d ph+hedge acc=0.6578 resets=26 new_calls=4043 time=45s
h4_airlines_d kswin acc=0.6429 resets=101 new_calls=4276 time=144s
h4_airlines_d kswin+half acc=0.6563 resets=72 new_calls=4429 time=108s
h4_airlines_d kswin+hedge acc=0.6558 resets=75 new_calls=4574 time=117s
STREAM_DONE 02:59:58 h4_airlines_d_s1
h3_covertype_c none acc=0.9577 resets=0 new_calls=999 time=774s
h3_covertype_c ddmM acc=0.9212 resets=58 new_calls=1091 time=36s
h3_covertype_c ddm acc=0.9212 resets=58 new_calls=1091 time=0s
h3_covertype_c ddm+half acc=0.9559 resets=75 new_calls=1271 time=90s
h3_covertype_c ddm+hedge acc=0.9567 resets=77 new_calls=1456 time=87s
h3_covertype_c eddm acc=0.4698 resets=765 new_calls=2352 time=334s
h3_covertype_c eddm+half acc=0.9540 resets=27 new_calls=2438 time=43s
h3_covertype_c eddm+hedge acc=0.9572 resets=20 new_calls=2545 time=48s
h3_covertype_c fhddm acc=0.4981 resets=331 new_calls=3228 time=261s
h3_covertype_c fhddm+half acc=0.9491 resets=16 new_calls=3270 time=21s
h3_covertype_c fhddm+hedge acc=0.9575 resets=5 new_calls=3301 time=15s
h3_covertype_c hddma acc=0.5483 resets=634 new_calls=3514 time=87s
h3_covertype_c hddma+half acc=0.9521 resets=31 new_calls=3559 time=22s
h3_covertype_c hddma+hedge acc=0.9572 resets=24 new_calls=3595 time=17s
h3_covertype_c hddmw acc=0.5085 resets=590 new_calls=3709 time=47s
h3_covertype_c hddmw+half acc=0.9428 resets=51 new_calls=3813 time=52s
h3_covertype_c hddmw+hedge acc=0.9574 resets=24 new_calls=3920 time=50s
h3_covertype_c adwin acc=0.4984 resets=426 new_calls=4180 time=132s
h3_covertype_c adwin+half acc=0.9229 resets=86 new_calls=4379 time=144s
h3_covertype_c adwin+hedge acc=0.9568 resets=23 new_calls=4435 time=42s
h3_covertype_c ph acc=0.5429 resets=247 new_calls=4836 time=254s
h3_covertype_c ph+half acc=0.9304 resets=55 new_calls=4968 time=92s
h3_covertype_c ph+hedge acc=0.9577 resets=9 new_calls=4986 time=12s
h3_covertype_c kswin acc=0.4765 resets=540 new_calls=5039 time=38s
h3_covertype_c kswin+half acc=0.9443 resets=39 new_calls=5055 time=62s
h3_covertype_c kswin+hedge acc=0.9574 resets=12 new_calls=5062 time=58s
STREAM_DONE 03:47:00 h3_covertype_c_s1
news none acc=0.6604 resets=0 new_calls=395 time=518s
news ddmM acc=0.6604 resets=0 new_calls=395 time=0s
news ddm acc=0.6604 resets=0 new_calls=395 time=0s
news ddm+half acc=0.6604 resets=0 new_calls=395 time=0s
news ddm+hedge acc=0.6604 resets=0 new_calls=395 time=0s
news eddm acc=0.6561 resets=47 new_calls=481 time=50s
news eddm+half acc=0.6589 resets=24 new_calls=520 time=33s
news eddm+hedge acc=0.6606 resets=64 new_calls=610 time=60s
news fhddm acc=0.6540 resets=23 new_calls=768 time=119s
news fhddm+half acc=0.6590 resets=16 new_calls=840 time=59s
news fhddm+hedge acc=0.6597 resets=18 new_calls=869 time=20s
news hddma acc=0.6588 resets=3 new_calls=888 time=13s
news hddma+half acc=0.6606 resets=5 new_calls=903 time=15s
news hddma+hedge acc=0.6600 resets=4 new_calls=916 time=11s
news hddmw acc=0.6445 resets=35 new_calls=1107 time=155s
news hddmw+half acc=0.6570 resets=33 new_calls=1203 time=119s
news hddmw+hedge acc=0.6577 resets=34 new_calls=1255 time=58s
news adwin acc=0.6587 resets=4 new_calls=1286 time=38s
news adwin+half acc=0.6596 resets=4 new_calls=1292 time=9s
news adwin+hedge acc=0.6608 resets=3 new_calls=1301 time=11s
news ph acc=0.6577 resets=10 new_calls=1349 time=55s
news ph+half acc=0.6599 resets=8 new_calls=1370 time=31s
news ph+hedge acc=0.6602 resets=8 new_calls=1392 time=25s
news kswin acc=0.6561 resets=10 new_calls=1414 time=47s
news kswin+half acc=0.6599 resets=12 new_calls=1430 time=44s
news kswin+hedge acc=0.6591 resets=10 new_calls=1430 time=19s
STREAM_DONE 04:12:10 news_s1
