RESTART 06:11:24
STREAM_DONE 06:11:26 h4_poker_e_s1
STREAM_DONE 06:11:27 h4_covertype_d_s1
STREAM_DONE 06:11:28 h3_poker_b_s1
STREAM_DONE 06:11:29 h3_airlines_c_s1
h2_rialto ph+half acc=0.7790 resets=92 new_calls=120 time=91s
h2_rialto ph+hedge acc=0.7884 resets=85 new_calls=229 time=79s
h2_rialto kswin acc=0.7861 resets=143 new_calls=300 time=80s
h2_rialto kswin+half acc=0.7797 resets=145 new_calls=359 time=73s
h2_rialto kswin+hedge acc=0.7942 resets=134 new_calls=389 time=51s
STREAM_DONE 06:17:47 h2_rialto_s1
h4_covertype_e none acc=0.9728 resets=0 new_calls=999 time=908s
h4_covertype_e ddmM acc=0.9686 resets=7 new_calls=1016 time=11s
h4_covertype_e ddm acc=0.9686 resets=7 new_calls=1016 time=0s
h4_covertype_e ddm+half acc=0.9719 resets=84 new_calls=1193 time=111s
h4_covertype_e ddm+hedge acc=0.9717 resets=76 new_calls=1362 time=93s
h4_covertype_e eddm acc=0.6058 resets=646 new_calls=2156 time=366s
h4_covertype_e eddm+half acc=0.9711 resets=47 new_calls=2342 time=88s
Traceback (most recent call last):
  File "/mnt/c/Users/zhwu9808/Desktop/pfn/ResetEval/code/reset_eval.py", line 178, in <module>
    run(s, p, cache, X, y)
  File "/mnt/c/Users/zhwu9808/Desktop/pfn/ResetEval/code/reset_eval.py", line 153, in run
    Pq = {"fifo": cache.get(lo_f, t), "reset": cache.get(lo, t)}
                                               ^^^^^^^^^^^^^^^^
  File "/mnt/c/Users/zhwu9808/Desktop/pfn/ResetEval/code/reset_eval.py", line 87, in get
    self.d[key] = self.f.predict(self.X[lo:t * B], self.y[lo:t * B], self.X[t * B:(t + 1) * B]).astype(np.float16)
                  ^^^^^^^^^^^^^^^^^^^^^^^^^^^^^^^^^^^^^^^^^^^^^^^^^^^^^^^^^^^^^^^^^^^^^^^^^^^^^
  File "/mnt/c/Users/zhwu9808/Desktop/pfn/ResetEval/code/reset_eval.py", line 72, in predict
    P[:, self.m.classes_.astype(int)] = self.m.predict_proba(Xq)
                                        ^^^^^^^^^^^^^^^^^^^^^^^^
  File "/home/zhwu9808/pfn-venvs/venv/lib/python3.12/site-packages/tabpfn/classifier.py", line 1616, in predict_proba
    return self._predict_proba(X)
           ^^^^^^^^^^^^^^^^^^^^^^
  File "/home/zhwu9808/.local/share/uv/python/cpython-3.12.14-linux-x86_64-gnu/lib/python3.12/contextlib.py", line 81, in inner
    return func(*args, **kwds)
           ^^^^^^^^^^^^^^^^^^^
  File "/home/zhwu9808/pfn-venvs/venv/lib/python3.12/site-packages/tabpfn/classifier.py", line 1630, in _predict_proba
    self._raw_predict(X, return_logits=False).float().detach().cpu().numpy()
    ^^^^^^^^^^^^^^^^^^^^^^^^^^^^^^^^^^^^^^^^^
  File "/home/zhwu9808/pfn-venvs/venv/lib/python3.12/site-packages/tabpfn/classifier.py", line 1542, in _raw_predict
    return self.forward(
           ^^^^^^^^^^^^^
  File "/home/zhwu9808/pfn-venvs/venv/lib/python3.12/site-packages/tabpfn/classifier.py", line 1876, in forward
    for output, config in tqdm(
                          ^^^^^
  File "/home/zhwu9808/pfn-venvs/venv/lib/python3.12/site-packages/tqdm/std.py", line 1175, in __iter__
    yield from iterable
  File "/home/zhwu9808/pfn-venvs/venv/lib/python3.12/site-packages/tabpfn/inference.py", line 753, in iter_outputs
    for output, ensemble_member in zip(
                                   ^^^^
  File "/home/zhwu9808/pfn-venvs/venv/lib/python3.12/site-packages/tabpfn/inference.py", line 74, in __next__
    torch.cuda.synchronize(self._device)
  File "/home/zhwu9808/pfn-venvs/venv/lib/python3.12/site-packages/torch/cuda/__init__.py", line 1281, in synchronize
    return torch._C._cuda_synchronize()
           ^^^^^^^^^^^^^^^^^^^^^^^^^^^^
torch.AcceleratorError: CUDA error: unspecified launch failure
Search for `cudaErrorLaunchFailure' in https://docs.nvidia.com/cuda/cuda-runtime-api/group__CUDART__TYPES.html for more information.
CUDA kernel errors might be asynchronously reported at some other API call, so the stacktrace below might be incorrect.
For debugging consider passing CUDA_LAUNCH_BLOCKING=1

RETRY 06:44:35 h4_covertype_e_s2
h4_covertype_e eddm+hedge acc=0.9717 resets=70 new_calls=403 time=179s
h4_covertype_e fhddm acc=0.6546 resets=289 new_calls=971 time=306s
h4_covertype_e fhddm+half acc=0.9728 resets=1 new_calls=971 time=0s
h4_covertype_e fhddm+hedge acc=0.9727 resets=1 new_calls=971 time=0s
h4_covertype_e hddma acc=0.6604 resets=608 new_calls=1162 time=97s
h4_covertype_e hddma+half acc=0.9682 resets=68 new_calls=1312 time=78s
h4_covertype_e hddma+hedge acc=0.9716 resets=56 new_calls=1461 time=70s
h4_covertype_e hddmw acc=0.7312 resets=356 new_calls=1544 time=35s
h4_covertype_e hddmw+half acc=0.9724 resets=13 new_calls=1551 time=3s
h4_covertype_e hddmw+hedge acc=0.9726 resets=12 new_calls=1562 time=6s
h4_covertype_e adwin acc=0.6086 resets=389 new_calls=1913 time=135s
h4_covertype_e adwin+half acc=0.9721 resets=18 new_calls=1951 time=16s
h4_covertype_e adwin+hedge acc=0.9725 resets=17 new_calls=1978 time=12s
h4_covertype_e ph acc=0.6843 resets=223 new_calls=2356 time=155s
h4_covertype_e ph+half acc=0.9726 resets=7 new_calls=2375 time=8s
h4_covertype_e ph+hedge acc=0.9726 resets=7 new_calls=2410 time=16s
h4_covertype_e kswin acc=0.7493 resets=281 new_calls=2440 time=47s
h4_covertype_e kswin+half acc=0.9719 resets=10 new_calls=2440 time=60s
h4_covertype_e kswin+hedge acc=0.9727 resets=7 new_calls=2440 time=57s
STREAM_DONE 07:06:42 h4_covertype_e_s2
h3_insects_b none acc=0.8146 resets=0 new_calls=999 time=913s
h3_insects_b ddmM acc=0.8144 resets=3 new_calls=1026 time=16s
h3_insects_b ddm acc=0.8144 resets=3 new_calls=1026 time=0s
h3_insects_b ddm+half acc=0.8146 resets=2 new_calls=1036 time=6s
h3_insects_b ddm+hedge acc=0.8148 resets=3 new_calls=1054 time=11s
h3_insects_b eddm acc=0.8111 resets=43 new_calls=1194 time=67s
h3_insects_b eddm+half acc=0.8122 resets=149 new_calls=1545 time=207s
h3_insects_b eddm+hedge acc=0.8145 resets=20 new_calls=1598 time=27s
h3_insects_b fhddm acc=0.8144 resets=7 new_calls=1653 time=29s
h3_insects_b fhddm+half acc=0.8150 resets=8 new_calls=1691 time=22s
h3_insects_b fhddm+hedge acc=0.8150 resets=7 new_calls=1691 time=0s
h3_insects_b hddma acc=0.8159 resets=4 new_calls=1723 time=13s
h3_insects_b hddma+half acc=0.8149 resets=4 new_calls=1738 time=7s
h3_insects_b hddma+hedge acc=0.8160 resets=4 new_calls=1738 time=1s
h3_insects_b hddmw acc=0.8146 resets=11 new_calls=1821 time=38s
h3_insects_b hddmw+half acc=0.8144 resets=10 new_calls=1863 time=24s
h3_insects_b hddmw+hedge acc=0.8156 resets=10 new_calls=1875 time=7s
h3_insects_b adwin acc=0.8154 resets=6 new_calls=1902 time=14s
h3_insects_b adwin+half acc=0.8150 resets=7 new_calls=1922 time=11s
h3_insects_b adwin+hedge acc=0.8158 resets=6 new_calls=1931 time=5s
h3_insects_b ph acc=0.8149 resets=9 new_calls=1994 time=32s
h3_insects_b ph+half acc=0.8148 resets=9 new_calls=2022 time=16s
h3_insects_b ph+hedge acc=0.8157 resets=7 new_calls=2026 time=2s
h3_insects_b kswin acc=0.8153 resets=3 new_calls=2035 time=67s
h3_insects_b kswin+half acc=0.8148 resets=3 new_calls=2038 time=66s
h3_insects_b kswin+hedge acc=0.8155 resets=3 new_calls=2038 time=66s
STREAM_DONE 07:34:30 h3_insects_b_s2
chest none acc=0.9702 resets=0 new_calls=999 time=35s
chest ddmM acc=0.9903 resets=9 new_calls=1072 time=22s
chest ddm acc=0.9903 resets=9 new_calls=1072 time=0s
chest ddm+half acc=0.9768 resets=17 new_calls=1127 time=16s
chest ddm+hedge acc=0.9879 resets=9 new_calls=1136 time=1s
chest eddm acc=0.9912 resets=10 new_calls=1167 time=0s
chest eddm+half acc=0.9776 resets=17 new_calls=1187 time=8s
chest eddm+hedge acc=0.9901 resets=10 new_calls=1196 time=0s
chest fhddm acc=0.9775 resets=8 new_calls=1263 time=1s
chest fhddm+half acc=0.9738 resets=11 new_calls=1279 time=6s
chest fhddm+hedge acc=0.9775 resets=8 new_calls=1279 time=0s
chest hddma acc=0.9902 resets=11 new_calls=1292 time=4s
chest hddma+half acc=0.9763 resets=12 new_calls=1301 time=6s
chest hddma+hedge acc=0.9876 resets=10 new_calls=1301 time=2s
chest hddmw acc=0.9907 resets=12 new_calls=1301 time=0s
chest hddmw+half acc=0.9764 resets=14 new_calls=1308 time=4s
chest hddmw+hedge acc=0.9879 resets=10 new_calls=1308 time=1s
chest adwin acc=0.9908 resets=12 new_calls=1321 time=0s
chest adwin+half acc=0.9771 resets=19 new_calls=1334 time=5s
chest adwin+hedge acc=0.9896 resets=12 new_calls=1343 time=0s
chest ph acc=0.9909 resets=10 new_calls=1361 time=0s
chest ph+half acc=0.9765 resets=16 new_calls=1367 time=2s
chest ph+hedge acc=0.9900 resets=10 new_calls=1367 time=0s
chest kswin acc=0.9906 resets=12 new_calls=1376 time=59s
chest kswin+half acc=0.9772 resets=20 new_calls=1376 time=57s
chest kswin+hedge acc=0.9895 resets=13 new_calls=1376 time=60s
STREAM_DONE 07:39:23 chest_s2
h2_rialto none acc=0.7753 resets=0 new_calls=821 time=597s
h2_rialto ddmM acc=0.7818 resets=122 new_calls=1153 time=233s
h2_rialto ddm acc=0.7818 resets=122 new_calls=1153 time=0s
h2_rialto ddm+half acc=0.7783 resets=96 new_calls=1382 time=144s
h2_rialto ddm+hedge acc=0.7866 resets=138 new_calls=1552 time=111s
h2_rialto eddm acc=0.7872 resets=277 new_calls=2082 time=320s
h2_rialto eddm+half acc=0.7809 resets=273 new_calls=2544 time=209s
h2_rialto eddm+hedge acc=0.7975 resets=267 new_calls=2748 time=67s
h2_rialto fhddm acc=0.7835 resets=92 new_calls=3186 time=135s
h2_rialto fhddm+half acc=0.7775 resets=96 new_calls=3523 time=134s
h2_rialto fhddm+hedge acc=0.7912 resets=89 new_calls=3623 time=44s
h2_rialto hddma acc=0.7830 resets=135 new_calls=3786 time=77s
h2_rialto hddma+half acc=0.7781 resets=136 new_calls=3958 time=79s
h2_rialto hddma+hedge acc=0.7903 resets=134 new_calls=4057 time=41s
h2_rialto hddmw acc=0.7827 resets=154 new_calls=4142 time=35s
h2_rialto hddmw+half acc=0.7799 resets=148 new_calls=4230 time=35s
h2_rialto hddmw+hedge acc=0.7923 resets=150 new_calls=4281 time=21s
h2_rialto adwin acc=0.7808 resets=126 new_calls=4529 time=81s
h2_rialto adwin+half acc=0.7792 resets=126 new_calls=4670 time=74s
h2_rialto adwin+hedge acc=0.7922 resets=126 new_calls=4844 time=84s
h2_rialto ph acc=0.7819 resets=91 new_calls=5013 time=94s
h2_rialto ph+half acc=0.7800 resets=88 new_calls=5128 time=70s
h2_rialto ph+hedge acc=0.7887 resets=85 new_calls=5220 time=46s
h2_rialto kswin acc=0.7844 resets=150 new_calls=5304 time=77s
h2_rialto kswin+half acc=0.7777 resets=147 new_calls=5369 time=68s
h2_rialto kswin+hedge acc=0.7916 resets=139 new_calls=5401 time=49s
STREAM_DONE 08:28:11 h2_rialto_s2
agrawal_s13 none acc=0.8621 resets=0 new_calls=239 time=105s
agrawal_s13 ddmM acc=0.9635 resets=13 new_calls=340 time=45s
agrawal_s13 ddm acc=0.9644 resets=12 new_calls=348 time=3s
agrawal_s13 ddm+half acc=0.8859 resets=11 new_calls=403 time=22s
agrawal_s13 ddm+hedge acc=0.9595 resets=15 new_calls=431 time=11s
agrawal_s13 eddm acc=0.9656 resets=11 new_calls=431 time=0s
agrawal_s13 eddm+half acc=0.9117 resets=30 new_calls=492 time=27s
agrawal_s13 eddm+hedge acc=0.9594 resets=12 new_calls=492 time=0s
agrawal_s13 fhddm acc=0.8632 resets=11 new_calls=591 time=46s
agrawal_s13 fhddm+half acc=0.8688 resets=11 new_calls=626 time=15s
agrawal_s13 fhddm+hedge acc=0.8660 resets=11 new_calls=626 time=0s
agrawal_s13 hddma acc=0.9656 resets=11 new_calls=626 time=0s
agrawal_s13 hddma+half acc=0.8828 resets=11 new_calls=634 time=4s
agrawal_s13 hddma+hedge acc=0.9607 resets=11 new_calls=634 time=0s
agrawal_s13 hddmw acc=0.9656 resets=11 new_calls=634 time=0s
agrawal_s13 hddmw+half acc=0.8828 resets=11 new_calls=634 time=0s
agrawal_s13 hddmw+hedge acc=0.9607 resets=11 new_calls=634 time=0s
agrawal_s13 adwin acc=0.9611 resets=14 new_calls=666 time=14s
agrawal_s13 adwin+half acc=0.8865 resets=22 new_calls=701 time=15s
agrawal_s13 adwin+hedge acc=0.9582 resets=18 new_calls=739 time=16s
agrawal_s13 ph acc=0.9526 resets=13 new_calls=778 time=16s
agrawal_s13 ph+half acc=0.8938 resets=22 new_calls=800 time=9s
agrawal_s13 ph+hedge acc=0.9502 resets=14 new_calls=824 time=10s
agrawal_s13 kswin acc=0.9564 resets=10 new_calls=824 time=12s
agrawal_s13 kswin+half acc=0.8810 resets=10 new_calls=824 time=13s
agrawal_s13 kswin+hedge acc=0.9506 resets=11 new_calls=828 time=14s
STREAM_DONE 08:34:50 agrawal_s13_s1
hyperplane_s13 none acc=0.8815 resets=0 new_calls=179 time=74s
hyperplane_s13 ddmM acc=0.9017 resets=8 new_calls=251 time=30s
hyperplane_s13 ddm acc=0.9022 resets=7 new_calls=251 time=0s
hyperplane_s13 ddm+half acc=0.8901 resets=12 new_calls=286 time=11s
hyperplane_s13 ddm+hedge acc=0.9083 resets=10 new_calls=323 time=11s
hyperplane_s13 eddm acc=0.8994 resets=22 new_calls=403 time=28s
hyperplane_s13 eddm+half acc=0.8935 resets=33 new_calls=493 time=32s
hyperplane_s13 eddm+hedge acc=0.9047 resets=20 new_calls=553 time=19s
hyperplane_s13 fhddm acc=0.8736 resets=8 new_calls=607 time=17s
hyperplane_s13 fhddm+half acc=0.8818 resets=8 new_calls=638 time=11s
hyperplane_s13 fhddm+hedge acc=0.8816 resets=8 new_calls=638 time=0s
hyperplane_s13 hddma acc=0.9142 resets=8 new_calls=655 time=6s
hyperplane_s13 hddma+half acc=0.8872 resets=7 new_calls=668 time=5s
hyperplane_s13 hddma+hedge acc=0.9096 resets=8 new_calls=668 time=0s
hyperplane_s13 hddmw acc=0.9089 resets=7 new_calls=674 time=3s
hyperplane_s13 hddmw+half acc=0.8872 resets=7 new_calls=689 time=5s
hyperplane_s13 hddmw+hedge acc=0.9065 resets=7 new_calls=689 time=0s
hyperplane_s13 adwin acc=0.9142 resets=8 new_calls=689 time=0s
hyperplane_s13 adwin+half acc=0.8865 resets=14 new_calls=714 time=8s
hyperplane_s13 adwin+hedge acc=0.9093 resets=9 new_calls=718 time=1s
hyperplane_s13 ph acc=0.8974 resets=8 new_calls=768 time=16s
hyperplane_s13 ph+half acc=0.8888 resets=9 new_calls=798 time=9s
hyperplane_s13 ph+hedge acc=0.8951 resets=8 new_calls=802 time=1s
hyperplane_s13 kswin acc=0.8815 resets=0 new_calls=802 time=11s
hyperplane_s13 kswin+half acc=0.8815 resets=0 new_calls=802 time=11s
hyperplane_s13 kswin+hedge acc=0.8815 resets=0 new_calls=802 time=11s
STREAM_DONE 08:40:11 hyperplane_s13_s1
sea_s13 none acc=0.9712 resets=0 new_calls=179 time=46s
sea_s13 ddmM acc=0.9877 resets=21 new_calls=270 time=25s
sea_s13 ddm acc=0.9877 resets=21 new_calls=270 time=0s
sea_s13 ddm+half acc=0.9758 resets=13 new_calls=316 time=12s
sea_s13 ddm+hedge acc=0.9858 resets=11 new_calls=357 time=11s
sea_s13 eddm acc=0.9825 resets=8 new_calls=409 time=14s
sea_s13 eddm+half acc=0.9747 resets=8 new_calls=433 time=6s
sea_s13 eddm+hedge acc=0.9828 resets=8 new_calls=442 time=2s
sea_s13 fhddm acc=0.9712 resets=0 new_calls=442 time=0s
sea_s13 fhddm+half acc=0.9712 resets=0 new_calls=442 time=0s
sea_s13 fhddm+hedge acc=0.9712 resets=0 new_calls=442 time=0s
sea_s13 hddma acc=0.9775 resets=3 new_calls=451 time=2s
sea_s13 hddma+half acc=0.9737 resets=3 new_calls=461 time=3s
sea_s13 hddma+hedge acc=0.9774 resets=3 new_calls=461 time=0s
sea_s13 hddmw acc=0.9712 resets=0 new_calls=461 time=0s
sea_s13 hddmw+half acc=0.9712 resets=0 new_calls=461 time=0s
sea_s13 hddmw+hedge acc=0.9712 resets=0 new_calls=461 time=0s
sea_s13 adwin acc=0.9853 resets=8 new_calls=469 time=3s
sea_s13 adwin+half acc=0.9744 resets=8 new_calls=487 time=5s
sea_s13 adwin+hedge acc=0.9834 resets=8 new_calls=487 time=0s
sea_s13 ph acc=0.9726 resets=2 new_calls=496 time=2s
sea_s13 ph+half acc=0.9726 resets=2 new_calls=501 time=1s
sea_s13 ph+hedge acc=0.9725 resets=2 new_calls=501 time=0s
sea_s13 kswin acc=0.9712 resets=0 new_calls=501 time=10s
sea_s13 kswin+half acc=0.9712 resets=0 new_calls=501 time=11s
sea_s13 kswin+hedge acc=0.9712 resets=0 new_calls=501 time=10s
STREAM_DONE 08:43:00 sea_s13_s1
sine_s12 none acc=0.7744 resets=0 new_calls=239 time=59s
sine_s12 ddmM acc=0.9492 resets=18 new_calls=349 time=26s
sine_s12 ddm acc=0.9492 resets=18 new_calls=349 time=0s
sine_s12 ddm+half acc=0.8082 resets=11 new_calls=404 time=13s
sine_s12 ddm+hedge acc=0.9438 resets=22 new_calls=461 time=16s
sine_s12 eddm acc=0.9498 resets=11 new_calls=483 time=6s
sine_s12 eddm+half acc=0.8364 resets=20 new_calls=515 time=8s
sine_s12 eddm+hedge acc=0.9468 resets=12 new_calls=521 time=2s
sine_s12 fhddm acc=0.7774 resets=11 new_calls=620 time=26s
sine_s12 fhddm+half acc=0.7807 resets=11 new_calls=660 time=10s
sine_s12 fhddm+hedge acc=0.7781 resets=11 new_calls=660 time=0s
sine_s12 hddma acc=0.9498 resets=11 new_calls=660 time=0s
sine_s12 hddma+half acc=0.8082 resets=11 new_calls=660 time=0s
sine_s12 hddma+hedge acc=0.9469 resets=11 new_calls=660 time=0s
sine_s12 hddmw acc=0.9498 resets=11 new_calls=660 time=0s
sine_s12 hddmw+half acc=0.8082 resets=11 new_calls=660 time=0s
sine_s12 hddmw+hedge acc=0.9469 resets=11 new_calls=660 time=0s
sine_s12 adwin acc=0.9498 resets=11 new_calls=660 time=0s
sine_s12 adwin+half acc=0.8207 resets=22 new_calls=665 time=1s
sine_s12 adwin+hedge acc=0.9469 resets=14 new_calls=690 time=6s
sine_s12 ph acc=0.9498 resets=11 new_calls=690 time=0s
sine_s12 ph+half acc=0.8169 resets=22 new_calls=690 time=0s
sine_s12 ph+hedge acc=0.9448 resets=12 new_calls=702 time=2s
sine_s12 kswin acc=0.9498 resets=11 new_calls=702 time=13s
sine_s12 kswin+half acc=0.8121 resets=16 new_calls=702 time=12s
sine_s12 kswin+hedge acc=0.9469 resets=11 new_calls=702 time=13s
STREAM_DONE 08:46:37 sine_s12_s1
grid_c5_b500_s11 none acc=0.3832 resets=0 new_calls=44 time=13s
grid_c5_b500_s11 ddmM acc=0.8050 resets=12 new_calls=84 time=9s
grid_c5_b500_s11 ddm acc=0.7814 resets=11 new_calls=99 time=4s
grid_c5_b500_s11 ddm+half acc=0.4039 resets=5 new_calls=113 time=4s
grid_c5_b500_s11 ddm+hedge acc=0.8014 resets=13 new_calls=116 time=1s
grid_c5_b500_s11 eddm acc=0.8618 resets=8 new_calls=138 time=7s
grid_c5_b500_s11 eddm+half acc=0.4775 resets=8 new_calls=161 time=8s
grid_c5_b500_s11 eddm+hedge acc=0.8623 resets=8 new_calls=161 time=0s
grid_c5_b500_s11 fhddm acc=0.5555 resets=3 new_calls=173 time=5s
grid_c5_b500_s11 fhddm+half acc=0.3832 resets=6 new_calls=176 time=1s
grid_c5_b500_s11 fhddm+hedge acc=0.5543 resets=3 new_calls=176 time=0s
grid_c5_b500_s11 hddma acc=0.8618 resets=8 new_calls=176 time=0s
grid_c5_b500_s11 hddma+half acc=0.4111 resets=3 new_calls=179 time=1s
grid_c5_b500_s11 hddma+hedge acc=0.8623 resets=8 new_calls=179 time=0s
grid_c5_b500_s11 hddmw acc=0.8618 resets=8 new_calls=179 time=0s
grid_c5_b500_s11 hddmw+half acc=0.3950 resets=5 new_calls=179 time=0s
grid_c5_b500_s11 hddmw+hedge acc=0.8550 resets=8 new_calls=179 time=0s
grid_c5_b500_s11 adwin acc=0.8618 resets=8 new_calls=179 time=0s
grid_c5_b500_s11 adwin+half acc=0.3800 resets=8 new_calls=199 time=7s
grid_c5_b500_s11 adwin+hedge acc=0.8623 resets=8 new_calls=199 time=0s
grid_c5_b500_s11 ph acc=0.8350 resets=8 new_calls=203 time=1s
grid_c5_b500_s11 ph+half acc=0.4625 resets=7 new_calls=216 time=5s
grid_c5_b500_s11 ph+hedge acc=0.8368 resets=8 new_calls=216 time=0s
grid_c5_b500_s11 kswin acc=0.8318 resets=7 new_calls=216 time=2s
grid_c5_b500_s11 kswin+half acc=0.3889 resets=6 new_calls=220 time=4s
grid_c5_b500_s11 kswin+hedge acc=0.8323 resets=7 new_calls=220 time=2s
STREAM_DONE 08:47:52 grid_c5_b500_s11_s1
grid_c30_b2000_s11 none acc=0.7850 resets=0 new_calls=179 time=63s
grid_c30_b2000_s11 ddmM acc=0.9340 resets=14 new_calls=265 time=27s
grid_c30_b2000_s11 ddm acc=0.9340 resets=14 new_calls=265 time=0s
grid_c30_b2000_s11 ddm+half acc=0.8134 resets=10 new_calls=305 time=14s
grid_c30_b2000_s11 ddm+hedge acc=0.9242 resets=12 new_calls=322 time=5s
grid_c30_b2000_s11 eddm acc=0.9354 resets=9 new_calls=341 time=6s
grid_c30_b2000_s11 eddm+half acc=0.8401 resets=19 new_calls=383 time=13s
grid_c30_b2000_s11 eddm+hedge acc=0.9211 resets=12 new_calls=411 time=9s
grid_c30_b2000_s11 fhddm acc=0.8080 resets=8 new_calls=483 time=20s
grid_c30_b2000_s11 fhddm+half acc=0.8128 resets=8 new_calls=498 time=5s
grid_c30_b2000_s11 fhddm+hedge acc=0.8098 resets=8 new_calls=498 time=0s
grid_c30_b2000_s11 hddma acc=0.9360 resets=8 new_calls=498 time=0s
grid_c30_b2000_s11 hddma+half acc=0.8134 resets=8 new_calls=498 time=0s
grid_c30_b2000_s11 hddma+hedge acc=0.9262 resets=8 new_calls=498 time=0s
grid_c30_b2000_s11 hddmw acc=0.9360 resets=8 new_calls=498 time=0s
grid_c30_b2000_s11 hddmw+half acc=0.8134 resets=8 new_calls=498 time=0s
grid_c30_b2000_s11 hddmw+hedge acc=0.9262 resets=8 new_calls=498 time=0s
grid_c30_b2000_s11 adwin acc=0.9360 resets=8 new_calls=498 time=0s
grid_c30_b2000_s11 adwin+half acc=0.8308 resets=16 new_calls=508 time=4s
grid_c30_b2000_s11 adwin+hedge acc=0.9218 resets=17 new_calls=578 time=22s
grid_c30_b2000_s11 ph acc=0.9360 resets=8 new_calls=578 time=0s
grid_c30_b2000_s11 ph+half acc=0.8301 resets=16 new_calls=583 time=2s
grid_c30_b2000_s11 ph+hedge acc=0.9247 resets=16 new_calls=637 time=17s
grid_c30_b2000_s11 kswin acc=0.9360 resets=8 new_calls=637 time=9s
grid_c30_b2000_s11 kswin+half acc=0.8136 resets=9 new_calls=642 time=11s
grid_c30_b2000_s11 kswin+hedge acc=0.9250 resets=9 new_calls=642 time=9s
STREAM_DONE 08:51:52 grid_c30_b2000_s11_s1
agrawal_s14 none acc=0.8627 resets=0 new_calls=239 time=85s
agrawal_s14 ddmM acc=0.9639 resets=14 new_calls=341 time=32s
agrawal_s14 ddm acc=0.9639 resets=14 new_calls=341 time=0s
agrawal_s14 ddm+half acc=0.8847 resets=12 new_calls=397 time=18s
agrawal_s14 ddm+hedge acc=0.9598 resets=11 new_calls=421 time=7s
agrawal_s14 eddm acc=0.9654 resets=11 new_calls=421 time=0s
agrawal_s14 eddm+half acc=0.9025 resets=26 new_calls=468 time=14s
agrawal_s14 eddm+hedge acc=0.9568 resets=14 new_calls=477 time=3s
agrawal_s14 fhddm acc=0.8645 resets=11 new_calls=576 time=29s
agrawal_s14 fhddm+half acc=0.8706 resets=11 new_calls=616 time=10s
agrawal_s14 fhddm+hedge acc=0.8670 resets=11 new_calls=616 time=0s
agrawal_s14 hddma acc=0.9654 resets=11 new_calls=616 time=1s
agrawal_s14 hddma+half acc=0.8833 resets=11 new_calls=620 time=1s
agrawal_s14 hddma+hedge acc=0.9598 resets=11 new_calls=620 time=0s
agrawal_s14 hddmw acc=0.9654 resets=11 new_calls=620 time=0s
agrawal_s14 hddmw+half acc=0.8847 resets=12 new_calls=620 time=0s
agrawal_s14 hddmw+hedge acc=0.9598 resets=11 new_calls=620 time=0s
agrawal_s14 adwin acc=0.9613 resets=14 new_calls=646 time=6s
agrawal_s14 adwin+half acc=0.8856 resets=22 new_calls=676 time=7s
agrawal_s14 adwin+hedge acc=0.9562 resets=20 new_calls=718 time=10s
agrawal_s14 ph acc=0.9543 resets=11 new_calls=730 time=3s
agrawal_s14 ph+half acc=0.8939 resets=22 new_calls=760 time=9s
agrawal_s14 ph+hedge acc=0.9486 resets=15 new_calls=778 time=5s
agrawal_s14 kswin acc=0.9570 resets=10 new_calls=778 time=13s
agrawal_s14 kswin+half acc=0.8851 resets=13 new_calls=788 time=16s
agrawal_s14 kswin+hedge acc=0.9504 resets=11 new_calls=792 time=14s
STREAM_DONE 08:56:37 agrawal_s14_s2
rbf_s11 none acc=0.9026 resets=0 new_calls=179 time=72s
rbf_s11 ddmM acc=0.9118 resets=13 new_calls=256 time=26s
rbf_s11 ddm acc=0.9118 resets=13 new_calls=256 time=0s
rbf_s11 ddm+half acc=0.9058 resets=12 new_calls=300 time=14s
rbf_s11 ddm+hedge acc=0.9122 resets=12 new_calls=308 time=3s
rbf_s11 eddm acc=0.9078 resets=18 new_calls=385 time=24s
rbf_s11 eddm+half acc=0.9065 resets=20 new_calls=448 time=20s
rbf_s11 eddm+hedge acc=0.9115 resets=15 new_calls=507 time=15s
rbf_s11 fhddm acc=0.9074 resets=8 new_calls=546 time=10s
rbf_s11 fhddm+half acc=0.9047 resets=8 new_calls=575 time=9s
rbf_s11 fhddm+hedge acc=0.9085 resets=8 new_calls=575 time=0s
rbf_s11 hddma acc=0.9134 resets=8 new_calls=575 time=0s
rbf_s11 hddma+half acc=0.9055 resets=8 new_calls=576 time=0s
rbf_s11 hddma+hedge acc=0.9131 resets=8 new_calls=576 time=0s
rbf_s11 hddmw acc=0.9134 resets=8 new_calls=576 time=0s
rbf_s11 hddmw+half acc=0.9055 resets=8 new_calls=576 time=0s
rbf_s11 hddmw+hedge acc=0.9131 resets=8 new_calls=576 time=0s
rbf_s11 adwin acc=0.9134 resets=8 new_calls=576 time=0s
rbf_s11 adwin+half acc=0.9055 resets=8 new_calls=576 time=0s
rbf_s11 adwin+hedge acc=0.9131 resets=8 new_calls=576 time=0s
rbf_s11 ph acc=0.9134 resets=8 new_calls=576 time=0s
rbf_s11 ph+half acc=0.9055 resets=8 new_calls=576 time=0s
rbf_s11 ph+hedge acc=0.9131 resets=8 new_calls=576 time=0s
rbf_s11 kswin acc=0.9134 resets=8 new_calls=576 time=10s
rbf_s11 kswin+half acc=0.9055 resets=8 new_calls=576 time=9s
rbf_s11 kswin+hedge acc=0.9131 resets=8 new_calls=576 time=10s
STREAM_DONE 09:00:21 rbf_s11_s2
sea_s10 none acc=0.9703 resets=0 new_calls=179 time=54s
sea_s10 ddmM acc=0.9869 resets=35 new_calls=296 time=34s
sea_s10 ddm acc=0.9872 resets=32 new_calls=304 time=2s
sea_s10 ddm+half acc=0.9751 resets=17 new_calls=355 time=16s
sea_s10 ddm+hedge acc=0.9840 resets=30 new_calls=436 time=22s
sea_s10 eddm acc=0.9840 resets=8 new_calls=488 time=13s
sea_s10 eddm+half acc=0.9751 resets=9 new_calls=520 time=8s
sea_s10 eddm+hedge acc=0.9830 resets=8 new_calls=546 time=6s
sea_s10 fhddm acc=0.9703 resets=0 new_calls=546 time=0s
sea_s10 fhddm+half acc=0.9703 resets=0 new_calls=546 time=0s
sea_s10 fhddm+hedge acc=0.9703 resets=0 new_calls=546 time=0s
sea_s10 hddma acc=0.9755 resets=3 new_calls=564 time=5s
sea_s10 hddma+half acc=0.9733 resets=3 new_calls=569 time=2s
sea_s10 hddma+hedge acc=0.9758 resets=3 new_calls=569 time=0s
sea_s10 hddmw acc=0.9703 resets=0 new_calls=569 time=0s
sea_s10 hddmw+half acc=0.9703 resets=0 new_calls=569 time=0s
sea_s10 hddmw+hedge acc=0.9703 resets=0 new_calls=569 time=0s
sea_s10 adwin acc=0.9872 resets=8 new_calls=579 time=3s
sea_s10 adwin+half acc=0.9744 resets=10 new_calls=612 time=7s
sea_s10 adwin+hedge acc=0.9854 resets=8 new_calls=612 time=0s
sea_s10 ph acc=0.9728 resets=3 new_calls=638 time=6s
sea_s10 ph+half acc=0.9727 resets=3 new_calls=643 time=1s
sea_s10 ph+hedge acc=0.9728 resets=3 new_calls=643 time=0s
sea_s10 kswin acc=0.9703 resets=0 new_calls=643 time=11s
sea_s10 kswin+half acc=0.9703 resets=0 new_calls=643 time=10s
sea_s10 kswin+hedge acc=0.9703 resets=0 new_calls=643 time=10s
STREAM_DONE 09:03:54 sea_s10_s2
sine_s13 none acc=0.7749 resets=0 new_calls=239 time=66s
sine_s13 ddmM acc=0.9504 resets=17 new_calls=353 time=29s
sine_s13 ddm acc=0.9504 resets=17 new_calls=353 time=0s
sine_s13 ddm+half acc=0.8083 resets=14 new_calls=408 time=13s
sine_s13 ddm+hedge acc=0.9469 resets=16 new_calls=435 time=7s
sine_s13 eddm acc=0.9511 resets=11 new_calls=450 time=4s
sine_s13 eddm+half acc=0.8391 resets=23 new_calls=497 time=12s
sine_s13 eddm+hedge acc=0.9472 resets=11 new_calls=497 time=0s
sine_s13 fhddm acc=0.7799 resets=11 new_calls=596 time=24s
sine_s13 fhddm+half acc=0.7820 resets=11 new_calls=631 time=8s
sine_s13 fhddm+hedge acc=0.7803 resets=11 new_calls=631 time=0s
sine_s13 hddma acc=0.9511 resets=11 new_calls=631 time=0s
sine_s13 hddma+half acc=0.8083 resets=11 new_calls=631 time=0s
sine_s13 hddma+hedge acc=0.9472 resets=11 new_calls=631 time=0s
sine_s13 hddmw acc=0.9511 resets=11 new_calls=631 time=0s
sine_s13 hddmw+half acc=0.8083 resets=11 new_calls=631 time=0s
sine_s13 hddmw+hedge acc=0.9472 resets=11 new_calls=631 time=0s
sine_s13 adwin acc=0.9511 resets=11 new_calls=631 time=0s
sine_s13 adwin+half acc=0.8281 resets=22 new_calls=636 time=1s
sine_s13 adwin+hedge acc=0.9464 resets=14 new_calls=663 time=6s
sine_s13 ph acc=0.9511 resets=11 new_calls=663 time=0s
sine_s13 ph+half acc=0.8208 resets=22 new_calls=663 time=0s
sine_s13 ph+hedge acc=0.9469 resets=13 new_calls=681 time=4s
sine_s13 kswin acc=0.9511 resets=11 new_calls=681 time=13s
sine_s13 kswin+half acc=0.8129 resets=15 new_calls=681 time=12s
sine_s13 kswin+hedge acc=0.9472 resets=11 new_calls=681 time=13s
STREAM_DONE 09:07:30 sine_s13_s2
grid_c5_b500_s11 none acc=0.3873 resets=0 new_calls=44 time=16s
grid_c5_b500_s11 ddmM acc=0.8486 resets=12 new_calls=86 time=11s
grid_c5_b500_s11 ddm acc=0.8486 resets=12 new_calls=86 time=0s
grid_c5_b500_s11 ddm+half acc=0.4005 resets=5 new_calls=100 time=4s
grid_c5_b500_s11 ddm+hedge acc=0.8025 resets=12 new_calls=113 time=3s
grid_c5_b500_s11 eddm acc=0.8620 resets=8 new_calls=122 time=3s
grid_c5_b500_s11 eddm+half acc=0.4764 resets=8 new_calls=145 time=7s
grid_c5_b500_s11 eddm+hedge acc=0.8623 resets=8 new_calls=145 time=0s
grid_c5_b500_s11 fhddm acc=0.5552 resets=3 new_calls=157 time=3s
grid_c5_b500_s11 fhddm+half acc=0.3811 resets=6 new_calls=160 time=1s
grid_c5_b500_s11 fhddm+hedge acc=0.5532 resets=3 new_calls=160 time=0s
grid_c5_b500_s11 hddma acc=0.8620 resets=8 new_calls=160 time=0s
grid_c5_b500_s11 hddma+half acc=0.4125 resets=3 new_calls=163 time=1s
grid_c5_b500_s11 hddma+hedge acc=0.8623 resets=8 new_calls=163 time=0s
grid_c5_b500_s11 hddmw acc=0.8432 resets=8 new_calls=164 time=0s
grid_c5_b500_s11 hddmw+half acc=0.3907 resets=5 new_calls=164 time=0s
grid_c5_b500_s11 hddmw+hedge acc=0.8548 resets=8 new_calls=167 time=1s
grid_c5_b500_s11 adwin acc=0.8620 resets=8 new_calls=167 time=0s
grid_c5_b500_s11 adwin+half acc=0.4280 resets=9 new_calls=187 time=6s
grid_c5_b500_s11 adwin+hedge acc=0.8623 resets=8 new_calls=187 time=0s
grid_c5_b500_s11 ph acc=0.8361 resets=8 new_calls=193 time=2s
grid_c5_b500_s11 ph+half acc=0.4811 resets=8 new_calls=204 time=3s
grid_c5_b500_s11 ph+hedge acc=0.8364 resets=8 new_calls=204 time=0s
grid_c5_b500_s11 kswin acc=0.8325 resets=7 new_calls=204 time=2s
grid_c5_b500_s11 kswin+half acc=0.4036 resets=4 new_calls=204 time=2s
grid_c5_b500_s11 kswin+hedge acc=0.8325 resets=7 new_calls=204 time=2s
STREAM_DONE 09:08:39 grid_c5_b500_s11_s2
grid_c30_b500_s11 none acc=0.3598 resets=0 new_calls=44 time=18s
grid_c30_b500_s11 ddmM acc=0.7959 resets=16 new_calls=83 time=11s
grid_c30_b500_s11 ddm acc=0.7959 resets=16 new_calls=83 time=0s
grid_c30_b500_s11 ddm+half acc=0.4170 resets=6 new_calls=110 time=8s
grid_c30_b500_s11 ddm+hedge acc=0.7859 resets=12 new_calls=120 time=3s
grid_c30_b500_s11 eddm acc=0.8055 resets=8 new_calls=132 time=3s
grid_c30_b500_s11 eddm+half acc=0.5048 resets=18 new_calls=161 time=7s
grid_c30_b500_s11 eddm+hedge acc=0.7855 resets=9 new_calls=164 time=1s
grid_c30_b500_s11 fhddm acc=0.5825 resets=8 new_calls=182 time=4s
grid_c30_b500_s11 fhddm+half acc=0.3861 resets=7 new_calls=210 time=7s
grid_c30_b500_s11 fhddm+hedge acc=0.5520 resets=8 new_calls=214 time=1s
grid_c30_b500_s11 hddma acc=0.8055 resets=8 new_calls=214 time=0s
grid_c30_b500_s11 hddma+half acc=0.4173 resets=6 new_calls=224 time=3s
grid_c30_b500_s11 hddma+hedge acc=0.7889 resets=8 new_calls=224 time=0s
grid_c30_b500_s11 hddmw acc=0.8055 resets=8 new_calls=224 time=0s
grid_c30_b500_s11 hddmw+half acc=0.4352 resets=9 new_calls=229 time=1s
grid_c30_b500_s11 hddmw+hedge acc=0.7889 resets=8 new_calls=229 time=0s
grid_c30_b500_s11 adwin acc=0.8055 resets=8 new_calls=229 time=0s
grid_c30_b500_s11 adwin+half acc=0.4314 resets=7 new_calls=235 time=1s
grid_c30_b500_s11 adwin+hedge acc=0.7816 resets=9 new_calls=235 time=0s
grid_c30_b500_s11 ph acc=0.8055 resets=8 new_calls=235 time=0s
grid_c30_b500_s11 ph+half acc=0.4295 resets=6 new_calls=241 time=2s
grid_c30_b500_s11 ph+hedge acc=0.7889 resets=8 new_calls=241 time=0s
grid_c30_b500_s11 kswin acc=0.8055 resets=8 new_calls=241 time=1s
grid_c30_b500_s11 kswin+half acc=0.4389 resets=10 new_calls=243 time=2s
grid_c30_b500_s11 kswin+hedge acc=0.7889 resets=8 new_calls=243 time=2s
STREAM_DONE 09:09:57 grid_c30_b500_s11_s2
grid_c100_b500_s11 none acc=0.3995 resets=0 new_calls=44 time=18s
grid_c100_b500_s11 ddmM acc=0.6334 resets=8 new_calls=83 time=13s
grid_c100_b500_s11 ddm acc=0.6334 resets=8 new_calls=83 time=0s
grid_c100_b500_s11 ddm+half acc=0.4625 resets=8 new_calls=119 time=12s
grid_c100_b500_s11 ddm+hedge acc=0.6107 resets=8 new_calls=119 time=0s
grid_c100_b500_s11 eddm acc=0.5848 resets=14 new_calls=139 time=6s
grid_c100_b500_s11 eddm+half acc=0.4550 resets=12 new_calls=155 time=5s
grid_c100_b500_s11 eddm+hedge acc=0.5327 resets=18 new_calls=172 time=6s
grid_c100_b500_s11 fhddm acc=0.4941 resets=10 new_calls=201 time=10s
grid_c100_b500_s11 fhddm+half acc=0.4386 resets=8 new_calls=221 time=7s
grid_c100_b500_s11 fhddm+hedge acc=0.4989 resets=10 new_calls=233 time=5s
grid_c100_b500_s11 hddma acc=0.6334 resets=8 new_calls=233 time=0s
grid_c100_b500_s11 hddma+half acc=0.4327 resets=5 new_calls=246 time=5s
grid_c100_b500_s11 hddma+hedge acc=0.6107 resets=8 new_calls=246 time=0s
grid_c100_b500_s11 hddmw acc=0.6232 resets=9 new_calls=249 time=1s
grid_c100_b500_s11 hddmw+half acc=0.4477 resets=8 new_calls=254 time=2s
grid_c100_b500_s11 hddmw+hedge acc=0.6009 resets=9 new_calls=254 time=0s
grid_c100_b500_s11 adwin acc=0.5586 resets=8 new_calls=265 time=4s
grid_c100_b500_s11 adwin+half acc=0.4064 resets=1 new_calls=265 time=0s
grid_c100_b500_s11 adwin+hedge acc=0.5423 resets=9 new_calls=278 time=5s
grid_c100_b500_s11 ph acc=0.5305 resets=7 new_calls=286 time=3s
grid_c100_b500_s11 ph+half acc=0.4064 resets=1 new_calls=286 time=0s
grid_c100_b500_s11 ph+hedge acc=0.5091 resets=7 new_calls=292 time=2s
grid_c100_b500_s11 kswin acc=0.6232 resets=9 new_calls=292 time=1s
grid_c100_b500_s11 kswin+half acc=0.4414 resets=7 new_calls=292 time=2s
grid_c100_b500_s11 kswin+hedge acc=0.5659 resets=13 new_calls=292 time=1s
STREAM_DONE 09:11:47 grid_c100_b500_s11_s2
CHAIN_DONE 09:11:47
