nov:insects_abrupt_balanced:0:33 0 fifo acc=0.7699 resets=0 time=23s
nov:insects_abrupt_balanced:0:33 0 ddm acc=0.8122 resets=4 time=18s
nov:insects_abrupt_balanced:0:33 0 pxreset acc=0.7736 resets=1 time=22s
nov:insects_abrupt_balanced:0:33 0 triage_np acc=0.8101 resets=4 time=18s
nov:insects_abrupt_balanced:1:33 0 fifo acc=0.7733 resets=0 time=22s
nov:insects_abrupt_balanced:1:33 0 ddm acc=0.8232 resets=3 time=19s
nov:insects_abrupt_balanced:1:33 0 pxreset acc=0.7917 resets=2 time=21s
nov:insects_abrupt_balanced:1:33 0 triage_np acc=0.8203 resets=4 time=19s
nov:insects_abrupt_balanced:2:33 0 fifo acc=0.8336 resets=0 time=29s
nov:insects_abrupt_balanced:2:33 0 ddm acc=0.8806 resets=4 time=25s
nov:insects_abrupt_balanced:2:33 0 pxreset acc=0.8346 resets=1 time=27s
nov:insects_abrupt_balanced:2:33 0 triage_np acc=0.8807 resets=4 time=25s
nov:insects_abrupt_balanced:3:33 0 fifo acc=0.7977 resets=0 time=28s
nov:insects_abrupt_balanced:3:33 0 ddm acc=0.8219 resets=2 time=26s
nov:insects_abrupt_balanced:3:33 0 pxreset acc=0.8009 resets=2 time=27s
nov:insects_abrupt_balanced:3:33 0 triage_np acc=0.8210 resets=2 time=25s
nov:insects_abrupt_balanced:4:33 0 fifo acc=0.8203 resets=0 time=26s
nov:insects_abrupt_balanced:4:33 0 ddm acc=0.8693 resets=4 time=23s
nov:insects_abrupt_balanced:4:33 0 pxreset acc=0.8225 resets=1 time=27s
nov:insects_abrupt_balanced:4:33 0 triage_np acc=0.8714 resets=5 time=21s
nov:insects_abrupt_balanced:5:33 0 fifo acc=0.7177 resets=0 time=30s
nov:insects_abrupt_balanced:5:33 0 ddm acc=0.7684 resets=3 time=28s
nov:insects_abrupt_balanced:5:33 0 pxreset acc=0.7177 resets=0 time=31s
nov:insects_abrupt_balanced:5:33 0 triage_np acc=0.7554 resets=4 time=28s
nov:insects_abrupt_balanced:0:66 0 fifo acc=0.7009 resets=0 time=30s
nov:insects_abrupt_balanced:0:66 0 ddm acc=0.6997 resets=1 time=30s
nov:insects_abrupt_balanced:0:66 0 pxreset acc=0.7009 resets=0 time=31s
nov:insects_abrupt_balanced:0:66 0 triage_np acc=0.6996 resets=1 time=30s
nov:insects_abrupt_balanced:1:66 0 fifo acc=0.7071 resets=0 time=28s
nov:insects_abrupt_balanced:1:66 0 ddm acc=0.7067 resets=1 time=26s
nov:insects_abrupt_balanced:1:66 0 pxreset acc=0.7071 resets=0 time=28s
nov:insects_abrupt_balanced:1:66 0 triage_np acc=0.7067 resets=1 time=28s
nov:insects_abrupt_balanced:2:66 0 fifo acc=0.7684 resets=0 time=28s
nov:insects_abrupt_balanced:2:66 0 ddm acc=0.7754 resets=2 time=26s
nov:insects_abrupt_balanced:2:66 0 pxreset acc=0.7719 resets=1 time=26s
nov:insects_abrupt_balanced:2:66 0 triage_np acc=0.7710 resets=3 time=25s
nov:insects_abrupt_balanced:3:66 0 fifo acc=0.7520 resets=0 time=27s
nov:insects_abrupt_balanced:3:66 0 ddm acc=0.7470 resets=1 time=26s
nov:insects_abrupt_balanced:3:66 0 pxreset acc=0.7520 resets=0 time=28s
nov:insects_abrupt_balanced:3:66 0 triage_np acc=0.7512 resets=1 time=26s
nov:insects_abrupt_balanced:4:66 0 fifo acc=0.7538 resets=0 time=27s
nov:insects_abrupt_balanced:4:66 0 ddm acc=0.7622 resets=4 time=25s
nov:insects_abrupt_balanced:4:66 0 pxreset acc=0.7538 resets=0 time=28s
nov:insects_abrupt_balanced:4:66 0 triage_np acc=0.7612 resets=4 time=25s
nov:insects_abrupt_balanced:5:66 0 fifo acc=0.7390 resets=0 time=28s
nov:insects_abrupt_balanced:5:66 0 ddm acc=0.7445 resets=1 time=26s
nov:insects_abrupt_balanced:5:66 0 pxreset acc=0.7423 resets=1 time=28s
nov:insects_abrupt_balanced:5:66 0 triage_np acc=0.7445 resets=1 time=26s
nov:insects_abrupt_imbalanced:0:33 0 fifo acc=0.8158 resets=0 time=28s
nov:insects_abrupt_imbalanced:0:33 0 ddm acc=0.8158 resets=0 time=27s
nov:insects_abrupt_imbalanced:0:33 0 pxreset acc=0.8158 resets=0 time=28s
nov:insects_abrupt_imbalanced:0:33 0 triage_np acc=0.8158 resets=0 time=27s
nov:insects_abrupt_imbalanced:1:33 0 fifo acc=0.8039 resets=0 time=25s
nov:insects_abrupt_imbalanced:1:33 0 ddm acc=0.8017 resets=1 time=23s
nov:insects_abrupt_imbalanced:1:33 0 pxreset acc=0.8039 resets=0 time=26s
nov:insects_abrupt_imbalanced:1:33 0 triage_np acc=0.8039 resets=0 time=26s
nov:insects_abrupt_imbalanced:2:33 0 fifo acc=0.7913 resets=0 time=24s
nov:insects_abrupt_imbalanced:2:33 0 ddm acc=0.7943 resets=1 time=23s
nov:insects_abrupt_imbalanced:2:33 0 pxreset acc=0.7913 resets=0 time=24s
nov:insects_abrupt_imbalanced:2:33 0 triage_np acc=0.7896 resets=1 time=23s
nov:insects_abrupt_imbalanced:3:33 0 fifo acc=0.7825 resets=0 time=25s
nov:insects_abrupt_imbalanced:3:33 0 ddm acc=0.7825 resets=0 time=24s
nov:insects_abrupt_imbalanced:3:33 0 pxreset acc=0.7825 resets=0 time=24s
nov:insects_abrupt_imbalanced:3:33 0 triage_np acc=0.7825 resets=0 time=25s
nov:insects_abrupt_imbalanced:4:33 0 fifo acc=0.8036 resets=0 time=24s
nov:insects_abrupt_imbalanced:4:33 0 ddm acc=0.8036 resets=0 time=24s
nov:insects_abrupt_imbalanced:4:33 0 pxreset acc=0.8036 resets=0 time=25s
nov:insects_abrupt_imbalanced:4:33 0 triage_np acc=0.8036 resets=0 time=24s
nov:insects_abrupt_imbalanced:5:33 0 fifo acc=0.7951 resets=0 time=24s
nov:insects_abrupt_imbalanced:5:33 0 ddm acc=0.7951 resets=0 time=24s
nov:insects_abrupt_imbalanced:5:33 0 pxreset acc=0.7951 resets=0 time=25s
nov:insects_abrupt_imbalanced:5:33 0 triage_np acc=0.7951 resets=0 time=25s
nov:insects_abrupt_imbalanced:0:66 0 fifo acc=0.7842 resets=0 time=24s
nov:insects_abrupt_imbalanced:0:66 0 ddm acc=0.7842 resets=0 time=24s
nov:insects_abrupt_imbalanced:0:66 0 pxreset acc=0.7842 resets=0 time=25s
nov:insects_abrupt_imbalanced:0:66 0 triage_np acc=0.7842 resets=0 time=25s
nov:insects_abrupt_imbalanced:1:66 0 fifo acc=0.7612 resets=0 time=24s
nov:insects_abrupt_imbalanced:1:66 0 ddm acc=0.7668 resets=1 time=23s
nov:insects_abrupt_imbalanced:1:66 0 pxreset acc=0.7612 resets=0 time=25s
nov:insects_abrupt_imbalanced:1:66 0 triage_np acc=0.7668 resets=1 time=24s
nov:insects_abrupt_imbalanced:2:66 0 fifo acc=0.8445 resets=0 time=24s
nov:insects_abrupt_imbalanced:2:66 0 ddm acc=0.8435 resets=1 time=23s
nov:insects_abrupt_imbalanced:2:66 0 pxreset acc=0.8445 resets=0 time=25s
nov:insects_abrupt_imbalanced:2:66 0 triage_np acc=0.8435 resets=1 time=24s
nov:insects_abrupt_imbalanced:3:66 0 fifo acc=0.8514 resets=0 time=25s
nov:insects_abrupt_imbalanced:3:66 0 ddm acc=0.8491 resets=3 time=23s
nov:insects_abrupt_imbalanced:3:66 0 pxreset acc=0.8514 resets=0 time=24s
nov:insects_abrupt_imbalanced:3:66 0 triage_np acc=0.8480 resets=2 time=23s
nov:insects_abrupt_imbalanced:4:66 0 fifo acc=0.8361 resets=0 time=25s
nov:insects_abrupt_imbalanced:4:66 0 ddm acc=0.8346 resets=2 time=23s
nov:insects_abrupt_imbalanced:4:66 0 pxreset acc=0.8361 resets=0 time=24s
nov:insects_abrupt_imbalanced:4:66 0 triage_np acc=0.8346 resets=2 time=24s
nov:insects_gradual_balanced:0:33 0 fifo acc=0.8439 resets=0 time=25s
nov:insects_gradual_balanced:0:33 0 ddm acc=0.8558 resets=3 time=23s
nov:insects_gradual_balanced:0:33 0 pxreset acc=0.8439 resets=0 time=25s
nov:insects_gradual_balanced:0:33 0 triage_np acc=0.8558 resets=4 time=23s
nov:insects_gradual_balanced:1:33 0 fifo acc=0.8261 resets=0 time=25s
nov:insects_gradual_balanced:1:33 0 ddm acc=0.8370 resets=1 time=24s
nov:insects_gradual_balanced:1:33 0 pxreset acc=0.8261 resets=0 time=25s
nov:insects_gradual_balanced:1:33 0 triage_np acc=0.8370 resets=1 time=23s
nov:insects_gradual_balanced:2:33 0 fifo acc=0.8541 resets=0 time=24s
nov:insects_gradual_balanced:2:33 0 ddm acc=0.8600 resets=5 time=23s
nov:insects_gradual_balanced:2:33 0 pxreset acc=0.8541 resets=0 time=25s
nov:insects_gradual_balanced:2:33 0 triage_np acc=0.8570 resets=4 time=24s
nov:insects_gradual_balanced:3:33 0 fifo acc=0.8965 resets=0 time=25s
nov:insects_gradual_balanced:3:33 0 ddm acc=0.9028 resets=1 time=24s
nov:insects_gradual_balanced:3:33 0 pxreset acc=0.8965 resets=0 time=26s
nov:insects_gradual_balanced:3:33 0 triage_np acc=0.9006 resets=3 time=21s
nov:insects_gradual_balanced:5:33 0 fifo acc=0.8899 resets=0 time=24s
nov:insects_gradual_balanced:5:33 0 ddm acc=0.8971 resets=4 time=22s
nov:insects_gradual_balanced:5:33 0 pxreset acc=0.8899 resets=0 time=25s
nov:insects_gradual_balanced:5:33 0 triage_np acc=0.8968 resets=4 time=22s
nov:insects_gradual_balanced:0:66 0 fifo acc=0.7791 resets=0 time=21s
nov:insects_gradual_balanced:0:66 0 ddm acc=0.7923 resets=4 time=19s
nov:insects_gradual_balanced:0:66 0 pxreset acc=0.7791 resets=0 time=22s
nov:insects_gradual_balanced:0:66 0 triage_np acc=0.7928 resets=3 time=19s
nov:insects_gradual_balanced:1:66 0 fifo acc=0.7936 resets=0 time=21s
nov:insects_gradual_balanced:1:66 0 ddm acc=0.7997 resets=6 time=17s
nov:insects_gradual_balanced:1:66 0 pxreset acc=0.8019 resets=1 time=20s
nov:insects_gradual_balanced:1:66 0 triage_np acc=0.8010 resets=5 time=18s
nov:insects_gradual_balanced:2:66 0 fifo acc=0.8103 resets=0 time=22s
nov:insects_gradual_balanced:2:66 0 ddm acc=0.8203 resets=3 time=18s
nov:insects_gradual_balanced:2:66 0 pxreset acc=0.8226 resets=2 time=19s
nov:insects_gradual_balanced:2:66 0 triage_np acc=0.8194 resets=2 time=20s
nov:insects_gradual_balanced:3:66 0 fifo acc=0.7977 resets=0 time=21s
nov:insects_gradual_balanced:3:66 0 ddm acc=0.8103 resets=10 time=14s
nov:insects_gradual_balanced:3:66 0 pxreset acc=0.8133 resets=2 time=19s
nov:insects_gradual_balanced:3:66 0 triage_np acc=0.8065 resets=9 time=17s
nov:insects_gradual_balanced:4:66 0 fifo acc=0.7630 resets=0 time=25s
nov:insects_gradual_balanced:4:66 0 ddm acc=0.7655 resets=6 time=21s
nov:insects_gradual_balanced:4:66 0 pxreset acc=0.7665 resets=1 time=24s
nov:insects_gradual_balanced:4:66 0 triage_np acc=0.7541 resets=2 time=24s
nov:insects_gradual_balanced:5:66 0 fifo acc=0.7458 resets=0 time=22s
nov:insects_gradual_balanced:5:66 0 ddm acc=0.7800 resets=3 time=19s
nov:insects_gradual_balanced:5:66 0 pxreset acc=0.7565 resets=1 time=20s
nov:insects_gradual_balanced:5:66 0 triage_np acc=0.7783 resets=2 time=19s
nov:insects_gradual_imbalanced:0:33 0 fifo acc=0.8826 resets=0 time=25s
nov:insects_gradual_imbalanced:0:33 0 ddm acc=0.8826 resets=0 time=25s
nov:insects_gradual_imbalanced:0:33 0 pxreset acc=0.8826 resets=0 time=25s
nov:insects_gradual_imbalanced:0:33 0 triage_np acc=0.8826 resets=0 time=25s
nov:insects_gradual_imbalanced:1:33 0 fifo acc=0.9055 resets=0 time=25s
nov:insects_gradual_imbalanced:1:33 0 ddm acc=0.9055 resets=0 time=25s
nov:insects_gradual_imbalanced:1:33 0 pxreset acc=0.9055 resets=0 time=25s
nov:insects_gradual_imbalanced:1:33 0 triage_np acc=0.9055 resets=0 time=25s
nov:insects_gradual_imbalanced:2:33 0 fifo acc=0.9267 resets=0 time=25s
nov:insects_gradual_imbalanced:2:33 0 ddm acc=0.9270 resets=1 time=24s
nov:insects_gradual_imbalanced:2:33 0 pxreset acc=0.9267 resets=0 time=26s
nov:insects_gradual_imbalanced:2:33 0 triage_np acc=0.9245 resets=1 time=25s
nov:insects_gradual_imbalanced:3:33 0 fifo acc=0.8413 resets=0 time=25s
nov:insects_gradual_imbalanced:3:33 0 ddm acc=0.8413 resets=0 time=25s
nov:insects_gradual_imbalanced:3:33 0 pxreset acc=0.8413 resets=0 time=25s
nov:insects_gradual_imbalanced:3:33 0 triage_np acc=0.8413 resets=0 time=25s
nov:insects_gradual_imbalanced:4:33 0 fifo acc=0.9252 resets=0 time=25s
nov:insects_gradual_imbalanced:4:33 0 ddm acc=0.9248 resets=1 time=24s
nov:insects_gradual_imbalanced:4:33 0 pxreset acc=0.9252 resets=0 time=25s
nov:insects_gradual_imbalanced:4:33 0 triage_np acc=0.9233 resets=1 time=24s
nov:insects_gradual_imbalanced:1:66 0 fifo acc=0.7299 resets=0 time=24s
nov:insects_gradual_imbalanced:1:66 0 ddm acc=0.7441 resets=2 time=24s
nov:insects_gradual_imbalanced:1:66 0 pxreset acc=0.7299 resets=0 time=25s
nov:insects_gradual_imbalanced:1:66 0 triage_np acc=0.7451 resets=1 time=24s
nov:insects_gradual_imbalanced:2:66 0 fifo acc=0.7749 resets=0 time=24s
nov:insects_gradual_imbalanced:2:66 0 ddm acc=0.7890 resets=3 time=23s
nov:insects_gradual_imbalanced:2:66 0 pxreset acc=0.7749 resets=0 time=26s
nov:insects_gradual_imbalanced:2:66 0 triage_np acc=0.7812 resets=3 time=24s
nov:insects_gradual_imbalanced:3:66 0 fifo acc=0.6423 resets=0 time=25s
nov:insects_gradual_imbalanced:3:66 0 ddm acc=0.6423 resets=0 time=25s
nov:insects_gradual_imbalanced:3:66 0 pxreset acc=0.6423 resets=0 time=25s
nov:insects_gradual_imbalanced:3:66 0 triage_np acc=0.6423 resets=0 time=26s
nov:insects_gradual_imbalanced:4:66 0 fifo acc=0.7899 resets=0 time=25s
nov:insects_gradual_imbalanced:4:66 0 ddm acc=0.8020 resets=2 time=23s
nov:insects_gradual_imbalanced:4:66 0 pxreset acc=0.7899 resets=0 time=26s
nov:insects_gradual_imbalanced:4:66 0 triage_np acc=0.7951 resets=3 time=23s
nov:insects_incremental_abrupt_balanced:1:33 0 fifo acc=0.9000 resets=0 time=15s
nov:insects_incremental_abrupt_balanced:1:33 0 ddm acc=0.9283 resets=11 time=7s
nov:insects_incremental_abrupt_balanced:1:33 0 pxreset acc=0.8997 resets=2 time=13s
nov:insects_incremental_abrupt_balanced:1:33 0 triage_np acc=0.9258 resets=7 time=11s
nov:insects_incremental_abrupt_balanced:2:33 0 fifo acc=0.8993 resets=0 time=15s
nov:insects_incremental_abrupt_balanced:2:33 0 ddm acc=0.9274 resets=11 time=7s
nov:insects_incremental_abrupt_balanced:2:33 0 pxreset acc=0.8984 resets=2 time=13s
nov:insects_incremental_abrupt_balanced:2:33 0 triage_np acc=0.9267 resets=8 time=11s
nov:insects_incremental_abrupt_balanced:3:33 0 fifo acc=0.9004 resets=0 time=15s
nov:insects_incremental_abrupt_balanced:3:33 0 ddm acc=0.9259 resets=11 time=7s
nov:insects_incremental_abrupt_balanced:3:33 0 pxreset acc=0.8993 resets=2 time=13s
nov:insects_incremental_abrupt_balanced:3:33 0 triage_np acc=0.9251 resets=8 time=11s
nov:insects_incremental_abrupt_balanced:4:33 0 fifo acc=0.8651 resets=0 time=15s
nov:insects_incremental_abrupt_balanced:4:33 0 ddm acc=0.8888 resets=4 time=11s
nov:insects_incremental_abrupt_balanced:4:33 0 pxreset acc=0.8671 resets=2 time=13s
nov:insects_incremental_abrupt_balanced:4:33 0 triage_np acc=0.8914 resets=3 time=12s
nov:insects_incremental_abrupt_balanced:5:33 0 fifo acc=0.6858 resets=0 time=22s
nov:insects_incremental_abrupt_balanced:5:33 0 ddm acc=0.7478 resets=6 time=18s
nov:insects_incremental_abrupt_balanced:5:33 0 pxreset acc=0.7001 resets=1 time=22s
nov:insects_incremental_abrupt_balanced:5:33 0 triage_np acc=0.7300 resets=3 time=20s
nov:insects_incremental_abrupt_balanced:1:66 0 fifo acc=0.9158 resets=0 time=15s
nov:insects_incremental_abrupt_balanced:1:66 0 ddm acc=0.9403 resets=4 time=13s
nov:insects_incremental_abrupt_balanced:1:66 0 pxreset acc=0.9193 resets=2 time=14s
nov:insects_incremental_abrupt_balanced:1:66 0 triage_np acc=0.9371 resets=4 time=12s
nov:insects_incremental_abrupt_balanced:2:66 0 fifo acc=0.9157 resets=0 time=16s
nov:insects_incremental_abrupt_balanced:2:66 0 ddm acc=0.9399 resets=4 time=13s
nov:insects_incremental_abrupt_balanced:2:66 0 pxreset acc=0.9177 resets=2 time=14s
nov:insects_incremental_abrupt_balanced:2:66 0 triage_np acc=0.9372 resets=4 time=12s
nov:insects_incremental_abrupt_balanced:3:66 0 fifo acc=0.9162 resets=0 time=16s
nov:insects_incremental_abrupt_balanced:3:66 0 ddm acc=0.9400 resets=4 time=13s
nov:insects_incremental_abrupt_balanced:3:66 0 pxreset acc=0.9190 resets=2 time=14s
nov:insects_incremental_abrupt_balanced:3:66 0 triage_np acc=0.9372 resets=4 time=12s
nov:insects_incremental_balanced:0:33 0 fifo acc=0.6438 resets=0 time=25s
nov:insects_incremental_balanced:0:33 0 ddm acc=0.6438 resets=0 time=26s
nov:insects_incremental_balanced:0:33 0 pxreset acc=0.6438 resets=0 time=26s
nov:insects_incremental_balanced:0:33 0 triage_np acc=0.6438 resets=0 time=26s
nov:insects_incremental_balanced:1:33 0 fifo acc=0.6522 resets=0 time=26s
nov:insects_incremental_balanced:1:33 0 ddm acc=0.6522 resets=0 time=26s
nov:insects_incremental_balanced:1:33 0 pxreset acc=0.6522 resets=0 time=26s
nov:insects_incremental_balanced:1:33 0 triage_np acc=0.6522 resets=0 time=25s
nov:insects_incremental_balanced:2:33 0 fifo acc=0.7130 resets=0 time=26s
nov:insects_incremental_balanced:2:33 0 ddm acc=0.7142 resets=1 time=24s
nov:insects_incremental_balanced:2:33 0 pxreset acc=0.7130 resets=0 time=25s
nov:insects_incremental_balanced:2:33 0 triage_np acc=0.7142 resets=1 time=26s
nov:insects_incremental_balanced:3:33 0 fifo acc=0.7045 resets=0 time=26s
nov:insects_incremental_balanced:3:33 0 ddm acc=0.7022 resets=1 time=25s
nov:insects_incremental_balanced:3:33 0 pxreset acc=0.7045 resets=0 time=26s
nov:insects_incremental_balanced:3:33 0 triage_np acc=0.7013 resets=1 time=25s
nov:insects_incremental_balanced:4:33 0 fifo acc=0.7055 resets=0 time=25s
nov:insects_incremental_balanced:4:33 0 ddm acc=0.7055 resets=0 time=25s
nov:insects_incremental_balanced:4:33 0 pxreset acc=0.7055 resets=0 time=26s
nov:insects_incremental_balanced:4:33 0 triage_np acc=0.7038 resets=1 time=24s
nov:insects_incremental_balanced:5:33 0 fifo acc=0.6962 resets=0 time=26s
nov:insects_incremental_balanced:5:33 0 ddm acc=0.6904 resets=1 time=24s
nov:insects_incremental_balanced:5:33 0 pxreset acc=0.6962 resets=0 time=26s
nov:insects_incremental_balanced:5:33 0 triage_np acc=0.6962 resets=0 time=25s
nov:insects_incremental_balanced:0:66 0 fifo acc=0.6765 resets=0 time=25s
nov:insects_incremental_balanced:0:66 0 ddm acc=0.6765 resets=0 time=26s
nov:insects_incremental_balanced:0:66 0 pxreset acc=0.6765 resets=0 time=26s
nov:insects_incremental_balanced:0:66 0 triage_np acc=0.6765 resets=0 time=26s
nov:insects_incremental_balanced:1:66 0 fifo acc=0.6749 resets=0 time=26s
nov:insects_incremental_balanced:1:66 0 ddm acc=0.6749 resets=0 time=25s
nov:insects_incremental_balanced:1:66 0 pxreset acc=0.6749 resets=0 time=25s
nov:insects_incremental_balanced:1:66 0 triage_np acc=0.6749 resets=0 time=27s
nov:insects_incremental_balanced:2:66 0 fifo acc=0.7152 resets=0 time=26s
nov:insects_incremental_balanced:2:66 0 ddm acc=0.7142 resets=1 time=24s
nov:insects_incremental_balanced:2:66 0 pxreset acc=0.7152 resets=0 time=25s
nov:insects_incremental_balanced:2:66 0 triage_np acc=0.7128 resets=1 time=25s
nov:insects_incremental_balanced:3:66 0 fifo acc=0.7100 resets=0 time=25s
nov:insects_incremental_balanced:3:66 0 ddm acc=0.7058 resets=2 time=24s
nov:insects_incremental_balanced:3:66 0 pxreset acc=0.7100 resets=0 time=26s
nov:insects_incremental_balanced:3:66 0 triage_np acc=0.7038 resets=2 time=26s
nov:insects_incremental_balanced:4:66 0 fifo acc=0.7138 resets=0 time=25s
nov:insects_incremental_balanced:4:66 0 ddm acc=0.7086 resets=1 time=24s
nov:insects_incremental_balanced:4:66 0 pxreset acc=0.7138 resets=0 time=26s
nov:insects_incremental_balanced:4:66 0 triage_np acc=0.7078 resets=1 time=25s
nov:insects_incremental_balanced:5:66 0 fifo acc=0.7164 resets=0 time=25s
nov:insects_incremental_balanced:5:66 0 ddm acc=0.7148 resets=1 time=25s
nov:insects_incremental_balanced:5:66 0 pxreset acc=0.7164 resets=0 time=26s
nov:insects_incremental_balanced:5:66 0 triage_np acc=0.7145 resets=1 time=25s
nov:insects_incremental_reoccurring_balanced:0:33 0 fifo acc=0.9120 resets=0 time=15s
nov:insects_incremental_reoccurring_balanced:0:33 0 ddm acc=0.9499 resets=9 time=9s
nov:insects_incremental_reoccurring_balanced:0:33 0 pxreset acc=0.9122 resets=1 time=15s
nov:insects_incremental_reoccurring_balanced:0:33 0 triage_np acc=0.9568 resets=10 time=8s
nov:insects_incremental_reoccurring_balanced:1:33 0 fifo acc=0.9122 resets=0 time=16s
nov:insects_incremental_reoccurring_balanced:1:33 0 ddm acc=0.9490 resets=9 time=9s
nov:insects_incremental_reoccurring_balanced:1:33 0 pxreset acc=0.9123 resets=1 time=15s
nov:insects_incremental_reoccurring_balanced:1:33 0 triage_np acc=0.9572 resets=10 time=8s
nov:insects_incremental_reoccurring_balanced:2:33 0 fifo acc=0.9130 resets=0 time=16s
nov:insects_incremental_reoccurring_balanced:2:33 0 ddm acc=0.9494 resets=9 time=9s
nov:insects_incremental_reoccurring_balanced:2:33 0 pxreset acc=0.9132 resets=1 time=15s
nov:insects_incremental_reoccurring_balanced:2:33 0 triage_np acc=0.9568 resets=11 time=8s
nov:insects_incremental_reoccurring_balanced:3:33 0 fifo acc=0.9104 resets=0 time=16s
nov:insects_incremental_reoccurring_balanced:3:33 0 ddm acc=0.9494 resets=9 time=9s
nov:insects_incremental_reoccurring_balanced:3:33 0 pxreset acc=0.9106 resets=1 time=15s
nov:insects_incremental_reoccurring_balanced:3:33 0 triage_np acc=0.9562 resets=10 time=8s
nov:insects_incremental_reoccurring_balanced:5:33 0 fifo acc=0.7393 resets=0 time=23s
nov:insects_incremental_reoccurring_balanced:5:33 0 ddm acc=0.7812 resets=5 time=17s
nov:insects_incremental_reoccurring_balanced:5:33 0 pxreset acc=0.7461 resets=1 time=22s
nov:insects_incremental_reoccurring_balanced:5:33 0 triage_np acc=0.7635 resets=5 time=20s
nov:insects_incremental_reoccurring_balanced:1:66 0 fifo acc=0.8823 resets=0 time=26s
nov:insects_incremental_reoccurring_balanced:1:66 0 ddm acc=0.9300 resets=6 time=21s
nov:insects_incremental_reoccurring_balanced:1:66 0 pxreset acc=0.8903 resets=1 time=25s
nov:insects_incremental_reoccurring_balanced:1:66 0 triage_np acc=0.9272 resets=8 time=20s
nov:insects_incremental_reoccurring_balanced:2:66 0 fifo acc=0.8816 resets=0 time=26s
nov:insects_incremental_reoccurring_balanced:2:66 0 ddm acc=0.9217 resets=5 time=23s
nov:insects_incremental_reoccurring_balanced:2:66 0 pxreset acc=0.8897 resets=1 time=24s
nov:insects_incremental_reoccurring_balanced:2:66 0 triage_np acc=0.9197 resets=4 time=24s
nov:insects_incremental_reoccurring_balanced:3:66 0 fifo acc=0.8814 resets=0 time=26s
nov:insects_incremental_reoccurring_balanced:3:66 0 ddm acc=0.9230 resets=4 time=23s
nov:insects_incremental_reoccurring_balanced:3:66 0 pxreset acc=0.8887 resets=1 time=25s
nov:insects_incremental_reoccurring_balanced:3:66 0 triage_np acc=0.9213 resets=3 time=23s
nov:covertype:0:33 0 fifo acc=0.9914 resets=0 time=5s
nov:covertype:0:33 0 ddm acc=0.9155 resets=15 time=3s
nov:covertype:0:33 0 pxreset acc=0.9914 resets=0 time=5s
nov:covertype:0:33 0 triage_np acc=0.9816 resets=1 time=4s
nov:covertype:0:66 0 fifo acc=0.9842 resets=0 time=6s
nov:covertype:0:66 0 ddm acc=0.9509 resets=7 time=4s
nov:covertype:0:66 0 pxreset acc=0.9842 resets=0 time=6s
nov:covertype:0:66 0 triage_np acc=0.9672 resets=2 time=5s
NOVEL_DONE 23:19:33
