real:elec2 0 triage_np acc=0.7980 resets=72 time=159s
real:elec2 0 triage_z acc=0.7970 resets=75 time=156s
real:insects_incremental_balanced 0 triage_np acc=0.6746 resets=0 time=324s
real:elec2 0 triage_znp acc=0.7970 resets=76 time=155s
real:insects_gradual_balanced 0 triage_np acc=0.7995 resets=7 time=138s
real:insects_incremental_balanced 0 triage_z acc=0.6738 resets=2 time=338s
real:insects_gradual_balanced 0 triage_z acc=0.7975 resets=5 time=137s
real:insects_gradual_balanced 0 triage_znp acc=0.8006 resets=8 time=132s
real:insects_incremental_balanced 0 triage_znp acc=0.6747 resets=2 time=352s
real:insects_abrupt_balanced 0 triage_np acc=0.7653 resets=0 time=334s
real:insects_incremental_reoccurring_balanced 0 triage_np acc=0.8016 resets=16 time=464s
real:insects_abrupt_balanced 0 triage_z acc=0.7638 resets=0 time=345s
real:insects_abrupt_balanced 0 triage_znp acc=0.7653 resets=0 time=344s
real:insects_incremental_reoccurring_balanced 0 triage_z acc=0.7986 resets=11 time=488s
real:insects_incremental_reoccurring_balanced 0 triage_znp acc=0.7978 resets=10 time=251s
sine2d 0 triage_np acc=0.9802 resets=5 time=50s
sine2d 0 triage_z acc=0.9822 resets=4 time=49s
sine2d 0 triage_znp acc=0.9806 resets=4 time=50s
sine2d 1 triage_np acc=0.9783 resets=6 time=50s
sine2d 1 triage_z acc=0.9787 resets=6 time=50s
sine2d 1 triage_znp acc=0.9783 resets=6 time=50s
sine2d 2 triage_np acc=0.9777 resets=12 time=50s
sine2d 2 triage_z acc=0.9801 resets=6 time=45s
sine2d 2 triage_znp acc=0.9777 resets=12 time=46s
sine2d 3 triage_np acc=0.9803 resets=2 time=46s
sine2d 3 triage_z acc=0.9816 resets=2 time=45s
sine2d 3 triage_znp acc=0.9803 resets=2 time=46s
sine2d 4 triage_np acc=0.9795 resets=3 time=46s
sine2d 4 triage_z acc=0.9802 resets=3 time=45s
sine2d 4 triage_znp acc=0.9795 resets=3 time=46s
lin 0 triage_np acc=0.9692 resets=7 time=49s
lin 0 triage_z acc=0.9690 resets=7 time=51s
lin 0 triage_znp acc=0.9692 resets=7 time=51s
lin 1 triage_np acc=0.9648 resets=9 time=51s
lin 1 triage_z acc=0.9649 resets=9 time=50s
lin 1 triage_znp acc=0.9648 resets=9 time=51s
lin 2 triage_np acc=0.9647 resets=7 time=51s
lin 2 triage_z acc=0.9649 resets=7 time=51s
lin 2 triage_znp acc=0.9647 resets=7 time=51s
lin 3 triage_np acc=0.9651 resets=6 time=51s
lin 3 triage_z acc=0.9651 resets=6 time=51s
lin 3 triage_znp acc=0.9651 resets=6 time=52s
lin 4 triage_np acc=0.9648 resets=3 time=52s
lin 4 triage_z acc=0.9650 resets=3 time=52s
lin 4 triage_znp acc=0.9648 resets=3 time=52s
DONE 09:42:37
