grid_c30_b2000_s0 clean pf@0.05 acc=0.5617 resets=0 dropped=6581 changed=0 prec_flag=0.000 tau=0.050 time=31s
grid_c30_b2000_s0 clean pr@0.05 acc=0.5872 resets=0 dropped=0 changed=6427 prec_flag=0.000 tau=0.050 time=28s
grid_c30_b2000_s0 clean pf@k acc=0.5697 resets=0 dropped=7098 changed=0 prec_flag=0.000 tau=0.125 time=28s
grid_c30_b2000_s0 clean pr@k acc=0.5597 resets=0 dropped=0 changed=7425 prec_flag=0.000 tau=0.125 time=28s
grid_c30_b2000_s0 sym20 pf@0.05 acc=0.6026 resets=0 dropped=6695 changed=0 prec_flag=0.383 tau=0.050 time=27s
grid_c30_b2000_s0 sym20 pr@0.05 acc=0.5560 resets=0 dropped=0 changed=8417 prec_flag=0.332 tau=0.050 time=28s
grid_c30_b2000_s0 sym20 pf@k acc=0.5691 resets=0 dropped=8500 changed=0 prec_flag=0.337 tau=0.125 time=27s
grid_c30_b2000_s0 sym20 pr@k acc=0.5522 resets=0 dropped=0 changed=8984 prec_flag=0.323 tau=0.125 time=28s
elec2 clean pf@0.05 acc=0.8120 resets=0 dropped=642 changed=0 prec_flag=0.000 tau=0.050 time=46s
elec2 clean pr@0.05 acc=0.8099 resets=0 dropped=0 changed=849 prec_flag=0.000 tau=0.050 time=46s
elec2 clean pf@k acc=0.8065 resets=0 dropped=4176 changed=0 prec_flag=0.000 tau=0.250 time=61s
elec2 clean pr@k acc=0.7513 resets=0 dropped=0 changed=7137 prec_flag=0.000 tau=0.250 time=60s
elec2 sym20 pf@0.05 acc=0.8094 resets=0 dropped=1 changed=0 prec_flag=1.000 tau=0.050 time=58s
elec2 sym20 pr@0.05 acc=0.8094 resets=0 dropped=0 changed=1 prec_flag=1.000 tau=0.050 time=56s
elec2 sym20 pf@k acc=0.7215 resets=0 dropped=10311 changed=0 prec_flag=0.395 tau=0.250 time=58s
elec2 sym20 pr@k acc=0.6231 resets=0 dropped=0 changed=12441 prec_flag=0.288 tau=0.250 time=45s
insects_abrupt_balanced clean pf@0.05 acc=0.4591 resets=0 dropped=13650 changed=0 prec_flag=0.000 tau=0.050 time=38s
insects_abrupt_balanced clean pr@0.05 acc=0.5963 resets=0 dropped=0 changed=8730 prec_flag=0.000 tau=0.050 time=80s
insects_abrupt_balanced clean pf@k acc=0.4568 resets=0 dropped=14079 changed=0 prec_flag=0.000 tau=0.083 time=44s
insects_abrupt_balanced clean pr@k acc=0.5384 resets=0 dropped=0 changed=11373 prec_flag=0.000 tau=0.083 time=93s
insects_abrupt_balanced sym20 pf@0.05 acc=0.5157 resets=0 dropped=13996 changed=0 prec_flag=0.328 tau=0.050 time=93s
insects_abrupt_balanced sym20 pr@0.05 acc=0.5464 resets=0 dropped=0 changed=12959 prec_flag=0.379 tau=0.050 time=94s
insects_abrupt_balanced sym20 pf@k acc=0.5708 resets=0 dropped=12770 changed=0 prec_flag=0.382 tau=0.083 time=93s
insects_abrupt_balanced sym20 pr@k acc=0.5371 resets=0 dropped=0 changed=14108 prec_flag=0.359 tau=0.083 time=87s
h2_rialto clean pf@0.05 acc=0.5758 resets=0 dropped=9362 changed=0 prec_flag=0.000 tau=0.050 time=63s
h2_rialto clean pr@0.05 acc=0.2378 resets=0 dropped=0 changed=21606 prec_flag=0.000 tau=0.050 time=62s
h2_rialto clean pf@k acc=0.5758 resets=0 dropped=9362 changed=0 prec_flag=0.000 tau=0.050 time=63s
h2_rialto clean pr@k acc=0.2378 resets=0 dropped=0 changed=21606 prec_flag=0.000 tau=0.050 time=59s
h2_rialto sym20 pf@0.05 acc=0.5368 resets=0 dropped=11842 changed=0 prec_flag=0.371 tau=0.050 time=61s
h2_rialto sym20 pr@0.05 acc=0.2516 resets=0 dropped=0 changed=21841 prec_flag=0.232 tau=0.050 time=60s
h2_rialto sym20 pf@k acc=0.5368 resets=0 dropped=11842 changed=0 prec_flag=0.371 tau=0.050 time=62s
h2_rialto sym20 pr@k acc=0.2516 resets=0 dropped=0 changed=21841 prec_flag=0.232 tau=0.050 time=59s
STREAM_DONE 13:54:39
